05-21 20:13:58.692 D/ACDB-LOADER(  692): ACDB -> ACDB_CMD_GET_AUDPROC_STREAM_TOPOLOGY_ID
05-21 20:13:58.692 D/ACDB-LOADER(  692): ACDB -> send_adm_topology
05-21 20:13:58.692 D/ACDB-LOADER(  692): ACDB -> ACDB_CMD_GET_AUDPROC_COMMON_TOPOLOGY_ID
05-21 20:13:58.692 D/ACDB-LOADER(  692): ACDB -> send_audtable
05-21 20:13:58.692 D/ACDB-LOADER(  692): ACDB -> ACDB_CMD_GET_AUDPROC_INSTANCE_COMMON_TABLE_SIZE
05-21 20:13:58.692 D/ACDB-LOADER(  692): ACDB -> ACDB_CMD_GET_AUDPROC_INSTANCE_COMMON_TABLE
05-21 20:13:58.692 D/ACDB-LOADER(  692): ACDB -> AUDIO_SET_AUDPROC_CAL cal_type[11] acdb_id[10011] app_type[69937]
05-21 20:13:58.692 D/ACDB-LOADER(  692): ACDB -> send_audvoltable
05-21 20:13:58.692 D/ACDB-LOADER(  692): ACDB -> ACDB_CMD_GET_AUDPROC_INSTANCE_GAIN_DEP_STEP_TABLE_SIZE
05-21 20:13:58.692 D/        (  692): Failed to fetch the lookup information of the device 0000271B 
05-21 20:13:58.692 D/ACDB-LOADER(  692): Error: ACDB_CMD_GET_AUDPROC_INSTANCE_GAIN_DEP_STEP_TABLE_SIZE Returned = -19
05-21 20:13:58.692 D/ACDB-LOADER(  692): ACDB -> ACDB_CMD_GET_AUDPROC_INSTANCE_GAIN_DEP_STEP_TABLE, vol index 0
05-21 20:13:58.692 D/        (  692): Failed to fetch the lookup information of the device 0000271B 
05-21 20:13:58.692 D/ACDB-LOADER(  692): Error: ACDB AudProc vol returned = -19
05-21 20:13:58.692 D/ACDB-LOADER(  692): ACDB -> AUDIO_SET_VOL_CAL cal type = 12
05-21 20:13:58.692 D/ACDB-LOADER(  692): ACDB -> ACDB_CMD_GET_AUDPROC_INSTANCE_STREAM_TABLE_SIZE
05-21 20:13:58.692 D/ACDB-LOADER(  692): ACDB -> send_audstrmtable
05-21 20:13:58.692 D/ACDB-LOADER(  692): ACDB -> ACDB_CMD_GET_AUDPROC_INSTANCE_STREAM_TABLE
05-21 20:13:58.692 D/ACDB-LOADER(  692): ACDB -> audstrm_cal->cal_type.cal_data.cal_size = 20
05-21 20:13:58.692 D/ACDB-LOADER(  692): ACDB -> send_afe_topology
05-21 20:13:58.692 D/ACDB-LOADER(  692): ACDB -> ACDB_CMD_GET_AFE_TOPOLOGY_ID
05-21 20:13:58.692 D/ACDB-LOADER(  692): ACDB -> GET_AFE_TOPOLOGY_ID for adcd_id 10011, Topology Id 10001061
05-21 20:13:58.692 D/ACDB-LOADER(  692): ACDB -> send_afe_cal
05-21 20:13:58.692 D/ACDB-LOADER(  692): ACDB -> ACDB_CMD_GET_AFE_INSTANCE_COMMON_TABLE_SIZE
05-21 20:13:58.692 D/ACDB-LOADER(  692): ACDB -> ACDB_CMD_GET_AFE_INSTANCE_COMMON_TABLE
05-21 20:13:58.692 D/ACDB-LOADER(  692): ACDB -> AUDIO_SET_AFE_CAL cal_type[16] acdb_id[10011]
05-21 20:13:58.692 D/ACDB-LOADER(  692): ACDB -> send_hw_delay : acdb_id = 10011 path = 0
05-21 20:13:58.692 D/ACDB-LOADER(  692): ACDB -> ACDB_AVSYNC_INFO: ACDB_CMD_GET_DEVICE_PROPERTY
05-21 20:13:58.692 D/msm8974_platform(  692): platform_split_snd_device: snd_device(2) num devices(0) new_snd_devices(0)
05-21 20:13:58.692 I/msm8974_platform(  692): platform_get_custom_mtmx_params: no matching param with id 0 ip_ch 2 op_ch 2 uc_id 1 snd_dev 2
05-21 20:13:58.692 D/audio_hw_primary(  692): enable_audio_route: apply mixer and update path: low-latency-playback
05-21 20:13:58.692 D/audio_route(  692): Apply path: low-latency-playback
05-21 20:13:58.695 D/audio_hw_primary(  692): select_devices: done
05-21 20:13:58.748 D/msm8974_platform(  692): platform_set_channel_map mixer_ctl_name:Playback Channel Map13
05-21 20:13:58.749 D/msm8974_platform(  692): platform_set_channel_map: set mapping(1 2 0 0 0 0 0 0) for channel:2
05-21 20:13:58.752 D/audio_hw_primary(  692): start_output_stream: exit
05-21 20:13:58.752 D/audio_hw_primary(  692): out_write: retry previous failed cal level set
05-21 20:13:58.752 D/msm8974_platform(  692): platform_split_snd_device: snd_device(2) num devices(1) new_snd_devices(0)
05-21 20:13:58.752 D/ACDB-LOADER(  692): ACDB -> send_audvoltable
05-21 20:13:58.752 D/ACDB-LOADER(  692): ACDB -> ACDB_CMD_GET_AUDPROC_INSTANCE_GAIN_DEP_STEP_TABLE_SIZE
05-21 20:13:58.752 D/        (  692): Failed to fetch the lookup information of the device 0000271B 
05-21 20:13:58.752 D/ACDB-LOADER(  692): Error: ACDB_CMD_GET_AUDPROC_INSTANCE_GAIN_DEP_STEP_TABLE_SIZE Returned = -19
05-21 20:13:58.752 D/ACDB-LOADER(  692): ACDB -> ACDB_CMD_GET_AUDPROC_INSTANCE_GAIN_DEP_STEP_TABLE, vol index 5
05-21 20:13:58.752 D/        (  692): Failed to fetch the lookup information of the device 0000271B 
05-21 20:13:58.752 D/ACDB-LOADER(  692): Error: ACDB AudProc vol returned = -19
05-21 20:13:58.752 D/ACDB-LOADER(  692): ACDB -> AUDIO_SET_VOL_CAL cal type = 40
05-21 20:13:58.752 W/msm8974_platform(  692): platform_send_gain_dep_cal: Usecase list is empty
05-21 20:13:58.752 D/msm8974_platform(  692): platform_split_snd_device: snd_device(2) num devices(0) new_snd_devices(0)
05-21 20:13:58.752 I/msm8974_platform(  692): platform_get_custom_mtmx_params: no matching param with id 0 ip_ch 2 op_ch 2 uc_id 1 snd_dev 2
05-21 20:13:58.844 I/SarService( 2665): Receiver polling >>>> Change receiver mode: off
05-21 20:13:58.878 I/BusMonitorCenter(31723): exec save size = 7
05-21 20:13:58.936 I/Bugle   (31184): BroadcastReceiverAsyncWorkTracker: Acknowledging broadcast of dilb@c4c4fd5
05-21 20:13:58.964 I/sensors-hal(  710): flush:209, android.sensor.accelerometer/44
05-21 20:13:58.968 I/sensors-hal(  710): flush:215, android.sensor.accelerometer/44 completed
05-21 20:13:58.969 I/sensors-hal(  710): batch:180, android.sensor.accelerometer/44, period=20000000, max_latency=0
05-21 20:13:58.984 I/sensors-hal(  710): batch:189, android.sensor.accelerometer/44, period=20000000, max_latency=0 request completed
05-21 20:13:59.023 I/Perf    (32111): Connecting to perf service.
05-21 20:13:59.045 I/SarService( 2665): Receiver polling >>>> Change receiver mode: off
05-21 20:13:59.146 I/FeatureParser(32111): can't find willow.xml in assets/device_features/,it may be in /system/etc/device_features
05-21 20:13:59.232 E/MPMsgCenterWrapper(32111): init----------------
05-21 20:13:59.245 E/MsgCenterConfig(32111): com.tiktok.manager
05-21 20:13:59.245 E/MsgCenterConfig(32111): android.content.pm.PackageManager$NameNotFoundException: com.tiktok.manager
05-21 20:13:59.245 E/MsgCenterConfig(32111): 	at android.app.ApplicationPackageManager.getApplicationInfoAsUser(ApplicationPackageManager.java:427)
05-21 20:13:59.245 E/MsgCenterConfig(32111): 	at android.app.ApplicationPackageManager.getApplicationInfo(ApplicationPackageManager.java:408)
05-21 20:13:59.245 E/MsgCenterConfig(32111): 	at com.xiaomi.mipicks.openstore.core.utils.c.a(SourceFile:30)
05-21 20:13:59.245 E/MsgCenterConfig(32111): 	at com.xiaomi.mipicks.openstore.core.process.ProcessServiceImpl.v1(SourceFile:9)
05-21 20:13:59.245 E/MsgCenterConfig(32111): 	at com.xiaomi.mipicks.openstore.core.process.ProcessServiceImpl.init(SourceFile:6)
05-21 20:13:59.245 E/MsgCenterConfig(32111): 	at com.xiaomi.mipicks.openstore.core.process.c.b(SourceFile:14)
05-21 20:13:59.245 E/MsgCenterConfig(32111): 	at com.xiaomi.mipicks.openstore.core.MPMsgCenterWrapper.d(SourceFile:18)
05-21 20:13:59.245 E/MsgCenterConfig(32111): 	at com.xiaomi.mipicks.openstore.core.d.c(SourceFile:8)
05-21 20:13:59.245 E/MsgCenterConfig(32111): 	at com.xiaomi.mipicks.openstore.platform.c.a(SourceFile:10)
05-21 20:13:59.245 E/MsgCenterConfig(32111): 	at com.xiaomi.mipicks.openstore.platform.b.a(SourceFile:11)
05-21 20:13:59.245 E/MsgCenterConfig(32111): 	at com.xiaomi.market.MarketApp.o(SourceFile:83)
05-21 20:13:59.245 E/MsgCenterConfig(32111): 	at com.xiaomi.market.MarketApp.onCreate(SourceFile:39)
05-21 20:13:59.245 E/MsgCenterConfig(32111): 	at android.app.Instrumentation.callApplicationOnCreate(Instrumentation.java:1190)
05-21 20:13:59.245 E/MsgCenterConfig(32111): 	at android.app.ActivityThread.handleBindApplication(ActivityThread.java:6584)
05-21 20:13:59.245 E/MsgCenterConfig(32111): 	at android.app.ActivityThread.access$1400(ActivityThread.java:226)
05-21 20:13:59.245 E/MsgCenterConfig(32111): 	at android.app.ActivityThread$H.handleMessage(ActivityThread.java:1889)
05-21 20:13:59.245 E/MsgCenterConfig(32111): 	at android.os.Handler.dispatchMessage(Handler.java:107)
05-21 20:13:59.245 E/MsgCenterConfig(32111): 	at android.os.Looper.loop(Looper.java:225)
05-21 20:13:59.245 E/MsgCenterConfig(32111): 	at android.app.ActivityThread.main(ActivityThread.java:7564)
05-21 20:13:59.245 E/MsgCenterConfig(32111): 	at java.lang.reflect.Method.invoke(Native Method)
05-21 20:13:59.245 E/MsgCenterConfig(32111): 	at com.android.internal.os.RuntimeInit$MethodAndArgsCaller.run(RuntimeInit.java:539)
05-21 20:13:59.245 E/MsgCenterConfig(32111): 	at com.android.internal.os.ZygoteInit.main(ZygoteInit.java:950)
05-21 20:13:59.245 I/SarService( 2665): Receiver polling >>>> Change receiver mode: off
05-21 20:13:59.248 E/MsgCenterConfig(32111): com.xiaomi.demo
05-21 20:13:59.248 E/MsgCenterConfig(32111): android.content.pm.PackageManager$NameNotFoundException: com.xiaomi.demo
05-21 20:13:59.248 E/MsgCenterConfig(32111): 	at android.app.ApplicationPackageManager.getApplicationInfoAsUser(ApplicationPackageManager.java:427)
05-21 20:13:59.248 E/MsgCenterConfig(32111): 	at android.app.ApplicationPackageManager.getApplicationInfo(ApplicationPackageManager.java:408)
05-21 20:13:59.248 E/MsgCenterConfig(32111): 	at com.xiaomi.mipicks.openstore.core.utils.c.a(SourceFile:30)
05-21 20:13:59.248 E/MsgCenterConfig(32111): 	at com.xiaomi.mipicks.openstore.core.process.ProcessServiceImpl.v1(SourceFile:9)
05-21 20:13:59.248 E/MsgCenterConfig(32111): 	at com.xiaomi.mipicks.openstore.core.process.ProcessServiceImpl.init(SourceFile:6)
05-21 20:13:59.248 E/MsgCenterConfig(32111): 	at com.xiaomi.mipicks.openstore.core.process.c.b(SourceFile:14)
05-21 20:13:59.248 E/MsgCenterConfig(32111): 	at com.xiaomi.mipicks.openstore.core.MPMsgCenterWrapper.d(SourceFile:18)
05-21 20:13:59.248 E/MsgCenterConfig(32111): 	at com.xiaomi.mipicks.openstore.core.d.c(SourceFile:8)
05-21 20:13:59.248 E/MsgCenterConfig(32111): 	at com.xiaomi.mipicks.openstore.platform.c.a(SourceFile:10)
05-21 20:13:59.248 E/MsgCenterConfig(32111): 	at com.xiaomi.mipicks.openstore.platform.b.a(SourceFile:11)
05-21 20:13:59.248 E/MsgCenterConfig(32111): 	at com.xiaomi.market.MarketApp.o(SourceFile:83)
05-21 20:13:59.248 E/MsgCenterConfig(32111): 	at com.xiaomi.market.MarketApp.onCreate(SourceFile:39)
05-21 20:13:59.248 E/MsgCenterConfig(32111): 	at android.app.Instrumentation.callApplicationOnCreate(Instrumentation.java:1190)
05-21 20:13:59.248 E/MsgCenterConfig(32111): 	at android.app.ActivityThread.handleBindApplication(ActivityThread.java:6584)
05-21 20:13:59.248 E/MsgCenterConfig(32111): 	at android.app.ActivityThread.access$1400(ActivityThread.java:226)
05-21 20:13:59.248 E/MsgCenterConfig(32111): 	at android.app.ActivityThread$H.handleMessage(ActivityThread.java:1889)
05-21 20:13:59.248 E/MsgCenterConfig(32111): 	at android.os.Handler.dispatchMessage(Handler.java:107)
05-21 20:13:59.248 E/MsgCenterConfig(32111): 	at android.os.Looper.loop(Looper.java:225)
05-21 20:13:59.248 E/MsgCenterConfig(32111): 	at android.app.ActivityThread.main(ActivityThread.java:7564)
05-21 20:13:59.248 E/MsgCenterConfig(32111): 	at java.lang.reflect.Method.invoke(Native Method)
05-21 20:13:59.248 E/MsgCenterConfig(32111): 	at com.android.internal.os.RuntimeInit$MethodAndArgsCaller.run(RuntimeInit.java:539)
05-21 20:13:59.248 E/MsgCenterConfig(32111): 	at com.android.internal.os.ZygoteInit.main(ZygoteInit.java:950)
05-21 20:13:59.263 W/chromium(31723): [WARNING:net/dns/dns_config_service_android.cc:69] Failed to read DnsConfig.
05-21 20:13:59.321 W/Looper  (32111): Slow Looper main: Long Msg: seq=2 plan=20:13:56.713  late=2ms wall=2600ms running=216ms runnable=44ms io=2120ms h=android.app.ActivityThread$H w=110
05-21 20:13:59.332 D/AppActiveReceiver(32111): receive app active broadcast for: com.playsocialgames.plinko, install from: null
05-21 20:13:59.332 I/SystemUpdate-LocalAppManager(32111): load local apps from system : begin
05-21 20:13:59.338 E/System  (31768): Uncaught exception thrown by finalizer
05-21 20:13:59.341 E/System  (31768): java.lang.NullPointerException: Attempt to invoke virtual method 'void android.content.res.StringBlock.close()' on a null object reference
05-21 20:13:59.341 E/System  (31768): 	at android.content.res.ApkAssets.close(ApkAssets.java:195)
05-21 20:13:59.341 E/System  (31768): 	at android.content.res.ApkAssets.finalize(ApkAssets.java:185)
05-21 20:13:59.341 E/System  (31768): 	at java.lang.Daemons$FinalizerDaemon.doFinalize(Daemons.java:291)
05-21 20:13:59.341 E/System  (31768): 	at java.lang.Daemons$FinalizerDaemon.runInternal(Daemons.java:278)
05-21 20:13:59.341 E/System  (31768): 	at java.lang.Daemons$Daemon.run(Daemons.java:139)
05-21 20:13:59.341 E/System  (31768): 	at java.lang.Thread.run(Thread.java:919)
05-21 20:13:59.363 W/chromium(31723): [WARNING:android_webview/browser/network_service/net_helpers.cc:137] HTTP Cache size is: 20971520
05-21 20:13:59.405 I/chatty  ( 1637): uid=1000(system) Binder:1637_14 expire 3 lines
05-21 20:13:59.407 D/PMonitor( 5123):  onProcessDied:pid = 32111,died-uid=10111
05-21 20:13:59.410 I/SystemUpdate-AppActiveStatService(32111): start forground service
05-21 20:13:59.446 I/SarService( 2665): Receiver polling >>>> Change receiver mode: off
05-21 20:13:59.452 D/PMonitor( 5123):  onProcessDied:pid = 32111,died-uid=10111
05-21 20:13:59.473 I/Ad      (32111): isPersonalizedAdEnabled getAdSettings: 3
05-21 20:13:59.528 D/AdvertisingProxy(32111): limit ad tracking enabled is false
05-21 20:13:59.573 I/SystemUpdate-LocalAppManager(32111): load local apps from system : finish
05-21 20:13:59.592 W/FirebaseRemoteConfig( 5123): No value of type 'FirebaseRemoteConfigValue' exists for parameter key 'enable_push_monitor_broadcast'.
05-21 20:13:59.646 I/SarService( 2665): Receiver polling >>>> Change receiver mode: off
05-21 20:13:59.649 I/SystemUpdate-AutoUpdateScheduler(32111): [Update] scheduleAutoUpdateOnAppStart
05-21 20:13:59.663 D/MarketSdk-MarketManager(32111): currVersionValue: 12000400
05-21 20:13:59.663 D/MarketSdk-MarketManager(32111): targetVersionValue: 10000000
05-21 20:13:59.664 I/chatty  ( 1637): uid=1000(system) Binder:1637_11 expire 3 lines
05-21 20:13:59.664 I/SystemUpdate-MeteredUpdateConfirmUtils(32111): set value to Settings: app_update_notify false
05-21 20:13:59.685 D/SessionsDependencies(32111): Dependency to CRASHLYTICS added.
05-21 20:13:59.687 I/FirebaseApp(32111): Device unlocked: initializing all Firebase APIs for app [DEFAULT]
05-21 20:13:59.705 D/PMonitor( 5123):  onProcessDied:pid = 32111,died-uid=10111
05-21 20:13:59.707 I/SystemUpdate-AppActiveStatService(32111): stop forground service
05-21 20:13:59.713 I/ActivityManager( 1637): Killing 30572:com.android.vending:background/u0a176 (adj 985): empty #17
05-21 20:13:59.765 W/FileUtils( 1637): Slow Operation: fsync took 118ms
05-21 20:13:59.792 I/chatty  ( 5178): uid=10188(com.google.android.gms) lowpool[1935] expire 5 lines
05-21 20:13:59.799 D/ConnectivityService( 1637): ConnectivityService NetworkRequestInfo binderDied(NetworkRequest [ TRACK_DEFAULT id=3371, [ Capabilities: INTERNET&NOT_RESTRICTED&TRUSTED Uid: 10176] ], android.os.BinderProxy@4a488f2)
05-21 20:13:59.799 D/ConnectivityService( 1637): ConnectivityService NetworkRequestInfo binderDied(NetworkRequest [ TRACK_DEFAULT id=3372, [ Capabilities: INTERNET&NOT_RESTRICTED&TRUSTED Uid: 10176] ], android.os.BinderProxy@2ddd5c0)
05-21 20:13:59.799 D/ConnectivityService( 1637): ConnectivityService NetworkRequestInfo binderDied(NetworkRequest [ TRACK_DEFAULT id=3376, [ Capabilities: INTERNET&NOT_RESTRICTED&TRUSTED Uid: 10176] ], android.os.BinderProxy@8f43b43)
05-21 20:13:59.799 D/ConnectivityService( 1637): ConnectivityService NetworkRequestInfo binderDied(NetworkRequest [ LISTEN id=3373, [ Capabilities: INTERNET&NOT_RESTRICTED&TRUSTED Uid: 10176] ], android.os.BinderProxy@214b2f9)
05-21 20:13:59.799 D/ConnectivityService( 1637): releasing NetworkRequest [ TRACK_DEFAULT id=3371, [ Capabilities: INTERNET&NOT_RESTRICTED&TRUSTED Uid: 10176] ] (release request)
05-21 20:13:59.802 D/ProcessManager( 1637): skip restart com.android.vending:background because this device is a lowmemory device!
05-21 20:13:59.802 D/ConnectivityService( 1637): releasing NetworkRequest [ TRACK_DEFAULT id=3372, [ Capabilities: INTERNET&NOT_RESTRICTED&TRUSTED Uid: 10176] ] (release request)
05-21 20:13:59.803 D/ConnectivityService( 1637): releasing NetworkRequest [ TRACK_DEFAULT id=3376, [ Capabilities: INTERNET&NOT_RESTRICTED&TRUSTED Uid: 10176] ] (release request)
05-21 20:13:59.814 I/Zygote  (  607): Process 30572 exited due to signal 9 (Killed)
05-21 20:13:59.829 I/chatty  ( 8252): uid=10188(com.google.android.gms) lowpool[495] expire 64 lines
05-21 20:13:59.829 I/chatty  ( 8252): uid=10188(com.google.android.gms) lowpool[554] expire 63 lines
05-21 20:13:59.848 I/SarService( 2665): Receiver polling >>>> Change receiver mode: off
05-21 20:13:59.909 I/chatty  (32078): uid=10445(com.playsocialgames.plinko) Thread-150 expire 1 line
05-21 20:13:59.920 W/ackageinstalle(31723): Suspending all threads took: 34.059ms
05-21 20:13:59.929 D/ConnectivityService( 1637): requestNetwork for uid/pid:10159/31723 NetworkRequest [ TRACK_DEFAULT id=3387, [ Capabilities: INTERNET&NOT_RESTRICTED&TRUSTED Uid: 10159] ]
05-21 20:13:59.930 I/chatty  ( 1637): uid=1000(system) wifiAwareServic expire 5 lines
05-21 20:13:59.930 I/chatty  ( 1637): uid=1000(system) ClientModeImpl expire 10 lines
05-21 20:13:59.930 I/chatty  ( 1637): uid=1000(system) EthernetService expire 5 lines
05-21 20:13:59.933 D/PhoneSwitcherNetworkRequstListener( 2665): got request NetworkRequest [ TRACK_DEFAULT id=3387, [ Capabilities: INTERNET&NOT_RESTRICTED&TRUSTED Uid: 10159] ] with score 50 and serial 5
05-21 20:14:00.048 I/SarService( 2665): Receiver polling >>>> Change receiver mode: off
05-21 20:14:00.063 D/FirebaseSessions(32111): Initializing Firebase Sessions SDK.
05-21 20:14:00.065 I/FirebaseCrashlytics(32111): Initializing Firebase Crashlytics 19.0.0 for com.xiaomi.discover
05-21 20:14:00.111 I/chatty  ( 8252): uid=10188(com.google.android.gms) expire 22 lines
05-21 20:14:00.119 D/FancyDrawable( 2695): doPause:   [miui.maml.FancyDrawable@7994a90]
05-21 20:14:00.119 D/MultipleRenderable( 2695): setPause: true miui.maml.FancyDrawable@7994a90
05-21 20:14:00.119 D/RendererCore( 2695): self pause: miui.maml.RendererCore@354c94d
05-21 20:14:00.119 D/ScreenElementRoot( 2695): pause
05-21 20:14:00.122 I/chatty  ( 8252): uid=10188(com.google.android.gms) GoogleApiHandle expire 52 lines
05-21 20:14:00.145 I/chatty  ( 8252): uid=10188(com.google.android.gms) expire 3 lines
05-21 20:14:00.216 I/chatty  ( 5178): uid=10188 com.google.android.gms.persistent expire 5 lines
05-21 20:14:00.231 D/EgretLoader(31723): EgretLoader(Context context)
05-21 20:14:00.232 D/EgretLoader(31723): The context is not activity
05-21 20:14:00.248 I/SarService( 2665): Receiver polling >>>> Change receiver mode: off
05-21 20:14:00.265 I/chatty  ( 5178): uid=10188 com.google.android.gms.persistent expire 15 lines
05-21 20:14:00.404 D/ConnectivityService( 1637): requestNetwork for uid/pid:10445/32078 NetworkRequest [ TRACK_DEFAULT id=3389, [ Capabilities: INTERNET&NOT_RESTRICTED&TRUSTED Uid: 10445] ]
05-21 20:14:00.406 D/PhoneSwitcherNetworkRequstListener( 2665): got request NetworkRequest [ TRACK_DEFAULT id=3389, [ Capabilities: INTERNET&NOT_RESTRICTED&TRUSTED Uid: 10445] ] with score 50 and serial 5
05-21 20:14:00.427 I/chatty  (32078): uid=10445(com.playsocialgames.plinko) AdWorker(Defaul expire 7 lines
05-21 20:14:00.437 D/SessionsDependencies(32111): Subscriber CRASHLYTICS registered.
05-21 20:14:00.445 D/LifecycleServiceBinder(32111): Binding service to application.
05-21 20:14:00.449 I/SarService( 2665): Receiver polling >>>> Change receiver mode: off
05-21 20:14:00.452 I/chatty  ( 1637): uid=1000(system) Binder:1637_B expire 6 lines
05-21 20:14:00.455 D/SessionLifecycleService(32111): Service bound to new client on process 32111
05-21 20:14:00.478 D/SessionLifecycleClient(32111): Connected to SessionLifecycleService. Queue size 0
05-21 20:14:00.479 D/SessionLifecycleService(32111): App has not yet foregrounded. Using previously stored session: null
05-21 20:14:00.479 D/SessionLifecycleService(32111): Client android.os.Messenger@40af7cf bound at 93836929. Clients: 1
05-21 20:14:00.481 I/chatty  ( 5178): uid=10188 com.google.android.gms.persistent expire 9 lines
05-21 20:14:00.489 W/Looper  (31723): Slow Looper main: Long Msg: seq=44 plan=20:13:53.568  late=0ms wall=6921ms running=696ms runnable=233ms io=5005ms h=com.google.android.gms.ads.internal.util.f c=com.google.android.gms.ads.internal.js.r
05-21 20:14:00.511 I/sensors-hal(  710): batch:180, android.sensor.accelerometer/44, period=20000000, max_latency=0
05-21 20:14:00.511 I/sensors-hal(  710): batch:189, android.sensor.accelerometer/44, period=20000000, max_latency=0 request completed
05-21 20:14:00.516 I/sensors-hal(  710): activate:147, android.sensor.gyroscope/34 en=0
05-21 20:14:00.520 I/DynamiteModule(32111): Considering local module com.google.android.gms.measurement.dynamite:112 and remote module com.google.android.gms.measurement.dynamite:191
05-21 20:14:00.520 I/DynamiteModule(32111): Selected remote version of com.google.android.gms.measurement.dynamite, version >= 191
05-21 20:14:00.520 V/DynamiteModule(32111): Dynamite loader version >= 2, using loadModule2NoCrashUtils
05-21 20:14:00.537 I/sensors-hal(  710): activate:158, android.sensor.gyroscope/34 en=0 completed
05-21 20:14:00.540 I//vendor/bin/adsprpcd(  922): vendor/qcom/proprietary/commonsys-intf/adsprpc/src/apps_std_imp.c:722: Successfully opened file /mnt/vendor/persist/sensors/registry/temp.json
05-21 20:14:00.545 I//vendor/bin/adsprpcd(  922): vendor/qcom/proprietary/commonsys-intf/adsprpc/src/apps_std_imp.c:722: Successfully opened file /mnt/vendor/persist/sensors/registry/temp.json
05-21 20:14:00.548 I//vendor/bin/adsprpcd(  922): vendor/qcom/proprietary/commonsys-intf/adsprpc/src/apps_std_imp.c:722: Successfully opened file /mnt/vendor/persist/sensors/registry/temp.json
05-21 20:14:00.555 I//vendor/bin/adsprpcd(  922): vendor/qcom/proprietary/commonsys-intf/adsprpc/src/apps_std_imp.c:722: Successfully opened file /mnt/vendor/persist/sensors/registry/temp.json
05-21 20:14:00.629 D/NetworkSecurityConfig(32111): Using Network Security Config from resource network_security_config debugBuild: false
05-21 20:14:00.650 I/SarService( 2665): Receiver polling >>>> Change receiver mode: off
05-21 20:14:00.669 I/chatty  ( 8252): uid=10188(com.google.android.gms) lowpool[556] expire 189 lines
05-21 20:14:00.692 I/xiaomi.discove(32111): The ClassLoaderContext is a special shared library.
05-21 20:14:00.693 I/xiaomi.discove(32111): Waiting for a blocking GC ClassLinker
05-21 20:14:00.720 I/chatty  ( 8252): uid=10188(com.google.android.gms) expire 189 lines
05-21 20:14:00.756 I/chatty  (32078): uid=10445(com.playsocialgames.plinko) expire 2 lines
05-21 20:14:00.850 I/SarService( 2665): Receiver polling >>>> Change receiver mode: off
05-21 20:14:00.886 I/DpmTcmClient(32111): RegisterTcmMonitor from: $Proxy0
05-21 20:14:00.891 I/CameraManagerGlobal(31723): Connecting to camera service
05-21 20:14:00.931 D/Zygote  ( 2506): Forked child process 32286
05-21 20:14:00.934 D/Boost   ( 1637): hostingType=, hostingName={com.playsocialgames.plinko/org.chromium.content.app.SandboxedProcessService0:0}, callerPackage=com.playsocialgames.plinko, isSystem=false, isBoostNeeded=false.
05-21 20:14:00.942 D/OemNetd (  606): setPidForPackage: packageName=com.playsocialgames.plinko, pid=32286, pid=99138
05-21 20:14:00.942 I/ActivityManager( 1637): Start proc 32286:com.google.android.webview:sandboxed_process0:org.chromium.content.app.SandboxedProcessService0:0/u0i138 for  {com.playsocialgames.plinko/org.chromium.content.app.SandboxedProcessService0:0} caller=com.playsocialgames.plinko
05-21 20:14:00.972 W/CameraManagerGlobal(31723): [soar.cts] ignore the status update of camera: 20
05-21 20:14:00.972 W/CameraManagerGlobal(31723): [soar.cts] ignore the status update of camera: 21
05-21 20:14:00.973 W/CameraManagerGlobal(31723): [soar.cts] ignore the status update of camera: 22
05-21 20:14:00.973 W/CameraManagerGlobal(31723): [soar.cts] ignore the status update of camera: 61
05-21 20:14:00.975 W/CameraManagerGlobal(31723): ignore the torch status update of camera: 21
05-21 20:14:00.976 W/CameraManagerGlobal(31723): ignore the torch status update of camera: 22
05-21 20:14:00.976 W/CameraManagerGlobal(31723): ignore the torch status update of camera: 61
05-21 20:14:01.027 E/ResolverController(  606): No valid NAT64 prefix (141, <unspecified>/0)
05-21 20:14:01.050 I/SarService( 2665): Receiver polling >>>> Change receiver mode: off
05-21 20:14:01.070 I/sensors-hal(  710): batch:180, android.sensor.accelerometer/44, period=200000000, max_latency=0
05-21 20:14:01.072 I/sensors-hal(  710): batch:189, android.sensor.accelerometer/44, period=200000000, max_latency=0 request completed
05-21 20:14:01.073 I/sensors-hal(  710): flush:209, android.sensor.accelerometer/44
05-21 20:14:01.077 I/sensors-hal(  710): flush:215, android.sensor.accelerometer/44 completed
05-21 20:14:01.077 I/sensors-hal(  710): batch:180, android.sensor.accelerometer/44, period=20000000, max_latency=0
05-21 20:14:01.080 I/sensors-hal(  710): batch:189, android.sensor.accelerometer/44, period=20000000, max_latency=0 request completed
05-21 20:14:01.091 E/ocessService0:(32286): Unknown bits set in runtime_flags: 0x20000
05-21 20:14:01.107 E/ocessService0:(32286): Not starting debugger since process cannot load the jdwp agent.
05-21 20:14:01.161 W/ocessService0:0(32286): type=1400 audit(0.0:24204): avc: denied { search } for name="theme" dev="mmcblk0p87" ino=203 scontext=u:r:isolated_app:s0:c512,c768 tcontext=u:object_r:theme_data_file:s0 tclass=dir permissive=0
05-21 20:14:01.161 W/ocessService0:0(32286): type=1400 audit(0.0:24205): avc: denied { search } for name="theme" dev="mmcblk0p87" ino=203 scontext=u:r:isolated_app:s0:c512,c768 tcontext=u:object_r:theme_data_file:s0 tclass=dir permissive=0
05-21 20:14:01.181 W/ocessService0:0(32286): type=1400 audit(0.0:24206): avc: denied { search } for name="theme" dev="mmcblk0p87" ino=203 scontext=u:r:isolated_app:s0:c512,c768 tcontext=u:object_r:theme_data_file:s0 tclass=dir permissive=0
05-21 20:14:01.181 W/ocessService0:0(32286): type=1400 audit(0.0:24207): avc: denied { search } for name="theme" dev="mmcblk0p87" ino=203 scontext=u:r:isolated_app:s0:c512,c768 tcontext=u:object_r:theme_data_file:s0 tclass=dir permissive=0
05-21 20:14:01.251 I/SarService( 2665): Receiver polling >>>> Change receiver mode: off
05-21 20:14:01.339 W/FileUtils(32078): Slow Operation: fsync took 103ms
05-21 20:14:01.339 W/FileUtils( 1637): Slow Operation: fsync took 242ms
05-21 20:14:01.349 W/BpBinder(32078): Slow Binder: BpBinder transact took 424 ms, interface=android.os.IUserManager, code=37 oneway=false
05-21 20:14:01.391 W/ocessService0:0(32286): type=1400 audit(0.0:24208): avc: denied { search } for name="theme" dev="mmcblk0p87" ino=203 scontext=u:r:isolated_app:s0:c512,c768 tcontext=u:object_r:theme_data_file:s0 tclass=dir permissive=0
05-21 20:14:01.391 I/chatty  (32286): uid=99138(u0_i9138) com.google.android.webview:sandboxed_process0:org.chromium.content.app.SandboxedProcessService0:0 identical 3 lines
05-21 20:14:01.411 W/ocessService0:0(32286): type=1400 audit(0.0:24212): avc: denied { search } for name="theme" dev="mmcblk0p87" ino=203 scontext=u:r:isolated_app:s0:c512,c768 tcontext=u:object_r:theme_data_file:s0 tclass=dir permissive=0
05-21 20:14:01.427 I/cr_WebViewApkApp(32286): version=147.0.7727.137 (772713701) minSdkVersion=29 processName=com.google.android.webview:sandboxed_process0:org.chromium.content.app.SandboxedProcessService0:0 splits=<none>
05-21 20:14:01.434 I/FeatureParser(32286): can't find willow.xml in assets/device_features/,it may be in /system/etc/device_features
05-21 20:14:01.448 E/libc    (32286): Access denied finding property "ro.vendor.df.effect.conflict"
05-21 20:14:01.450 I/cr_ChildProcessService(32286): Creating new ChildProcessService pid=32286
05-21 20:14:01.451 I/SarService( 2665): Receiver polling >>>> Change receiver mode: off
05-21 20:14:01.494 D/ConnectivityService( 1637): requestNetwork for uid/pid:10445/32078 NetworkRequest [ TRACK_DEFAULT id=3390, [ Capabilities: INTERNET&NOT_RESTRICTED&TRUSTED Uid: 10445] ]
05-21 20:14:01.496 D/PhoneSwitcherNetworkRequstListener( 2665): got request NetworkRequest [ TRACK_DEFAULT id=3390, [ Capabilities: INTERNET&NOT_RESTRICTED&TRUSTED Uid: 10445] ] with score 50 and serial 5
05-21 20:14:01.568 W/Looper  (32078): Slow Looper main: Long Msg: seq=36 plan=20:14:00.503  late=1ms wall=1063ms running=295ms runnable=33ms io=213ms h=com.google.android.gms.ads.internal.util.f c=com.google.android.gms.ads.internal.js.r
05-21 20:14:01.581 I/chatty  (32078): uid=10445(com.playsocialgames.plinko) ThreadPoolSingl expire 5 lines
05-21 20:14:01.598 I/chatty  (32078): uid=10445(com.playsocialgames.plinko) Binder:32078_3 expire 2 lines
05-21 20:14:01.622 I/chatty  ( 5178): uid=10188(com.google.android.gms) lowpool[1943] expire 6 lines
05-21 20:14:01.652 I/SarService( 2665): Receiver polling >>>> Change receiver mode: off
05-21 20:14:01.854 I/SarService( 2665): Receiver polling >>>> Change receiver mode: off
05-21 20:14:01.931 I/ActivityManager( 1637): Process com.google.android.googlequicksearchbox:search (pid 29651) has died: cch+75 CEM 
05-21 20:14:01.931 D/ConnectivityService( 1637): ConnectivityService NetworkRequestInfo binderDied(NetworkRequest [ TRACK_DEFAULT id=3377, [ Capabilities: INTERNET&NOT_RESTRICTED&TRUSTED Uid: 10187] ], android.os.BinderProxy@68c3eea)
05-21 20:14:01.931 D/ConnectivityService( 1637): releasing NetworkRequest [ TRACK_DEFAULT id=3377, [ Capabilities: INTERNET&NOT_RESTRICTED&TRUSTED Uid: 10187] ] (release request)
05-21 20:14:01.933 I/Zygote  (  607): Process 29651 exited due to signal 9 (Killed)
05-21 20:14:01.934 D/ProcessManager( 1637): skip restart com.google.android.googlequicksearchbox:search because this device is a lowmemory device!
05-21 20:14:01.950 I/ActivityManager( 1637): Process com.google.android.gms.unstable (pid 30947) has died: cch+65 CEM 
05-21 20:14:01.951 I/Zygote  (  607): Process 30947 exited due to signal 9 (Killed)
05-21 20:14:01.953 D/ProcessManager( 1637): skip restart com.google.android.gms.unstable because this device is a lowmemory device!
05-21 20:14:01.961 D/ConnectivityService( 1637): ConnectivityService NetworkRequestInfo binderDied(NetworkRequest [ TRACK_DEFAULT id=3380, [ Capabilities: INTERNET&NOT_RESTRICTED&TRUSTED Uid: 10187] ], android.os.BinderProxy@c427b8d)
05-21 20:14:01.961 D/ConnectivityService( 1637): ConnectivityService NetworkRequestInfo binderDied(NetworkRequest [ LISTEN id=3381, [ Capabilities: INTERNET&NOT_RESTRICTED&TRUSTED Uid: 10187] ], android.os.BinderProxy@601c142)
05-21 20:14:01.962 D/ConnectivityService( 1637): releasing NetworkRequest [ TRACK_DEFAULT id=3380, [ Capabilities: INTERNET&NOT_RESTRICTED&TRUSTED Uid: 10187] ] (release request)
05-21 20:14:01.962 I/ActivityManager( 1637): Process com.google.android.googlequicksearchbox:googleapp (pid 31021) has died: cch+65 CEM 
05-21 20:14:01.964 I/Zygote  (  607): Process 31021 exited due to signal 9 (Killed)
05-21 20:14:01.965 D/ProcessManager( 1637): skip restart com.google.android.googlequicksearchbox:googleapp because this device is a lowmemory device!
05-21 20:14:02.047 I/chatty  ( 8252): uid=10188(com.google.android.gms) HeapTaskDaemon expire 1 line
05-21 20:14:02.055 I/SarService( 2665): Receiver polling >>>> Change receiver mode: off
05-21 20:14:02.077 I/ActivityManager( 1637): Process android.process.acore (pid 28006) has died: cch+65 CEM 
05-21 20:14:02.087 D/ProcessManager( 1637): skip restart android.process.acore because this device is a lowmemory device!
05-21 20:14:02.090 I/Zygote  (  607): Process 28006 exited due to signal 9 (Killed)
05-21 20:14:02.126 W/xiaomi.discove(32111): Verification of void com.android.org.conscrypt.OpenSSLSocketImpl.setAlpnProtocols(java.lang.String[]) took 779.084ms
05-21 20:14:02.146 D/ConnectivityService( 1637): ConnectivityService NetworkRequestInfo binderDied(NetworkRequest [ LISTEN id=3383, [ Capabilities: NOT_METERED&INTERNET&TRUSTED&VALIDATED Uid: 10207] ], android.os.BinderProxy@93bf631)
05-21 20:14:02.147 D/ConnectivityService( 1637): ConnectivityService NetworkRequestInfo binderDied(NetworkRequest [ LISTEN id=3382, [ Capabilities: NOT_METERED&INTERNET&TRUSTED&VALIDATED Uid: 10207] ], android.os.BinderProxy@e70f116)
05-21 20:14:02.150 I/Zygote  (  607): Process 31184 exited due to signal 9 (Killed)
05-21 20:14:02.150 I/ActivityManager( 1637): Process com.google.android.apps.messaging (pid 31184) has died: cch+55 CEM 
05-21 20:14:02.162 D/ProcessManager( 1637): skip restart com.google.android.apps.messaging because this device is a lowmemory device!
05-21 20:14:02.191 I/chatty  ( 1637): uid=1000(system) Binder:1637_A expire 5 lines
05-21 20:14:02.200 I/chatty  ( 1637): uid=1000(system) Binder:1637_9 expire 17 lines
05-21 20:14:02.255 I/SarService( 2665): Receiver polling >>>> Change receiver mode: off
05-21 20:14:02.272 E/ResolverController(  606): No valid NAT64 prefix (141, <unspecified>/0)
05-21 20:14:02.331 D/ProfileInstaller(31723): Skipping profile installation for com.miui.global.packageinstaller
05-21 20:14:02.360 I/chatty  (32078): uid=10445(com.playsocialgames.plinko) AudioThread expire 2 lines
05-21 20:14:02.364 W/cr_media(31723): getBluetoothAdapter() requires BLUETOOTH permission
05-21 20:14:02.364 W/cr_media(31723): registerBluetoothIntentsIfNeeded: Requires BLUETOOTH permission
05-21 20:14:02.367 I/AdrenoGLES(31723): QUALCOMM build                   : d20ce1a, Ia11ce2d146
05-21 20:14:02.367 I/AdrenoGLES(31723): Build Date                       : 12/15/20
05-21 20:14:02.367 I/AdrenoGLES(31723): OpenGL ES Shader Compiler Version: EV031.27.05.03
05-21 20:14:02.367 I/AdrenoGLES(31723): Local Branch                     : 
05-21 20:14:02.367 I/AdrenoGLES(31723): Remote Branch                    : refs/tags/AU_LINUX_ANDROID_LA.UM.8.11.R1.10.00.00.576.024
05-21 20:14:02.367 I/AdrenoGLES(31723): Remote Branch                    : NONE
05-21 20:14:02.367 I/AdrenoGLES(31723): Reconstruct Branch               : NOTHING
05-21 20:14:02.367 I/AdrenoGLES(31723): Build Config                     : S P 8.0.12 AArch64
05-21 20:14:02.391 W/xiaomi.discove(32111): Verification of void com.android.org.conscrypt.ConscryptFileDescriptorSocket.<init>(com.android.org.conscrypt.SSLParametersImpl) took 264.325ms
05-21 20:14:02.455 I/SarService( 2665): Receiver polling >>>> Change receiver mode: off
05-21 20:14:02.564 I/chatty  (  738): uid=1000(system) HwBinder:738_4 expire 105 lines
05-21 20:14:02.656 I/SarService( 2665): Receiver polling >>>> Change receiver mode: off
05-21 20:14:02.701 I/cr_LibraryLoader(32286): Successfully loaded native library
05-21 20:14:02.735 I/cr_CachingUmaRecorder(32286): Flushed 2 samples from 2 histograms, 0 samples were dropped.
05-21 20:14:02.749 W/Looper  (32078): Slow Looper main: doFrame is 877ms late because of 17 msg, msg 17 took 839ms (seq=57 running=40ms runnable=4ms io=740ms late=148ms h=com.google.android.gms.ads.internal.util.f c=com.google.android.gms.ads.internal.webview.af)
05-21 20:14:02.750 W/chromium(32286): [WARNING:content/app/android/content_main_android.cc:82] android_setCpu already initialized
05-21 20:14:02.856 I/SarService( 2665): Receiver polling >>>> Change receiver mode: off
05-21 20:14:02.876 W/xiaomi.discove(32111): Verification of void com.android.org.conscrypt.ConscryptFileDescriptorSocket.close() took 463.919ms
05-21 20:14:02.926 I/chatty  ( 5178): uid=10188(com.google.android.gms) HeapTaskDaemon expire 1 line
05-21 20:14:02.950 W/chromium(32286): [WARNING:content/child/runtime_features.cc:537] Fenced frames cannot be enabled in this configuration. Use --enable-features=FencedFrames instead.
05-21 20:14:02.950 W/chromium(32286): [WARNING:content/child/runtime_features.cc:562] Topics cannot be enabled in this configuration. Use --enable-features=BrowsingTopics in addition.
05-21 20:14:02.950 W/chromium(32286): [WARNING:content/child/runtime_features.cc:583] SharedStorage cannot be enabled in this configuration. Use --enable-features=SharedStorageAPI in addition.
05-21 20:14:02.963 D/SecurityCenter(31621): ImageLoader clear memory info
05-21 20:14:03.056 I/SarService( 2665): Receiver polling >>>> Change receiver mode: off
05-21 20:14:03.077 I/chatty  ( 5178): uid=10188(com.google.android.gms) Binder:5178_4 expire 18 lines
05-21 20:14:03.102 I/chatty  ( 5178): uid=10188(com.google.android.gms) Binder:5178_F expire 19 lines
05-21 20:14:03.181 W/CrRendererMain(32286): type=1400 audit(0.0:24216): avc: denied { read } for name="u:object_r:vendor_default_prop:s0" dev="tmpfs" ino=23734 scontext=u:r:isolated_app:s0:c512,c768 tcontext=u:object_r:vendor_default_prop:s0 tclass=file permissive=0
05-21 20:14:03.192 E/libc    (32286): Access denied finding property "ro.vendor.api_level"
05-21 20:14:03.257 I/SarService( 2665): Receiver polling >>>> Change receiver mode: off
05-21 20:14:03.457 I/SarService( 2665): Receiver polling >>>> Change receiver mode: off
05-21 20:14:03.459 D/Zygote  (  608): Forked child process 32368
05-21 20:14:03.462 D/Boost   ( 1637): hostingType=service, hostingName={com.google.android.webview/org.chromium.android_webview.services.VariationsSeedServer}, callerPackage=com.playsocialgames.plinko, isSystem=false, isBoostNeeded=false.
05-21 20:14:03.463 D/OemNetd (  606): setPidForPackage: packageName=com.google.android.webview, pid=32368, pid=10194
05-21 20:14:03.463 I/ActivityManager( 1637): Start proc 32368:com.google.android.webview:webview_service/u0a194 for service {com.google.android.webview/org.chromium.android_webview.services.VariationsSeedServer} caller=com.playsocialgames.plinko
05-21 20:14:03.520 E/webview_servic(32368): Unknown bits set in runtime_flags: 0x20000
05-21 20:14:03.537 E/webview_servic(32368): Not starting debugger since process cannot load the jdwp agent.
05-21 20:14:03.638 I/netd    (  606): firewallSetUidRule(2, 10194, 1) <0.11ms>
05-21 20:14:03.658 I/SarService( 2665): Receiver polling >>>> Change receiver mode: off
05-21 20:14:03.666 I/Finsky  (30447): [18168] com.playsocialgames.plinko: Account from first account - [VxCzWHolnhaCzu3DnO7l9tRE2TQ770lM4UQKnvJmLeU]
05-21 20:14:03.697 I/Finsky  (30447): [18168] Billing preferred account via installer for com.playsocialgames.plinko: [VxCzWHolnhaCzu3DnO7l9tRE2TQ770lM4UQKnvJmLeU]
05-21 20:14:03.720 I/Finsky  (30447): [18207] playLoggingServerUrl: https://play.googleapis.com/play/log
05-21 20:14:03.721 I/Finsky  (30447): [18207] playLoggingServerTimestampUrl: https://play.googleapis.com/play/log/timestamp
05-21 20:14:03.831 I/Perf    (32368): Connecting to perf service.
05-21 20:14:03.859 I/SarService( 2665): Receiver polling >>>> Change receiver mode: off
05-21 20:14:03.864 I/xiaomi.discove(32111): Waiting for a blocking GC ClassLinker
05-21 20:14:03.908 W/BpBinder(32078): Slow Binder: BpBinder transact took 561 ms, interface=com.android.vending.billing.IInAppBillingService, code=1 oneway=false
05-21 20:14:03.909 I/cr_WebViewApkApp(32368): version=147.0.7727.137 (772713701) minSdkVersion=29 processName=com.google.android.webview:webview_service splits=<none>
05-21 20:14:03.945 I/Finsky  (30447): [18168] com.playsocialgames.plinko: Account from first account - [VxCzWHolnhaCzu3DnO7l9tRE2TQ770lM4UQKnvJmLeU]
05-21 20:14:03.952 I/Finsky  (30447): [18168] Billing preferred account via installer for com.playsocialgames.plinko: [VxCzWHolnhaCzu3DnO7l9tRE2TQ770lM4UQKnvJmLeU]
05-21 20:14:03.960 I/android.vendin(30447): Background concurrent copying GC freed 96806(5100KB) AllocSpace objects, 1(20KB) LOS objects, 49% free, 12MB/25MB, paused 154us total 237.337ms
05-21 20:14:03.983 I/FeatureParser(32368): can't find willow.xml in assets/device_features/,it may be in /system/etc/device_features
05-21 20:14:03.991 E/libc    (32368): Access denied finding property "ro.vendor.df.effect.conflict"
05-21 20:14:03.981 W/webview_service(32368): type=1400 audit(0.0:24217): avc: denied { read } for name="u:object_r:vendor_default_prop:s0" dev="tmpfs" ino=23734 scontext=u:r:untrusted_app:s0:c194,c256,c512,c768 tcontext=u:object_r:vendor_default_prop:s0 tclass=file permissive=0
05-21 20:14:04.060 I/SarService( 2665): Receiver polling >>>> Change receiver mode: off
05-21 20:14:04.123 I/chatty  (32078): uid=10445(com.playsocialgames.plinko) ThreadPoolSingl expire 5 lines
05-21 20:14:04.126 W/Looper  (31621): Slow Looper main: Long Msg: seq=113 plan=20:14:01.592  late=162ms wall=2361ms running=27ms runnable=16ms io=2205ms h=android.os.Handler c=com.miui.securitycenter.Application$g
05-21 20:14:04.149 I/chatty  (32078): uid=10445(com.playsocialgames.plinko) Profile Saver expire 1 line
05-21 20:14:04.159 W/ackageinstalle(31723): Long monitor contention with owner AudioThread (32195) at int android.media.AudioSystem.listAudioPorts(java.util.ArrayList, int[])(AudioSystem.java:-2) waiters=0 in int android.media.AudioManager.updateAudioPortCache(java.util.ArrayList, java.util.ArrayList, java.util.ArrayList) for 1.787s
05-21 20:14:04.181 I/xiaomi.discove(32111): Waiting for a blocking GC ProfileSaver
05-21 20:14:04.260 I/SarService( 2665): Receiver polling >>>> Change receiver mode: off
05-21 20:14:04.266 I/Finsky  (30447): [18241] User is not an active Play Pass subscriber
05-21 20:14:04.296 W/Looper  (31723): Slow Looper main: Long Msg: seq=70 plan=20:14:00.487  late=787ms wall=3020ms running=58ms runnable=26ms io=1297ms h=com.google.android.gms.ads.internal.util.f c=com.google.android.gms.ads.internal.webview.af
05-21 20:14:04.311 I/cr_LibraryLoader(32059): Successfully loaded native library
05-21 20:14:04.318 I/cr_CachingUmaRecorder(32059): Flushed 2 samples from 2 histograms, 0 samples were dropped.
05-21 20:14:04.323 W/chromium(32059): [WARNING:content/app/android/content_main_android.cc:82] android_setCpu already initialized
05-21 20:14:04.338 I/Choreographer(31723): Skipped 97 frames!  The application may be doing too much work on its main thread.
05-21 20:14:04.341 W/Looper  (31723): Slow Looper main: doFrame is 1622ms late because of 10 msg, msg 1 took 3020ms (seq=70 running=58ms runnable=26ms io=1297ms late=787ms h=com.google.android.gms.ads.internal.util.f c=com.google.android.gms.ads.internal.webview.af)
05-21 20:14:04.356 W/chromium(32059): [WARNING:content/child/runtime_features.cc:537] Fenced frames cannot be enabled in this configuration. Use --enable-features=FencedFrames instead.
05-21 20:14:04.356 W/chromium(32059): [WARNING:content/child/runtime_features.cc:562] Topics cannot be enabled in this configuration. Use --enable-features=BrowsingTopics in addition.
05-21 20:14:04.356 W/chromium(32059): [WARNING:content/child/runtime_features.cc:583] SharedStorage cannot be enabled in this configuration. Use --enable-features=SharedStorageAPI in addition.
05-21 20:14:04.397 I/chatty  ( 8252): uid=10188(com.google.android.gms) expire 3 lines
05-21 20:14:04.461 I/SarService( 2665): Receiver polling >>>> Change receiver mode: off
05-21 20:14:04.480 I/chatty  ( 1637): uid=1000(system) Binder:1637_18 expire 9 lines
05-21 20:14:04.487 W/PushService( 5123): [Tid:2] onStart() with intent.Action = com.xiaomi.push.timer, chid = null, pkg = null|null
05-21 20:14:04.488 W/PushService( 5123): [Tid:353] [Job] Handle intent action = com.xiaomi.push.timer
05-21 20:14:04.489 W/PushService( 5123): [Tid:353] [Alarm] Service called on timer
05-21 20:14:04.490 W/PushService( 5123): [Tid:353] [Alarm] register alarm. (false)
05-21 20:14:04.490 W/PushService( 5123): [Tid:353] [HB] ping interval:600000
05-21 20:14:04.502 I/chatty  ( 5178): uid=10188(com.google.android.gms) Binder:5178_6 expire 9 lines
05-21 20:14:04.522 W/PushService( 5123): [Tid:353] [Slim] SND ping id=0
05-21 20:14:04.527 I/chatty  ( 5178): uid=10188(com.google.android.gms) Binder:5178_1 expire 2 lines
05-21 20:14:04.528 W/PushService( 5123): [Tid:352] [Alarm] heartbeat alarm finish in 80
05-21 20:14:04.539 I/AdrenoGLES(31723): PFP: 0x016ee187, ME: 0x00000000
05-21 20:14:04.566 I/chatty  ( 1637): uid=1000(system) NetworkStats expire 6 lines
05-21 20:14:04.575 I/netd    (  606): trafficSwapActiveStatsMap() <7.89ms>
05-21 20:14:04.592 W/PushService( 5123): [Tid:603] [Slim] RCV ping id=0
05-21 20:14:04.597 I/netd    (  606): tetherGetStats() <15.66ms>
05-21 20:14:04.638 I/netd    (  606): bandwidthSetGlobalAlert(131072) <0.35ms>
05-21 20:14:04.642 I/chatty  ( 1637): uid=1000(system) Binder:1637_1D expire 7 lines
05-21 20:14:04.647 D/TrafficManageService( 4202): onReceive: intent.action = com.android.server.action.NETWORK_STATS_UPDATED
05-21 20:14:04.661 I/SarService( 2665): Receiver polling >>>> Change receiver mode: off
05-21 20:14:04.668 D/TrafficManageService-TrafficSimManager( 4202): notifyByNetChange: gooooo
05-21 20:14:04.680 D/TrafficManageService-TrafficSimManager( 4202): getMonthDataUsageUsed: new_get = 3808789315
05-21 20:14:04.768 I/chatty  (32078): uid=10445(com.playsocialgames.plinko) AdWorker(Defaul expire 9 lines
05-21 20:14:04.771 I/chatty  ( 1637): uid=1000(system) first_use_threa expire 2 lines
05-21 20:14:04.777 D/installd(  947): Getting dex paths for context PCL[];PCL[/data/app/com.playsocialgames.plinko-8mzhVc1lXZ1AHuMwp1Zc6g==/base.apk]
05-21 20:14:04.799 I/chatty  (32078): uid=10445(com.playsocialgames.plinko) AdWorker(Defaul expire 7 lines
05-21 20:14:04.799 I/chatty  ( 1637): uid=1000(system) Binder:1637_1E expire 5 lines
05-21 20:14:04.837 D/ConnectivityService( 1637): requestNetwork for uid/pid:10445/32078 NetworkRequest [ TRACK_DEFAULT id=3392, [ Capabilities: INTERNET&NOT_RESTRICTED&TRUSTED Uid: 10445] ]
05-21 20:14:04.841 D/PhoneSwitcherNetworkRequstListener( 2665): got request NetworkRequest [ TRACK_DEFAULT id=3392, [ Capabilities: INTERNET&NOT_RESTRICTED&TRUSTED Uid: 10445] ] with score 50 and serial 5
05-21 20:14:04.863 I/SarService( 2665): Receiver polling >>>> Change receiver mode: off
05-21 20:14:04.899 D/ConnectivityService( 1637): requestNetwork for uid/pid:10445/32078 NetworkRequest [ TRACK_DEFAULT id=3393, [ Capabilities: INTERNET&NOT_RESTRICTED&TRUSTED Uid: 10445] ]
05-21 20:14:04.901 D/PhoneSwitcherNetworkRequstListener( 2665): got request NetworkRequest [ TRACK_DEFAULT id=3393, [ Capabilities: INTERNET&NOT_RESTRICTED&TRUSTED Uid: 10445] ] with score 50 and serial 5
05-21 20:14:04.918 I/chatty  (32078): uid=10445(com.playsocialgames.plinko) AdWorker(Defaul expire 10 lines
05-21 20:14:04.937 I/chatty  (32078): uid=10445(com.playsocialgames.plinko) AdWorker(Defaul expire 10 lines
05-21 20:14:04.942 I/chatty  (32078): uid=10445(com.playsocialgames.plinko) AdWorker(Loader expire 5 lines
05-21 20:14:05.001 I/chatty  (32078): uid=10445(com.playsocialgames.plinko) AdWorker(Defaul expire 9 lines
05-21 20:14:05.002 D/installd(  947): Processing secondary dex path /data/user/0/com.playsocialgames.plinko/cache/1762298034389.jar
05-21 20:14:05.009 D/installd(  947): Processed secondary dex file /data/user/0/com.playsocialgames.plinko/cache/1762298034389.jar result=205
05-21 20:14:05.009 W/BpBinder( 1637): Slow Binder: BpBinder transact took 237 ms, interface=android.os.IInstalld, code=14 oneway=false
05-21 20:14:05.009 D/com.android.server.pm.PackageManagerServiceInjector( 1637): Run dexopt on: /data/user/0/com.playsocialgames.plinko/cache/1762298034389.jar, because top-app{com.playsocialgames.plinko} loading it. Dexopt result: DEX_OPT_PERFORMED
05-21 20:14:05.057 I/xiaomi.discove(32111): WaitForGcToComplete blocked ClassLinker on ClassLinker for 4.363s
05-21 20:14:05.057 I/xiaomi.discove(32111): Waiting for a blocking GC ClassLinker
05-21 20:14:05.058 I/xiaomi.discove(32111): Waiting for a blocking GC ProfileSaver
05-21 20:14:05.063 I/SarService( 2665): Receiver polling >>>> Change receiver mode: off
05-21 20:14:05.090 E/cr_AwSupervisedUserDel(31723): Unable to determine if restricted content blocking is required. Exception: java.util.concurrent.TimeoutException
05-21 20:14:05.093 I/xiaomi.discove(32111): WaitForGcToComplete blocked ClassLinker on ClassLinker for 1.228s
05-21 20:14:05.093 I/xiaomi.discove(32111): Waiting for a blocking GC ProfileSaver
05-21 20:14:05.093 I/xiaomi.discove(32111): WaitForGcToComplete blocked ProfileSaver on ClassLinker for 912.486ms
05-21 20:14:05.098 I/chatty  (32078): uid=10445(com.playsocialgames.plinko) AdWorker(Defaul expire 10 lines
05-21 20:14:05.118 I/chatty  (32078): uid=10445(com.playsocialgames.plinko) AdWorker(Defaul expire 10 lines
05-21 20:14:05.143 I/xiaomi.discove(32111): WaitForGcToComplete blocked HeapTrim on ProfileSaver for 84.364ms
05-21 20:14:05.155 W/xiaomi.discove(32111): Suspending all threads took: 12.228ms
05-21 20:14:05.162 I/chatty  (32078): uid=10445(com.playsocialgames.plinko) AdWorker(Defaul expire 6 lines
05-21 20:14:05.163 I/chatty  ( 1637): uid=1000(system) Binder:1637_5 expire 3 lines
05-21 20:14:05.178 E/libc    (32059): Access denied finding property "ro.vendor.api_level"
05-21 20:14:05.171 W/CrRendererMain(32059): type=1400 audit(0.0:24218): avc: denied { read } for name="u:object_r:vendor_default_prop:s0" dev="tmpfs" ino=23734 scontext=u:r:isolated_app:s0:c512,c768 tcontext=u:object_r:vendor_default_prop:s0 tclass=file permissive=0
05-21 20:14:05.194 I/cn_CronetUrlRequestContext(30447): destroyNativeStreamLocked org.chromium.net.impl.CronetBidirectionalStream@f3d3a5
05-21 20:14:05.198 W/Looper  (32078): Slow Looper main: doFrame is 953ms late because of 1 msg, msg 1 took 959ms (seq=123 running=543ms runnable=89ms io=185ms h=com.google.android.gms.ads.internal.util.f c=com.google.android.gms.ads.nonagon.initialization.e)
05-21 20:14:05.228 I/xiaomi.discove(32111): Waiting for a blocking GC ClassLinker
05-21 20:14:05.230 W/BpBinder(32078): Slow Binder: BpBinder transact took 998 ms, interface=com.android.vending.billing.IInAppBillingService, code=901 oneway=false
05-21 20:14:05.231 I/cn_CronetUrlRequestContext(30447): destroyNativeStreamLocked org.chromium.net.impl.CronetBidirectionalStream@d0f6d46
