--------- beginning of main
05-21 20:13:55.639 I/SarService( 2665): Receiver polling >>>> Change receiver mode: off
05-21 20:13:55.648 I/cr_ChildProcLH(31723): ScopedServiceBindingBatch.tryActivate: false
05-21 20:13:55.654 I/cr_CombinedPProvider(31723): #registerProvider() provider:WV.yk@95222d7 isPolicyCacheEnabled:false policyProvidersSize:0
05-21 20:13:55.657 I/cr_PolicyProvider(31723): #setManagerAndSource() 0
05-21 20:13:55.667 I/cr_DisplayManager(31723): Is Display Topology available: false
05-21 20:13:55.675 I/chatty  (  738): uid=1000(system) HwBinder:738_3 expire 189 lines
05-21 20:13:55.718 E/SELinux (  485): avc:  denied  { find } for interface=android.hardware.memtrack::IMemtrack sid=u:r:priv_app:s0:c512,c768 pid=30947 scontext=u:r:priv_app:s0:c512,c768 tcontext=u:object_r:hal_memtrack_hwservice:s0 tclass=hwservice_manager permissive=0
05-21 20:13:55.718 I/chatty  (30947): uid=10188 com.google.android.gms.unstable expire 3 lines
05-21 20:13:55.749 D/Zygote  ( 2506): Forked child process 32059
--------- beginning of system
05-21 20:13:55.758 D/Boost   ( 1637): hostingType=, hostingName={com.miui.global.packageinstaller/org.chromium.content.app.SandboxedProcessService0:0}, callerPackage=com.miui.global.packageinstaller, isSystem=true, isBoostNeeded=false.
05-21 20:13:55.763 D/OemNetd (  606): setPidForPackage: packageName=com.miui.global.packageinstaller, pid=32059, pid=99137
05-21 20:13:55.764 I/ActivityManager( 1637): Start proc 32059:com.google.android.webview:sandboxed_process0:org.chromium.content.app.SandboxedProcessService0:0/u0i137 for  {com.miui.global.packageinstaller/org.chromium.content.app.SandboxedProcessService0:0} caller=com.miui.global.packageinstaller
05-21 20:13:55.792 I/ActivityManager( 1637): Force stopping com.playsocialgames.plinko appid=10445 user=0: from process:32064
05-21 20:13:55.792 I/AutoStartManagerService( 1637): MIUILOG- Reject RestartService packageName :com.playsocialgames.plinko uid : 10445
05-21 20:13:55.805 E/PhoneInterfaceManager( 2665): [PhoneIntfMgr] getCarrierPackageNamesForIntent: No UICC
05-21 20:13:55.808 I/chatty  ( 1637): uid=1000(system) MiuiNetworkPoli expire 23 lines
05-21 20:13:55.808 D/CarrierSvcBindHelper( 2665): No carrier app for: 0
05-21 20:13:55.820 D/AggregateListener( 2669): notifyAction action:android.intent.action.PACKAGE_RESTARTED
05-21 20:13:55.820 D/AggregateListener( 2669): onPackageRestarted packageName:com.playsocialgames.plinko
05-21 20:13:55.834 I/chatty  (  695): uid=1002 bluetooth@1.0-s expire 106 lines
05-21 20:13:55.836 I/chatty  ( 5466): uid=1002(bluetooth) btu message loo expire 44 lines
05-21 20:13:55.839 I/SarService( 2665): Receiver polling >>>> Change receiver mode: off
05-21 20:13:55.854 D/CarrierSvcBindHelper( 2665): No carrier app for: 1
05-21 20:13:55.915 D/RegisteredServicesCache( 3894):  Reading service state data always from file
05-21 20:13:55.917 I/chatty  ( 5466): uid=1002(bluetooth) BT Service Call expire 10 lines
05-21 20:13:55.926 I/ActivityTaskManager( 1637): START u0 {flg=0x10000000 cmp=com.playsocialgames.plinko/com.unity3d.player.UnityPlayerActivity} from uid 2000
05-21 20:13:55.940 D/RegisteredServicesCache( 3894): ServiceStateFileVersion=1.0
05-21 20:13:55.940 E/RegisteredServicesCache( 3894): Next Tag=services
05-21 20:13:55.940 D/RegisteredServicesCache( 3894):  curr component com.google.android.gms/com.google.android.gms.nearby.mediums.nearfieldcommunication.NfcAdvertisingService
05-21 20:13:55.940 D/RegisteredServicesCache( 3894):  curr uid 10188
05-21 20:13:55.940 D/RegisteredServicesCache( 3894):  curr state 1
05-21 20:13:55.940 E/RegisteredServicesCache( 3894): installedServices no uidString 
05-21 20:13:55.940 D/RegisteredServicesCache( 3894):  curr component com.google.android.gms/com.google.android.gms.fido.fido2.ui.hybrid.NfcEmulationService
05-21 20:13:55.940 D/RegisteredServicesCache( 3894):  curr uid 10188
05-21 20:13:55.940 D/RegisteredServicesCache( 3894):  curr state 1
05-21 20:13:55.940 E/RegisteredServicesCache( 3894): installedServices contains uidString : 10188
05-21 20:13:55.941 D/RegisteredServicesCache( 3894):  curr component com.google.android.gms/com.google.android.gms.pay.hce.service.PayHceService
05-21 20:13:55.941 D/RegisteredServicesCache( 3894):  curr uid 10188
05-21 20:13:55.941 D/RegisteredServicesCache( 3894):  curr state 1
05-21 20:13:55.941 E/RegisteredServicesCache( 3894): installedServices contains uidString : 10188
05-21 20:13:55.946 I/chatty  ( 1637): uid=1000(system) Binder:1637_7 expire 16 lines
05-21 20:13:55.952 E/RegisteredServicesCache( 3894): 1invalidateCache:WriteServiceStateToFile
05-21 20:13:55.952 E/RegisteredServicesCache( 3894):  Writing service state Data Always
05-21 20:13:55.954 E/RegisteredServicesCache( 3894): component namecom.google.android.gms/com.google.android.gms.nearby.mediums.nearfieldcommunication.NfcAdvertisingService
05-21 20:13:55.954 E/RegisteredServicesCache( 3894): component namecom.google.android.gms/com.google.android.gms.fido.fido2.ui.hybrid.NfcEmulationService
05-21 20:13:55.954 E/RegisteredServicesCache( 3894): component namecom.google.android.gms/com.google.android.gms.pay.hce.service.PayHceService
05-21 20:13:55.987 D/RegisteredAidCache( 3894):  Setting GSMA power state325041592E5359532E444446303157
05-21 20:13:55.987 D/RegisteredAidCache( 3894):  AID power state325041592E5359532E444446303157route0
05-21 20:13:55.987 D/RegisteredAidCache( 3894):  Setting GSMA power state4F53452E5641532E303157
05-21 20:13:55.987 D/RegisteredAidCache( 3894):  AID power state4F53452E5641532E303157route0
05-21 20:13:55.987 D/RegisteredAidCache( 3894):  Setting GSMA power stateA000000003101057
05-21 20:13:55.987 D/RegisteredAidCache( 3894):  AID power stateA000000003101057route0
05-21 20:13:55.987 D/RegisteredAidCache( 3894):  Setting GSMA power stateA000000004101057
05-21 20:13:55.987 D/RegisteredAidCache( 3894):  AID power stateA000000004101057route0
05-21 20:13:55.987 D/RegisteredAidCache( 3894):  Setting GSMA power stateA00000047643276C1FDE7A39B9C0571657
05-21 20:13:55.987 D/RegisteredAidCache( 3894):  AID power stateA00000047643276C1FDE7A39B9C0571657route0
05-21 20:13:55.987 D/RegisteredAidCache( 3894):  Setting GSMA power stateA000000476B0000357
05-21 20:13:55.987 D/RegisteredAidCache( 3894):  AID power stateA000000476B0000357route0
05-21 20:13:55.987 D/RegisteredAidCache( 3894):  Setting GSMA power stateA000000476D000011157
05-21 20:13:55.987 D/RegisteredAidCache( 3894):  AID power stateA000000476D000011157route0
05-21 20:13:55.987 D/RegisteredAidCache( 3894):  Setting GSMA power stateA000000940BCB00057
05-21 20:13:55.987 D/RegisteredAidCache( 3894):  AID power stateA000000940BCB00057route0
05-21 20:13:55.987 D/RegisteredAidCache( 3894):  Setting GSMA power stateF00000FE2C57
05-21 20:13:55.987 D/RegisteredAidCache( 3894):  AID power stateF00000FE2C57route0
05-21 20:13:55.994 I/libnfc_nci( 3894): [INFO:phNxpConfig.cpp(926)] find found DEFAULT_AID_ROUTE=(0x2)
05-21 20:13:55.994 I/libnfc_nci( 3894): 
05-21 20:13:55.994 I/libnfc_nci( 3894): [INFO:phNxpConfig.cpp(926)] find found DEFAULT_AID_PWR_STATE=(0x3b)
05-21 20:13:55.994 I/libnfc_nci( 3894): 
05-21 20:13:55.994 D/NfcService( 3894): GetDefaultRouteEntry -- defaultAidRoute : 571
05-21 20:13:55.994 D/NfcService( 3894): GetDefaultRouteLoc -- defaultRouteLoc:2
05-21 20:13:56.004 I/libnfc_nci( 3894): [INFO:phNxpConfig.cpp(926)] find found DEFAULT_AID_ROUTE=(0x2)
05-21 20:13:56.004 I/libnfc_nci( 3894): 
05-21 20:13:56.004 I/libnfc_nci( 3894): [INFO:phNxpConfig.cpp(926)] find found DEFAULT_AID_PWR_STATE=(0x3b)
05-21 20:13:56.004 I/libnfc_nci( 3894): 
05-21 20:13:56.004 D/NfcService( 3894): GetDefaultRouteEntry -- defaultAidRoute : 571
05-21 20:13:56.004 I/libnfc_nci( 3894): [INFO:phNxpConfig.cpp(926)] find found DEFAULT_AID_ROUTE=(0x2)
05-21 20:13:56.004 I/libnfc_nci( 3894): 
05-21 20:13:56.004 I/libnfc_nci( 3894): [INFO:phNxpConfig.cpp(926)] find found DEFAULT_AID_PWR_STATE=(0x3b)
05-21 20:13:56.004 I/libnfc_nci( 3894): 
05-21 20:13:56.004 D/NfcService( 3894): GetDefaultRouteEntry -- defaultAidRoute : 571
05-21 20:13:56.004 D/NfcService( 3894): GetDefaultRouteLoc -- defaultRouteLoc:2
05-21 20:13:56.004 E/AidRoutingManager( 3894): Size of routing table962
05-21 20:13:56.005 D/NfcApduServiceInfo( 3894): updateServiceCommitStatus:Description:Nearby:InternalState:1:commitStatus:true
05-21 20:13:56.005 D/NfcApduServiceInfo( 3894): updateServiceCommitStatus:Description:Fido NFC Emulation Service:InternalState:1:commitStatus:true
05-21 20:13:56.005 D/NfcApduServiceInfo( 3894): updateServiceCommitStatus:Description:Google Гаманець:InternalState:1:commitStatus:true
05-21 20:13:56.005 E/RegisteredServicesCache( 3894): 3updateStatusOfServices:WriteServiceStateToFile
05-21 20:13:56.006 E/RegisteredServicesCache( 3894):  Writing service state Data Always
05-21 20:13:56.007 E/RegisteredServicesCache( 3894): component namecom.google.android.gms/com.google.android.gms.nearby.mediums.nearfieldcommunication.NfcAdvertisingService
05-21 20:13:56.007 E/RegisteredServicesCache( 3894): component namecom.google.android.gms/com.google.android.gms.fido.fido2.ui.hybrid.NfcEmulationService
05-21 20:13:56.007 E/RegisteredServicesCache( 3894): component namecom.google.android.gms/com.google.android.gms.pay.hce.service.PayHceService
05-21 20:13:56.025 I/chatty  (  695): uid=1002(bluetooth) POSIX timer 5 expire 14 lines
05-21 20:13:56.032 D/RegisteredNfcFServicesCache( 3894): Service unchanged, not updating
05-21 20:13:56.036 E/libnfc_nci( 3894): [ERROR:RoutingManager.cpp(1950)] RoutingManager::removeApduRouting: enter
05-21 20:13:56.037 I/libnfc_nci( 3894): [INFO:RoutingManager.cpp(867)] RoutingManager::nfaEeCallback: NFA_EE_REMOVE_APDU_EVT  status=0
05-21 20:13:56.037 E/libnfc_nci( 3894): [ERROR:RoutingManager.cpp(1956)] RoutingManager::removeApduRouting: removed APDU pattern successfully
05-21 20:13:56.039 I/SarService( 2665): Receiver polling >>>> Change receiver mode: off
05-21 20:13:56.040 E/ANDR-IOP(  724): io prefetch is disabled
05-21 20:13:56.057 I/chatty  ( 5178): uid=10188(com.google.android.gms) lowpool[1936] expire 13 lines
05-21 20:13:56.058 I/chatty  ( 5178): uid=10188(com.google.android.gms) NearbyDiscovery expire 11 lines
05-21 20:13:56.125 I/chatty  ( 1637): uid=1000(system) android.anim expire 1 line
05-21 20:13:56.134 D/Launcher.Lifecycle( 2695): onPause:UserHandle{0},9b3e,true
05-21 20:13:56.136 D/Launcher_UnlockAnimationStateMachine( 2695): setState:PAUSE_WAIT
05-21 20:13:56.156 I/chatty  ( 1637): uid=1000(system) PackageManager expire 2 lines
05-21 20:13:56.164 D/StatusBarController( 2695): handleMessage: flag 800000  disable false
05-21 20:13:56.198 D/Zygote  (  607): Forked child process 32078
05-21 20:13:56.202 D/Boost   ( 1637): hostingType=activity, hostingName={com.playsocialgames.plinko/com.unity3d.player.UnityPlayerActivity}, callerPackage=com.android.shell, isSystem=true, isBoostNeeded=false.
05-21 20:13:56.202 D/OemNetd (  606): setPidForPackage: packageName=com.playsocialgames.plinko, pid=32078, pid=10445
05-21 20:13:56.203 I/ActivityManager( 1637): Start proc 32078:com.playsocialgames.plinko/u0a445 for activity {com.playsocialgames.plinko/com.unity3d.player.UnityPlayerActivity} caller=com.android.shell
05-21 20:13:56.211 W//vendor/bin/hw/vendor.qti.hardware.perf@2.0-service|}(  725): type=1400 audit(0.0:23842): avc: denied { open } for comm=41646170744C61756E636820566D path="/proc/30800/cmdline" dev="proc" ino=12687375 scontext=u:r:hal_perf_default:s0 tcontext=u:r:system_server:s0 tclass=file permissive=0
05-21 20:13:56.211 W//vendor/bin/hw/vendor.qti.hardware.perf@2.0-service|}(  725): type=1400 audit(0.0:23843): avc: denied { open } for comm=41646170744C61756E636820566D path="/proc/30359/cmdline" dev="proc" ino=12687377 scontext=u:r:hal_perf_default:s0 tcontext=u:r:system_server:s0 tclass=file permissive=0
05-21 20:13:56.211 W//vendor/bin/hw/vendor.qti.hardware.perf@2.0-service|}(  725): type=1400 audit(0.0:23844): avc: denied { open } for comm=41646170744C61756E636820566D path="/proc/20744/cmdline" dev="proc" ino=12687385 scontext=u:r:hal_perf_default:s0 tcontext=u:r:system_server:s0 tclass=file permissive=0
05-21 20:13:56.211 W//vendor/bin/hw/vendor.qti.hardware.perf@2.0-service|}(  725): type=1400 audit(0.0:23845): avc: denied { open } for comm=41646170744C61756E636820566D path="/proc/17880/cmdline" dev="proc" ino=12687387 scontext=u:r:hal_perf_default:s0 tcontext=u:r:system_server:s0 tclass=file permissive=0
05-21 20:13:56.211 W//vendor/bin/hw/vendor.qti.hardware.perf@2.0-service|}(  725): type=1400 audit(0.0:23846): avc: denied { open } for comm=41646170744C61756E636820566D path="/proc/17879/cmdline" dev="proc" ino=12687389 scontext=u:r:hal_perf_default:s0 tcontext=u:r:system_server:s0 tclass=file permissive=0
05-21 20:13:56.240 I/SarService( 2665): Receiver polling >>>> Change receiver mode: off
05-21 20:13:56.252 I/chatty  (32078): uid=10445(com.playsocialgames.plinko) expire 103 lines
05-21 20:13:56.413 E/ocessService0:(32059): Unknown bits set in runtime_flags: 0x20000
05-21 20:13:56.421 E/ocessService0:(32059): Not starting debugger since process cannot load the jdwp agent.
05-21 20:13:56.437 D/Launcher_UnlockAnimationStateMachine( 2695): mResetIdleStateRunnable
05-21 20:13:56.440 I/SarService( 2665): Receiver polling >>>> Change receiver mode: off
05-21 20:13:56.520 I/chatty  ( 1637): uid=1000(system) Binder:1637_12 expire 12 lines
05-21 20:13:56.522 W/Looper  ( 1637): Slow Looper android.anim: doFrame is 389ms late because of 2 msg, msg 1 took 373ms (seq=72302 running=16ms io=337ms late=56ms h=android.os.Handler c=com.android.server.wm.AppWindowToken$1)
05-21 20:13:56.536 W/ActivityTaskManager( 1637): Request to remove task ignored for non-existent task 3625
05-21 20:13:56.538 D/AutoInstallService(27319): onForegroundInfoChanged: com.playsocialgames.plinko
05-21 20:13:56.538 I/ProcessMonitor( 4202): onForegroundInfoChanged: ForegroundInfo{mForegroundPackageName='com.playsocialgames.plinko', mForegroundUid=10445, mForegroundPid=32078, mLastForegroundPackageName='com.miui.home', mLastForegroundUid=10097, mLastForegroundPid=2695, mMultiWindowForegroundPackageName='null', mMultiWindowForegroundUid=-1, mFlags=1}
05-21 20:13:56.539 I/chatty  ( 1637): uid=1000(system) Binder:1637_13 expire 7 lines
05-21 20:13:56.540 I/GameBoosterService( 4202): onForegroundInfoChanged: Cur=com.playsocialgames.plinko	 last=com.miui.home
05-21 20:13:56.544 I/netd    (  606): firewallSetUidRule(2, 10445, 1) <0.05ms>
05-21 20:13:56.547 D/GameBoosterService( 4202): onGameStatusChange foreground:ForegroundInfo{mForegroundPackageName='com.playsocialgames.plinko', mForegroundUid=10445, mForegroundPid=32078, mLastForegroundPackageName='com.miui.home', mLastForegroundUid=10097, mLastForegroundPid=2695, mMultiWindowForegroundPackageName='null', mMultiWindowForegroundUid=-1, mFlags=1}
05-21 20:13:56.550 I/GST     (19459): forePkg: com.playsocialgames.plinko, preForePkg: com.miui.home
05-21 20:13:56.550 I/chatty  ( 1637): uid=1000(system) ActivityManager expire 3 lines
05-21 20:13:56.560 I/cr_CombinedPProvider(31723): #linkNativeInternal() 1
05-21 20:13:56.563 D/Launcher.Lifecycle( 2695): onWindowFocusChanged:false,UserHandle{0},9b3e,true
05-21 20:13:56.564 D/PMonitor( 5123):  onForegroundActivitiesChanged:pid = 32078,activity-uid=10445,foregroundActivities=true
05-21 20:13:56.568 D/PerfEngineController( 6389): ForegroundInfo{mForegroundPackageName='com.playsocialgames.plinko', mForegroundUid=10445, mForegroundPid=32078, mLastForegroundPackageName='com.miui.home', mLastForegroundUid=10097, mLastForegroundPid=2695, mMultiWindowForegroundPackageName='null', mMultiWindowForegroundUid=-1, mFlags=1}
05-21 20:13:56.569 I/VideoBoxUtils( 4202): isSupportVideoBox: false
05-21 20:13:56.573 I/VideoToolBoxService( 4202): vtb is closed!!!
05-21 20:13:56.581 I/cr_AppResProvider(31723): #getApplicationRestrictionsFromUserManager() Bundle[EMPTY_PARCEL]
05-21 20:13:56.581 I/cr_PolicyProvider(31723): #notifySettingsAvailable() 0
05-21 20:13:56.581 I/cr_CombinedPProvider(31723): #onSettingsAvailable() 0
05-21 20:13:56.581 I/cr_CombinedPProvider(31723): #flushPolicies()
05-21 20:13:56.616 D/AppStatChecker(13951): first launch package: com.playsocialgames.plinko
05-21 20:13:56.638 I/Timeline( 1637): Timeline: App_transition_ready time:93833112
05-21 20:13:56.640 D/IdProviderImpl(13951): getOAID
05-21 20:13:56.640 I/SarService( 2665): Receiver polling >>>> Change receiver mode: off
05-21 20:13:56.643 D/Zygote  (  607): Forked child process 32111
05-21 20:13:56.645 D/Boost   ( 1637): hostingType=broadcast, hostingName={com.xiaomi.discover/com.xiaomi.market.receiver.AppActiveReceiver}, callerPackage=null, isSystem=true, isBoostNeeded=false.
05-21 20:13:56.664 E/xiaomi.discove(32111): Unknown bits set in runtime_flags: 0x20000
05-21 20:13:56.670 E/xiaomi.discove(32111): Not starting debugger since process cannot load the jdwp agent.
05-21 20:13:56.703 D/OemNetd (  606): setPidForPackage: packageName=com.xiaomi.discover, pid=32111, pid=10111
05-21 20:13:56.703 I/ActivityManager( 1637): Start proc 32111:com.xiaomi.discover/u0a111 for broadcast {com.xiaomi.discover/com.xiaomi.market.receiver.AppActiveReceiver} caller=null
05-21 20:13:56.710 I/chatty  ( 1637): uid=1000(system) Binder:1637_19 expire 9 lines
05-21 20:13:56.722 I/chatty  ( 2388): uid=1000(system) com.android.systemui expire 57 lines
05-21 20:13:56.841 I/SarService( 2665): Receiver polling >>>> Change receiver mode: off
05-21 20:13:57.041 I/SarService( 2665): Receiver polling >>>> Change receiver mode: off
05-21 20:13:57.166 I/PowerSaveService( 4202): onReceive: android.intent.action.BATTERY_CHANGED
05-21 20:13:57.167 D/QtiCarrierConfigHelper( 2665): WARNING, no carrier configs on phone Id: 0
05-21 20:13:57.165 D/PowerCheckerService( 6389): onBatteryChanged, mBatteryLevel = 98, status = 2, level = 98, plug = 2, scale = 100
05-21 20:13:57.170 I/PowerNoticeUI( 4202): handleBatteryChanged oldPlugType 2 mPlugType 2 oldBatteryLevel 98 mBatteryLevel 98 temperature 320
05-21 20:13:57.170 I/ChargerBatteryIntelligenceReceiver( 4202): onBatteryChanged temperature：32,plugType:2
05-21 20:13:57.170 I/PowerFeatureUtils( 4202): getVendorName:qcom
05-21 20:13:57.241 I/SarService( 2665): Receiver polling >>>> Change receiver mode: off
05-21 20:13:57.378 I/cr_WebViewApkApp(32059): version=147.0.7727.137 (772713701) minSdkVersion=29 processName=com.google.android.webview:sandboxed_process0:org.chromium.content.app.SandboxedProcessService0:0 splits=<none>
05-21 20:13:57.405 E/WindowManager( 1637): App trying to use insecure INPUT_FEATURE_NO_INPUT_CHANNEL flag. Ignoring
05-21 20:13:57.409 W/Looper  (32078): Slow Looper main: Activity com.playsocialgames.plinko/com.unity3d.player.UnityPlayerActivity is 448ms late (wall=424ms running=109ms ClientTransaction{ callbacks=[android.app.servertransaction.LaunchActivityItem] lifecycleRequest=android.app.servertransaction.ResumeActivityItem }) because of 2 msg, msg 2 took 446ms (seq=2 running=125ms runnable=16ms io=273ms late=12ms h=android.app.ActivityThread$H w=110)
05-21 20:13:57.409 W/Looper  (32078): Slow Looper main: Activity com.playsocialgames.plinko/com.unity3d.player.UnityPlayerActivity is 871ms late (wall=1ms running=0ms ClientTransaction{ callbacks=[android.app.servertransaction.TopResumedActivityChangeItem] }) because of 3 msg, msg 2 took 446ms (seq=2 running=125ms runnable=16ms io=273ms late=12ms h=android.app.ActivityThread$H w=110), msg 3 took 424ms (seq=3 running=109ms runnable=26ms io=182ms late=448ms h=android.app.ActivityThread$H w=159)
05-21 20:13:57.421 I/Timeline( 1637): Timeline: App_transition_stopped time:93833895
05-21 20:13:57.427 I/MiuiKnockGestureService( 1637): focus window:com.playsocialgames.plinko
05-21 20:13:57.442 I/SarService( 2665): Receiver polling >>>> Change receiver mode: off
05-21 20:13:57.469 W/ServiceManager(  806): Permission failure: android.permission.ACCESS_SURFACE_FLINGER from uid=10445 pid=32078
05-21 20:13:57.470 D/PermissionCache(  806): checking android.permission.ACCESS_SURFACE_FLINGER for uid=10445 => denied (779 us)
05-21 20:13:57.479 I/chatty  (32078): uid=10445(com.playsocialgames.plinko) RenderThread expire 10 lines
05-21 20:13:57.523 I/FeatureParser(32059): can't find willow.xml in assets/device_features/,it may be in /system/etc/device_features
05-21 20:13:57.521 W/ocessService0:0(32059): type=1400 audit(0.0:24203): avc: denied { read } for name="u:object_r:vendor_default_prop:s0" dev="tmpfs" ino=23734 scontext=u:r:isolated_app:s0:c512,c768 tcontext=u:object_r:vendor_default_prop:s0 tclass=file permissive=0
05-21 20:13:57.527 E/libc    (32059): Access denied finding property "ro.vendor.df.effect.conflict"
05-21 20:13:57.569 I/chatty  ( 2388): uid=1000(system) SysUiNetBg expire 31 lines
05-21 20:13:57.642 I/SarService( 2665): Receiver polling >>>> Change receiver mode: off
05-21 20:13:57.647 I/hwservicemanager(  485): getTransport: Cannot find entry android.hardware.graphics.mapper@3.0::IMapper/default in either framework or device manifest.
05-21 20:13:57.659 I/Timeline( 1637): Timeline: Activity_windows_visible id: ActivityRecord{5a55405 u0 com.playsocialgames.plinko/com.unity3d.player.UnityPlayerActivity t3626} time:93834133
05-21 20:13:57.659 E/PowerKeeper.Event( 6389): oops, parse AM_RESTART_ACTIVITY_AI parameter error
05-21 20:13:57.663 W/BpBinder(32070): Slow Binder: BpBinder transact took 1740 ms, interface=android.app.IActivityManager, code=1598246212 oneway=false
05-21 20:13:57.665 I/chatty  ( 1637): uid=1000(system) android.bg expire 2 lines
05-21 20:13:57.676 W/FileUtils( 1637): Slow Operation: fsync took 283ms
05-21 20:13:57.695 I/chatty  (32078): uid=10445(com.playsocialgames.plinko) UnityMain expire 149 lines
05-21 20:13:57.724 D/Launcher.Lifecycle( 2695): onStop:UserHandle{0},9b3e,false
05-21 20:13:57.760 D/PMonitor( 5123):  onForegroundActivitiesChanged:pid = 2695,activity-uid=10097,foregroundActivities=false
05-21 20:13:57.775 I/GoogleInputMethodService( 3692): GoogleInputMethodService.onFinishInput():2259 
05-21 20:13:57.784 I/Module  ( 3692): DeviceLockedStatusModuleProvider$Module.updateDeviceLockedStatus():103 repeatCheckTimes = 0, locked = false
05-21 20:13:57.839 I/GoogleInputMethodService( 3692): GoogleInputMethodService.onStartInput():1446 onStartInput(EditorInfo{EditorInfo{packageName=com.playsocialgames.plinko, inputType=0, inputTypeString=NULL, enableLearning=false, autoCorrection=false, autoComplete=false, imeOptions=0, privateImeOptions=null, actionName=UNSPECIFIED, actionLabel=null, initialSelStart=-1, initialSelEnd=-1, initialCapsMode=0, label=null, fieldId=2131165501, fieldName=null, extras=null, hintText=null, hintLocales=[]}}, false)
05-21 20:13:57.843 I/SarService( 2665): Receiver polling >>>> Change receiver mode: off
05-21 20:13:57.851 I/Module  ( 3692): DeviceLockedStatusModuleProvider$Module.updateDeviceLockedStatus():103 repeatCheckTimes = 1, locked = false
05-21 20:13:57.878 I/cr_ChildProcessService(32059): Creating new ChildProcessService pid=32059
05-21 20:13:57.886 I/ActivityManager( 1637): Killing 30248:com.android.chrome/u0a193 (adj 985): empty #17
05-21 20:13:57.976 I/RoleManagerService( 1637): Granting default permissions...
05-21 20:13:57.982 I/chatty  ( 2388): uid=1000(system) android.bg expire 2 lines
05-21 20:13:57.984 D/AggregateListener( 2669): notifyAction action:android.intent.action.PACKAGE_CHANGED
05-21 20:13:57.984 E/PhoneInterfaceManager( 2665): [PhoneIntfMgr] getCarrierPackageNamesForIntent: No UICC
05-21 20:13:57.984 D/CarrierSvcBindHelper( 2665): No carrier app for: 0
05-21 20:13:57.988 D/CarrierSvcBindHelper( 2665): No carrier app for: 1
05-21 20:13:57.988 D/ImsResolver( 2665): maybeAddedImsService, packageName: com.playsocialgames.plinko
05-21 20:13:58.010 D/RegisteredServicesCache( 3894):  Reading service state data always from file
05-21 20:13:58.011 D/RegisteredServicesCache( 3894): ServiceStateFileVersion=1.0
05-21 20:13:58.011 E/RegisteredServicesCache( 3894): Next Tag=services
05-21 20:13:58.011 D/RegisteredServicesCache( 3894):  curr component com.google.android.gms/com.google.android.gms.nearby.mediums.nearfieldcommunication.NfcAdvertisingService
05-21 20:13:58.011 D/RegisteredServicesCache( 3894):  curr uid 10188
05-21 20:13:58.011 D/RegisteredServicesCache( 3894):  curr state 1
05-21 20:13:58.011 E/RegisteredServicesCache( 3894): installedServices no uidString 
05-21 20:13:58.011 D/RegisteredServicesCache( 3894):  curr component com.google.android.gms/com.google.android.gms.fido.fido2.ui.hybrid.NfcEmulationService
05-21 20:13:58.011 D/RegisteredServicesCache( 3894):  curr uid 10188
05-21 20:13:58.011 D/RegisteredServicesCache( 3894):  curr state 1
05-21 20:13:58.011 E/RegisteredServicesCache( 3894): installedServices contains uidString : 10188
05-21 20:13:58.011 D/RegisteredServicesCache( 3894):  curr component com.google.android.gms/com.google.android.gms.pay.hce.service.PayHceService
05-21 20:13:58.011 D/RegisteredServicesCache( 3894):  curr uid 10188
05-21 20:13:58.012 D/RegisteredServicesCache( 3894):  curr state 1
05-21 20:13:58.012 E/RegisteredServicesCache( 3894): installedServices contains uidString : 10188
05-21 20:13:58.012 E/RegisteredServicesCache( 3894): 1invalidateCache:WriteServiceStateToFile
05-21 20:13:58.012 E/RegisteredServicesCache( 3894):  Writing service state Data Always
05-21 20:13:58.015 E/RegisteredServicesCache( 3894): component namecom.google.android.gms/com.google.android.gms.nearby.mediums.nearfieldcommunication.NfcAdvertisingService
05-21 20:13:58.015 E/RegisteredServicesCache( 3894): component namecom.google.android.gms/com.google.android.gms.fido.fido2.ui.hybrid.NfcEmulationService
05-21 20:13:58.015 E/RegisteredServicesCache( 3894): component namecom.google.android.gms/com.google.android.gms.pay.hce.service.PayHceService
05-21 20:13:58.043 I/SarService( 2665): Receiver polling >>>> Change receiver mode: off
05-21 20:13:58.044 W/com.android.nf( 3894): Reducing the number of considered missed Gc histogram windows from 245 to 100
05-21 20:13:58.088 I/chatty  ( 5178): uid=10188 com.google.android.gms.persistent expire 2 lines
05-21 20:13:58.101 I/chatty  ( 1637): uid=1000(system) ActivityManager expire 10 lines
05-21 20:13:58.135 I/chatty  ( 8252): uid=10188(com.google.android.gms) expire 1 line
05-21 20:13:58.203 W/Looper  ( 1637): Slow dispatch took 219ms main h=android.app.ActivityThread$H c=android.app.-$$Lambda$LoadedApk$ReceiverDispatcher$Args$_BumDX2UKsnxLVrE6UJsJZkotuA@a874288 m=0
05-21 20:13:58.203 W/Looper  ( 1637): Slow delivery took 227ms main h=android.app.ActivityThread$H c=android.app.-$$Lambda$LoadedApk$ReceiverDispatcher$Args$_BumDX2UKsnxLVrE6UJsJZkotuA@f0cf421 m=0
05-21 20:13:58.232 I/chatty  ( 1637): uid=1000(system) InputReader expire 1 line
05-21 20:13:58.243 I/SarService( 2665): Receiver polling >>>> Change receiver mode: off
05-21 20:13:58.324 I/Telecom ( 1637): DefaultDialerCache: Refreshing default dialer for user 0: now com.google.android.dialer: DDC.oR@KrI
05-21 20:13:58.353 D/Launcher.Model( 2695): LauncherAppsCallback onPackageChanged|com.playsocialgames.plinko|UserHandle{0}
05-21 20:13:58.353 D/Launcher.Model( 2695): Got broadcast:Intent { act=android.intent.action.PACKAGE_CHANGED dat=package:com.playsocialgames.plinko (has extras) }
05-21 20:13:58.375 D/RegisteredAidCache( 3894):  Setting GSMA power state325041592E5359532E444446303157
05-21 20:13:58.375 D/RegisteredAidCache( 3894):  AID power state325041592E5359532E444446303157route0
05-21 20:13:58.376 D/RegisteredAidCache( 3894):  Setting GSMA power state4F53452E5641532E303157
05-21 20:13:58.376 D/RegisteredAidCache( 3894):  AID power state4F53452E5641532E303157route0
05-21 20:13:58.376 D/RegisteredAidCache( 3894):  Setting GSMA power stateA000000003101057
05-21 20:13:58.376 D/RegisteredAidCache( 3894):  AID power stateA000000003101057route0
05-21 20:13:58.376 D/RegisteredAidCache( 3894):  Setting GSMA power stateA000000004101057
05-21 20:13:58.376 D/RegisteredAidCache( 3894):  AID power stateA000000004101057route0
05-21 20:13:58.376 D/RegisteredAidCache( 3894):  Setting GSMA power stateA00000047643276C1FDE7A39B9C0571657
05-21 20:13:58.376 D/RegisteredAidCache( 3894):  AID power stateA00000047643276C1FDE7A39B9C0571657route0
05-21 20:13:58.376 D/RegisteredAidCache( 3894):  Setting GSMA power stateA000000476B0000357
05-21 20:13:58.376 D/RegisteredAidCache( 3894):  AID power stateA000000476B0000357route0
05-21 20:13:58.376 D/RegisteredAidCache( 3894):  Setting GSMA power stateA000000476D000011157
05-21 20:13:58.376 D/RegisteredAidCache( 3894):  AID power stateA000000476D000011157route0
05-21 20:13:58.376 D/RegisteredAidCache( 3894):  Setting GSMA power stateA000000940BCB00057
05-21 20:13:58.376 D/RegisteredAidCache( 3894):  AID power stateA000000940BCB00057route0
05-21 20:13:58.376 D/RegisteredAidCache( 3894):  Setting GSMA power stateF00000FE2C57
05-21 20:13:58.376 D/RegisteredAidCache( 3894):  AID power stateF00000FE2C57route0
05-21 20:13:58.376 I/libnfc_nci( 3894): [INFO:phNxpConfig.cpp(926)] find found DEFAULT_AID_ROUTE=(0x2)
05-21 20:13:58.376 I/libnfc_nci( 3894): 
05-21 20:13:58.376 I/libnfc_nci( 3894): [INFO:phNxpConfig.cpp(926)] find found DEFAULT_AID_PWR_STATE=(0x3b)
05-21 20:13:58.376 I/libnfc_nci( 3894): 
05-21 20:13:58.376 D/NfcService( 3894): GetDefaultRouteEntry -- defaultAidRoute : 571
05-21 20:13:58.376 D/NfcService( 3894): GetDefaultRouteLoc -- defaultRouteLoc:2
05-21 20:13:58.376 I/libnfc_nci( 3894): [INFO:phNxpConfig.cpp(926)] find found DEFAULT_AID_ROUTE=(0x2)
05-21 20:13:58.376 I/libnfc_nci( 3894): 
05-21 20:13:58.376 I/libnfc_nci( 3894): [INFO:phNxpConfig.cpp(926)] find found DEFAULT_AID_PWR_STATE=(0x3b)
05-21 20:13:58.376 I/libnfc_nci( 3894): 
05-21 20:13:58.376 D/NfcService( 3894): GetDefaultRouteEntry -- defaultAidRoute : 571
05-21 20:13:58.376 I/libnfc_nci( 3894): [INFO:phNxpConfig.cpp(926)] find found DEFAULT_AID_ROUTE=(0x2)
05-21 20:13:58.376 I/libnfc_nci( 3894): 
05-21 20:13:58.376 I/libnfc_nci( 3894): [INFO:phNxpConfig.cpp(926)] find found DEFAULT_AID_PWR_STATE=(0x3b)
05-21 20:13:58.376 I/libnfc_nci( 3894): 
05-21 20:13:58.376 D/NfcService( 3894): GetDefaultRouteEntry -- defaultAidRoute : 571
05-21 20:13:58.376 D/NfcService( 3894): GetDefaultRouteLoc -- defaultRouteLoc:2
05-21 20:13:58.376 E/AidRoutingManager( 3894): Size of routing table962
05-21 20:13:58.377 D/NfcApduServiceInfo( 3894): updateServiceCommitStatus:Description:Nearby:InternalState:1:commitStatus:true
05-21 20:13:58.377 D/NfcApduServiceInfo( 3894): updateServiceCommitStatus:Description:Fido NFC Emulation Service:InternalState:1:commitStatus:true
05-21 20:13:58.377 D/NfcApduServiceInfo( 3894): updateServiceCommitStatus:Description:Google Гаманець:InternalState:1:commitStatus:true
05-21 20:13:58.377 E/RegisteredServicesCache( 3894): 3updateStatusOfServices:WriteServiceStateToFile
05-21 20:13:58.377 E/RegisteredServicesCache( 3894):  Writing service state Data Always
05-21 20:13:58.444 I/SarService( 2665): Receiver polling >>>> Change receiver mode: off
05-21 20:13:58.465 D/ConnectivityService( 1637): ConnectivityService NetworkRequestInfo binderDied(NetworkRequest [ TRACK_DEFAULT id=3378, [ Capabilities: INTERNET&NOT_RESTRICTED&TRUSTED Uid: 10193] ], android.os.BinderProxy@d8d34fc)
05-21 20:13:58.465 D/ConnectivityService( 1637): ConnectivityService NetworkRequestInfo binderDied(NetworkRequest [ LISTEN id=3379, [ Capabilities: INTERNET&NOT_RESTRICTED&TRUSTED&FOREGROUND Uid: 10193] ], android.os.BinderProxy@22c8785)
05-21 20:13:58.465 D/ConnectivityService( 1637): releasing NetworkRequest [ TRACK_DEFAULT id=3378, [ Capabilities: INTERNET&NOT_RESTRICTED&TRUSTED Uid: 10193] ] (release request)
05-21 20:13:58.466 D/ConnectivityService( 1637): ConnectivityService NetworkRequestInfo binderDied(NetworkRequest [ LISTEN id=3375, [ Capabilities: INTERNET&NOT_RESTRICTED&TRUSTED&FOREGROUND Uid: 10193] ], android.os.BinderProxy@dcfae0b)
05-21 20:13:58.466 D/ConnectivityService( 1637): ConnectivityService NetworkRequestInfo binderDied(NetworkRequest [ TRACK_DEFAULT id=3374, [ Capabilities: INTERNET&NOT_RESTRICTED&TRUSTED Uid: 10193] ], android.os.BinderProxy@41e69da)
05-21 20:13:58.467 D/ConnectivityService( 1637): releasing NetworkRequest [ TRACK_DEFAULT id=3374, [ Capabilities: INTERNET&NOT_RESTRICTED&TRUSTED Uid: 10193] ] (release request)
05-21 20:13:58.468 E/RegisteredServicesCache( 3894): component namecom.google.android.gms/com.google.android.gms.nearby.mediums.nearfieldcommunication.NfcAdvertisingService
05-21 20:13:58.468 E/RegisteredServicesCache( 3894): component namecom.google.android.gms/com.google.android.gms.fido.fido2.ui.hybrid.NfcEmulationService
05-21 20:13:58.468 E/RegisteredServicesCache( 3894): component namecom.google.android.gms/com.google.android.gms.pay.hce.service.PayHceService
05-21 20:13:58.469 D/ProcessManager( 1637): skip restart com.android.chrome because this device is a lowmemory device!
05-21 20:13:58.471 I/Zygote  (  608): Process 30248 exited due to signal 9 (Killed)
05-21 20:13:58.503 W/FileUtils(32078): Slow Operation: fsync took 482ms
05-21 20:13:58.503 I/RoleUserState( 1637): Wrote roles.xml successfully
05-21 20:13:58.503 I/chatty  (32078): uid=10445(com.playsocialgames.plinko) queued-work-loo expire 1 line
05-21 20:13:58.504 D/RegisteredNfcFServicesCache( 3894): Service unchanged, not updating
05-21 20:13:58.504 E/libnfc_nci( 3894): [ERROR:RoutingManager.cpp(1950)] RoutingManager::removeApduRouting: enter
05-21 20:13:58.504 I/libnfc_nci( 3894): [INFO:RoutingManager.cpp(867)] RoutingManager::nfaEeCallback: NFA_EE_REMOVE_APDU_EVT  status=0
05-21 20:13:58.504 E/libnfc_nci( 3894): [ERROR:RoutingManager.cpp(1956)] RoutingManager::removeApduRouting: removed APDU pattern successfully
05-21 20:13:58.513 D/ReflectUtils( 2695): getFieldValue
05-21 20:13:58.513 D/ReflectUtils( 2695): java.lang.IllegalAccessException: Class java.lang.Class<com.miui.launcher.utils.ReflectUtils> cannot access private  field android.content.pm.ActivityInfo android.content.pm.LauncherActivityInfo.mActivityInfo of class java.lang.Class<android.content.pm.LauncherActivityInfo>
05-21 20:13:58.513 D/ReflectUtils( 2695): 	at java.lang.reflect.Field.get(Native Method)
05-21 20:13:58.513 D/ReflectUtils( 2695): 	at com.miui.launcher.utils.ReflectUtils.getFieldValue(ReflectUtils.java:134)
05-21 20:13:58.513 D/ReflectUtils( 2695): 	at com.miui.home.library.compat.LauncherActivityInfoCompat.getActivityInfo(LauncherActivityInfoCompat.java:13)
05-21 20:13:58.513 D/ReflectUtils( 2695): 	at com.miui.home.library.compat.LauncherActivityInfoCompat.getIconResource(LauncherActivityInfoCompat.java:18)
05-21 20:13:58.513 D/ReflectUtils( 2695): 	at com.miui.home.launcher.IconProvider.getActivityIcon(IconProvider.java:55)
05-21 20:13:58.513 D/ReflectUtils( 2695): 	at com.miui.home.launcher.IconCache.addIconToMemCache(IconCache.java:132)
05-21 20:13:58.513 D/ReflectUtils( 2695): 	at com.miui.home.launcher.IconCache.updateIconsForPkg(IconCache.java:113)
05-21 20:13:58.513 D/ReflectUtils( 2695): 	at com.miui.home.launcher.LauncherModel.onReceiveBackground(LauncherModel.java:964)
05-21 20:13:58.513 D/ReflectUtils( 2695): 	at com.miui.home.launcher.LauncherModel$LauncherAppsCallback$1.run(LauncherModel.java:322)
05-21 20:13:58.513 D/ReflectUtils( 2695): 	at com.miui.home.launcher.LauncherModel$8.run(LauncherModel.java:882)
05-21 20:13:58.513 D/ReflectUtils( 2695): 	at android.os.Handler.handleCallback(Handler.java:914)
05-21 20:13:58.513 D/ReflectUtils( 2695): 	at android.os.Handler.dispatchMessage(Handler.java:100)
05-21 20:13:58.513 D/ReflectUtils( 2695): 	at android.os.Looper.loop(Looper.java:225)
05-21 20:13:58.513 D/ReflectUtils( 2695): 	at android.os.HandlerThread.run(HandlerThread.java:67)
05-21 20:13:58.523 D/ReflectUtils( 2695): getFieldValue
05-21 20:13:58.523 D/ReflectUtils( 2695): java.lang.IllegalAccessException: Class java.lang.Class<com.miui.launcher.utils.ReflectUtils> cannot access private  field android.content.pm.ActivityInfo android.content.pm.LauncherActivityInfo.mActivityInfo of class java.lang.Class<android.content.pm.LauncherActivityInfo>
05-21 20:13:58.523 D/ReflectUtils( 2695): 	at java.lang.reflect.Field.get(Native Method)
05-21 20:13:58.523 D/ReflectUtils( 2695): 	at com.miui.launcher.utils.ReflectUtils.getFieldValue(ReflectUtils.java:134)
05-21 20:13:58.523 D/ReflectUtils( 2695): 	at com.miui.home.library.compat.LauncherActivityInfoCompat.getActivityInfo(LauncherActivityInfoCompat.java:13)
05-21 20:13:58.523 D/ReflectUtils( 2695): 	at com.miui.home.library.compat.LauncherActivityInfoCompat.getIconResource(LauncherActivityInfoCompat.java:18)
05-21 20:13:58.523 D/ReflectUtils( 2695): 	at com.miui.home.launcher.IconProvider.getActivityIcon(IconProvider.java:60)
05-21 20:13:58.523 D/ReflectUtils( 2695): 	at com.miui.home.launcher.IconCache.addIconToMemCache(IconCache.java:132)
05-21 20:13:58.523 D/ReflectUtils( 2695): 	at com.miui.home.launcher.IconCache.updateIconsForPkg(IconCache.java:113)
05-21 20:13:58.523 D/ReflectUtils( 2695): 	at com.miui.home.launcher.LauncherModel.onReceiveBackground(LauncherModel.java:964)
05-21 20:13:58.523 D/ReflectUtils( 2695): 	at com.miui.home.launcher.LauncherModel$LauncherAppsCallback$1.run(LauncherModel.java:322)
05-21 20:13:58.523 D/ReflectUtils( 2695): 	at com.miui.home.launcher.LauncherModel$8.run(LauncherModel.java:882)
05-21 20:13:58.523 D/ReflectUtils( 2695): 	at android.os.Handler.handleCallback(Handler.java:914)
05-21 20:13:58.523 D/ReflectUtils( 2695): 	at android.os.Handler.dispatchMessage(Handler.java:100)
05-21 20:13:58.523 D/ReflectUtils( 2695): 	at android.os.Looper.loop(Looper.java:225)
05-21 20:13:58.523 D/ReflectUtils( 2695): 	at android.os.HandlerThread.run(HandlerThread.java:67)
05-21 20:13:58.542 D/IconCustomizer( 2695): Content Ratio = 1.1818181
05-21 20:13:58.542 D/IconCustomizer( 2695): Generate customized icon for com.playsocialgames.plinko.png
05-21 20:13:58.551 D/audio_hw_primary(  692): adev_get_parameters:audio_game_sound_volume_gap_switch
05-21 20:13:58.555 I/ThemeRuntimeManager( 2695): add pending job com.playsocialgames.plinko.png
05-21 20:13:58.556 I/ThemeRuntimeManager( 2695): saving icon for com.playsocialgames.plinko.png
05-21 20:13:58.556 D/Launcher.AllAppsList( 2695): updatePackage, packageName=com.playsocialgames.plinko, loadMissing=false, user=UserHandle{0}, matchedSize=1
05-21 20:13:58.558 D/audio_hw_spkr_prot(  692): fbsp_get_parameters: Speaker protection disabled
05-21 20:13:58.558 D/soundtrigger(  692): audio_extn_sound_trigger_get_parameters input string<audio_game_sound_volume_gap_switch=>
05-21 20:13:58.558 D/soundtrigger(  692): extract_sm_handle input string <audio_game_sound_volume_gap_switch=> param string <audio_game_sound_volume_gap_switch=>
05-21 20:13:58.558 D/audio_hw_extn(  692): audio_extn_fm_get_parameters: Enter
05-21 20:13:58.561 D/audio_hw_extn(  692): audio_extn_get_parameters: returns 
05-21 20:13:58.561 D/Launcher.AllAppsList( 2695): updatePackage, find appInfo=AppInfo, id=-1, itemType=0, user=UserHandle{0}, mIconType=0, pkgName=com.playsocialgames.plinko, className=com.unity3d.player.UnityPlayerActivity, screenId=-1, container=-1, cellX=-1, cellY=-1, spanX=1, spanY=1, isLandscapePos=false from ComponentInfo{com.playsocialgames.plinko/com.unity3d.player.UnityPlayerActivity}
05-21 20:13:58.562 D/Launcher.Model( 2695): onReceiveBackground, mAllAppsList=add=[], remove=[], modified=[(0, AppInfo, id=-1, itemType=0, user=UserHandle{0}, mIconType=0, pkgName=com.playsocialgames.plinko, className=com.unity3d.player.UnityPlayerActivity, screenId=-1, container=-1, cellX=-1, cellY=-1, spanX=1, spanY=1, isLandscapePos=false)]
05-21 20:13:58.563 D/audio_hw_primary(  692): adev_get_parameters: exit: returns - 
05-21 20:13:58.564 I/hash_map_utils(  797): key: 'audio_game_sound_volume_gap_switch' value: ''
05-21 20:13:58.572 D/APM_AudioPolicyManager(  797): getOutputForAttrInt() device {type:0x2,@:}, sampling rate 24000, format 0x5, channel mask 0x3, flags 0x4 stream AUDIO_STREAM_MUSIC
05-21 20:13:58.572 D/audio_hw_primary(  692): adev_get_parameters:vr_audio_mode_on
05-21 20:13:58.572 I/audio_hw_primary(  692): getting vr mode to 0
05-21 20:13:58.572 D/audio_hw_primary(  692): adev_get_parameters: exit: returns - vr_audio_mode_on=false
05-21 20:13:58.573 I/hash_map_utils(  797): key: 'vr_audio_mode_on' value: ''
05-21 20:13:58.573 I/AudioPolicyManagerCustom(  797): VR mode is 0, switch to primary output if request is for fast|raw
05-21 20:13:58.573 D/APM_AudioPolicyManager(  797): getOutputForAttrInt returns output 13 selectedDeviceId 3
05-21 20:13:58.573 D/APM_AudioPolicyManager(  797): getOutputForAttr() returns output 13 requestedPortId 0 selectedDeviceId 3 for port ID 435
05-21 20:13:58.575 W/AudioFlinger(  797): Client adjusted notificationFrames from 512 to 480 for frameCount 8192
05-21 20:13:58.577 D/ForceDarkHelper( 2695): updateByCheckExcludeList: pkg: com.miui.home activity: com.miui.home.launcher.Launcher@9b3e
05-21 20:13:58.578 D/AF::TrackHandle(  797): OpPlayAudio: track:445 usage:1 not muted
05-21 20:13:58.582 D/compress_voip(  692): compress_voip_out_get_parameters: enter
05-21 20:13:58.584 D/ForceDarkHelper( 2695): updateByCheckExcludeList: pkg: com.miui.home activity: com.miui.home.launcher.Launcher@9b3e
05-21 20:13:58.584 D/ForceDarkHelper( 2695): updateByCheckExcludeList: pkg: com.miui.home activity: com.miui.home.launcher.Launcher@9b3e
05-21 20:13:58.585 I/chatty  ( 2695): uid=10097(com.miui.home) identical 22 lines
05-21 20:13:58.585 D/ForceDarkHelper( 2695): updateByCheckExcludeList: pkg: com.miui.home activity: com.miui.home.launcher.Launcher@9b3e
05-21 20:13:58.605 D/ForceDarkHelper( 2695): updateByCheckExcludeList: pkg: com.miui.home activity: com.miui.home.launcher.Launcher@9b3e
05-21 20:13:58.606 D/ForceDarkHelper( 2695): updateByCheckExcludeList: pkg: com.miui.home activity: com.miui.home.launcher.Launcher@9b3e
05-21 20:13:58.607 I/chatty  ( 1637): uid=1000(system) Binder:1637_1C expire 10 lines
05-21 20:13:58.607 D/ForceDarkHelper( 2695): updateByCheckExcludeList: pkg: com.miui.home activity: com.miui.home.launcher.Launcher@9b3e
05-21 20:13:58.615 D/ForceDarkHelper( 2695): updateByCheckExcludeList: pkg: com.miui.home activity: com.miui.home.launcher.Launcher@9b3e
05-21 20:13:58.630 D/APM_AudioPolicyManager(  797): startOutput portId 435
05-21 20:13:58.631 D/APM_AudioPolicyManager(  797): getNewOutputDevices selected devices {type:0x2,@:}
05-21 20:13:58.631 E/AudioFlinger(  797): open /proc/32078/cmdline error
05-21 20:13:58.631 I/AudioFlinger(  797): setAppName(), name=[], active=[1]
05-21 20:13:58.632 V/EffectMiSound(  692): MiSound_command() start, cmdCode=24
05-21 20:13:58.632 V/EffectMiSound(  692): MiSound_Command EFFECT_CMD_SET_APP_NAME: stream=3, name=+
05-21 20:13:58.633 I/chatty  (32078): uid=10445(com.playsocialgames.plinko) Binder:32078_2 expire 2 lines
05-21 20:13:58.634 W/Looper  ( 1637): Drained
05-21 20:13:58.634 I/chatty  ( 1637): uid=1000 system_server expire 11 lines
05-21 20:13:58.639 D/ProcessManager( 1637): add audio active uid : 10445
05-21 20:13:58.641 E/volume_listener(  692): check_and_set_gain_dep_cal: Failed to set gain dep cal level
05-21 20:13:58.641 E/volume_listener(  692): check_and_set_gain_dep_cal: Failed to set gain dep cal level
05-21 20:13:58.642 D/audio_hw_primary(  692): start_output_stream: enter: stream(0xeb0dc000)usecase(1: low-latency-playback) devices(0x2) is_haptic_usecase(0)
05-21 20:13:58.644 I/SarService( 2665): Receiver polling >>>> Change receiver mode: off
05-21 20:13:58.647 D/audio_hw_primary(  692): select_devices for use case (low-latency-playback)
05-21 20:13:58.648 I/msm8974_platform(  692): platform_check_and_set_codec_backend_cfg:becf: afe: bitwidth 24, samplerate 48000 channels 2, backend_idx 0 usecase = 1 device (speaker)
05-21 20:13:58.648 D/msm8974_platform(  692): platform_split_snd_device: snd_device(2) num devices(1) new_snd_devices(0)
05-21 20:13:58.648 I/msm8974_platform(  692): platform_check_and_set_codec_backend_cfg: new_snd_devices[0] is 2
05-21 20:13:58.650 D/msm8974_platform(  692): platform_reset_headphones_backend_cfg set headphones to S16_LE when select headphones, snd_device 2 
05-21 20:13:58.652 I/msm8974_platform(  692): platform_check_codec_backend_cfg:becf: afe: bitwidth 24, samplerate 48000 channels 2, backend_idx 0 usecase = 1 device (speaker)
05-21 20:13:58.656 D/audio_hw_extn(  692): audio_extn_enable_hifi_filter: mixer_value set 0
05-21 20:13:58.656 D/msm8974_platform(  692): platform_check_codec_backend_cfg:becf: updated afe: bitwidth 24, samplerate 48000 channels 2,backend_idx 0 usecase = 1 device (speaker)
05-21 20:13:58.656 D/msm8974_platform(  692): platform_check_codec_backend_cfg:becf: afe: playback on codec device not supporting native playback set default Sample Rate(48k)
05-21 20:13:58.656 I/msm8974_platform(  692): platform_check_codec_backend_cfg:becf: afe: Codec selected backend: 0 updated bit width: 24 and sample rate: 48000
05-21 20:13:58.657 D/audio_hw_primary(  692): check_usecases_codec_backend:becf: force routing 0
05-21 20:13:58.657 E/msm8974_platform(  692): platform_check_backends_match: Invalid snd_device = 
05-21 20:13:58.657 D/audio_hw_primary(  692): check_usecases_codec_backend:becf: (72) check_usecases curr device: speaker, usecase device: backends match 0
05-21 20:13:58.657 D/audio_hw_primary(  692): check_usecases_codec_backend:becf: check_usecases num.of Usecases to switch 0
05-21 20:13:58.657 D/hardware_info(  692): hw_info_append_hw_type : device_name = speaker
05-21 20:13:58.657 D/audio_hw_spkr_dsm(  692): audio_extn_spkr_dsm_start_processing: Entry
05-21 20:13:58.657 D/audio_hw_spkr_dsm(  692): audio_extn_spkr_dsm_start_processing: start
05-21 20:13:58.658 D/msm8974_platform(  692): platform_split_snd_device: snd_device(198) num devices(1) new_snd_devices(0)
05-21 20:13:58.658 D/msm8974_platform(  692): Resetting app type for Tx path to default
05-21 20:13:58.658 D/ACDB-LOADER(  692): ACDB -> send_audio_cal, acdb_id = 102, path = 1, app id = 0x11132, sample rate = 8000, afe_sample_rate = 8000
05-21 20:13:58.658 D/ACDB-LOADER(  692): ACDB -> send_asm_topology
05-21 20:13:58.658 D/ACDB-LOADER(  692): ACDB -> ACDB_CMD_GET_AUDPROC_STREAM_TOPOLOGY_ID
05-21 20:13:58.661 D/ACDB-LOADER(  692): ACDB -> send_adm_topology
05-21 20:13:58.661 D/ACDB-LOADER(  692): ACDB -> ACDB_CMD_GET_AUDPROC_COMMON_TOPOLOGY_ID
05-21 20:13:58.661 D/ACDB-LOADER(  692): ACDB -> send_audtable
05-21 20:13:58.661 D/ACDB-LOADER(  692): ACDB -> ACDB_CMD_GET_AUDPROC_INSTANCE_COMMON_TABLE_SIZE
05-21 20:13:58.661 D/ACDB-LOADER(  692): ACDB -> ACDB_CMD_GET_AUDPROC_INSTANCE_COMMON_TABLE
05-21 20:13:58.661 D/ACDB-LOADER(  692): ACDB -> AUDIO_SET_AUDPROC_CAL cal_type[11] acdb_id[102] app_type[69938]
05-21 20:13:58.661 D/ACDB-LOADER(  692): ACDB -> ACDB_CMD_GET_AUDPROC_INSTANCE_STREAM_TABLE_SIZE
05-21 20:13:58.661 D/ACDB-LOADER(  692): ACDB -> send_audstrmtable
05-21 20:13:58.661 D/ACDB-LOADER(  692): ACDB -> ACDB_CMD_GET_AUDPROC_INSTANCE_STREAM_TABLE
05-21 20:13:58.662 D/ACDB-LOADER(  692): ACDB -> audstrm_cal->cal_type.cal_data.cal_size = 20
05-21 20:13:58.662 D/ACDB-LOADER(  692): ACDB -> send_afe_topology
05-21 20:13:58.662 D/ACDB-LOADER(  692): ACDB -> ACDB_CMD_GET_AFE_TOPOLOGY_ID
05-21 20:13:58.662 D/ACDB-LOADER(  692): ACDB -> GET_AFE_TOPOLOGY_ID for adcd_id 102, Topology Id 10001060
05-21 20:13:58.662 D/ACDB-LOADER(  692): ACDB -> send_afe_cal
05-21 20:13:58.662 D/ACDB-LOADER(  692): ACDB -> ACDB_CMD_GET_AFE_INSTANCE_COMMON_TABLE_SIZE
05-21 20:13:58.662 D/ACDB-LOADER(  692): ACDB -> ACDB_CMD_GET_AFE_INSTANCE_COMMON_TABLE
05-21 20:13:58.662 D/ACDB-LOADER(  692): ACDB -> AUDIO_SET_AFE_CAL cal_type[17] acdb_id[102]
05-21 20:13:58.662 D/ACDB-LOADER(  692): ACDB -> send_hw_delay : acdb_id = 102 path = 1
05-21 20:13:58.662 D/ACDB-LOADER(  692): ACDB -> ACDB_AVSYNC_INFO: ACDB_CMD_GET_DEVICE_PROPERTY
05-21 20:13:58.662 D/audio_hw_spkr_dsm(  692): audio_extn_spkr_dsm_start_processing: pcm start for TX to 37
05-21 20:13:58.686 E/audio_hw_spkr_dsm(  692): audio_extn_spkr_dsm_start_processing: Exit
05-21 20:13:58.686 D/msm8974_platform(  692): platform_split_snd_device: snd_device(2) num devices(0) new_snd_devices(0)
05-21 20:13:58.686 D/audio_hw_primary(  692): enable_snd_device: snd_device(2: speaker)
05-21 20:13:58.686 I/soundtrigger(  692): audio_extn_sound_trigger_update_device_status: device 0x2 of type 0 for Event 1, with Raise=0
05-21 20:13:58.686 D/audio_route(  692): Apply path: speaker
05-21 20:13:58.689 I/audio_hw_utils(  692): audio_extn_utils_update_stream_output_app_type_cfg Allowing 24 and above bits playback on speaker ONLY at default sampling rate
05-21 20:13:58.689 E/soundtrigger(  692): audio_extn_sound_trigger_update_stream_status: invalid input device 0x0, for event 3
05-21 20:13:58.689 D/soundtrigger(  692): audio_extn_sound_trigger_update_stream_status: uc_info->id 1 of type 0 for Event 3, with Raise=0
05-21 20:13:58.689 D/audio_hw_utils(  692): audio_extn_utils_send_app_type_cfg: usecase->out_snd_device speaker
05-21 20:13:58.689 D/msm8974_platform(  692): platform_split_snd_device: snd_device(2) num devices(0) new_snd_devices(0)
05-21 20:13:58.690 D/audio_hw_utils(  692): audio_extn_btsco_get_sample_rate:Not a BT SCO device, need not update sampling rate
05-21 20:13:58.690 I/audio_hw_utils(  692): send_app_type_cfg_for_device PLAYBACK app_type 69937, acdb_dev_id 10011, sample_rate 48000, snd_device_be_idx 43
05-21 20:13:58.691 D/msm8974_platform(  692): platform_split_snd_device: snd_device(2) num devices(1) new_snd_devices(0)
05-21 20:13:58.691 D/audio_hw_utils(  692): audio_extn_btsco_get_sample_rate:Not a BT SCO device, need not update sampling rate
05-21 20:13:58.692 D/ACDB-LOADER(  692): ACDB -> send_audio_cal, acdb_id = 10011, path = 0, app id = 0x11131, sample rate = 48000, afe_sample_rate = 48000
05-21 20:13:58.692 D/ACDB-LOADER(  692): ACDB -> send_asm_topology
