05-21 20:15:06.593 D/TelephonyIcons( 2388): getSignalStrengthIcon: slot=1, inetCondition=1, level=4, roaming=false, signalstrength=SignalStrength:{mCdma=CellSignalStrengthCdma: cdmaDbm=2147483647 cdmaEcio=2147483647 evdoDbm=2147483647 evdoEcio=2147483647 evdoSnr=2147483647 miuiLevel=0 level=0,mGsm=CellSignalStrengthGsm: rssi=2147483647 ber=2147483647 mTa=2147483647 miuiLevel=0 mLevel=0,mWcdma=CellSignalStrengthWcdma: ss=2147483647 ber=2147483647 rscp=2147483647 ecno=2147483647 miuiLevel=0 level=0,mTdscdma=CellSignalStrengthTdscdma: rssi=2147483647 ber=2147483647 rscp=2147483647 miuiLevel=0 level=0,mLte=CellSignalStrengthLte: rssi=-65 rsrp=-101 rsrq=-17 rssnr=44 cqi=2147483647 ta=2147483647 miuiLevel=4 level=2,mNr=CellSignalStrengthNr:{ csiRsrp = 2147483647 csiRsrq = 2147483647 csiSinr = 2147483647 ssRsrp = 2147483647 ssRsrq = 2147483647 ssSinr = 2147483647 miuiLevel = 0 level = 0 },primary=CellSignalStrengthLte}
05-21 20:15:06.593 D/TelephonyIcons( 2388): getDataActivity, slot=1, activity=3
05-21 20:15:06.595 I/DynamiteModule(32078): Considering local module com.google.android.gms.ads.dynamite:0 and remote module com.google.android.gms.ads.dynamite:260480602
05-21 20:15:06.595 I/DynamiteModule(32078): Selected remote version of com.google.android.gms.ads.dynamite, version >= 260480602
05-21 20:15:06.595 V/DynamiteModule(32078): Dynamite loader version >= 2, using loadModule2NoCrashUtils
05-21 20:15:06.599 D/TelephonyIcons( 2388): null signal icon name: drawable/stat_sys_signal_null
05-21 20:15:06.600 D/TelephonyIcons( 2388): getDataTypeIcon sub=1
05-21 20:15:06.601 D/SignalClusterView( 2388): updateMobileTypeImage  0
05-21 20:15:06.603 D/SignalClusterView( 2388): updateMobileTypeImage  0
05-21 20:15:06.603 I/Ads     (32078): Use RequestConfiguration.Builder().setTestDeviceIds(Arrays.asList("080125DC503173128EDCB1313098A927")) to get test ads on this device.
05-21 20:15:06.603 D/SignalClusterView( 2388): updateMobileTypeImage  0
05-21 20:15:06.614 I/chatty  ( 2388): uid=1000(system) com.android.systemui identical 2 lines
05-21 20:15:06.616 D/SignalClusterView( 2388): updateMobileTypeImage  0
05-21 20:15:06.618 I/AudioManager(32078): In isSpeakerphoneOn(), calling application: com.playsocialgames.plinko
05-21 20:15:06.619 I/AS.AudioDeviceBroker( 1637): In isSpeakerphoneOn(), mForcedUseForCommExt: 0
05-21 20:15:06.622 D/AudioManager(32078): getStreamVolume isRestricted mode = 0
05-21 20:15:06.623 D/AudioManager(32078): getStreamVolume isRestricted mode = 0
05-21 20:15:06.650 I/DynamiteModule(32078): Considering local module com.google.android.gms.ads.dynamite:0 and remote module com.google.android.gms.ads.dynamite:260480602
05-21 20:15:06.651 I/DynamiteModule(32078): Selected remote version of com.google.android.gms.ads.dynamite, version >= 260480602
05-21 20:15:06.651 V/DynamiteModule(32078): Dynamite loader version >= 2, using loadModule2NoCrashUtils
05-21 20:15:06.656 I/Ads     (32078): Use RequestConfiguration.Builder().setTestDeviceIds(Arrays.asList("080125DC503173128EDCB1313098A927")) to get test ads on this device.
05-21 20:15:06.660 I/DynamiteModule( 8252): Considering local module com.google.android.gms.ads.dynamite:0 and remote module com.google.android.gms.ads.dynamite:260480602
05-21 20:15:06.660 I/DynamiteModule( 8252): Selected remote version of com.google.android.gms.ads.dynamite, version >= 260480602
05-21 20:15:06.671 I/AudioManager(32078): In isSpeakerphoneOn(), calling application: com.playsocialgames.plinko
05-21 20:15:06.671 I/AS.AudioDeviceBroker( 1637): In isSpeakerphoneOn(), mForcedUseForCommExt: 0
05-21 20:15:06.672 D/AudioManager(32078): getStreamVolume isRestricted mode = 0
05-21 20:15:06.673 D/AudioManager(32078): getStreamVolume isRestricted mode = 0
05-21 20:15:06.702 W/Ads     (32078): Not retrying to fetch app settings
05-21 20:15:06.712 I/DynamiteModule( 8252): Considering local module com.google.android.gms.ads.dynamite:0 and remote module com.google.android.gms.ads.dynamite:260480602
05-21 20:15:06.712 I/DynamiteModule( 8252): Selected remote version of com.google.android.gms.ads.dynamite, version >= 260480602
05-21 20:15:06.716 I/SarService( 2665): Receiver polling >>>> Change receiver mode: off
05-21 20:15:06.763 I/Ads     ( 8252): Received log message: <Google:HTML> You are currently using version 260480999.243799000.1 of the SDK, which is out of date. Please consider updating your SDK to the most recent SDK version to get the latest features and bug fixes. The latest SDK can be installed from https://goo.gle/android-install-instructions. More information about the SDK deprecation schedule is available at https://developers.google.com/admob/android/deprecation.
05-21 20:15:06.786 I/Ads     ( 8252): SDK version: afma-sdk-a-v260480999.243799000.1
05-21 20:15:06.789 I/Ads     ( 8252): HTTP timeout: 60000 milliseconds.
05-21 20:15:06.828 I/Ads     ( 8252): SDK version: afma-sdk-a-v260480999.243799000.1
05-21 20:15:06.829 I/Ads     ( 8252): HTTP timeout: 60000 milliseconds.
05-21 20:15:06.917 I/SarService( 2665): Receiver polling >>>> Change receiver mode: off
05-21 20:15:07.008 W/AVMediaServiceUtils(32675): symbol createExtendedMediaServiceUtils not found:  undefined symbol: createExtendedMediaServiceUtils
05-21 20:15:07.078 I/hwservicemanager(  485): getTransport: Cannot find entry android.hardware.graphics.mapper@3.0::IMapper/default in either framework or device manifest.
05-21 20:15:07.079 W/Gralloc3(32675): mapper 3.x is not supported
05-21 20:15:07.097 I/Ads     (32078): Ad failed to load : 3
05-21 20:15:07.099 W/Unity   (32078): [AdMobProvider] Rewarded load failed: No fill.
05-21 20:15:07.099 W/Unity   (32078): UnityEngine.DebugLogHandler:Internal_Log(LogType, LogOption, String, Object)
05-21 20:15:07.099 W/Unity   (32078): AdMobProvider:<LoadRewardedAd>b__44_0(RewardedAd, LoadAdError)
05-21 20:15:07.099 W/Unity   (32078): System.Reflection.RuntimeMethodInfo:Invoke(Object, BindingFlags, Binder, Object[], CultureInfo)
05-21 20:15:07.099 W/Unity   (32078): UnityEngine.AndroidJavaProxy:Invoke(String, Object[])
05-21 20:15:07.099 W/Unity   (32078): UnityEngine.AndroidJavaProxy:Invoke(String, IntPtr)
05-21 20:15:07.099 W/Unity   (32078): UnityEngine._AndroidJNIHelper:InvokeJavaProxyMethod(AndroidJavaProxy, IntPtr, IntPtr)
05-21 20:15:07.099 W/Unity   (32078): 
05-21 20:15:07.104 I/Ads     (32078): Ad failed to load : 3
05-21 20:15:07.108 W/Unity   (32078): [AdMobProvider] Interstitial load failed: No fill.
05-21 20:15:07.108 W/Unity   (32078): UnityEngine.DebugLogHandler:Internal_Log(LogType, LogOption, String, Object)
05-21 20:15:07.108 W/Unity   (32078): AdMobProvider:<LoadInterstitialAd>b__42_0(InterstitialAd, LoadAdError)
05-21 20:15:07.108 W/Unity   (32078): System.Reflection.RuntimeMethodInfo:Invoke(Object, BindingFlags, Binder, Object[], CultureInfo)
05-21 20:15:07.108 W/Unity   (32078): UnityEngine.AndroidJavaProxy:Invoke(String, Object[])
05-21 20:15:07.108 W/Unity   (32078): UnityEngine.AndroidJavaProxy:Invoke(String, IntPtr)
05-21 20:15:07.108 W/Unity   (32078): UnityEngine._AndroidJNIHelper:InvokeJavaProxyMethod(AndroidJavaProxy, IntPtr, IntPtr)
05-21 20:15:07.108 W/Unity   (32078): 
05-21 20:15:07.117 I/SarService( 2665): Receiver polling >>>> Change receiver mode: off
05-21 20:15:07.124 W/System  ( 8252): A resource failed to call close. 
05-21 20:15:07.125 I/chatty  ( 8252): uid=10188(com.google.android.gms) FinalizerDaemon identical 1 line
05-21 20:15:07.125 W/System  ( 8252): A resource failed to call close. 
05-21 20:15:07.172 I/Unity   (32078): [BannerRotation] warmup current=AdMob, currentReady=False, other=ZeyWin, otherReady=False
05-21 20:15:07.172 I/Unity   (32078): UnityEngine.DebugLogHandler:Internal_Log(LogType, LogOption, String, Object)
05-21 20:15:07.172 I/Unity   (32078): <BannerRotationLoop>d__57:MoveNext()
05-21 20:15:07.172 I/Unity   (32078): UnityEngine.SetupCoroutine:InvokeMoveNext(IEnumerator, IntPtr)
05-21 20:15:07.172 I/Unity   (32078): 
05-21 20:15:07.173 D/AdsUnity(32078): Calling destroy() on Android
05-21 20:15:07.176 I/Unity   (32078): [ZeyWinAds] Preloading Native ad...
05-21 20:15:07.176 I/Unity   (32078): UnityEngine.DebugLogHandler:Internal_Log(LogType, LogOption, String, Object)
05-21 20:15:07.176 I/Unity   (32078): ZeyWinAds.Core.<PreloadAdCoroutine>d__34:MoveNext()
05-21 20:15:07.176 I/Unity   (32078): UnityEngine.SetupCoroutine:InvokeMoveNext(IEnumerator, IntPtr)
05-21 20:15:07.176 I/Unity   (32078): ZeyWinAds.Core.AdLoader:PreloadAd(AdType, Boolean)
05-21 20:15:07.176 I/Unity   (32078): ZeyWinProvider:LoadBanner()
05-21 20:15:07.176 I/Unity   (32078): <BannerRotationLoop>d__57:MoveNext()
05-21 20:15:07.176 I/Unity   (32078): UnityEngine.SetupCoroutine:InvokeMoveNext(IEnumerator, IntPtr)
05-21 20:15:07.176 I/Unity   (32078): 
05-21 20:15:07.177 I/Unity   (32078): [ZeyWinAds] Loading Native ad...
05-21 20:15:07.177 I/Unity   (32078): UnityEngine.DebugLogHandler:Internal_Log(LogType, LogOption, String, Object)
05-21 20:15:07.177 I/Unity   (32078): ZeyWinAds.Ads.BaseAd:Load(Action`1)
05-21 20:15:07.177 I/Unity   (32078): ZeyWinAds.Core.<PreloadAdCoroutine>d__34:MoveNext()
05-21 20:15:07.177 I/Unity   (32078): UnityEngine.SetupCoroutine:InvokeMoveNext(IEnumerator, IntPtr)
05-21 20:15:07.177 I/Unity   (32078): ZeyWinAds.Core.AdLoader:PreloadAd(AdType, Boolean)
05-21 20:15:07.177 I/Unity   (32078): ZeyWinProvider:LoadBanner()
05-21 20:15:07.177 I/Unity   (32078): <BannerRotationLoop>d__57:MoveNext()
05-21 20:15:07.177 I/Unity   (32078): UnityEngine.SetupCoroutine:InvokeMoveNext(IEnumerator, IntPtr)
05-21 20:15:07.177 I/Unity   (32078): 
05-21 20:15:07.179 I/Unity   (32078): [ZeyWinAds] Preloading Banner ad...
05-21 20:15:07.179 I/Unity   (32078): UnityEngine.DebugLogHandler:Internal_Log(LogType, LogOption, String, Object)
05-21 20:15:07.179 I/Unity   (32078): ZeyWinAds.Core.<PreloadAdCoroutine>d__34:MoveNext()
05-21 20:15:07.179 I/Unity   (32078): UnityEngine.SetupCoroutine:InvokeMoveNext(IEnumerator, IntPtr)
05-21 20:15:07.179 I/Unity   (32078): ZeyWinAds.Core.AdLoader:PreloadAd(AdType, Boolean)
05-21 20:15:07.179 I/Unity   (32078): <BannerRotationLoop>d__57:MoveNext()
05-21 20:15:07.179 I/Unity   (32078): UnityEngine.SetupCoroutine:InvokeMoveNext(IEnumerator, IntPtr)
05-21 20:15:07.179 I/Unity   (32078): 
05-21 20:15:07.180 I/Unity   (32078): [ZeyWinAds] Loading Banner ad...
05-21 20:15:07.180 I/Unity   (32078): UnityEngine.DebugLogHandler:Internal_Log(LogType, LogOption, String, Object)
05-21 20:15:07.180 I/Unity   (32078): ZeyWinAds.Ads.BaseAd:Load(Action`1)
05-21 20:15:07.180 I/Unity   (32078): ZeyWinAds.Core.<PreloadAdCoroutine>d__34:MoveNext()
05-21 20:15:07.180 I/Unity   (32078): UnityEngine.SetupCoroutine:InvokeMoveNext(IEnumerator, IntPtr)
05-21 20:15:07.180 I/Unity   (32078): ZeyWinAds.Core.AdLoader:PreloadAd(AdType, Boolean)
05-21 20:15:07.180 I/Unity   (32078): <BannerRotationLoop>d__57:MoveNext()
05-21 20:15:07.180 I/Unity   (32078): UnityEngine.SetupCoroutine:InvokeMoveNext(IEnumerator, IntPtr)
05-21 20:15:07.180 I/Unity   (32078): 
05-21 20:15:07.190 D/ForceDarkHelper(32078): updateByCheckExcludeList: pkg: com.playsocialgames.plinko activity: com.unity3d.player.UnityPlayerActivity@e12c52e
05-21 20:15:07.192 D/AdsUnity(32078): Calling loadAd() on Android
05-21 20:15:07.203 I/DynamiteModule(32078): Considering local module com.google.android.gms.ads.dynamite:0 and remote module com.google.android.gms.ads.dynamite:260480602
05-21 20:15:07.203 I/DynamiteModule(32078): Selected remote version of com.google.android.gms.ads.dynamite, version >= 260480602
05-21 20:15:07.204 V/DynamiteModule(32078): Dynamite loader version >= 2, using loadModule2NoCrashUtils
05-21 20:15:07.209 D/ForceDarkHelper(32078): updateByCheckExcludeList: pkg: com.playsocialgames.plinko activity: com.unity3d.player.UnityPlayerActivity@e12c52e
05-21 20:15:07.212 I/Ads     (32078): Use RequestConfiguration.Builder().setTestDeviceIds(Arrays.asList("080125DC503173128EDCB1313098A927")) to get test ads on this device.
05-21 20:15:07.231 I/AudioManager(32078): In isSpeakerphoneOn(), calling application: com.playsocialgames.plinko
05-21 20:15:07.231 I/AS.AudioDeviceBroker( 1637): In isSpeakerphoneOn(), mForcedUseForCommExt: 0
05-21 20:15:07.232 D/AudioManager(32078): getStreamVolume isRestricted mode = 0
05-21 20:15:07.236 D/AudioManager(32078): getStreamVolume isRestricted mode = 0
05-21 20:15:07.253 W/Ads     (32078): Not retrying to fetch app settings
05-21 20:15:07.264 I/DynamiteModule( 8252): Considering local module com.google.android.gms.ads.dynamite:0 and remote module com.google.android.gms.ads.dynamite:260480602
05-21 20:15:07.264 I/DynamiteModule( 8252): Selected remote version of com.google.android.gms.ads.dynamite, version >= 260480602
05-21 20:15:07.317 I/SarService( 2665): Receiver polling >>>> Change receiver mode: off
05-21 20:15:07.338 W/Unity   (32078): [ZeyWinAds] Server error: No ads available
05-21 20:15:07.338 W/Unity   (32078): UnityEngine.DebugLogHandler:Internal_Log(LogType, LogOption, String, Object)
05-21 20:15:07.338 W/Unity   (32078): ZeyWinAds.Core.<RequestAdCoroutine>d__23:MoveNext()
05-21 20:15:07.338 W/Unity   (32078): UnityEngine.SetupCoroutine:InvokeMoveNext(IEnumerator, IntPtr)
05-21 20:15:07.338 W/Unity   (32078): 
05-21 20:15:07.339 W/Unity   (32078): [ZeyWinAds] Native ad failed to load: No ads available
05-21 20:15:07.339 W/Unity   (32078): UnityEngine.DebugLogHandler:Internal_Log(LogType, LogOption, String, Object)
05-21 20:15:07.339 W/Unity   (32078): ZeyWinAds.Ads.BaseAd:OnAdLoadFailed(String)
05-21 20:15:07.339 W/Unity   (32078): ZeyWinAds.Core.<RequestAdCoroutine>d__23:MoveNext()
05-21 20:15:07.339 W/Unity   (32078): UnityEngine.SetupCoroutine:InvokeMoveNext(IEnumerator, IntPtr)
05-21 20:15:07.339 W/Unity   (32078): 
05-21 20:15:07.340 E/Unity   (32078): [ZeyWinAds] Preload failed for Native after 3 attempts
05-21 20:15:07.340 E/Unity   (32078): UnityEngine.DebugLogHandler:Internal_Log(LogType, LogOption, String, Object)
05-21 20:15:07.340 E/Unity   (32078): ZeyWinAds.Core.AdLoader:HandlePreloadFailure(AdType)
05-21 20:15:07.340 E/Unity   (32078): ZeyWinAds.Core.<PreloadAdCoroutine>d__34:MoveNext()
05-21 20:15:07.340 E/Unity   (32078): UnityEngine.SetupCoroutine:InvokeMoveNext(IEnumerator, IntPtr)
05-21 20:15:07.340 E/Unity   (32078): 
05-21 20:15:07.341 W/Unity   (32078): [ZeyWinAds] Preload failed for Native: Failed after 3 attempts
05-21 20:15:07.341 W/Unity   (32078): UnityEngine.DebugLogHandler:Internal_Log(LogType, LogOption, String, Object)
05-21 20:15:07.341 W/Unity   (32078): ZeyWinAds.ZeyWinAds:OnPreloadFailed(AdType, String)
05-21 20:15:07.341 W/Unity   (32078): ZeyWinAds.Core.AdLoader:HandlePreloadFailure(AdType)
05-21 20:15:07.341 W/Unity   (32078): ZeyWinAds.Core.<PreloadAdCoroutine>d__34:MoveNext()
05-21 20:15:07.341 W/Unity   (32078): UnityEngine.SetupCoroutine:InvokeMoveNext(IEnumerator, IntPtr)
05-21 20:15:07.341 W/Unity   (32078): 
05-21 20:15:07.344 I/Ads     ( 8252): Received log message: <Google:HTML> You are currently using version 260480999.243799000.1 of the SDK, which is out of date. Please consider updating your SDK to the most recent SDK version to get the latest features and bug fixes. The latest SDK can be installed from https://goo.gle/android-install-instructions. More information about the SDK deprecation schedule is available at https://developers.google.com/admob/android/deprecation.
05-21 20:15:07.372 W/Unity   (32078): [ZeyWinAds] Server error: No ads available
05-21 20:15:07.372 W/Unity   (32078): UnityEngine.DebugLogHandler:Internal_Log(LogType, LogOption, String, Object)
05-21 20:15:07.372 W/Unity   (32078): ZeyWinAds.Core.<RequestAdCoroutine>d__23:MoveNext()
05-21 20:15:07.372 W/Unity   (32078): UnityEngine.SetupCoroutine:InvokeMoveNext(IEnumerator, IntPtr)
05-21 20:15:07.372 W/Unity   (32078): 
05-21 20:15:07.372 W/Unity   (32078): [ZeyWinAds] Banner ad failed to load: No ads available
05-21 20:15:07.372 W/Unity   (32078): UnityEngine.DebugLogHandler:Internal_Log(LogType, LogOption, String, Object)
05-21 20:15:07.372 W/Unity   (32078): ZeyWinAds.Ads.BaseAd:OnAdLoadFailed(String)
05-21 20:15:07.372 W/Unity   (32078): ZeyWinAds.Core.<RequestAdCoroutine>d__23:MoveNext()
05-21 20:15:07.372 W/Unity   (32078): UnityEngine.SetupCoroutine:InvokeMoveNext(IEnumerator, IntPtr)
05-21 20:15:07.372 W/Unity   (32078): 
05-21 20:15:07.373 E/Unity   (32078): [ZeyWinAds] Preload failed for Banner after 3 attempts
05-21 20:15:07.373 E/Unity   (32078): UnityEngine.DebugLogHandler:Internal_Log(LogType, LogOption, String, Object)
05-21 20:15:07.373 E/Unity   (32078): ZeyWinAds.Core.AdLoader:HandlePreloadFailure(AdType)
05-21 20:15:07.373 E/Unity   (32078): ZeyWinAds.Core.<PreloadAdCoroutine>d__34:MoveNext()
05-21 20:15:07.373 E/Unity   (32078): UnityEngine.SetupCoroutine:InvokeMoveNext(IEnumerator, IntPtr)
05-21 20:15:07.373 E/Unity   (32078): 
05-21 20:15:07.373 W/Unity   (32078): [ZeyWinAds] Preload failed for Banner: Failed after 3 attempts
05-21 20:15:07.373 W/Unity   (32078): UnityEngine.DebugLogHandler:Internal_Log(LogType, LogOption, String, Object)
05-21 20:15:07.373 W/Unity   (32078): ZeyWinAds.ZeyWinAds:OnPreloadFailed(AdType, String)
05-21 20:15:07.373 W/Unity   (32078): ZeyWinAds.Core.AdLoader:HandlePreloadFailure(AdType)
05-21 20:15:07.373 W/Unity   (32078): ZeyWinAds.Core.<PreloadAdCoroutine>d__34:MoveNext()
05-21 20:15:07.373 W/Unity   (32078): UnityEngine.SetupCoroutine:InvokeMoveNext(IEnumerator, IntPtr)
05-21 20:15:07.373 W/Unity   (32078): 
05-21 20:15:07.404 I/vendor.qti.bluetooth@1.0-ibs_handler(  695): ProcessIbsCmd: Received IBS_WAKE_IND: 0xFD
05-21 20:15:07.404 D/vendor.qti.bluetooth@1.0-ibs_handler(  695): SerialClockVote: vote for UART CLK ON
05-21 20:15:07.405 D/vendor.qti.bluetooth@1.0-wake_lock(  695): Acquire wakelock is acquired 
05-21 20:15:07.405 I/vendor.qti.bluetooth@1.0-ibs_handler(  695): ProcessIbsCmd: Writing IBS_WAKE_ACK
05-21 20:15:07.406 V/bt_stack( 5466): [VERBOSE1:btm_ble_gap.cc(1847)] btm_ble_process_adv_addr: bda=61:fe:00:44:8e:61
05-21 20:15:07.406 V/bt_stack( 5466): [VERBOSE1:btm_ble_gap.cc(2052)]  Waiting for scan response 61:fe:00:44:8e:61
05-21 20:15:07.445 I/vendor.qti.bluetooth@1.0-ibs_handler(  695): ProcessIbsCmd: Received IBS_SLEEP_IND: 0xFE
05-21 20:15:07.446 D/vendor.qti.bluetooth@1.0-ibs_handler(  695): SerialClockVote: vote for UART CLK OFF
05-21 20:15:07.518 I/SarService( 2665): Receiver polling >>>> Change receiver mode: off
05-21 20:15:07.596 D/vendor.qti.bluetooth@1.0-wake_lock(  695): Release wakelock is released 
05-21 20:15:07.639 D/AF::Track(  797): interceptBuffer: took 870us to intercept 0 tracks
05-21 20:15:07.718 I/SarService( 2665): Receiver polling >>>> Change receiver mode: off
05-21 20:15:07.878 E/Ads     ( 8252): Too many recently failed requests for ad unit ID: ca-app-pub-6988952582458184/7966397807. You must wait a few seconds before making another ad request.
05-21 20:15:07.896 I/Ads     (32078): Ad failed to load : 1
05-21 20:15:07.899 W/Unity   (32078): [AdMobProvider] Banner load failed: Error building request URL: Too many recently failed requests for ad unit ID: ca-app-pub-6988952582458184/7966397807. You must wait a few seconds before making another ad request.
05-21 20:15:07.899 W/Unity   (32078): UnityEngine.DebugLogHandler:Internal_Log(LogType, LogOption, String, Object)
05-21 20:15:07.899 W/Unity   (32078): AdMobProvider:<PreloadBannerAd>b__38_1(LoadAdError)
05-21 20:15:07.899 W/Unity   (32078): System.Reflection.RuntimeMethodInfo:Invoke(Object, BindingFlags, Binder, Object[], CultureInfo)
05-21 20:15:07.899 W/Unity   (32078): UnityEngine.AndroidJavaProxy:Invoke(String, Object[])
05-21 20:15:07.899 W/Unity   (32078): UnityEngine.AndroidJavaProxy:Invoke(String, IntPtr)
05-21 20:15:07.899 W/Unity   (32078): UnityEngine._AndroidJNIHelper:InvokeJavaProxyMethod(AndroidJavaProxy, IntPtr, IntPtr)
05-21 20:15:07.899 W/Unity   (32078): 
05-21 20:15:07.919 I/SarService( 2665): Receiver polling >>>> Change receiver mode: off
05-21 20:15:08.119 I/SarService( 2665): Receiver polling >>>> Change receiver mode: off
05-21 20:15:08.188 I/vendor.qti.bluetooth@1.0-ibs_handler(  695): ProcessIbsCmd: Received IBS_WAKE_IND: 0xFD
05-21 20:15:08.188 D/vendor.qti.bluetooth@1.0-ibs_handler(  695): SerialClockVote: vote for UART CLK ON
05-21 20:15:08.190 D/vendor.qti.bluetooth@1.0-wake_lock(  695): Acquire wakelock is acquired 
05-21 20:15:08.190 I/vendor.qti.bluetooth@1.0-ibs_handler(  695): ProcessIbsCmd: Writing IBS_WAKE_ACK
05-21 20:15:08.192 V/bt_stack( 5466): [VERBOSE1:btm_ble_gap.cc(1847)] btm_ble_process_adv_addr: bda=61:fe:00:44:8e:61
05-21 20:15:08.192 V/bt_stack( 5466): [VERBOSE1:btm_ble_gap.cc(2052)]  Waiting for scan response 61:fe:00:44:8e:61
05-21 20:15:08.231 I/vendor.qti.bluetooth@1.0-ibs_handler(  695): ProcessIbsCmd: Received IBS_SLEEP_IND: 0xFE
05-21 20:15:08.231 D/vendor.qti.bluetooth@1.0-ibs_handler(  695): SerialClockVote: vote for UART CLK OFF
05-21 20:15:08.320 I/SarService( 2665): Receiver polling >>>> Change receiver mode: off
05-21 20:15:08.382 D/vendor.qti.bluetooth@1.0-wake_lock(  695): Release wakelock is released 
05-21 20:15:08.520 I/SarService( 2665): Receiver polling >>>> Change receiver mode: off
05-21 20:15:08.672 I//vendor/bin/hw/vendor.qti.hardware.servicetracker@1.1-service(  738): unbindService is called for service : com.google.android.gms/.ads.AdRequestBrokerService and for client com.playsocialgames.plinko
05-21 20:15:08.672 I//vendor/bin/hw/vendor.qti.hardware.servicetracker@1.1-service(  738): size of service connections for service: com.google.android.gms/.ads.AdRequestBrokerServiceafter removal is 0
05-21 20:15:08.672 I//vendor/bin/hw/vendor.qti.hardware.servicetracker@1.1-service(  738): size of client connections for client: com.playsocialgames.plinkoafter removal is 5
05-21 20:15:08.674 I//vendor/bin/hw/vendor.qti.hardware.servicetracker@1.1-service(  738): destroyService is called for service : com.google.android.gms/.ads.AdRequestBrokerService
05-21 20:15:08.674 D/BoundBrokerSvc( 8252): onUnbind: Intent { act=com.google.android.gms.ads.service.START pkg=com.google.android.gms }
05-21 20:15:08.721 I/SarService( 2665): Receiver polling >>>> Change receiver mode: off
05-21 20:15:08.743 D/MobileSignalController( 2388): updateDataType mSelectedDataTypeIcon[1]=2131232925, mSelectedDataActivityIndex=7
05-21 20:15:08.744 D/TelephonyIcons( 2388): getSignalStrengthIcon: slot=1, inetCondition=1, level=4, roaming=false, signalstrength=SignalStrength:{mCdma=CellSignalStrengthCdma: cdmaDbm=2147483647 cdmaEcio=2147483647 evdoDbm=2147483647 evdoEcio=2147483647 evdoSnr=2147483647 miuiLevel=0 level=0,mGsm=CellSignalStrengthGsm: rssi=2147483647 ber=2147483647 mTa=2147483647 miuiLevel=0 mLevel=0,mWcdma=CellSignalStrengthWcdma: ss=2147483647 ber=2147483647 rscp=2147483647 ecno=2147483647 miuiLevel=0 level=0,mTdscdma=CellSignalStrengthTdscdma: rssi=2147483647 ber=2147483647 rscp=2147483647 miuiLevel=0 level=0,mLte=CellSignalStrengthLte: rssi=-65 rsrp=-101 rsrq=-17 rssnr=44 cqi=2147483647 ta=2147483647 miuiLevel=4 level=2,mNr=CellSignalStrengthNr:{ csiRsrp = 2147483647 csiRsrq = 2147483647 csiSinr = 2147483647 ssRsrp = 2147483647 ssRsrq = 2147483647 ssSinr = 2147483647 miuiLevel = 0 level = 0 },primary=CellSignalStrengthLte}
05-21 20:15:08.744 D/TelephonyIcons( 2388): getDataActivity, slot=1, activity=2
05-21 20:15:08.751 D/TelephonyIcons( 2388): null signal icon name: drawable/stat_sys_signal_null
05-21 20:15:08.752 D/TelephonyIcons( 2388): getDataTypeIcon sub=1
05-21 20:15:08.754 D/SignalClusterView( 2388): updateMobileTypeImage  0
05-21 20:15:08.782 I/chatty  ( 2388): uid=1000(system) com.android.systemui identical 4 lines
05-21 20:15:08.784 D/SignalClusterView( 2388): updateMobileTypeImage  0
05-21 20:15:08.922 I/SarService( 2665): Receiver polling >>>> Change receiver mode: off
05-21 20:15:09.123 I/SarService( 2665): Receiver polling >>>> Change receiver mode: off
05-21 20:15:09.207 I/Unity   (32078): [BannerRotation] warmup current=AdMob, currentReady=False, other=ZeyWin, otherReady=False
05-21 20:15:09.207 I/Unity   (32078): UnityEngine.DebugLogHandler:Internal_Log(LogType, LogOption, String, Object)
05-21 20:15:09.207 I/Unity   (32078): <BannerRotationLoop>d__57:MoveNext()
05-21 20:15:09.207 I/Unity   (32078): UnityEngine.SetupCoroutine:InvokeMoveNext(IEnumerator, IntPtr)
05-21 20:15:09.207 I/Unity   (32078): 
05-21 20:15:09.208 D/AdsUnity(32078): Calling destroy() on Android
05-21 20:15:09.210 I/Unity   (32078): [ZeyWinAds] Preloading Native ad...
05-21 20:15:09.210 I/Unity   (32078): UnityEngine.DebugLogHandler:Internal_Log(LogType, LogOption, String, Object)
05-21 20:15:09.210 I/Unity   (32078): ZeyWinAds.Core.<PreloadAdCoroutine>d__34:MoveNext()
05-21 20:15:09.210 I/Unity   (32078): UnityEngine.SetupCoroutine:InvokeMoveNext(IEnumerator, IntPtr)
05-21 20:15:09.210 I/Unity   (32078): ZeyWinAds.Core.AdLoader:PreloadAd(AdType, Boolean)
05-21 20:15:09.210 I/Unity   (32078): ZeyWinProvider:LoadBanner()
05-21 20:15:09.210 I/Unity   (32078): <BannerRotationLoop>d__57:MoveNext()
05-21 20:15:09.210 I/Unity   (32078): UnityEngine.SetupCoroutine:InvokeMoveNext(IEnumerator, IntPtr)
05-21 20:15:09.210 I/Unity   (32078): 
05-21 20:15:09.211 I/Unity   (32078): [ZeyWinAds] Loading Native ad...
05-21 20:15:09.211 I/Unity   (32078): UnityEngine.DebugLogHandler:Internal_Log(LogType, LogOption, String, Object)
05-21 20:15:09.211 I/Unity   (32078): ZeyWinAds.Ads.BaseAd:Load(Action`1)
05-21 20:15:09.211 I/Unity   (32078): ZeyWinAds.Core.<PreloadAdCoroutine>d__34:MoveNext()
05-21 20:15:09.211 I/Unity   (32078): UnityEngine.SetupCoroutine:InvokeMoveNext(IEnumerator, IntPtr)
05-21 20:15:09.211 I/Unity   (32078): ZeyWinAds.Core.AdLoader:PreloadAd(AdType, Boolean)
05-21 20:15:09.211 I/Unity   (32078): ZeyWinProvider:LoadBanner()
05-21 20:15:09.211 I/Unity   (32078): <BannerRotationLoop>d__57:MoveNext()
05-21 20:15:09.211 I/Unity   (32078): UnityEngine.SetupCoroutine:InvokeMoveNext(IEnumerator, IntPtr)
05-21 20:15:09.211 I/Unity   (32078): 
05-21 20:15:09.214 I/Unity   (32078): [ZeyWinAds] Preloading Banner ad...
05-21 20:15:09.214 I/Unity   (32078): UnityEngine.DebugLogHandler:Internal_Log(LogType, LogOption, String, Object)
05-21 20:15:09.214 I/Unity   (32078): ZeyWinAds.Core.<PreloadAdCoroutine>d__34:MoveNext()
05-21 20:15:09.214 I/Unity   (32078): UnityEngine.SetupCoroutine:InvokeMoveNext(IEnumerator, IntPtr)
05-21 20:15:09.214 I/Unity   (32078): ZeyWinAds.Core.AdLoader:PreloadAd(AdType, Boolean)
05-21 20:15:09.214 I/Unity   (32078): <BannerRotationLoop>d__57:MoveNext()
05-21 20:15:09.214 I/Unity   (32078): UnityEngine.SetupCoroutine:InvokeMoveNext(IEnumerator, IntPtr)
05-21 20:15:09.214 I/Unity   (32078): 
05-21 20:15:09.216 I/Unity   (32078): [ZeyWinAds] Loading Banner ad...
05-21 20:15:09.216 I/Unity   (32078): UnityEngine.DebugLogHandler:Internal_Log(LogType, LogOption, String, Object)
05-21 20:15:09.216 I/Unity   (32078): ZeyWinAds.Ads.BaseAd:Load(Action`1)
05-21 20:15:09.216 I/Unity   (32078): ZeyWinAds.Core.<PreloadAdCoroutine>d__34:MoveNext()
05-21 20:15:09.216 I/Unity   (32078): UnityEngine.SetupCoroutine:InvokeMoveNext(IEnumerator, IntPtr)
05-21 20:15:09.216 I/Unity   (32078): ZeyWinAds.Core.AdLoader:PreloadAd(AdType, Boolean)
05-21 20:15:09.216 I/Unity   (32078): <BannerRotationLoop>d__57:MoveNext()
05-21 20:15:09.216 I/Unity   (32078): UnityEngine.SetupCoroutine:InvokeMoveNext(IEnumerator, IntPtr)
05-21 20:15:09.216 I/Unity   (32078): 
05-21 20:15:09.227 D/ForceDarkHelper(32078): updateByCheckExcludeList: pkg: com.playsocialgames.plinko activity: com.unity3d.player.UnityPlayerActivity@e12c52e
05-21 20:15:09.230 D/AdsUnity(32078): Calling loadAd() on Android
05-21 20:15:09.253 I/DynamiteModule(32078): Considering local module com.google.android.gms.ads.dynamite:0 and remote module com.google.android.gms.ads.dynamite:260480602
05-21 20:15:09.253 I/DynamiteModule(32078): Selected remote version of com.google.android.gms.ads.dynamite, version >= 260480602
05-21 20:15:09.253 V/DynamiteModule(32078): Dynamite loader version >= 2, using loadModule2NoCrashUtils
05-21 20:15:09.258 D/ForceDarkHelper(32078): updateByCheckExcludeList: pkg: com.playsocialgames.plinko activity: com.unity3d.player.UnityPlayerActivity@e12c52e
05-21 20:15:09.262 I/Ads     (32078): Use RequestConfiguration.Builder().setTestDeviceIds(Arrays.asList("080125DC503173128EDCB1313098A927")) to get test ads on this device.
05-21 20:15:09.288 I/AudioManager(32078): In isSpeakerphoneOn(), calling application: com.playsocialgames.plinko
05-21 20:15:09.289 I/AS.AudioDeviceBroker( 1637): In isSpeakerphoneOn(), mForcedUseForCommExt: 0
05-21 20:15:09.292 D/AudioManager(32078): getStreamVolume isRestricted mode = 0
