--------- beginning of main
05-21 17:08:53.967 I/MiuiNetworkPolicy( 1637): updateUidState uid = 10111, uidState = 20
05-21 17:08:54.087 I//vendor/bin/hw/vendor.qti.hardware.servicetracker@1.1-service(  738): destroyService is called for service : com.google.android.gms/.games.chimera.GamesAsyncServiceProxy
--------- beginning of system
05-21 17:08:54.098 I/ActivityManager( 1637): Force stopping com.playsocialgames.plinko appid=10224 user=0: from process:20108
05-21 17:08:54.099 I/AutoStartManagerService( 1637): MIUILOG- Reject RestartService packageName :com.playsocialgames.plinko uid : 10224
05-21 17:08:54.108 D/AggregateListener( 2669): notifyAction action:android.intent.action.PACKAGE_RESTARTED
05-21 17:08:54.109 D/AggregateListener( 2669): onPackageRestarted packageName:com.playsocialgames.plinko
05-21 17:08:54.111 E/PhoneInterfaceManager( 2665): [PhoneIntfMgr] getCarrierPackageNamesForIntent: No UICC
05-21 17:08:54.111 D/CarrierSvcBindHelper( 2665): No carrier app for: 0
05-21 17:08:54.114 D/CarrierSvcBindHelper( 2665): No carrier app for: 1
05-21 17:08:54.127 I/SarService( 2665): Receiver polling >>>> Change receiver mode: off
05-21 17:08:54.148 D/RegisteredServicesCache( 3894):  Reading service state data always from file
05-21 17:08:54.152 D/RegisteredServicesCache( 3894): ServiceStateFileVersion=1.0
05-21 17:08:54.152 E/RegisteredServicesCache( 3894): Next Tag=services
05-21 17:08:54.152 D/RegisteredServicesCache( 3894):  curr component com.google.android.gms/com.google.android.gms.nearby.mediums.nearfieldcommunication.NfcAdvertisingService
05-21 17:08:54.152 D/RegisteredServicesCache( 3894):  curr uid 10188
05-21 17:08:54.153 D/RegisteredServicesCache( 3894):  curr state 1
05-21 17:08:54.153 E/RegisteredServicesCache( 3894): installedServices no uidString 
05-21 17:08:54.153 D/RegisteredServicesCache( 3894):  curr component com.google.android.gms/com.google.android.gms.fido.fido2.ui.hybrid.NfcEmulationService
05-21 17:08:54.153 D/RegisteredServicesCache( 3894):  curr uid 10188
05-21 17:08:54.153 D/RegisteredServicesCache( 3894):  curr state 1
05-21 17:08:54.153 E/RegisteredServicesCache( 3894): installedServices contains uidString : 10188
05-21 17:08:54.153 D/RegisteredServicesCache( 3894):  curr component com.google.android.gms/com.google.android.gms.pay.hce.service.PayHceService
05-21 17:08:54.153 D/RegisteredServicesCache( 3894):  curr uid 10188
05-21 17:08:54.153 D/RegisteredServicesCache( 3894):  curr state 1
05-21 17:08:54.153 E/RegisteredServicesCache( 3894): installedServices contains uidString : 10188
05-21 17:08:54.193 I/ActivityTaskManager( 1637): START u0 {flg=0x10000000 cmp=com.playsocialgames.plinko/com.unity3d.player.UnityPlayerActivity} from uid 2000
05-21 17:08:54.194 D/MiuiMultiWindowAdapter( 1637): MiuiMultiWindowAdapter::getFreeformBlackList::sSmallWindowBlackList = [com.miui.securitycenter, com.miui.weather2, com.miui.miservice, com.android.calendar, com.xiaomi.calendar, com.android.contacts, com.miui.mishare.connectivity, com.android.settings, com.android.printspooler, com.miui.backup, com.miui.huanji, com.miui.calculator, com.android.deskclock, com.android.thememanager, com.mfashiongallery.emag, com.miui.virtualsim, com.miui.smarttravel, com.mi.health, com.android.camera, com.lbe.security.miui, com.miui.cleanmaster, com.miui.newhome, com.miui.voiceassist, com.android.phone, com.miui.yellowpage, com.android.updater, com.miui.tsmclient, com.miui.securitycore, com.xiaomi.account, com.xiaomi.shop, com.xiaomi.smarthome, com.mipay.wallet, com.xiaomi.youpin, com.xiaomi.hm.health, com.miui.bugreport, com.xiaomi.mibrain.speech, com.xiaomi.mimoji, com.xiaomi.scanner, com.duokan.phone.remotecontroller, com.miui.hybrid, com.android.incallui, com.miui.video, com.miui.videoplayer, com.miui.player, com.miui.fm, com.miui.packageinstaller, com.mi.android.globallauncher, com.mi.android.globallauncher-poco, com.google.android.dialer, com.google.android.apps.magazines, com.miui.compass, com.miui.greenguard, com.kiteguard, com.google.android.apps.prodcasts, com.google.ar.lens, com.xiangkan.android, com.android.bankabc, com.sohu.inputmethod.sogou, com.tencent.mtt, com.shyz.toutiao, com.netease.mc.mi, com.outfit7.talkingtomgoldrun.mi, com.doudz.mi, com.wepie.snake.new.mi, cn.jj, com.standddz002.mi, com.miHoYo.bh3.mi, com.qqgame.hlddz, com.happyelements.AndroidAnimal, com.minitech.miniworld.TMobile.mi, com.mfp.jelly.xiaomi, com.lilithgames.afk.mi, com.tencent.peng, com.teenpatti.hd.gold, blockpuzzle.jewelgames.jewelslegend, com.playgendary.tanks, com.chillingo.robberybobfree.android.row, com.episodeinteractive.android.catalog, com.playrix.township, com.ansangha.drdriving, com.google.android.youtube, com.gbits.atm.mi, com.tencent.tetris, com.sukhavati.gotoplaying.bubble.BubbleShooter.mint, com.block.puzzle.game.hippo.mi, com.youzu.bs.mi, com.appsomniacs.da2, com.miHoYo.Yuanshen, com.baidu.BaiduMap, com.google.android.googlequicksearchbox]
05-21 17:08:54.225 E/RegisteredServicesCache( 3894): 1invalidateCache:WriteServiceStateToFile
05-21 17:08:54.225 E/RegisteredServicesCache( 3894):  Writing service state Data Always
05-21 17:08:54.227 E/RegisteredServicesCache( 3894): component namecom.google.android.gms/com.google.android.gms.nearby.mediums.nearfieldcommunication.NfcAdvertisingService
05-21 17:08:54.227 E/RegisteredServicesCache( 3894): component namecom.google.android.gms/com.google.android.gms.fido.fido2.ui.hybrid.NfcEmulationService
05-21 17:08:54.227 E/RegisteredServicesCache( 3894): component namecom.google.android.gms/com.google.android.gms.pay.hce.service.PayHceService
05-21 17:08:54.230 D/RegisteredAidCache( 3894):  Setting GSMA power state325041592E5359532E444446303157
05-21 17:08:54.230 D/RegisteredAidCache( 3894):  AID power state325041592E5359532E444446303157route0
05-21 17:08:54.230 D/RegisteredAidCache( 3894):  Setting GSMA power state4F53452E5641532E303157
05-21 17:08:54.230 D/RegisteredAidCache( 3894):  AID power state4F53452E5641532E303157route0
05-21 17:08:54.230 D/RegisteredAidCache( 3894):  Setting GSMA power stateA000000003101057
05-21 17:08:54.230 D/RegisteredAidCache( 3894):  AID power stateA000000003101057route0
05-21 17:08:54.230 D/RegisteredAidCache( 3894):  Setting GSMA power stateA000000004101057
05-21 17:08:54.230 D/RegisteredAidCache( 3894):  AID power stateA000000004101057route0
05-21 17:08:54.230 D/RegisteredAidCache( 3894):  Setting GSMA power stateA00000047643276C1FDE7A39B9C0571657
05-21 17:08:54.230 D/RegisteredAidCache( 3894):  AID power stateA00000047643276C1FDE7A39B9C0571657route0
05-21 17:08:54.230 D/RegisteredAidCache( 3894):  Setting GSMA power stateA000000476B0000357
05-21 17:08:54.230 D/RegisteredAidCache( 3894):  AID power stateA000000476B0000357route0
05-21 17:08:54.230 D/RegisteredAidCache( 3894):  Setting GSMA power stateA000000476D000011157
05-21 17:08:54.230 D/RegisteredAidCache( 3894):  AID power stateA000000476D000011157route0
05-21 17:08:54.230 D/RegisteredAidCache( 3894):  Setting GSMA power stateA000000940BCB00057
05-21 17:08:54.230 D/RegisteredAidCache( 3894):  AID power stateA000000940BCB00057route0
05-21 17:08:54.230 D/RegisteredAidCache( 3894):  Setting GSMA power stateF00000FE2C57
05-21 17:08:54.230 D/RegisteredAidCache( 3894):  AID power stateF00000FE2C57route0
05-21 17:08:54.233 I/libnfc_nci( 3894): [INFO:phNxpConfig.cpp(926)] find found DEFAULT_AID_ROUTE=(0x2)
05-21 17:08:54.233 I/libnfc_nci( 3894): 
05-21 17:08:54.233 I/libnfc_nci( 3894): [INFO:phNxpConfig.cpp(926)] find found DEFAULT_AID_PWR_STATE=(0x3b)
05-21 17:08:54.233 I/libnfc_nci( 3894): 
05-21 17:08:54.233 D/NfcService( 3894): GetDefaultRouteEntry -- defaultAidRoute : 571
05-21 17:08:54.233 D/NfcService( 3894): GetDefaultRouteLoc -- defaultRouteLoc:2
05-21 17:08:54.233 I/libnfc_nci( 3894): [INFO:phNxpConfig.cpp(926)] find found DEFAULT_AID_ROUTE=(0x2)
05-21 17:08:54.233 I/libnfc_nci( 3894): 
05-21 17:08:54.233 I/libnfc_nci( 3894): [INFO:phNxpConfig.cpp(926)] find found DEFAULT_AID_PWR_STATE=(0x3b)
05-21 17:08:54.233 I/libnfc_nci( 3894): 
05-21 17:08:54.234 D/NfcService( 3894): GetDefaultRouteEntry -- defaultAidRoute : 571
05-21 17:08:54.234 I/libnfc_nci( 3894): [INFO:phNxpConfig.cpp(926)] find found DEFAULT_AID_ROUTE=(0x2)
05-21 17:08:54.234 I/libnfc_nci( 3894): 
05-21 17:08:54.234 I/libnfc_nci( 3894): [INFO:phNxpConfig.cpp(926)] find found DEFAULT_AID_PWR_STATE=(0x3b)
05-21 17:08:54.234 I/libnfc_nci( 3894): 
05-21 17:08:54.234 D/NfcService( 3894): GetDefaultRouteEntry -- defaultAidRoute : 571
05-21 17:08:54.234 D/NfcService( 3894): GetDefaultRouteLoc -- defaultRouteLoc:2
05-21 17:08:54.234 E/AidRoutingManager( 3894): Size of routing table962
05-21 17:08:54.234 D/NfcApduServiceInfo( 3894): updateServiceCommitStatus:Description:Nearby:InternalState:1:commitStatus:true
05-21 17:08:54.234 D/NfcApduServiceInfo( 3894): updateServiceCommitStatus:Description:Fido NFC Emulation Service:InternalState:1:commitStatus:true
05-21 17:08:54.234 D/NfcApduServiceInfo( 3894): updateServiceCommitStatus:Description:Google Гаманець:InternalState:1:commitStatus:true
05-21 17:08:54.235 E/RegisteredServicesCache( 3894): 3updateStatusOfServices:WriteServiceStateToFile
05-21 17:08:54.236 E/RegisteredServicesCache( 3894):  Writing service state Data Always
05-21 17:08:54.236 E/RegisteredServicesCache( 3894): component namecom.google.android.gms/com.google.android.gms.nearby.mediums.nearfieldcommunication.NfcAdvertisingService
05-21 17:08:54.237 E/RegisteredServicesCache( 3894): component namecom.google.android.gms/com.google.android.gms.fido.fido2.ui.hybrid.NfcEmulationService
05-21 17:08:54.237 E/RegisteredServicesCache( 3894): component namecom.google.android.gms/com.google.android.gms.pay.hce.service.PayHceService
05-21 17:08:54.264 D/RegisteredNfcFServicesCache( 3894): Service unchanged, not updating
05-21 17:08:54.265 E/ANDR-PERF-JNI( 1637): com_qualcomm_qtiperformance_native_perf_io_prefetch_start
05-21 17:08:54.267 E/libnfc_nci( 3894): [ERROR:RoutingManager.cpp(1950)] RoutingManager::removeApduRouting: enter
05-21 17:08:54.270 I/libnfc_nci( 3894): [INFO:RoutingManager.cpp(867)] RoutingManager::nfaEeCallback: NFA_EE_REMOVE_APDU_EVT  status=0
05-21 17:08:54.270 E/libnfc_nci( 3894): [ERROR:RoutingManager.cpp(1956)] RoutingManager::removeApduRouting: removed APDU pattern successfully
05-21 17:08:54.293 E/ANDR-IOP(  724): io prefetch is disabled
05-21 17:08:54.300 D/CompatibilityInfo( 1637): mCompatibilityFlags - 0
05-21 17:08:54.300 D/CompatibilityInfo( 1637): applicationDensity - 440
05-21 17:08:54.300 D/CompatibilityInfo( 1637): applicationScale - 1.0
05-21 17:08:54.301 D/ActivityTrigger( 1637): ActivityTrigger activityPauseTrigger 
05-21 17:08:54.310 E/system_server( 1637): Invalid ID 0x00000000.
05-21 17:08:54.313 D/Launcher.Lifecycle( 2695): onPause:UserHandle{0},9b3e,true
05-21 17:08:54.328 I/SarService( 2665): Receiver polling >>>> Change receiver mode: off
05-21 17:08:54.349 D/Launcher_UnlockAnimationStateMachine( 2695): setState:PAUSE_WAIT
05-21 17:08:54.358 W/Activity( 2695): Slow Operation: Activity com.miui.home/.launcher.Launcher onPause took 51ms
05-21 17:08:54.382 D/Launcher_WallpaperUtils( 2695): changeStatusBarMode:false
05-21 17:08:54.382 D/StatusBarController( 2695): handleMessage: flag 800000  disable false
05-21 17:08:54.393 I/MiuiNetworkPolicy( 1637): updateUidState uid = 10224, uidState = 20
05-21 17:08:54.408 D/Zygote  (  607): Forked child process 20121
05-21 17:08:54.410 D/Boost   ( 1637): hostingType=activity, hostingName={com.playsocialgames.plinko/com.unity3d.player.UnityPlayerActivity}, callerPackage=com.android.shell, isSystem=true, isBoostNeeded=false.
05-21 17:08:54.410 D/OemNetd (  606): setPidForPackage: packageName=com.playsocialgames.plinko, pid=20121, pid=10224
05-21 17:08:54.411 I/ActivityManager( 1637): Start proc 20121:com.playsocialgames.plinko/u0a224 for activity {com.playsocialgames.plinko/com.unity3d.player.UnityPlayerActivity} caller=com.android.shell
05-21 17:08:54.415 E/ialgames.plink(20121): Unknown bits set in runtime_flags: 0x20000
05-21 17:08:54.422 E/ialgames.plink(20121): Not starting debugger since process cannot load the jdwp agent.
05-21 17:08:54.434 D/Launcher.Lifecycle( 2695): onWindowFocusChanged:false,UserHandle{0},9b3e,true
05-21 17:08:54.434 D/CompatibilityInfo( 1637): mCompatibilityFlags - 0
05-21 17:08:54.434 D/CompatibilityInfo( 1637): applicationDensity - 440
05-21 17:08:54.434 D/CompatibilityInfo( 1637): applicationScale - 1.0
05-21 17:08:54.439 D/CompatibilityInfo( 1637): mCompatibilityFlags - 0
05-21 17:08:54.439 D/CompatibilityInfo( 1637): applicationDensity - 440
05-21 17:08:54.439 D/CompatibilityInfo( 1637): applicationScale - 1.0
05-21 17:08:54.441 D/AutoInstallService( 7401): onForegroundInfoChanged: com.playsocialgames.plinko
05-21 17:08:54.447 I/GST     (19459): forePkg: com.playsocialgames.plinko, preForePkg: com.miui.home
05-21 17:08:54.450 I/MiuiNetworkPolicy( 1637): updateUidState uid = 10224, uidState = 2
05-21 17:08:54.474 I/ProcessMonitor( 4202): onForegroundInfoChanged: ForegroundInfo{mForegroundPackageName='com.playsocialgames.plinko', mForegroundUid=10224, mForegroundPid=20121, mLastForegroundPackageName='com.miui.home', mLastForegroundUid=10097, mLastForegroundPid=2695, mMultiWindowForegroundPackageName='null', mMultiWindowForegroundUid=-1, mFlags=1}
05-21 17:08:54.475 I/GameBoosterService( 4202): onForegroundInfoChanged: Cur=com.playsocialgames.plinko	 last=com.miui.home
05-21 17:08:54.479 I/SCTaskStackListener( 4202): onTaskStackChanged! inSplit = false
05-21 17:08:54.479 I/SCTaskStackListener( 4202): onTaskStackChanged! inSplit = false
05-21 17:08:54.480 D/GameBoosterService( 4202): onGameStatusChange foreground:ForegroundInfo{mForegroundPackageName='com.playsocialgames.plinko', mForegroundUid=10224, mForegroundPid=20121, mLastForegroundPackageName='com.miui.home', mLastForegroundUid=10097, mLastForegroundPid=2695, mMultiWindowForegroundPackageName='null', mMultiWindowForegroundUid=-1, mFlags=1}
05-21 17:08:54.484 I/VideoBoxUtils( 4202): isSupportVideoBox: false
05-21 17:08:54.484 I/VideoToolBoxService( 4202): vtb is closed!!!
05-21 17:08:54.496 D/PerfEngineController( 6389): ForegroundInfo{mForegroundPackageName='com.playsocialgames.plinko', mForegroundUid=10224, mForegroundPid=20121, mLastForegroundPackageName='com.miui.home', mLastForegroundUid=10097, mLastForegroundPid=2695, mMultiWindowForegroundPackageName='null', mMultiWindowForegroundUid=-1, mFlags=1}
05-21 17:08:54.498 D/PMonitor( 5123):  onForegroundActivitiesChanged:pid = 20121,activity-uid=10224,foregroundActivities=true
05-21 17:08:54.510 I/FeatureParser(20079): can't find willow.xml in assets/device_features/,it may be in /system/etc/device_features
05-21 17:08:54.528 I/SarService( 2665): Receiver polling >>>> Change receiver mode: off
05-21 17:08:54.528 I/Timeline( 1637): Timeline: App_transition_ready time:83262043
05-21 17:08:54.531 E/DeviceLevelUtils( 2388): isLowGpuDevice:1
05-21 17:08:54.501 W//vendor/bin/hw/vendor.qti.hardware.perf@2.0-service|}(  725): type=1400 audit(0.0:22901): avc: denied { open } for comm=41646170744C61756E636820566D path="/proc/30800/cmdline" dev="proc" ino=12074652 scontext=u:r:hal_perf_default:s0 tcontext=u:r:system_server:s0 tclass=file permissive=0
05-21 17:08:54.501 W//vendor/bin/hw/vendor.qti.hardware.perf@2.0-service|}(  725): type=1400 audit(0.0:22902): avc: denied { open } for comm=41646170744C61756E636820566D path="/proc/30359/cmdline" dev="proc" ino=12074654 scontext=u:r:hal_perf_default:s0 tcontext=u:r:system_server:s0 tclass=file permissive=0
05-21 17:08:54.501 W//vendor/bin/hw/vendor.qti.hardware.perf@2.0-service|}(  725): type=1400 audit(0.0:22903): avc: denied { open } for comm=41646170744C61756E636820566D path="/proc/20744/cmdline" dev="proc" ino=12074662 scontext=u:r:hal_perf_default:s0 tcontext=u:r:system_server:s0 tclass=file permissive=0
05-21 17:08:54.618 I/netd    (  606): firewallSetUidRule(2, 10224, 1) <2.43ms>
05-21 17:08:54.629 I/ialgames.plink(20121): The ClassLoaderContext is a special shared library.
05-21 17:08:54.649 D/Launcher_UnlockAnimationStateMachine( 2695): mResetIdleStateRunnable
05-21 17:08:54.675 I/Perf    (20121): Connecting to perf service.
05-21 17:08:54.671 W/com.google.android.googlequicksearchbox:googleapp(20079): type=1400 audit(0.0:22904): avc: denied { read } for comm=426C6F636B696E6720546872656164 name="u:object_r:vendor_default_prop:s0" dev="tmpfs" ino=23734 scontext=u:r:priv_app:s0:c512,c768 tcontext=u:object_r:vendor_default_prop:s0 tclass=file permissive=0
05-21 17:08:54.683 E/libc    (20079): Access denied finding property "ro.vendor.df.effect.conflict"
05-21 17:08:54.728 I/SarService( 2665): Receiver polling >>>> Change receiver mode: off
05-21 17:08:54.778 D/WM-WrkMgrInitializer(20121): Initializing WorkManager with default configuration.
05-21 17:08:54.807 I/FeatureParser(20121): can't find willow.xml in assets/device_features/,it may be in /system/etc/device_features
05-21 17:08:54.801 W/ialgames.plinko(20121): type=1400 audit(0.0:22905): avc: denied { read } for name="u:object_r:vendor_default_prop:s0" dev="tmpfs" ino=23734 scontext=u:r:untrusted_app:s0:c224,c256,c512,c768 tcontext=u:object_r:vendor_default_prop:s0 tclass=file permissive=0
05-21 17:08:54.809 E/libc    (20121): Access denied finding property "ro.vendor.df.effect.conflict"
05-21 17:08:54.841 E/DeviceLevelUtils( 2388): isLowGpuDevice:1
05-21 17:08:54.842 D/StatusBar( 2388): disable<e i a s b h r c s > disable2<q i n g r >
05-21 17:08:54.842 D/StatusBarClock( 2388):  isNormalMode= true clock visible=true
05-21 17:08:54.915 D/ForceDarkHelper(20121): updateByCheckExcludeList: pkg: com.playsocialgames.plinko activity: com.unity3d.player.UnityPlayerActivity@77f26e1
05-21 17:08:54.919 I/chatty  (20121): uid=10224(com.playsocialgames.plinko) identical 1 line
05-21 17:08:54.920 D/ForceDarkHelper(20121): updateByCheckExcludeList: pkg: com.playsocialgames.plinko activity: com.unity3d.player.UnityPlayerActivity@77f26e1
05-21 17:08:54.928 I/SarService( 2665): Receiver polling >>>> Change receiver mode: off
05-21 17:08:54.937 D/MobileSignalController( 2388): onSignalStrengthsChanged: SignalStrength:{mCdma=CellSignalStrengthCdma: cdmaDbm=2147483647 cdmaEcio=2147483647 evdoDbm=2147483647 evdoEcio=2147483647 evdoSnr=2147483647 miuiLevel=0 level=0,mGsm=CellSignalStrengthGsm: rssi=2147483647 ber=2147483647 mTa=2147483647 miuiLevel=0 mLevel=0,mWcdma=CellSignalStrengthWcdma: ss=2147483647 ber=2147483647 rscp=2147483647 ecno=2147483647 miuiLevel=0 level=0,mTdscdma=CellSignalStrengthTdscdma: rssi=2147483647 ber=2147483647 rscp=2147483647 miuiLevel=0 level=0,mLte=CellSignalStrengthLte: rssi=-69 rsrp=-101 rsrq=-17 rssnr=52 cqi=2147483647 ta=2147483647 miuiLevel=4 level=3,mNr=CellSignalStrengthNr:{ csiRsrp = 2147483647 csiRsrq = 2147483647 csiSinr = 2147483647 ssRsrp = 2147483647 ssRsrq = 2147483647 ssSinr = 2147483647 miuiLevel = 0 level = 0 },primary=CellSignalStrengthLte}
05-21 17:08:54.937 D/NetworkController.MobileSignalController(1)( 2388): 4G level = 4
05-21 17:08:54.946 D/MobileSignalController( 2388): updateDataType mSelectedDataTypeIcon[1]=2131232924, mSelectedDataActivityIndex=6
05-21 17:08:54.946 D/TelephonyIcons( 2388): getSignalStrengthIcon: slot=1, inetCondition=1, level=4, roaming=false, signalstrength=SignalStrength:{mCdma=CellSignalStrengthCdma: cdmaDbm=2147483647 cdmaEcio=2147483647 evdoDbm=2147483647 evdoEcio=2147483647 evdoSnr=2147483647 miuiLevel=0 level=0,mGsm=CellSignalStrengthGsm: rssi=2147483647 ber=2147483647 mTa=2147483647 miuiLevel=0 mLevel=0,mWcdma=CellSignalStrengthWcdma: ss=2147483647 ber=2147483647 rscp=2147483647 ecno=2147483647 miuiLevel=0 level=0,mTdscdma=CellSignalStrengthTdscdma: rssi=2147483647 ber=2147483647 rscp=2147483647 miuiLevel=0 level=0,mLte=CellSignalStrengthLte: rssi=-69 rsrp=-101 rsrq=-17 rssnr=52 cqi=2147483647 ta=2147483647 miuiLevel=4 level=3,mNr=CellSignalStrengthNr:{ csiRsrp = 2147483647 csiRsrq = 2147483647 csiSinr = 2147483647 ssRsrp = 2147483647 ssRsrq = 2147483647 ssSinr = 2147483647 miuiLevel = 0 level = 0 },primary=CellSignalStrengthLte}
05-21 17:08:54.946 D/TelephonyIcons( 2388): getDataActivity, slot=1, activity=0
05-21 17:08:54.947 D/TelephonyIcons( 2388): null signal icon name: drawable/stat_sys_signal_null
05-21 17:08:54.947 D/TelephonyIcons( 2388): getDataTypeIcon sub=1
05-21 17:08:54.948 D/SignalClusterView( 2388): updateMobileTypeImage  0
05-21 17:08:54.949 I//vendor/bin/hw/vendor.qti.hardware.servicetracker@1.1-service(  738): bindService is called for service : com.google.android.gms/.chimera.PersistentApiService and for client com.google.android.googlequicksearchbox:googleapp
05-21 17:08:54.949 D/SignalClusterView( 2388): updateMobileTypeImage  0
05-21 17:08:54.949 I//vendor/bin/hw/vendor.qti.hardware.servicetracker@1.1-service(  738): total connections for service : com.google.android.gms/.chimera.PersistentApiServiceare :25
05-21 17:08:54.949 I//vendor/bin/hw/vendor.qti.hardware.servicetracker@1.1-service(  738): total connections for client : com.google.android.googlequicksearchbox:googleappare :1
05-21 17:08:54.950 D/SignalClusterView( 2388): updateMobileTypeImage  0
05-21 17:08:54.959 I/chatty  ( 2388): uid=1000(system) com.android.systemui identical 1 line
05-21 17:08:54.960 D/SignalClusterView( 2388): updateMobileTypeImage  0
05-21 17:08:54.961 D/ForceDarkHelper(20121): updateByCheckExcludeList: pkg: com.playsocialgames.plinko activity: com.unity3d.player.UnityPlayerActivity@77f26e1
05-21 17:08:54.961 D/SignalClusterView( 2388): updateMobileTypeImage  0
05-21 17:08:54.963 D/ForceDarkHelper(20121): updateByCheckExcludeList: pkg: com.playsocialgames.plinko activity: com.unity3d.player.UnityPlayerActivity@77f26e1
05-21 17:08:54.967 D/EventBus( 2388): [2388, u0] send(AppTransitionFinishedEvent)
05-21 17:08:54.969 D/EventBus( 2388): [2388, u0]  -> ForcedResizableInfoActivityController [0xb097772, P1] onBusEvent(AppTransitionFinishedEvent)
05-21 17:08:54.978 D/EventBus( 2388): [2388, u0] onBusEvent(AppTransitionFinishedEvent) duration: 8161 microseconds, avg: 1768
05-21 17:08:54.979 D/ForceDarkHelper(20121): updateByCheckExcludeList: pkg: com.playsocialgames.plinko activity: com.unity3d.player.UnityPlayerActivity@77f26e1
05-21 17:08:55.129 I/SarService( 2665): Receiver polling >>>> Change receiver mode: off
05-21 17:08:55.209 I/IL2CPP  (20121): JNI_OnLoad
05-21 17:08:55.209 V/Unity   (20121): Context Type: ActivityOrService
05-21 17:08:55.237 D/AudioManager(20121): getStreamVolume isRestricted mode = 0
05-21 17:08:55.269 D/ForceDarkHelper(20121): com.playsocialgames.plinko force enable hardware acceleration
05-21 17:08:55.288 E/WindowManager( 1637): App trying to use insecure INPUT_FEATURE_NO_INPUT_CHANNEL flag. Ignoring
05-21 17:08:55.293 W/Looper  (20121): Slow Looper main: Activity com.playsocialgames.plinko/com.unity3d.player.UnityPlayerActivity is 359ms late (wall=480ms running=110ms ClientTransaction{ callbacks=[android.app.servertransaction.LaunchActivityItem] lifecycleRequest=android.app.servertransaction.ResumeActivityItem }) because of 1 msg, msg 1 took 359ms (seq=2 running=106ms runnable=10ms io=105ms late=2ms h=android.app.ActivityThread$H w=110)
05-21 17:08:55.293 W/Looper  (20121): Slow Looper main: Activity com.playsocialgames.plinko/com.unity3d.player.UnityPlayerActivity is 839ms late (wall=0ms running=0ms ClientTransaction{ callbacks=[android.app.servertransaction.TopResumedActivityChangeItem] }) because of 2 msg, msg 1 took 359ms (seq=2 running=106ms runnable=10ms io=105ms late=2ms h=android.app.ActivityThread$H w=110), msg 2 took 480ms (seq=3 running=110ms runnable=16ms io=219ms late=359ms h=android.app.ActivityThread$H w=159)
05-21 17:08:55.302 I/MiuiKnockGestureService( 1637): focus window:com.playsocialgames.plinko
05-21 17:08:55.314 I/Timeline( 1637): Timeline: App_transition_stopped time:83262829
05-21 17:08:55.316 D/EventBus( 2388): [2388, u0] send(AppTransitionFinishedEvent)
05-21 17:08:55.316 D/EventBus( 2388): [2388, u0]  -> ForcedResizableInfoActivityController [0xb097772, P1] onBusEvent(AppTransitionFinishedEvent)
05-21 17:08:55.316 D/EventBus( 2388): [2388, u0] onBusEvent(AppTransitionFinishedEvent) duration: 21 microseconds, avg: 1768
05-21 17:08:55.329 I/SarService( 2665): Receiver polling >>>> Change receiver mode: off
05-21 17:08:55.367 D/SurfaceView(20121): UPDATE null, mIsCastMode = false
05-21 17:08:55.377 I/eekc    (20079): SslGuard completed installation.
05-21 17:08:55.385 I/AdrenoGLES(20121): QUALCOMM build                   : d20ce1a, Ia11ce2d146
05-21 17:08:55.385 I/AdrenoGLES(20121): Build Date                       : 12/15/20
05-21 17:08:55.385 I/AdrenoGLES(20121): OpenGL ES Shader Compiler Version: EV031.27.05.03
05-21 17:08:55.385 I/AdrenoGLES(20121): Local Branch                     : 
05-21 17:08:55.385 I/AdrenoGLES(20121): Remote Branch                    : refs/tags/AU_LINUX_ANDROID_LA.UM.8.11.R1.10.00.00.576.024
05-21 17:08:55.385 I/AdrenoGLES(20121): Remote Branch                    : NONE
05-21 17:08:55.385 I/AdrenoGLES(20121): Reconstruct Branch               : NOTHING
05-21 17:08:55.385 I/AdrenoGLES(20121): Build Config                     : S P 8.0.12 AArch64
05-21 17:08:55.420 I/AdrenoGLES(20121): PFP: 0x016ee187, ME: 0x00000000
05-21 17:08:55.463 I//vendor/bin/hw/vendor.qti.hardware.servicetracker@1.1-service(  738): destroyService is called for service : com.google.android.gms/.chimera.PersistentIntentOperationService
05-21 17:08:55.530 I/SarService( 2665): Receiver polling >>>> Change receiver mode: off
05-21 17:08:55.532 I/hwservicemanager(  485): getTransport: Cannot find entry android.hardware.graphics.mapper@3.0::IMapper/default in either framework or device manifest.
05-21 17:08:55.532 W/Gralloc3(20121): mapper 3.x is not supported
05-21 17:08:55.546 I//vendor/bin/hw/vendor.qti.hardware.servicetracker@1.1-service(  738): bindService is called for service : com.google.android.gms/.chimera.GmsApiService and for client com.google.android.googlequicksearchbox:googleapp
05-21 17:08:55.546 I//vendor/bin/hw/vendor.qti.hardware.servicetracker@1.1-service(  738): total connections for service : com.google.android.gms/.chimera.GmsApiServiceare :1
05-21 17:08:55.546 I//vendor/bin/hw/vendor.qti.hardware.servicetracker@1.1-service(  738): total connections for client : com.google.android.googlequicksearchbox:googleappare :2
05-21 17:08:55.547 E/PowerKeeper.Event( 6389): oops, parse AM_RESTART_ACTIVITY_AI parameter error
05-21 17:08:55.547 I/Timeline( 1637): Timeline: Activity_windows_visible id: ActivityRecord{aa5fd4c u0 com.playsocialgames.plinko/com.unity3d.player.UnityPlayerActivity t3610} time:83263062
05-21 17:08:55.550 W/BpBinder(20113): Slow Binder: BpBinder transact took 1359 ms, interface=android.app.IActivityManager, code=1598246212 oneway=false
05-21 17:08:55.558 I/ActivityTaskManager( 1637): Displayed com.playsocialgames.plinko/com.unity3d.player.UnityPlayerActivity: +1s353ms
05-21 17:08:55.561 D/CompatibilityInfo( 1637): mCompatibilityFlags - 0
05-21 17:08:55.561 D/CompatibilityInfo( 1637): applicationDensity - 440
05-21 17:08:55.561 D/CompatibilityInfo( 1637): applicationScale - 1.0
05-21 17:08:55.565 I//vendor/bin/hw/vendor.qti.hardware.servicetracker@1.1-service(  738): startService() is called for servicecom.google.android.gms/.chimera.GmsApiService
05-21 17:08:55.588 D/BoundBrokerSvc( 8252): onBind: Intent { act=com.google.android.mobstore.service.START pkg=com.google.android.gms }
05-21 17:08:55.588 D/BoundBrokerSvc( 8252): Loading bound service for intent: Intent { act=com.google.android.mobstore.service.START pkg=com.google.android.gms }
05-21 17:08:55.592 I/Unity   (20121): MemoryManager: Using 'Dynamic Heap' Allocator.
05-21 17:08:55.598 D/ActivityTrigger( 1637): ActivityTrigger activityStopTrigger 
05-21 17:08:55.604 D/Launcher.Lifecycle( 2695): onStop:UserHandle{0},9b3e,false
05-21 17:08:55.604 I/MiuiNetworkPolicy( 1637): updateUidState uid = 10097, uidState = 6
05-21 17:08:55.613 I//vendor/bin/hw/vendor.qti.hardware.servicetracker@1.1-service(  738): unbindService is called for service : com.mi.android.globalminusscreen/com.google.mi.apps.gsa.nowoverlayservice.DrawerOverlayService and for client com.miui.home
05-21 17:08:55.628 D/PMonitor( 5123):  onForegroundActivitiesChanged:pid = 2695,activity-uid=10097,foregroundActivities=false
05-21 17:08:55.673 I/GoogleInputMethodService( 3692): GoogleInputMethodService.onFinishInput():2259 
05-21 17:08:55.679 I/Module  ( 3692): DeviceLockedStatusModuleProvider$Module.updateDeviceLockedStatus():103 repeatCheckTimes = 0, locked = false
05-21 17:08:55.685 W/chbox:googleap(20079): Verification of void dhsi.a() took 109.691ms
05-21 17:08:55.730 I/SarService( 2665): Receiver polling >>>> Change receiver mode: off
05-21 17:08:55.730 I/GoogleInputMethodService( 3692): GoogleInputMethodService.onStartInput():1446 onStartInput(EditorInfo{EditorInfo{packageName=com.playsocialgames.plinko, inputType=0, inputTypeString=NULL, enableLearning=false, autoCorrection=false, autoComplete=false, imeOptions=0, privateImeOptions=null, actionName=UNSPECIFIED, actionLabel=null, initialSelStart=-1, initialSelEnd=-1, initialCapsMode=0, label=null, fieldId=2131165501, fieldName=null, extras=null, hintText=null, hintLocales=[]}}, false)
05-21 17:08:55.742 I/Module  ( 3692): DeviceLockedStatusModuleProvider$Module.updateDeviceLockedStatus():103 repeatCheckTimes = 1, locked = false
05-21 17:08:55.807 I//vendor/bin/hw/vendor.qti.hardware.servicetracker@1.1-service(  738): unbindService is called for service : com.google.android.gms/.chimera.GmsBoundBrokerService and for client com.android.vending
05-21 17:08:55.807 I//vendor/bin/hw/vendor.qti.hardware.servicetracker@1.1-service(  738): size of service connections for service: com.google.android.gms/.chimera.GmsBoundBrokerServiceafter removal is 0
05-21 17:08:55.807 I//vendor/bin/hw/vendor.qti.hardware.servicetracker@1.1-service(  738): size of client connections for client: com.android.vendingafter removal is 2
05-21 17:08:55.807 I//vendor/bin/hw/vendor.qti.hardware.servicetracker@1.1-service(  738): destroyService is called for service : com.google.android.gms/.chimera.GmsBoundBrokerService
05-21 17:08:55.808 D/BoundBrokerSvc( 8252): onUnbind: Intent { act=com.google.android.gms.safetynet.service.START pkg=com.google.android.gms }
05-21 17:08:55.810 I//vendor/bin/hw/vendor.qti.hardware.servicetracker@1.1-service(  738): unbindService is called for service : com.google.android.gms/.chimera.PersistentDirectBootAwareApiService and for client com.android.vending
05-21 17:08:55.811 I//vendor/bin/hw/vendor.qti.hardware.servicetracker@1.1-service(  738): size of client connections for client: com.android.vendingafter removal is 1
05-21 17:08:55.816 I/Unity   (20121): SystemInfo CPU = ARM64 FP ASIMD AES, Cores = 8, Memory = 2645mb
05-21 17:08:55.816 I/Unity   (20121): SystemInfo ARM big.LITTLE configuration: 4 big (mask: 0xf0), 4 little (mask: 0xf)
05-21 17:08:55.817 I/Unity   (20121): ApplicationInfo 'com.playsocialgames.plinko', Version '1.0.6', Min API Level '23', Target API Level '36'
05-21 17:08:55.817 I/Unity   (20121): Built from '6000.0/respin/6000.0.71f1-8308b6469260' branch, Version '6000.0.71f1 (907bc2d768b5)', Build type 'Release', Scripting Backend 'il2cpp', CPU 'arm64-v8a', Stripping 'Enabled'
05-21 17:08:55.817 I/Unity   (20121): Device Model 'Xiaomi Redmi Note 8T', OS 'Android OS 10 (API 29)'
05-21 17:08:55.900 I//vendor/bin/hw/vendor.qti.hardware.servicetracker@1.1-service(  738): bindService is called for service : com.google.android.gms/.chimera.PersistentBoundBrokerService and for client com.google.android.googlequicksearchbox:googleapp
05-21 17:08:55.900 I//vendor/bin/hw/vendor.qti.hardware.servicetracker@1.1-service(  738): total connections for service : com.google.android.gms/.chimera.PersistentBoundBrokerServiceare :4
05-21 17:08:55.900 I//vendor/bin/hw/vendor.qti.hardware.servicetracker@1.1-service(  738): total connections for client : com.google.android.googlequicksearchbox:googleappare :3
05-21 17:08:55.930 I/SarService( 2665): Receiver polling >>>> Change receiver mode: off
05-21 17:08:55.966 E/libprocessgroup(20121): set_timerslack_ns write failed: Operation not permitted
05-21 17:08:55.969 I/chatty  (20121): uid=10224(com.playsocialgames.plinko) UnityMain identical 14 lines
05-21 17:08:55.969 E/libprocessgroup(20121): set_timerslack_ns write failed: Operation not permitted
05-21 17:08:55.982 I/crvv    (20079): Initializing GMS Compliance Client Library...
05-21 17:08:55.983 I/crvv    (20079): Checking for device compliance...
05-21 17:08:55.983 I/crvv    (20079): Completed library init.
05-21 17:08:55.986 I/Unity   (20121): Company Name: playsocialgames
05-21 17:08:55.986 I/Unity   (20121): Product Name: Plinko
05-21 17:08:56.002 W/Looper  (20079): Slow Looper main: Long Msg: seq=2 plan=17:08:52.810  late=15ms wall=3163ms running=604ms runnable=34ms io=2332ms h=android.app.ActivityThread$H w=110
05-21 17:08:56.017 I/GnpSdk  (20079): (REDACTED) Intent received for action [%s] package [%s].
05-21 17:08:56.017 I/GnpSdk  (20079): Phenotype initialized.
05-21 17:08:56.029 I/AAudio  (20121): AAudioStreamBuilder_openStream() called ----------------------------------------
05-21 17:08:56.029 I/AudioStreamBuilder(20121): rate   =  24000, channels  = 2, format   = 5, sharing = SH, dir = OUTPUT
05-21 17:08:56.029 I/AudioStreamBuilder(20121): device =      0, sessionId = 0, perfMode = 12, callback: ON with frames = 512
05-21 17:08:56.029 I/AudioStreamBuilder(20121): usage  =      0, contentType = 0, inputPreset = 0, allowedCapturePolicy = 0
05-21 17:08:56.029 D/AudioStreamBuilder(20121): build() MMAP not available because sessionId used.
05-21 17:08:56.029 D/        (20121): PlayerBase::PlayerBase()
05-21 17:08:56.031 D/AudioStreamTrack(20121): open(), request notificationFrames = 512, frameCount = 8192
05-21 17:08:56.032 D/AudioTrack(20121): get packages (com.playsocialgames.plinko) for calling UID 10224
05-21 17:08:56.032 D/AudioTrack(20121): set(): Force removing AUDIO_OUTPUT_FLAG_RAW
05-21 17:08:56.036 I/GnpSdk  (20079): (REDACTED) Validation OK for action [%s].
05-21 17:08:56.054 I//vendor/bin/hw/vendor.qti.hardware.servicetracker@1.1-service(  738): bindService is called for service : com.google.android.gms/.chimera.PersistentDirectBootAwareApiService and for client com.google.android.googlequicksearchbox:googleapp
05-21 17:08:56.054 I//vendor/bin/hw/vendor.qti.hardware.servicetracker@1.1-service(  738): total connections for service : com.google.android.gms/.chimera.PersistentDirectBootAwareApiServiceare :20
05-21 17:08:56.054 I//vendor/bin/hw/vendor.qti.hardware.servicetracker@1.1-service(  738): total connections for client : com.google.android.googlequicksearchbox:googleappare :4
05-21 17:08:56.130 I/SarService( 2665): Receiver polling >>>> Change receiver mode: off
05-21 17:08:56.140 D/audio_hw_primary(  692): adev_get_parameters:audio_game_sound_volume_gap_switch
05-21 17:08:56.146 D/audio_hw_spkr_prot(  692): fbsp_get_parameters: Speaker protection disabled
05-21 17:08:56.146 D/soundtrigger(  692): audio_extn_sound_trigger_get_parameters input string<audio_game_sound_volume_gap_switch=>
05-21 17:08:56.146 D/soundtrigger(  692): extract_sm_handle input string <audio_game_sound_volume_gap_switch=> param string <audio_game_sound_volume_gap_switch=>
05-21 17:08:56.146 D/audio_hw_extn(  692): audio_extn_fm_get_parameters: Enter
05-21 17:08:56.146 I/GnpSdk  (20079): (REDACTED) Submitting Broadcast execution [%d] to tiktok executor.
05-21 17:08:56.148 I/GnpSdk  (20079): (REDACTED) Executing action in BroadcastReceiver [%s].
05-21 17:08:56.148 D/audio_hw_extn(  692): audio_extn_get_parameters: returns 
05-21 17:08:56.148 I/GnpSdk  (20079): (REDACTED) Executing async action [%s] in Coroutine Scope.
05-21 17:08:56.151 D/audio_hw_primary(  692): adev_get_parameters: exit: returns - 
05-21 17:08:56.154 I/hash_map_utils(  797): key: 'audio_game_sound_volume_gap_switch' value: ''
05-21 17:08:56.159 D/APM_AudioPolicyManager(  797): getOutputForAttrInt() device {type:0x2,@:}, sampling rate 24000, format 0x5, channel mask 0x3, flags 0x4 stream AUDIO_STREAM_MUSIC
05-21 17:08:56.159 D/audio_hw_primary(  692): adev_get_parameters:vr_audio_mode_on
05-21 17:08:56.159 I/audio_hw_primary(  692): getting vr mode to 0
05-21 17:08:56.159 D/audio_hw_primary(  692): adev_get_parameters: exit: returns - vr_audio_mode_on=false
05-21 17:08:56.159 I/hash_map_utils(  797): key: 'vr_audio_mode_on' value: ''
05-21 17:08:56.159 I/AudioPolicyManagerCustom(  797): VR mode is 0, switch to primary output if request is for fast|raw
05-21 17:08:56.160 D/APM_AudioPolicyManager(  797): getOutputForAttrInt returns output 13 selectedDeviceId 3
05-21 17:08:56.160 D/APM_AudioPolicyManager(  797): getOutputForAttr() returns output 13 requestedPortId 0 selectedDeviceId 3 for port ID 401
05-21 17:08:56.160 W/AudioFlinger(  797): Client adjusted notificationFrames from 512 to 480 for frameCount 8192
05-21 17:08:56.163 D/AF::TrackHandle(  797): OpPlayAudio: track:411 usage:1 not muted
05-21 17:08:56.165 I//vendor/bin/hw/vendor.qti.hardware.servicetracker@1.1-service(  738): bindService is called for service : com.android.vending/com.google.android.finsky.scheduler.process.mainimpl.PhoneskyJobServiceMain and for client system
05-21 17:08:56.165 I//vendor/bin/hw/vendor.qti.hardware.servicetracker@1.1-service(  738): total connections for service : com.android.vending/com.google.android.finsky.scheduler.process.mainimpl.PhoneskyJobServiceMainare :1
05-21 17:08:56.165 I//vendor/bin/hw/vendor.qti.hardware.servicetracker@1.1-service(  738): total connections for client : systemare :16
05-21 17:08:56.165 D/compress_voip(  692): compress_voip_out_get_parameters: enter
05-21 17:08:56.166 W/AudioTrack(20121): createTrack_l(0): AUDIO_OUTPUT_FLAG_FAST denied by server; frameCount 8192 -> 8192
05-21 17:08:56.167 D/CompatibilityInfo( 1637): mCompatibilityFlags - 0
05-21 17:08:56.167 D/CompatibilityInfo( 1637): applicationDensity - 440
05-21 17:08:56.167 D/CompatibilityInfo( 1637): applicationScale - 1.0
05-21 17:08:56.167 W/AudioStreamTrack(20121): open() flags changed from 0x00000004 to 0x00000000
05-21 17:08:56.167 W/AudioStreamTrack(20121): open() perfMode changed from 12 to 10
05-21 17:08:56.168 I/AAudio  (20121): AAudioStreamBuilder_openStream() returns 0 = AAUDIO_OK for s#1 ----------------
05-21 17:08:56.169 D/AAudio  (20121): AAudioStream_requestStart(s#1) called --------------
05-21 17:08:56.169 I/MiuiNetworkPolicy( 1637): updateUidState uid = 10176, uidState = 9
05-21 17:08:56.176 I//vendor/bin/hw/vendor.qti.hardware.servicetracker@1.1-service(  738): startService() is called for servicecom.android.vending/com.google.android.finsky.scheduler.process.mainimpl.PhoneskyJobServiceMain
05-21 17:08:56.233 D/APM_AudioPolicyManager(  797): startOutput portId 401
05-21 17:08:56.233 D/APM_AudioPolicyManager(  797): getNewOutputDevices selected devices {type:0x2,@:}
05-21 17:08:56.235 E/AudioFlinger(  797): open /proc/20121/cmdline error
05-21 17:08:56.235 I/AudioFlinger(  797): setAppName(), name=[], active=[1]
05-21 17:08:56.236 V/EffectMiSound(  692): MiSound_command() start, cmdCode=24
05-21 17:08:56.236 V/EffectMiSound(  692): MiSound_Command EFFECT_CMD_SET_APP_NAME: stream=3, name=+
05-21 17:08:56.236 D/        (20121): PlayerBase::start() from IPlayer
05-21 17:08:56.236 D/AAudio  (20121): AAudioStream_requestStart(s#1) returned 0 ---------
05-21 17:08:56.236 D/AudioStreamLegacy(20121): onAudioDeviceUpdate() devId 3 => 3
05-21 17:08:56.237 D/MediaSessionStack( 1637): Search one active MediaSession due to mMediaButtonSession is null or inactive
05-21 17:08:56.237 D/MediaSessionStack( 1637): Pick the one at tail as mediaButtonSession
05-21 17:08:56.237 D/MediaSessionStack( 1637): Search one active MediaSession due to mMediaButtonSession is null or inactive
05-21 17:08:56.237 D/MediaSessionStack( 1637): Pick the one at tail as mediaButtonSession
05-21 17:08:56.237 D/MediaSessionStack( 1637): Search one active MediaSession due to mMediaButtonSession is null or inactive
05-21 17:08:56.237 D/MediaSessionStack( 1637): Pick the one at tail as mediaButtonSession
05-21 17:08:56.237 D/MediaSessionStack( 1637): Search one active MediaSession due to mMediaButtonSession is null or inactive
05-21 17:08:56.237 D/MediaSessionStack( 1637): Pick the one at tail as mediaButtonSession
05-21 17:08:56.241 D/ProcessManager( 1637): add audio active uid : 10224
05-21 17:08:56.242 E/volume_listener(  692): check_and_set_gain_dep_cal: Failed to set gain dep cal level
05-21 17:08:56.243 E/volume_listener(  692): check_and_set_gain_dep_cal: Failed to set gain dep cal level
05-21 17:08:56.244 D/audio_hw_primary(  692): start_output_stream: enter: stream(0xeb0dc000)usecase(1: low-latency-playback) devices(0x2) is_haptic_usecase(0)
05-21 17:08:56.248 D/audio_hw_primary(  692): select_devices for use case (low-latency-playback)
05-21 17:08:56.249 I/msm8974_platform(  692): platform_check_and_set_codec_backend_cfg:becf: afe: bitwidth 24, samplerate 48000 channels 2, backend_idx 0 usecase = 1 device (speaker)
05-21 17:08:56.249 D/msm8974_platform(  692): platform_split_snd_device: snd_device(2) num devices(1) new_snd_devices(0)
05-21 17:08:56.249 I/msm8974_platform(  692): platform_check_and_set_codec_backend_cfg: new_snd_devices[0] is 2
05-21 17:08:56.252 D/msm8974_platform(  692): platform_reset_headphones_backend_cfg set headphones to S16_LE when select headphones, snd_device 2 
05-21 17:08:56.253 I/msm8974_platform(  692): platform_check_codec_backend_cfg:becf: afe: bitwidth 24, samplerate 48000 channels 2, backend_idx 0 usecase = 1 device (speaker)
05-21 17:08:56.256 D/audio_hw_extn(  692): audio_extn_enable_hifi_filter: mixer_value set 0
05-21 17:08:56.256 D/msm8974_platform(  692): platform_check_codec_backend_cfg:becf: updated afe: bitwidth 24, samplerate 48000 channels 2,backend_idx 0 usecase = 1 device (speaker)
05-21 17:08:56.256 D/msm8974_platform(  692): platform_check_codec_backend_cfg:becf: afe: playback on codec device not supporting native playback set default Sample Rate(48k)
05-21 17:08:56.256 I/msm8974_platform(  692): platform_check_codec_backend_cfg:becf: afe: Codec selected backend: 0 updated bit width: 24 and sample rate: 48000
05-21 17:08:56.256 D/audio_hw_primary(  692): check_usecases_codec_backend:becf: force routing 0
05-21 17:08:56.256 E/msm8974_platform(  692): platform_check_backends_match: Invalid snd_device = 
05-21 17:08:56.256 D/audio_hw_primary(  692): check_usecases_codec_backend:becf: (72) check_usecases curr device: speaker, usecase device: backends match 0
05-21 17:08:56.256 D/audio_hw_primary(  692): check_usecases_codec_backend:becf: check_usecases num.of Usecases to switch 0
05-21 17:08:56.256 D/hardware_info(  692): hw_info_append_hw_type : device_name = speaker
05-21 17:08:56.256 D/audio_hw_spkr_dsm(  692): audio_extn_spkr_dsm_start_processing: Entry
05-21 17:08:56.256 D/audio_hw_spkr_dsm(  692): audio_extn_spkr_dsm_start_processing: start
05-21 17:08:56.257 D/msm8974_platform(  692): platform_split_snd_device: snd_device(198) num devices(1) new_snd_devices(0)
05-21 17:08:56.257 D/msm8974_platform(  692): Resetting app type for Tx path to default
05-21 17:08:56.258 D/ACDB-LOADER(  692): ACDB -> send_audio_cal, acdb_id = 102, path = 1, app id = 0x11132, sample rate = 8000, afe_sample_rate = 8000
05-21 17:08:56.258 D/ACDB-LOADER(  692): ACDB -> send_asm_topology
05-21 17:08:56.258 D/ACDB-LOADER(  692): ACDB -> ACDB_CMD_GET_AUDPROC_STREAM_TOPOLOGY_ID
05-21 17:08:56.262 D/ACDB-LOADER(  692): ACDB -> send_adm_topology
05-21 17:08:56.262 D/ACDB-LOADER(  692): ACDB -> ACDB_CMD_GET_AUDPROC_COMMON_TOPOLOGY_ID
05-21 17:08:56.262 D/ACDB-LOADER(  692): ACDB -> send_audtable
05-21 17:08:56.262 D/ACDB-LOADER(  692): ACDB -> ACDB_CMD_GET_AUDPROC_INSTANCE_COMMON_TABLE_SIZE
05-21 17:08:56.262 D/ACDB-LOADER(  692): ACDB -> ACDB_CMD_GET_AUDPROC_INSTANCE_COMMON_TABLE
05-21 17:08:56.262 D/ACDB-LOADER(  692): ACDB -> AUDIO_SET_AUDPROC_CAL cal_type[11] acdb_id[102] app_type[69938]
05-21 17:08:56.262 D/ACDB-LOADER(  692): ACDB -> ACDB_CMD_GET_AUDPROC_INSTANCE_STREAM_TABLE_SIZE
05-21 17:08:56.263 D/ACDB-LOADER(  692): ACDB -> send_audstrmtable
05-21 17:08:56.263 D/ACDB-LOADER(  692): ACDB -> ACDB_CMD_GET_AUDPROC_INSTANCE_STREAM_TABLE
05-21 17:08:56.263 D/ACDB-LOADER(  692): ACDB -> audstrm_cal->cal_type.cal_data.cal_size = 20
05-21 17:08:56.263 D/ACDB-LOADER(  692): ACDB -> send_afe_topology
05-21 17:08:56.263 D/ACDB-LOADER(  692): ACDB -> ACDB_CMD_GET_AFE_TOPOLOGY_ID
05-21 17:08:56.263 D/ACDB-LOADER(  692): ACDB -> GET_AFE_TOPOLOGY_ID for adcd_id 102, Topology Id 10001060
05-21 17:08:56.263 D/ACDB-LOADER(  692): ACDB -> send_afe_cal
05-21 17:08:56.263 D/ACDB-LOADER(  692): ACDB -> ACDB_CMD_GET_AFE_INSTANCE_COMMON_TABLE_SIZE
05-21 17:08:56.263 D/ACDB-LOADER(  692): ACDB -> ACDB_CMD_GET_AFE_INSTANCE_COMMON_TABLE
05-21 17:08:56.263 D/ACDB-LOADER(  692): ACDB -> AUDIO_SET_AFE_CAL cal_type[17] acdb_id[102]
05-21 17:08:56.263 D/ACDB-LOADER(  692): ACDB -> send_hw_delay : acdb_id = 102 path = 1
05-21 17:08:56.263 D/ACDB-LOADER(  692): ACDB -> ACDB_AVSYNC_INFO: ACDB_CMD_GET_DEVICE_PROPERTY
05-21 17:08:56.263 D/audio_hw_spkr_dsm(  692): audio_extn_spkr_dsm_start_processing: pcm start for TX to 37
05-21 17:08:56.275 I/Finsky  (18835): [2] SCH: job service start with id 9476.
05-21 17:08:56.287 E/audio_hw_spkr_dsm(  692): audio_extn_spkr_dsm_start_processing: Exit
05-21 17:08:56.287 D/msm8974_platform(  692): platform_split_snd_device: snd_device(2) num devices(0) new_snd_devices(0)
05-21 17:08:56.287 D/audio_hw_primary(  692): enable_snd_device: snd_device(2: speaker)
05-21 17:08:56.287 I/soundtrigger(  692): audio_extn_sound_trigger_update_device_status: device 0x2 of type 0 for Event 1, with Raise=0
05-21 17:08:56.288 D/audio_route(  692): Apply path: speaker
05-21 17:08:56.290 I/audio_hw_utils(  692): audio_extn_utils_update_stream_output_app_type_cfg Allowing 24 and above bits playback on speaker ONLY at default sampling rate
05-21 17:08:56.290 E/soundtrigger(  692): audio_extn_sound_trigger_update_stream_status: invalid input device 0x0, for event 3
05-21 17:08:56.290 D/soundtrigger(  692): audio_extn_sound_trigger_update_stream_status: uc_info->id 1 of type 0 for Event 3, with Raise=0
05-21 17:08:56.290 D/audio_hw_utils(  692): audio_extn_utils_send_app_type_cfg: usecase->out_snd_device speaker
05-21 17:08:56.290 D/msm8974_platform(  692): platform_split_snd_device: snd_device(2) num devices(0) new_snd_devices(0)
05-21 17:08:56.291 D/audio_hw_utils(  692): audio_extn_btsco_get_sample_rate:Not a BT SCO device, need not update sampling rate
05-21 17:08:56.291 I/audio_hw_utils(  692): send_app_type_cfg_for_device PLAYBACK app_type 69937, acdb_dev_id 10011, sample_rate 48000, snd_device_be_idx 43
05-21 17:08:56.292 D/msm8974_platform(  692): platform_split_snd_device: snd_device(2) num devices(1) new_snd_devices(0)
05-21 17:08:56.292 D/audio_hw_utils(  692): audio_extn_btsco_get_sample_rate:Not a BT SCO device, need not update sampling rate
05-21 17:08:56.293 D/ACDB-LOADER(  692): ACDB -> send_audio_cal, acdb_id = 10011, path = 0, app id = 0x11131, sample rate = 48000, afe_sample_rate = 48000
05-21 17:08:56.293 D/ACDB-LOADER(  692): ACDB -> send_asm_topology
05-21 17:08:56.293 D/ACDB-LOADER(  692): ACDB -> ACDB_CMD_GET_AUDPROC_STREAM_TOPOLOGY_ID
05-21 17:08:56.293 D/ACDB-LOADER(  692): ACDB -> send_adm_topology
05-21 17:08:56.293 D/ACDB-LOADER(  692): ACDB -> ACDB_CMD_GET_AUDPROC_COMMON_TOPOLOGY_ID
05-21 17:08:56.293 D/ACDB-LOADER(  692): ACDB -> send_audtable
05-21 17:08:56.294 D/ACDB-LOADER(  692): ACDB -> ACDB_CMD_GET_AUDPROC_INSTANCE_COMMON_TABLE_SIZE
05-21 17:08:56.294 D/ACDB-LOADER(  692): ACDB -> ACDB_CMD_GET_AUDPROC_INSTANCE_COMMON_TABLE
05-21 17:08:56.294 D/ACDB-LOADER(  692): ACDB -> AUDIO_SET_AUDPROC_CAL cal_type[11] acdb_id[10011] app_type[69937]
05-21 17:08:56.294 D/ACDB-LOADER(  692): ACDB -> send_audvoltable
05-21 17:08:56.294 D/ACDB-LOADER(  692): ACDB -> ACDB_CMD_GET_AUDPROC_INSTANCE_GAIN_DEP_STEP_TABLE_SIZE
05-21 17:08:56.294 D/        (  692): Failed to fetch the lookup information of the device 0000271B 
05-21 17:08:56.294 D/ACDB-LOADER(  692): Error: ACDB_CMD_GET_AUDPROC_INSTANCE_GAIN_DEP_STEP_TABLE_SIZE Returned = -19
05-21 17:08:56.294 D/ACDB-LOADER(  692): ACDB -> ACDB_CMD_GET_AUDPROC_INSTANCE_GAIN_DEP_STEP_TABLE, vol index 0
05-21 17:08:56.294 D/        (  692): Failed to fetch the lookup information of the device 0000271B 
05-21 17:08:56.294 D/ACDB-LOADER(  692): Error: ACDB AudProc vol returned = -19
05-21 17:08:56.294 D/ACDB-LOADER(  692): ACDB -> AUDIO_SET_VOL_CAL cal type = 12
05-21 17:08:56.294 D/ACDB-LOADER(  692): ACDB -> ACDB_CMD_GET_AUDPROC_INSTANCE_STREAM_TABLE_SIZE
05-21 17:08:56.294 D/ACDB-LOADER(  692): ACDB -> send_audstrmtable
05-21 17:08:56.294 D/ACDB-LOADER(  692): ACDB -> ACDB_CMD_GET_AUDPROC_INSTANCE_STREAM_TABLE
05-21 17:08:56.294 D/ACDB-LOADER(  692): ACDB -> audstrm_cal->cal_type.cal_data.cal_size = 20
05-21 17:08:56.294 D/ACDB-LOADER(  692): ACDB -> send_afe_topology
05-21 17:08:56.294 D/ACDB-LOADER(  692): ACDB -> ACDB_CMD_GET_AFE_TOPOLOGY_ID
05-21 17:08:56.294 D/ACDB-LOADER(  692): ACDB -> GET_AFE_TOPOLOGY_ID for adcd_id 10011, Topology Id 10001061
05-21 17:08:56.294 D/ACDB-LOADER(  692): ACDB -> send_afe_cal
05-21 17:08:56.294 D/ACDB-LOADER(  692): ACDB -> ACDB_CMD_GET_AFE_INSTANCE_COMMON_TABLE_SIZE
05-21 17:08:56.294 D/ACDB-LOADER(  692): ACDB -> ACDB_CMD_GET_AFE_INSTANCE_COMMON_TABLE
05-21 17:08:56.294 D/ACDB-LOADER(  692): ACDB -> AUDIO_SET_AFE_CAL cal_type[16] acdb_id[10011]
05-21 17:08:56.294 D/ACDB-LOADER(  692): ACDB -> send_hw_delay : acdb_id = 10011 path = 0
05-21 17:08:56.294 D/ACDB-LOADER(  692): ACDB -> ACDB_AVSYNC_INFO: ACDB_CMD_GET_DEVICE_PROPERTY
05-21 17:08:56.294 D/msm8974_platform(  692): platform_split_snd_device: snd_device(2) num devices(0) new_snd_devices(0)
