05-21 20:13:58.466 D/ConnectivityService( 1637): ConnectivityService NetworkRequestInfo binderDied(NetworkRequest [ LISTEN id=3375, [ Capabilities: INTERNET&NOT_RESTRICTED&TRUSTED&FOREGROUND Uid: 10193] ], android.os.BinderProxy@dcfae0b)
05-21 20:13:58.466 D/ConnectivityService( 1637): ConnectivityService NetworkRequestInfo binderDied(NetworkRequest [ TRACK_DEFAULT id=3374, [ Capabilities: INTERNET&NOT_RESTRICTED&TRUSTED Uid: 10193] ], android.os.BinderProxy@41e69da)
05-21 20:13:58.467 D/ConnectivityService( 1637): releasing NetworkRequest [ TRACK_DEFAULT id=3374, [ Capabilities: INTERNET&NOT_RESTRICTED&TRUSTED Uid: 10193] ] (release request)
05-21 20:13:58.468 E/RegisteredServicesCache( 3894): component namecom.google.android.gms/com.google.android.gms.nearby.mediums.nearfieldcommunication.NfcAdvertisingService
05-21 20:13:58.468 E/RegisteredServicesCache( 3894): component namecom.google.android.gms/com.google.android.gms.fido.fido2.ui.hybrid.NfcEmulationService
05-21 20:13:58.468 E/RegisteredServicesCache( 3894): component namecom.google.android.gms/com.google.android.gms.pay.hce.service.PayHceService
05-21 20:13:58.469 D/ProcessManager( 1637): skip restart com.android.chrome because this device is a lowmemory device!
05-21 20:13:58.471 I/Zygote  (  608): Process 30248 exited due to signal 9 (Killed)
05-21 20:13:58.476 I/MiuiNetworkPolicy( 1637): removeUidState uid = 10193
05-21 20:13:58.503 W/FileUtils(32078): Slow Operation: fsync took 482ms
05-21 20:13:58.503 I/RoleUserState( 1637): Wrote roles.xml successfully
05-21 20:13:58.503 I/chatty  (32078): uid=10445(com.playsocialgames.plinko) queued-work-loo expire 1 line
05-21 20:13:58.504 D/RegisteredNfcFServicesCache( 3894): Service unchanged, not updating
05-21 20:13:58.504 E/libnfc_nci( 3894): [ERROR:RoutingManager.cpp(1950)] RoutingManager::removeApduRouting: enter
05-21 20:13:58.504 I/libnfc_nci( 3894): [INFO:RoutingManager.cpp(867)] RoutingManager::nfaEeCallback: NFA_EE_REMOVE_APDU_EVT  status=0
05-21 20:13:58.504 E/libnfc_nci( 3894): [ERROR:RoutingManager.cpp(1956)] RoutingManager::removeApduRouting: removed APDU pattern successfully
05-21 20:13:58.513 D/ReflectUtils( 2695): getFieldValue
05-21 20:13:58.513 D/ReflectUtils( 2695): java.lang.IllegalAccessException: Class java.lang.Class<com.miui.launcher.utils.ReflectUtils> cannot access private  field android.content.pm.ActivityInfo android.content.pm.LauncherActivityInfo.mActivityInfo of class java.lang.Class<android.content.pm.LauncherActivityInfo>
05-21 20:13:58.513 D/ReflectUtils( 2695): 	at java.lang.reflect.Field.get(Native Method)
05-21 20:13:58.513 D/ReflectUtils( 2695): 	at com.miui.launcher.utils.ReflectUtils.getFieldValue(ReflectUtils.java:134)
05-21 20:13:58.513 D/ReflectUtils( 2695): 	at com.miui.home.library.compat.LauncherActivityInfoCompat.getActivityInfo(LauncherActivityInfoCompat.java:13)
05-21 20:13:58.513 D/ReflectUtils( 2695): 	at com.miui.home.library.compat.LauncherActivityInfoCompat.getIconResource(LauncherActivityInfoCompat.java:18)
05-21 20:13:58.513 D/ReflectUtils( 2695): 	at com.miui.home.launcher.IconProvider.getActivityIcon(IconProvider.java:55)
05-21 20:13:58.513 D/ReflectUtils( 2695): 	at com.miui.home.launcher.IconCache.addIconToMemCache(IconCache.java:132)
05-21 20:13:58.513 D/ReflectUtils( 2695): 	at com.miui.home.launcher.IconCache.updateIconsForPkg(IconCache.java:113)
05-21 20:13:58.513 D/ReflectUtils( 2695): 	at com.miui.home.launcher.LauncherModel.onReceiveBackground(LauncherModel.java:964)
05-21 20:13:58.513 D/ReflectUtils( 2695): 	at com.miui.home.launcher.LauncherModel$LauncherAppsCallback$1.run(LauncherModel.java:322)
05-21 20:13:58.513 D/ReflectUtils( 2695): 	at com.miui.home.launcher.LauncherModel$8.run(LauncherModel.java:882)
05-21 20:13:58.513 D/ReflectUtils( 2695): 	at android.os.Handler.handleCallback(Handler.java:914)
05-21 20:13:58.513 D/ReflectUtils( 2695): 	at android.os.Handler.dispatchMessage(Handler.java:100)
05-21 20:13:58.513 D/ReflectUtils( 2695): 	at android.os.Looper.loop(Looper.java:225)
05-21 20:13:58.513 D/ReflectUtils( 2695): 	at android.os.HandlerThread.run(HandlerThread.java:67)
05-21 20:13:58.523 D/ReflectUtils( 2695): getFieldValue
05-21 20:13:58.523 D/ReflectUtils( 2695): java.lang.IllegalAccessException: Class java.lang.Class<com.miui.launcher.utils.ReflectUtils> cannot access private  field android.content.pm.ActivityInfo android.content.pm.LauncherActivityInfo.mActivityInfo of class java.lang.Class<android.content.pm.LauncherActivityInfo>
05-21 20:13:58.523 D/ReflectUtils( 2695): 	at java.lang.reflect.Field.get(Native Method)
05-21 20:13:58.523 D/ReflectUtils( 2695): 	at com.miui.launcher.utils.ReflectUtils.getFieldValue(ReflectUtils.java:134)
05-21 20:13:58.523 D/ReflectUtils( 2695): 	at com.miui.home.library.compat.LauncherActivityInfoCompat.getActivityInfo(LauncherActivityInfoCompat.java:13)
05-21 20:13:58.523 D/ReflectUtils( 2695): 	at com.miui.home.library.compat.LauncherActivityInfoCompat.getIconResource(LauncherActivityInfoCompat.java:18)
05-21 20:13:58.523 D/ReflectUtils( 2695): 	at com.miui.home.launcher.IconProvider.getActivityIcon(IconProvider.java:60)
05-21 20:13:58.523 D/ReflectUtils( 2695): 	at com.miui.home.launcher.IconCache.addIconToMemCache(IconCache.java:132)
05-21 20:13:58.523 D/ReflectUtils( 2695): 	at com.miui.home.launcher.IconCache.updateIconsForPkg(IconCache.java:113)
05-21 20:13:58.523 D/ReflectUtils( 2695): 	at com.miui.home.launcher.LauncherModel.onReceiveBackground(LauncherModel.java:964)
05-21 20:13:58.523 D/ReflectUtils( 2695): 	at com.miui.home.launcher.LauncherModel$LauncherAppsCallback$1.run(LauncherModel.java:322)
05-21 20:13:58.523 D/ReflectUtils( 2695): 	at com.miui.home.launcher.LauncherModel$8.run(LauncherModel.java:882)
05-21 20:13:58.523 D/ReflectUtils( 2695): 	at android.os.Handler.handleCallback(Handler.java:914)
05-21 20:13:58.523 D/ReflectUtils( 2695): 	at android.os.Handler.dispatchMessage(Handler.java:100)
05-21 20:13:58.523 D/ReflectUtils( 2695): 	at android.os.Looper.loop(Looper.java:225)
05-21 20:13:58.523 D/ReflectUtils( 2695): 	at android.os.HandlerThread.run(HandlerThread.java:67)
05-21 20:13:58.527 D/AudioTrack(32078): set(): Force removing AUDIO_OUTPUT_FLAG_RAW
05-21 20:13:58.542 D/IconCustomizer( 2695): Content Ratio = 1.1818181
05-21 20:13:58.542 D/IconCustomizer( 2695): Generate customized icon for com.playsocialgames.plinko.png
05-21 20:13:58.551 D/audio_hw_primary(  692): adev_get_parameters:audio_game_sound_volume_gap_switch
05-21 20:13:58.555 I/ThemeRuntimeManager( 2695): add pending job com.playsocialgames.plinko.png
05-21 20:13:58.556 I/ThemeRuntimeManager( 2695): saving icon for com.playsocialgames.plinko.png
05-21 20:13:58.556 D/Launcher.AllAppsList( 2695): updatePackage, packageName=com.playsocialgames.plinko, loadMissing=false, user=UserHandle{0}, matchedSize=1
05-21 20:13:58.558 D/audio_hw_spkr_prot(  692): fbsp_get_parameters: Speaker protection disabled
05-21 20:13:58.558 D/soundtrigger(  692): audio_extn_sound_trigger_get_parameters input string<audio_game_sound_volume_gap_switch=>
05-21 20:13:58.558 D/soundtrigger(  692): extract_sm_handle input string <audio_game_sound_volume_gap_switch=> param string <audio_game_sound_volume_gap_switch=>
05-21 20:13:58.558 D/audio_hw_extn(  692): audio_extn_fm_get_parameters: Enter
05-21 20:13:58.561 D/audio_hw_extn(  692): audio_extn_get_parameters: returns 
05-21 20:13:58.561 D/Launcher.AllAppsList( 2695): updatePackage, find appInfo=AppInfo, id=-1, itemType=0, user=UserHandle{0}, mIconType=0, pkgName=com.playsocialgames.plinko, className=com.unity3d.player.UnityPlayerActivity, screenId=-1, container=-1, cellX=-1, cellY=-1, spanX=1, spanY=1, isLandscapePos=false from ComponentInfo{com.playsocialgames.plinko/com.unity3d.player.UnityPlayerActivity}
05-21 20:13:58.562 D/Launcher.Model( 2695): onReceiveBackground, mAllAppsList=add=[], remove=[], modified=[(0, AppInfo, id=-1, itemType=0, user=UserHandle{0}, mIconType=0, pkgName=com.playsocialgames.plinko, className=com.unity3d.player.UnityPlayerActivity, screenId=-1, container=-1, cellX=-1, cellY=-1, spanX=1, spanY=1, isLandscapePos=false)]
05-21 20:13:58.563 D/audio_hw_primary(  692): adev_get_parameters: exit: returns - 
05-21 20:13:58.564 I/hash_map_utils(  797): key: 'audio_game_sound_volume_gap_switch' value: ''
05-21 20:13:58.572 D/APM_AudioPolicyManager(  797): getOutputForAttrInt() device {type:0x2,@:}, sampling rate 24000, format 0x5, channel mask 0x3, flags 0x4 stream AUDIO_STREAM_MUSIC
05-21 20:13:58.572 D/audio_hw_primary(  692): adev_get_parameters:vr_audio_mode_on
05-21 20:13:58.572 I/audio_hw_primary(  692): getting vr mode to 0
05-21 20:13:58.572 D/audio_hw_primary(  692): adev_get_parameters: exit: returns - vr_audio_mode_on=false
05-21 20:13:58.573 I/hash_map_utils(  797): key: 'vr_audio_mode_on' value: ''
05-21 20:13:58.573 I/AudioPolicyManagerCustom(  797): VR mode is 0, switch to primary output if request is for fast|raw
05-21 20:13:58.573 D/APM_AudioPolicyManager(  797): getOutputForAttrInt returns output 13 selectedDeviceId 3
05-21 20:13:58.573 D/APM_AudioPolicyManager(  797): getOutputForAttr() returns output 13 requestedPortId 0 selectedDeviceId 3 for port ID 435
05-21 20:13:58.575 W/AudioFlinger(  797): Client adjusted notificationFrames from 512 to 480 for frameCount 8192
05-21 20:13:58.577 D/ForceDarkHelper( 2695): updateByCheckExcludeList: pkg: com.miui.home activity: com.miui.home.launcher.Launcher@9b3e
05-21 20:13:58.578 D/AF::TrackHandle(  797): OpPlayAudio: track:445 usage:1 not muted
05-21 20:13:58.582 D/compress_voip(  692): compress_voip_out_get_parameters: enter
05-21 20:13:58.583 W/AudioTrack(32078): createTrack_l(0): AUDIO_OUTPUT_FLAG_FAST denied by server; frameCount 8192 -> 8192
05-21 20:13:58.584 D/ForceDarkHelper( 2695): updateByCheckExcludeList: pkg: com.miui.home activity: com.miui.home.launcher.Launcher@9b3e
05-21 20:13:58.584 W/AudioStreamTrack(32078): open() flags changed from 0x00000004 to 0x00000000
05-21 20:13:58.584 W/AudioStreamTrack(32078): open() perfMode changed from 12 to 10
05-21 20:13:58.584 D/ForceDarkHelper( 2695): updateByCheckExcludeList: pkg: com.miui.home activity: com.miui.home.launcher.Launcher@9b3e
05-21 20:13:58.585 I/chatty  ( 2695): uid=10097(com.miui.home) identical 22 lines
05-21 20:13:58.585 D/ForceDarkHelper( 2695): updateByCheckExcludeList: pkg: com.miui.home activity: com.miui.home.launcher.Launcher@9b3e
05-21 20:13:58.586 I/AAudio  (32078): AAudioStreamBuilder_openStream() returns 0 = AAUDIO_OK for s#1 ----------------
05-21 20:13:58.586 D/AAudio  (32078): AAudioStream_requestStart(s#1) called --------------
05-21 20:13:58.605 D/ForceDarkHelper( 2695): updateByCheckExcludeList: pkg: com.miui.home activity: com.miui.home.launcher.Launcher@9b3e
05-21 20:13:58.606 D/ForceDarkHelper( 2695): updateByCheckExcludeList: pkg: com.miui.home activity: com.miui.home.launcher.Launcher@9b3e
05-21 20:13:58.607 E/com_miui_internal_os_Native-JNI( 1637): chown /data/system/theme_magic/customized_icons/com.playsocialgames.plinko.png failed: Operation not permitted
05-21 20:13:58.607 W/ThemePermissionUtils( 1637): Failed to updateFilePermissionWithThemeContext /data/system/theme_magic/customized_icons/com.playsocialgames.plinko.png
05-21 20:13:58.607 D/ForceDarkHelper( 2695): updateByCheckExcludeList: pkg: com.miui.home activity: com.miui.home.launcher.Launcher@9b3e
05-21 20:13:58.615 D/ForceDarkHelper( 2695): updateByCheckExcludeList: pkg: com.miui.home activity: com.miui.home.launcher.Launcher@9b3e
05-21 20:13:58.630 D/APM_AudioPolicyManager(  797): startOutput portId 435
05-21 20:13:58.631 D/APM_AudioPolicyManager(  797): getNewOutputDevices selected devices {type:0x2,@:}
05-21 20:13:58.631 E/AudioFlinger(  797): open /proc/32078/cmdline error
05-21 20:13:58.631 I/AudioFlinger(  797): setAppName(), name=[], active=[1]
05-21 20:13:58.632 V/EffectMiSound(  692): MiSound_command() start, cmdCode=24
05-21 20:13:58.632 V/EffectMiSound(  692): MiSound_Command EFFECT_CMD_SET_APP_NAME: stream=3, name=+
05-21 20:13:58.633 D/        (32078): PlayerBase::start() from IPlayer
05-21 20:13:58.633 D/AudioStreamLegacy(32078): onAudioDeviceUpdate() devId 3 => 3
05-21 20:13:58.633 D/AAudio  (32078): AAudioStream_requestStart(s#1) returned 0 ---------
05-21 20:13:58.634 W/Looper  ( 1637): Drained
05-21 20:13:58.634 D/MediaSessionStack( 1637): Search one active MediaSession due to mMediaButtonSession is null or inactive
05-21 20:13:58.634 D/MediaSessionStack( 1637): Pick the one at tail as mediaButtonSession
05-21 20:13:58.634 D/MediaSessionStack( 1637): Search one active MediaSession due to mMediaButtonSession is null or inactive
05-21 20:13:58.634 D/MediaSessionStack( 1637): Pick the one at tail as mediaButtonSession
05-21 20:13:58.634 D/MediaSessionStack( 1637): Search one active MediaSession due to mMediaButtonSession is null or inactive
05-21 20:13:58.634 D/MediaSessionStack( 1637): Pick the one at tail as mediaButtonSession
05-21 20:13:58.634 D/MediaSessionStack( 1637): Search one active MediaSession due to mMediaButtonSession is null or inactive
05-21 20:13:58.634 D/MediaSessionStack( 1637): Pick the one at tail as mediaButtonSession
05-21 20:13:58.634 D/MediaSessionStack( 1637): Search one active MediaSession due to mMediaButtonSession is null or inactive
05-21 20:13:58.634 D/MediaSessionStack( 1637): Pick the one at tail as mediaButtonSession
05-21 20:13:58.639 D/ProcessManager( 1637): add audio active uid : 10445
05-21 20:13:58.641 E/volume_listener(  692): check_and_set_gain_dep_cal: Failed to set gain dep cal level
05-21 20:13:58.641 E/volume_listener(  692): check_and_set_gain_dep_cal: Failed to set gain dep cal level
05-21 20:13:58.642 D/audio_hw_primary(  692): start_output_stream: enter: stream(0xeb0dc000)usecase(1: low-latency-playback) devices(0x2) is_haptic_usecase(0)
05-21 20:13:58.644 I/SarService( 2665): Receiver polling >>>> Change receiver mode: off
05-21 20:13:58.647 D/audio_hw_primary(  692): select_devices for use case (low-latency-playback)
05-21 20:13:58.648 I/msm8974_platform(  692): platform_check_and_set_codec_backend_cfg:becf: afe: bitwidth 24, samplerate 48000 channels 2, backend_idx 0 usecase = 1 device (speaker)
05-21 20:13:58.648 D/msm8974_platform(  692): platform_split_snd_device: snd_device(2) num devices(1) new_snd_devices(0)
05-21 20:13:58.648 I/msm8974_platform(  692): platform_check_and_set_codec_backend_cfg: new_snd_devices[0] is 2
05-21 20:13:58.650 D/msm8974_platform(  692): platform_reset_headphones_backend_cfg set headphones to S16_LE when select headphones, snd_device 2 
05-21 20:13:58.652 I/msm8974_platform(  692): platform_check_codec_backend_cfg:becf: afe: bitwidth 24, samplerate 48000 channels 2, backend_idx 0 usecase = 1 device (speaker)
05-21 20:13:58.656 D/audio_hw_extn(  692): audio_extn_enable_hifi_filter: mixer_value set 0
05-21 20:13:58.656 D/msm8974_platform(  692): platform_check_codec_backend_cfg:becf: updated afe: bitwidth 24, samplerate 48000 channels 2,backend_idx 0 usecase = 1 device (speaker)
05-21 20:13:58.656 D/msm8974_platform(  692): platform_check_codec_backend_cfg:becf: afe: playback on codec device not supporting native playback set default Sample Rate(48k)
05-21 20:13:58.656 I/msm8974_platform(  692): platform_check_codec_backend_cfg:becf: afe: Codec selected backend: 0 updated bit width: 24 and sample rate: 48000
05-21 20:13:58.657 D/audio_hw_primary(  692): check_usecases_codec_backend:becf: force routing 0
05-21 20:13:58.657 E/msm8974_platform(  692): platform_check_backends_match: Invalid snd_device = 
05-21 20:13:58.657 D/audio_hw_primary(  692): check_usecases_codec_backend:becf: (72) check_usecases curr device: speaker, usecase device: backends match 0
05-21 20:13:58.657 D/audio_hw_primary(  692): check_usecases_codec_backend:becf: check_usecases num.of Usecases to switch 0
05-21 20:13:58.657 D/hardware_info(  692): hw_info_append_hw_type : device_name = speaker
05-21 20:13:58.657 D/audio_hw_spkr_dsm(  692): audio_extn_spkr_dsm_start_processing: Entry
05-21 20:13:58.657 D/audio_hw_spkr_dsm(  692): audio_extn_spkr_dsm_start_processing: start
05-21 20:13:58.658 D/msm8974_platform(  692): platform_split_snd_device: snd_device(198) num devices(1) new_snd_devices(0)
05-21 20:13:58.658 D/msm8974_platform(  692): Resetting app type for Tx path to default
05-21 20:13:58.658 D/ACDB-LOADER(  692): ACDB -> send_audio_cal, acdb_id = 102, path = 1, app id = 0x11132, sample rate = 8000, afe_sample_rate = 8000
05-21 20:13:58.658 D/ACDB-LOADER(  692): ACDB -> send_asm_topology
05-21 20:13:58.658 D/ACDB-LOADER(  692): ACDB -> ACDB_CMD_GET_AUDPROC_STREAM_TOPOLOGY_ID
05-21 20:13:58.661 D/ACDB-LOADER(  692): ACDB -> send_adm_topology
05-21 20:13:58.661 D/ACDB-LOADER(  692): ACDB -> ACDB_CMD_GET_AUDPROC_COMMON_TOPOLOGY_ID
05-21 20:13:58.661 D/ACDB-LOADER(  692): ACDB -> send_audtable
05-21 20:13:58.661 D/ACDB-LOADER(  692): ACDB -> ACDB_CMD_GET_AUDPROC_INSTANCE_COMMON_TABLE_SIZE
05-21 20:13:58.661 D/ACDB-LOADER(  692): ACDB -> ACDB_CMD_GET_AUDPROC_INSTANCE_COMMON_TABLE
05-21 20:13:58.661 D/ACDB-LOADER(  692): ACDB -> AUDIO_SET_AUDPROC_CAL cal_type[11] acdb_id[102] app_type[69938]
05-21 20:13:58.661 D/ACDB-LOADER(  692): ACDB -> ACDB_CMD_GET_AUDPROC_INSTANCE_STREAM_TABLE_SIZE
05-21 20:13:58.661 D/ACDB-LOADER(  692): ACDB -> send_audstrmtable
05-21 20:13:58.661 D/ACDB-LOADER(  692): ACDB -> ACDB_CMD_GET_AUDPROC_INSTANCE_STREAM_TABLE
05-21 20:13:58.662 D/ACDB-LOADER(  692): ACDB -> audstrm_cal->cal_type.cal_data.cal_size = 20
05-21 20:13:58.662 D/ACDB-LOADER(  692): ACDB -> send_afe_topology
05-21 20:13:58.662 D/ACDB-LOADER(  692): ACDB -> ACDB_CMD_GET_AFE_TOPOLOGY_ID
05-21 20:13:58.662 D/ACDB-LOADER(  692): ACDB -> GET_AFE_TOPOLOGY_ID for adcd_id 102, Topology Id 10001060
05-21 20:13:58.662 D/ACDB-LOADER(  692): ACDB -> send_afe_cal
05-21 20:13:58.662 D/ACDB-LOADER(  692): ACDB -> ACDB_CMD_GET_AFE_INSTANCE_COMMON_TABLE_SIZE
05-21 20:13:58.662 D/ACDB-LOADER(  692): ACDB -> ACDB_CMD_GET_AFE_INSTANCE_COMMON_TABLE
05-21 20:13:58.662 D/ACDB-LOADER(  692): ACDB -> AUDIO_SET_AFE_CAL cal_type[17] acdb_id[102]
05-21 20:13:58.662 D/ACDB-LOADER(  692): ACDB -> send_hw_delay : acdb_id = 102 path = 1
05-21 20:13:58.662 D/ACDB-LOADER(  692): ACDB -> ACDB_AVSYNC_INFO: ACDB_CMD_GET_DEVICE_PROPERTY
05-21 20:13:58.662 D/audio_hw_spkr_dsm(  692): audio_extn_spkr_dsm_start_processing: pcm start for TX to 37
05-21 20:13:58.686 E/audio_hw_spkr_dsm(  692): audio_extn_spkr_dsm_start_processing: Exit
05-21 20:13:58.686 D/msm8974_platform(  692): platform_split_snd_device: snd_device(2) num devices(0) new_snd_devices(0)
05-21 20:13:58.686 D/audio_hw_primary(  692): enable_snd_device: snd_device(2: speaker)
05-21 20:13:58.686 I/soundtrigger(  692): audio_extn_sound_trigger_update_device_status: device 0x2 of type 0 for Event 1, with Raise=0
05-21 20:13:58.686 D/audio_route(  692): Apply path: speaker
05-21 20:13:58.689 I/audio_hw_utils(  692): audio_extn_utils_update_stream_output_app_type_cfg Allowing 24 and above bits playback on speaker ONLY at default sampling rate
05-21 20:13:58.689 E/soundtrigger(  692): audio_extn_sound_trigger_update_stream_status: invalid input device 0x0, for event 3
05-21 20:13:58.689 D/soundtrigger(  692): audio_extn_sound_trigger_update_stream_status: uc_info->id 1 of type 0 for Event 3, with Raise=0
05-21 20:13:58.689 D/audio_hw_utils(  692): audio_extn_utils_send_app_type_cfg: usecase->out_snd_device speaker
05-21 20:13:58.689 D/msm8974_platform(  692): platform_split_snd_device: snd_device(2) num devices(0) new_snd_devices(0)
05-21 20:13:58.690 D/audio_hw_utils(  692): audio_extn_btsco_get_sample_rate:Not a BT SCO device, need not update sampling rate
05-21 20:13:58.690 I/audio_hw_utils(  692): send_app_type_cfg_for_device PLAYBACK app_type 69937, acdb_dev_id 10011, sample_rate 48000, snd_device_be_idx 43
05-21 20:13:58.691 D/msm8974_platform(  692): platform_split_snd_device: snd_device(2) num devices(1) new_snd_devices(0)
05-21 20:13:58.691 D/audio_hw_utils(  692): audio_extn_btsco_get_sample_rate:Not a BT SCO device, need not update sampling rate
05-21 20:13:58.692 D/ACDB-LOADER(  692): ACDB -> send_audio_cal, acdb_id = 10011, path = 0, app id = 0x11131, sample rate = 48000, afe_sample_rate = 48000
05-21 20:13:58.692 D/ACDB-LOADER(  692): ACDB -> send_asm_topology
05-21 20:13:58.692 D/ACDB-LOADER(  692): ACDB -> ACDB_CMD_GET_AUDPROC_STREAM_TOPOLOGY_ID
05-21 20:13:58.692 D/ACDB-LOADER(  692): ACDB -> send_adm_topology
05-21 20:13:58.692 D/ACDB-LOADER(  692): ACDB -> ACDB_CMD_GET_AUDPROC_COMMON_TOPOLOGY_ID
05-21 20:13:58.692 D/ACDB-LOADER(  692): ACDB -> send_audtable
05-21 20:13:58.692 D/ACDB-LOADER(  692): ACDB -> ACDB_CMD_GET_AUDPROC_INSTANCE_COMMON_TABLE_SIZE
05-21 20:13:58.692 D/ACDB-LOADER(  692): ACDB -> ACDB_CMD_GET_AUDPROC_INSTANCE_COMMON_TABLE
05-21 20:13:58.692 D/ACDB-LOADER(  692): ACDB -> AUDIO_SET_AUDPROC_CAL cal_type[11] acdb_id[10011] app_type[69937]
05-21 20:13:58.692 D/ACDB-LOADER(  692): ACDB -> send_audvoltable
05-21 20:13:58.692 D/ACDB-LOADER(  692): ACDB -> ACDB_CMD_GET_AUDPROC_INSTANCE_GAIN_DEP_STEP_TABLE_SIZE
05-21 20:13:58.692 D/        (  692): Failed to fetch the lookup information of the device 0000271B 
05-21 20:13:58.692 D/ACDB-LOADER(  692): Error: ACDB_CMD_GET_AUDPROC_INSTANCE_GAIN_DEP_STEP_TABLE_SIZE Returned = -19
05-21 20:13:58.692 D/ACDB-LOADER(  692): ACDB -> ACDB_CMD_GET_AUDPROC_INSTANCE_GAIN_DEP_STEP_TABLE, vol index 0
05-21 20:13:58.692 D/        (  692): Failed to fetch the lookup information of the device 0000271B 
05-21 20:13:58.692 D/ACDB-LOADER(  692): Error: ACDB AudProc vol returned = -19
05-21 20:13:58.692 D/ACDB-LOADER(  692): ACDB -> AUDIO_SET_VOL_CAL cal type = 12
05-21 20:13:58.692 D/ACDB-LOADER(  692): ACDB -> ACDB_CMD_GET_AUDPROC_INSTANCE_STREAM_TABLE_SIZE
05-21 20:13:58.692 D/ACDB-LOADER(  692): ACDB -> send_audstrmtable
05-21 20:13:58.692 D/ACDB-LOADER(  692): ACDB -> ACDB_CMD_GET_AUDPROC_INSTANCE_STREAM_TABLE
05-21 20:13:58.692 D/ACDB-LOADER(  692): ACDB -> audstrm_cal->cal_type.cal_data.cal_size = 20
05-21 20:13:58.692 D/ACDB-LOADER(  692): ACDB -> send_afe_topology
05-21 20:13:58.692 D/ACDB-LOADER(  692): ACDB -> ACDB_CMD_GET_AFE_TOPOLOGY_ID
05-21 20:13:58.692 D/ACDB-LOADER(  692): ACDB -> GET_AFE_TOPOLOGY_ID for adcd_id 10011, Topology Id 10001061
05-21 20:13:58.692 D/ACDB-LOADER(  692): ACDB -> send_afe_cal
05-21 20:13:58.692 D/ACDB-LOADER(  692): ACDB -> ACDB_CMD_GET_AFE_INSTANCE_COMMON_TABLE_SIZE
05-21 20:13:58.692 D/ACDB-LOADER(  692): ACDB -> ACDB_CMD_GET_AFE_INSTANCE_COMMON_TABLE
05-21 20:13:58.692 D/ACDB-LOADER(  692): ACDB -> AUDIO_SET_AFE_CAL cal_type[16] acdb_id[10011]
05-21 20:13:58.692 D/ACDB-LOADER(  692): ACDB -> send_hw_delay : acdb_id = 10011 path = 0
05-21 20:13:58.692 D/ACDB-LOADER(  692): ACDB -> ACDB_AVSYNC_INFO: ACDB_CMD_GET_DEVICE_PROPERTY
05-21 20:13:58.692 D/msm8974_platform(  692): platform_split_snd_device: snd_device(2) num devices(0) new_snd_devices(0)
05-21 20:13:58.692 I/msm8974_platform(  692): platform_get_custom_mtmx_params: no matching param with id 0 ip_ch 2 op_ch 2 uc_id 1 snd_dev 2
05-21 20:13:58.692 D/audio_hw_primary(  692): enable_audio_route: apply mixer and update path: low-latency-playback
05-21 20:13:58.692 D/audio_route(  692): Apply path: low-latency-playback
05-21 20:13:58.695 D/audio_hw_primary(  692): select_devices: done
05-21 20:13:58.748 D/msm8974_platform(  692): platform_set_channel_map mixer_ctl_name:Playback Channel Map13
05-21 20:13:58.749 D/msm8974_platform(  692): platform_set_channel_map: set mapping(1 2 0 0 0 0 0 0) for channel:2
05-21 20:13:58.752 D/audio_hw_primary(  692): start_output_stream: exit
05-21 20:13:58.752 D/audio_hw_primary(  692): out_write: retry previous failed cal level set
05-21 20:13:58.752 D/msm8974_platform(  692): platform_split_snd_device: snd_device(2) num devices(1) new_snd_devices(0)
05-21 20:13:58.752 D/ACDB-LOADER(  692): ACDB -> send_audvoltable
05-21 20:13:58.752 D/ACDB-LOADER(  692): ACDB -> ACDB_CMD_GET_AUDPROC_INSTANCE_GAIN_DEP_STEP_TABLE_SIZE
05-21 20:13:58.752 D/        (  692): Failed to fetch the lookup information of the device 0000271B 
05-21 20:13:58.752 D/ACDB-LOADER(  692): Error: ACDB_CMD_GET_AUDPROC_INSTANCE_GAIN_DEP_STEP_TABLE_SIZE Returned = -19
05-21 20:13:58.752 D/ACDB-LOADER(  692): ACDB -> ACDB_CMD_GET_AUDPROC_INSTANCE_GAIN_DEP_STEP_TABLE, vol index 5
05-21 20:13:58.752 D/        (  692): Failed to fetch the lookup information of the device 0000271B 
05-21 20:13:58.752 D/ACDB-LOADER(  692): Error: ACDB AudProc vol returned = -19
05-21 20:13:58.752 D/ACDB-LOADER(  692): ACDB -> AUDIO_SET_VOL_CAL cal type = 40
05-21 20:13:58.752 W/msm8974_platform(  692): platform_send_gain_dep_cal: Usecase list is empty
05-21 20:13:58.752 D/msm8974_platform(  692): platform_split_snd_device: snd_device(2) num devices(0) new_snd_devices(0)
05-21 20:13:58.752 I/msm8974_platform(  692): platform_get_custom_mtmx_params: no matching param with id 0 ip_ch 2 op_ch 2 uc_id 1 snd_dev 2
05-21 20:13:58.799 I/vendor.qti.bluetooth@1.0-ibs_handler(  695): ProcessIbsCmd: Received IBS_WAKE_IND: 0xFD
05-21 20:13:58.799 D/vendor.qti.bluetooth@1.0-ibs_handler(  695): SerialClockVote: vote for UART CLK ON
05-21 20:13:58.800 D/vendor.qti.bluetooth@1.0-wake_lock(  695): Acquire wakelock is acquired 
05-21 20:13:58.800 I/vendor.qti.bluetooth@1.0-ibs_handler(  695): ProcessIbsCmd: Writing IBS_WAKE_ACK
05-21 20:13:58.800 V/bt_stack( 5466): [VERBOSE1:btm_ble_gap.cc(1847)] btm_ble_process_adv_addr: bda=61:fe:00:44:8e:61
05-21 20:13:58.800 V/bt_stack( 5466): [VERBOSE1:btm_ble_gap.cc(2052)]  Waiting for scan response 61:fe:00:44:8e:61
05-21 20:13:58.840 I/vendor.qti.bluetooth@1.0-ibs_handler(  695): ProcessIbsCmd: Received IBS_SLEEP_IND: 0xFE
05-21 20:13:58.840 D/vendor.qti.bluetooth@1.0-ibs_handler(  695): SerialClockVote: vote for UART CLK OFF
05-21 20:13:58.844 I/SarService( 2665): Receiver polling >>>> Change receiver mode: off
05-21 20:13:58.878 I/BusMonitorCenter(31723): exec save size = 7
05-21 20:13:58.936 I/Bugle   (31184): BroadcastReceiverAsyncWorkTracker: Acknowledging broadcast of dilb@c4c4fd5
05-21 20:13:58.949 D/MobileSignalController( 2388): updateDataType mSelectedDataTypeIcon[1]=2131232925, mSelectedDataActivityIndex=7
05-21 20:13:58.950 D/TelephonyIcons( 2388): getSignalStrengthIcon: slot=1, inetCondition=1, level=4, roaming=false, signalstrength=SignalStrength:{mCdma=CellSignalStrengthCdma: cdmaDbm=2147483647 cdmaEcio=2147483647 evdoDbm=2147483647 evdoEcio=2147483647 evdoSnr=2147483647 miuiLevel=0 level=0,mGsm=CellSignalStrengthGsm: rssi=2147483647 ber=2147483647 mTa=2147483647 miuiLevel=0 mLevel=0,mWcdma=CellSignalStrengthWcdma: ss=2147483647 ber=2147483647 rscp=2147483647 ecno=2147483647 miuiLevel=0 level=0,mTdscdma=CellSignalStrengthTdscdma: rssi=2147483647 ber=2147483647 rscp=2147483647 miuiLevel=0 level=0,mLte=CellSignalStrengthLte: rssi=-67 rsrp=-101 rsrq=-15 rssnr=-10 cqi=2147483647 ta=2147483647 miuiLevel=4 level=1,mNr=CellSignalStrengthNr:{ csiRsrp = 2147483647 csiRsrq = 2147483647 csiSinr = 2147483647 ssRsrp = 2147483647 ssRsrq = 2147483647 ssSinr = 2147483647 miuiLevel = 0 level = 0 },primary=CellSignalStrengthLte}
05-21 20:13:58.950 D/TelephonyIcons( 2388): getDataActivity, slot=1, activity=3
05-21 20:13:58.951 D/TelephonyIcons( 2388): null signal icon name: drawable/stat_sys_signal_null
05-21 20:13:58.951 D/TelephonyIcons( 2388): getDataTypeIcon sub=1
05-21 20:13:58.952 D/SignalClusterView( 2388): updateMobileTypeImage  0
05-21 20:13:58.953 D/SignalClusterView( 2388): updateMobileTypeImage  0
05-21 20:13:58.963 I/SensorService( 1637): check list, getPackageName  unknown_package_pid_32078
05-21 20:13:58.964 I/sensors-hal(  710): flush:209, android.sensor.accelerometer/44
05-21 20:13:58.967 D/SignalClusterView( 2388): updateMobileTypeImage  0
05-21 20:13:58.968 D/SignalClusterView( 2388): updateMobileTypeImage  0
05-21 20:13:58.968 I/sensors-hal(  710): flush:215, android.sensor.accelerometer/44 completed
05-21 20:13:58.968 D/SignalClusterView( 2388): updateMobileTypeImage  0
05-21 20:13:58.969 I/sensors-hal(  710): batch:180, android.sensor.accelerometer/44, period=20000000, max_latency=0
05-21 20:13:58.984 I/sensors-hal(  710): batch:189, android.sensor.accelerometer/44, period=20000000, max_latency=0 request completed
05-21 20:13:58.991 D/vendor.qti.bluetooth@1.0-wake_lock(  695): Release wakelock is released 
05-21 20:13:59.023 I/Perf    (32111): Connecting to perf service.
05-21 20:13:59.035 V/MediaRouter(32078): Selecting route: RouteInfo{ name=Телефон, description=null, status=null, category=RouteCategory{ name=Система types=ROUTE_TYPE_LIVE_AUDIO ROUTE_TYPE_LIVE_VIDEO  groupable=false }, supportedTypes=ROUTE_TYPE_LIVE_AUDIO ROUTE_TYPE_LIVE_VIDEO , presentationDisplay=null }
05-21 20:13:59.045 I/SarService( 2665): Receiver polling >>>> Change receiver mode: off
05-21 20:13:59.146 I/FeatureParser(32111): can't find willow.xml in assets/device_features/,it may be in /system/etc/device_features
05-21 20:13:59.232 E/MPMsgCenterWrapper(32111): init----------------
05-21 20:13:59.245 E/MsgCenterConfig(32111): com.tiktok.manager
05-21 20:13:59.245 E/MsgCenterConfig(32111): android.content.pm.PackageManager$NameNotFoundException: com.tiktok.manager
05-21 20:13:59.245 E/MsgCenterConfig(32111): 	at android.app.ApplicationPackageManager.getApplicationInfoAsUser(ApplicationPackageManager.java:427)
05-21 20:13:59.245 E/MsgCenterConfig(32111): 	at android.app.ApplicationPackageManager.getApplicationInfo(ApplicationPackageManager.java:408)
05-21 20:13:59.245 E/MsgCenterConfig(32111): 	at com.xiaomi.mipicks.openstore.core.utils.c.a(SourceFile:30)
05-21 20:13:59.245 E/MsgCenterConfig(32111): 	at com.xiaomi.mipicks.openstore.core.process.ProcessServiceImpl.v1(SourceFile:9)
05-21 20:13:59.245 E/MsgCenterConfig(32111): 	at com.xiaomi.mipicks.openstore.core.process.ProcessServiceImpl.init(SourceFile:6)
05-21 20:13:59.245 E/MsgCenterConfig(32111): 	at com.xiaomi.mipicks.openstore.core.process.c.b(SourceFile:14)
05-21 20:13:59.245 E/MsgCenterConfig(32111): 	at com.xiaomi.mipicks.openstore.core.MPMsgCenterWrapper.d(SourceFile:18)
05-21 20:13:59.245 E/MsgCenterConfig(32111): 	at com.xiaomi.mipicks.openstore.core.d.c(SourceFile:8)
05-21 20:13:59.245 E/MsgCenterConfig(32111): 	at com.xiaomi.mipicks.openstore.platform.c.a(SourceFile:10)
05-21 20:13:59.245 E/MsgCenterConfig(32111): 	at com.xiaomi.mipicks.openstore.platform.b.a(SourceFile:11)
05-21 20:13:59.245 E/MsgCenterConfig(32111): 	at com.xiaomi.market.MarketApp.o(SourceFile:83)
05-21 20:13:59.245 E/MsgCenterConfig(32111): 	at com.xiaomi.market.MarketApp.onCreate(SourceFile:39)
05-21 20:13:59.245 E/MsgCenterConfig(32111): 	at android.app.Instrumentation.callApplicationOnCreate(Instrumentation.java:1190)
05-21 20:13:59.245 E/MsgCenterConfig(32111): 	at android.app.ActivityThread.handleBindApplication(ActivityThread.java:6584)
05-21 20:13:59.245 E/MsgCenterConfig(32111): 	at android.app.ActivityThread.access$1400(ActivityThread.java:226)
05-21 20:13:59.245 E/MsgCenterConfig(32111): 	at android.app.ActivityThread$H.handleMessage(ActivityThread.java:1889)
05-21 20:13:59.245 E/MsgCenterConfig(32111): 	at android.os.Handler.dispatchMessage(Handler.java:107)
05-21 20:13:59.245 E/MsgCenterConfig(32111): 	at android.os.Looper.loop(Looper.java:225)
05-21 20:13:59.245 E/MsgCenterConfig(32111): 	at android.app.ActivityThread.main(ActivityThread.java:7564)
05-21 20:13:59.245 E/MsgCenterConfig(32111): 	at java.lang.reflect.Method.invoke(Native Method)
05-21 20:13:59.245 E/MsgCenterConfig(32111): 	at com.android.internal.os.RuntimeInit$MethodAndArgsCaller.run(RuntimeInit.java:539)
05-21 20:13:59.245 E/MsgCenterConfig(32111): 	at com.android.internal.os.ZygoteInit.main(ZygoteInit.java:950)
05-21 20:13:59.245 I/SarService( 2665): Receiver polling >>>> Change receiver mode: off
05-21 20:13:59.248 E/MsgCenterConfig(32111): com.xiaomi.demo
05-21 20:13:59.248 E/MsgCenterConfig(32111): android.content.pm.PackageManager$NameNotFoundException: com.xiaomi.demo
05-21 20:13:59.248 E/MsgCenterConfig(32111): 	at android.app.ApplicationPackageManager.getApplicationInfoAsUser(ApplicationPackageManager.java:427)
05-21 20:13:59.248 E/MsgCenterConfig(32111): 	at android.app.ApplicationPackageManager.getApplicationInfo(ApplicationPackageManager.java:408)
05-21 20:13:59.248 E/MsgCenterConfig(32111): 	at com.xiaomi.mipicks.openstore.core.utils.c.a(SourceFile:30)
05-21 20:13:59.248 E/MsgCenterConfig(32111): 	at com.xiaomi.mipicks.openstore.core.process.ProcessServiceImpl.v1(SourceFile:9)
05-21 20:13:59.248 E/MsgCenterConfig(32111): 	at com.xiaomi.mipicks.openstore.core.process.ProcessServiceImpl.init(SourceFile:6)
05-21 20:13:59.248 E/MsgCenterConfig(32111): 	at com.xiaomi.mipicks.openstore.core.process.c.b(SourceFile:14)
05-21 20:13:59.248 E/MsgCenterConfig(32111): 	at com.xiaomi.mipicks.openstore.core.MPMsgCenterWrapper.d(SourceFile:18)
05-21 20:13:59.248 E/MsgCenterConfig(32111): 	at com.xiaomi.mipicks.openstore.core.d.c(SourceFile:8)
05-21 20:13:59.248 E/MsgCenterConfig(32111): 	at com.xiaomi.mipicks.openstore.platform.c.a(SourceFile:10)
05-21 20:13:59.248 E/MsgCenterConfig(32111): 	at com.xiaomi.mipicks.openstore.platform.b.a(SourceFile:11)
05-21 20:13:59.248 E/MsgCenterConfig(32111): 	at com.xiaomi.market.MarketApp.o(SourceFile:83)
05-21 20:13:59.248 E/MsgCenterConfig(32111): 	at com.xiaomi.market.MarketApp.onCreate(SourceFile:39)
05-21 20:13:59.248 E/MsgCenterConfig(32111): 	at android.app.Instrumentation.callApplicationOnCreate(Instrumentation.java:1190)
05-21 20:13:59.248 E/MsgCenterConfig(32111): 	at android.app.ActivityThread.handleBindApplication(ActivityThread.java:6584)
05-21 20:13:59.248 E/MsgCenterConfig(32111): 	at android.app.ActivityThread.access$1400(ActivityThread.java:226)
05-21 20:13:59.248 E/MsgCenterConfig(32111): 	at android.app.ActivityThread$H.handleMessage(ActivityThread.java:1889)
05-21 20:13:59.248 E/MsgCenterConfig(32111): 	at android.os.Handler.dispatchMessage(Handler.java:107)
05-21 20:13:59.248 E/MsgCenterConfig(32111): 	at android.os.Looper.loop(Looper.java:225)
05-21 20:13:59.248 E/MsgCenterConfig(32111): 	at android.app.ActivityThread.main(ActivityThread.java:7564)
05-21 20:13:59.248 E/MsgCenterConfig(32111): 	at java.lang.reflect.Method.invoke(Native Method)
05-21 20:13:59.248 E/MsgCenterConfig(32111): 	at com.android.internal.os.RuntimeInit$MethodAndArgsCaller.run(RuntimeInit.java:539)
05-21 20:13:59.248 E/MsgCenterConfig(32111): 	at com.android.internal.os.ZygoteInit.main(ZygoteInit.java:950)
05-21 20:13:59.263 W/chromium(31723): [WARNING:net/dns/dns_config_service_android.cc:69] Failed to read DnsConfig.
05-21 20:13:59.321 W/Looper  (32111): Slow Looper main: Long Msg: seq=2 plan=20:13:56.713  late=2ms wall=2600ms running=216ms runnable=44ms io=2120ms h=android.app.ActivityThread$H w=110
05-21 20:13:59.332 D/AppActiveReceiver(32111): receive app active broadcast for: com.playsocialgames.plinko, install from: null
05-21 20:13:59.332 I/SystemUpdate-LocalAppManager(32111): load local apps from system : begin
05-21 20:13:59.338 E/System  (31768): Uncaught exception thrown by finalizer
05-21 20:13:59.341 E/System  (31768): java.lang.NullPointerException: Attempt to invoke virtual method 'void android.content.res.StringBlock.close()' on a null object reference
05-21 20:13:59.341 E/System  (31768): 	at android.content.res.ApkAssets.close(ApkAssets.java:195)
05-21 20:13:59.341 E/System  (31768): 	at android.content.res.ApkAssets.finalize(ApkAssets.java:185)
05-21 20:13:59.341 E/System  (31768): 	at java.lang.Daemons$FinalizerDaemon.doFinalize(Daemons.java:291)
05-21 20:13:59.341 E/System  (31768): 	at java.lang.Daemons$FinalizerDaemon.runInternal(Daemons.java:278)
05-21 20:13:59.341 E/System  (31768): 	at java.lang.Daemons$Daemon.run(Daemons.java:139)
05-21 20:13:59.341 E/System  (31768): 	at java.lang.Thread.run(Thread.java:919)
05-21 20:13:59.363 W/chromium(31723): [WARNING:android_webview/browser/network_service/net_helpers.cc:137] HTTP Cache size is: 20971520
05-21 20:13:59.405 D/CompatibilityInfo( 1637): mCompatibilityFlags - 0
05-21 20:13:59.405 D/CompatibilityInfo( 1637): applicationDensity - 440
05-21 20:13:59.405 D/CompatibilityInfo( 1637): applicationScale - 1.0
05-21 20:13:59.407 D/PMonitor( 5123):  onProcessDied:pid = 32111,died-uid=10111
05-21 20:13:59.407 D/CompatibilityInfo( 1637): mCompatibilityFlags - 0
05-21 20:13:59.407 D/CompatibilityInfo( 1637): applicationDensity - 440
05-21 20:13:59.407 D/CompatibilityInfo( 1637): applicationScale - 1.0
05-21 20:13:59.410 I/SystemUpdate-AppActiveStatService(32111): start forground service
05-21 20:13:59.412 I/MiuiNetworkPolicy( 1637): updateUidState uid = 10111, uidState = 5
05-21 20:13:59.446 I/SarService( 2665): Receiver polling >>>> Change receiver mode: off
05-21 20:13:59.452 D/PMonitor( 5123):  onProcessDied:pid = 32111,died-uid=10111
05-21 20:13:59.467 I/Unity   (32078): [ZeyWinAds] Initialized with bundle ID: com.playsocialgames.plinko
05-21 20:13:59.467 I/Unity   (32078): UnityEngine.DebugLogHandler:Internal_Log(LogType, LogOption, String, Object)
05-21 20:13:59.467 I/Unity   (32078): ZeyWinAds.ZeyWinAds:Initialize(String, PreloadSettings)
05-21 20:13:59.467 I/Unity   (32078): 
05-21 20:13:59.473 I/Ad      (32111): isPersonalizedAdEnabled getAdSettings: 3
05-21 20:13:59.528 D/AdvertisingProxy(32111): limit ad tracking enabled is false
05-21 20:13:59.573 I/SystemUpdate-LocalAppManager(32111): load local apps from system : finish
05-21 20:13:59.580 I/vendor.qti.bluetooth@1.0-ibs_handler(  695): ProcessIbsCmd: Received IBS_WAKE_IND: 0xFD
05-21 20:13:59.580 D/vendor.qti.bluetooth@1.0-ibs_handler(  695): SerialClockVote: vote for UART CLK ON
05-21 20:13:59.581 D/vendor.qti.bluetooth@1.0-wake_lock(  695): Acquire wakelock is acquired 
05-21 20:13:59.581 I/vendor.qti.bluetooth@1.0-ibs_handler(  695): ProcessIbsCmd: Writing IBS_WAKE_ACK
05-21 20:13:59.582 V/bt_stack( 5466): [VERBOSE1:btm_ble_gap.cc(1847)] btm_ble_process_adv_addr: bda=61:fe:00:44:8e:61
05-21 20:13:59.582 V/bt_stack( 5466): [VERBOSE1:btm_ble_gap.cc(2052)]  Waiting for scan response 61:fe:00:44:8e:61
05-21 20:13:59.592 W/FirebaseRemoteConfig( 5123): No value of type 'FirebaseRemoteConfigValue' exists for parameter key 'enable_push_monitor_broadcast'.
05-21 20:13:59.611 D/StatusBar( 2388): onNotificationPosted key=0|com.xiaomi.discover|193364715|null|10111 isUpdate=false
05-21 20:13:59.611 D/StatusBar( 2388): filter Notification key=0|com.xiaomi.discover|193364715|null|10111
05-21 20:13:59.613 I/IL2CPP  (32078): Locale uk-UA
05-21 20:13:59.620 I/Unity   (32078): [ZeyWinAds] Preloading Interstitial ad...
05-21 20:13:59.620 I/Unity   (32078): UnityEngine.DebugLogHandler:Internal_Log(LogType, LogOption, String, Object)
05-21 20:13:59.620 I/Unity   (32078): ZeyWinAds.Core.<PreloadAdCoroutine>d__34:MoveNext()
05-21 20:13:59.620 I/Unity   (32078): UnityEngine.SetupCoroutine:InvokeMoveNext(IEnumerator, IntPtr)
05-21 20:13:59.620 I/Unity   (32078): ZeyWinAds.Core.AdLoader:PreloadAd(AdType, Boolean)
05-21 20:13:59.620 I/Unity   (32078): ZeyWinAds.ZeyWinAds:Initialize(String, PreloadSettings)
05-21 20:13:59.620 I/Unity   (32078): 
05-21 20:13:59.620 I/Unity   (32078): [ZeyWinAds] Loading Interstitial ad...
05-21 20:13:59.620 I/Unity   (32078): UnityEngine.DebugLogHandler:Internal_Log(LogType, LogOption, String, Object)
05-21 20:13:59.620 I/Unity   (32078): ZeyWinAds.Ads.BaseAd:Load(Action`1)
05-21 20:13:59.620 I/Unity   (32078): ZeyWinAds.Core.<PreloadAdCoroutine>d__34:MoveNext()
05-21 20:13:59.620 I/Unity   (32078): UnityEngine.SetupCoroutine:InvokeMoveNext(IEnumerator, IntPtr)
05-21 20:13:59.620 I/Unity   (32078): ZeyWinAds.Core.AdLoader:PreloadAd(AdType, Boolean)
05-21 20:13:59.620 I/Unity   (32078): ZeyWinAds.ZeyWinAds:Initialize(String, PreloadSettings)
05-21 20:13:59.620 I/Unity   (32078): 
05-21 20:13:59.621 I/vendor.qti.bluetooth@1.0-ibs_handler(  695): ProcessIbsCmd: Received IBS_SLEEP_IND: 0xFE
05-21 20:13:59.621 D/vendor.qti.bluetooth@1.0-ibs_handler(  695): SerialClockVote: vote for UART CLK OFF
05-21 20:13:59.646 I/SarService( 2665): Receiver polling >>>> Change receiver mode: off
05-21 20:13:59.649 I/SystemUpdate-AutoUpdateScheduler(32111): [Update] scheduleAutoUpdateOnAppStart
05-21 20:13:59.652 I/Unity   (32078): [ZeyWinAds] [AdMob] Initializing
05-21 20:13:59.652 I/Unity   (32078): UnityEngine.DebugLogHandler:Internal_Log(LogType, LogOption, String, Object)
05-21 20:13:59.652 I/Unity   (32078): ZeyWinAds.Mediation.AdMobNetwork:Initialize(ZeyWinAdsSettings)
05-21 20:13:59.652 I/Unity   (32078): ZeyWinAds.Mediation.AdMediator:Initialize()
05-21 20:13:59.652 I/Unity   (32078): ZeyWinAds.ZeyWinAds:Initialize(String, PreloadSettings)
05-21 20:13:59.652 I/Unity   (32078): 
05-21 20:13:59.663 D/MarketSdk-MarketManager(32111): currVersionValue: 12000400
05-21 20:13:59.663 D/MarketSdk-MarketManager(32111): targetVersionValue: 10000000
05-21 20:13:59.664 D/CompatibilityInfo( 1637): mCompatibilityFlags - 0
05-21 20:13:59.664 D/CompatibilityInfo( 1637): applicationDensity - 440
05-21 20:13:59.664 D/CompatibilityInfo( 1637): applicationScale - 1.0
05-21 20:13:59.664 I/SystemUpdate-MeteredUpdateConfirmUtils(32111): set value to Settings: app_update_notify false
05-21 20:13:59.685 D/SessionsDependencies(32111): Dependency to CRASHLYTICS added.
05-21 20:13:59.687 I/FirebaseApp(32111): Device unlocked: initializing all Firebase APIs for app [DEFAULT]
05-21 20:13:59.705 D/PMonitor( 5123):  onProcessDied:pid = 32111,died-uid=10111
05-21 20:13:59.706 D/zhoumingliang( 1637): isinvrtest==false
05-21 20:13:59.707 I/SystemUpdate-AppActiveStatService(32111): stop forground service
05-21 20:13:59.710 D/StatusBar( 2388): onNotificationRemoved key=0|com.xiaomi.discover|193364715|null|10111 reason=8
05-21 20:13:59.711 W/StatusBar( 2388): removeNotification for unknown key: 0|com.xiaomi.discover|193364715|null|10111
05-21 20:13:59.711 D/StatusBar( 2388): removeNotification null
05-21 20:13:59.713 I/ActivityManager( 1637): Killing 30572:com.android.vending:background/u0a176 (adj 985): empty #17
05-21 20:13:59.720 I/Unity   (32078): [ZeyWinAds] [AdMob] Test device ids configured: E2D426604A92FFADE86351336AAC473E
05-21 20:13:59.720 I/Unity   (32078): UnityEngine.DebugLogHandler:Internal_Log(LogType, LogOption, String, Object)
05-21 20:13:59.720 I/Unity   (32078): ZeyWinAds.Mediation.AdMobNetwork:InitializeMobileAds()
05-21 20:13:59.720 I/Unity   (32078): ZeyWinAds.Mediation.AdMediator:Initialize()
05-21 20:13:59.720 I/Unity   (32078): ZeyWinAds.ZeyWinAds:Initialize(String, PreloadSettings)
05-21 20:13:59.720 I/Unity   (32078): 
05-21 20:13:59.721 I/MiuiNetworkPolicy( 1637): updateUidState uid = 99096, uidState = 7
05-21 20:13:59.721 I/MiuiNetworkPolicy( 1637): updateUidState uid = 10111, uidState = 20
05-21 20:13:59.765 W/FileUtils( 1637): Slow Operation: fsync took 118ms
05-21 20:13:59.772 D/vendor.qti.bluetooth@1.0-wake_lock(  695): Release wakelock is released 
05-21 20:13:59.792 I/NetworkScheduler.Stats( 5178): (REDACTED) Task %s/%s started execution. cause:%s exec_start_elapsed_seconds: %s
05-21 20:13:59.799 D/ConnectivityService( 1637): ConnectivityService NetworkRequestInfo binderDied(NetworkRequest [ TRACK_DEFAULT id=3371, [ Capabilities: INTERNET&NOT_RESTRICTED&TRUSTED Uid: 10176] ], android.os.BinderProxy@4a488f2)
05-21 20:13:59.799 D/ConnectivityService( 1637): ConnectivityService NetworkRequestInfo binderDied(NetworkRequest [ TRACK_DEFAULT id=3372, [ Capabilities: INTERNET&NOT_RESTRICTED&TRUSTED Uid: 10176] ], android.os.BinderProxy@2ddd5c0)
05-21 20:13:59.799 D/ConnectivityService( 1637): ConnectivityService NetworkRequestInfo binderDied(NetworkRequest [ TRACK_DEFAULT id=3376, [ Capabilities: INTERNET&NOT_RESTRICTED&TRUSTED Uid: 10176] ], android.os.BinderProxy@8f43b43)
05-21 20:13:59.799 D/ConnectivityService( 1637): ConnectivityService NetworkRequestInfo binderDied(NetworkRequest [ LISTEN id=3373, [ Capabilities: INTERNET&NOT_RESTRICTED&TRUSTED Uid: 10176] ], android.os.BinderProxy@214b2f9)
05-21 20:13:59.799 D/ConnectivityService( 1637): releasing NetworkRequest [ TRACK_DEFAULT id=3371, [ Capabilities: INTERNET&NOT_RESTRICTED&TRUSTED Uid: 10176] ] (release request)
05-21 20:13:59.792 I/NetworkScheduler.Stats( 5178): (REDACTED) Task %s/%s started execution. cause:%s exec_start_elapsed_seconds: %s
05-21 20:13:59.801 I/libprocessgroup( 1637): Successfully killed process cgroup uid 10176 pid 30572 in 85ms
05-21 20:13:59.802 D/ProcessManager( 1637): skip restart com.android.vending:background because this device is a lowmemory device!
05-21 20:13:59.802 D/ConnectivityService( 1637): releasing NetworkRequest [ TRACK_DEFAULT id=3372, [ Capabilities: INTERNET&NOT_RESTRICTED&TRUSTED Uid: 10176] ] (release request)
05-21 20:13:59.803 D/ConnectivityService( 1637): releasing NetworkRequest [ TRACK_DEFAULT id=3376, [ Capabilities: INTERNET&NOT_RESTRICTED&TRUSTED Uid: 10176] ] (release request)
05-21 20:13:59.805 I/MiuiNetworkPolicy( 1637): updateUidState uid = 99096, uidState = 5
05-21 20:13:59.814 I/Zygote  (  607): Process 30572 exited due to signal 9 (Killed)
05-21 20:13:59.829 I/PlayGamesServices[GamesSyncAdapter]( 8252): Starting sync for 618ae32e
05-21 20:13:59.829 I/PlayGamesServices[GamesSyncAdapter]( 8252): Starting sync for d2ebdb54
05-21 20:13:59.841 I/PlayGamesServices[GamesSyncAdapter]( 8252): Sync duration for 618ae32e: 11
05-21 20:13:59.841 I/PlayGamesServices[GamesSyncAdapter]( 8252): Sync duration for d2ebdb54: 11
05-21 20:13:59.848 I/SarService( 2665): Receiver polling >>>> Change receiver mode: off
05-21 20:13:59.897 I/DynamiteModule(32078): Considering local module com.google.android.gms.ads.dynamite:0 and remote module com.google.android.gms.ads.dynamite:260480602
05-21 20:13:59.897 I/DynamiteModule(32078): Selected remote version of com.google.android.gms.ads.dynamite, version >= 260480602
05-21 20:13:59.897 V/DynamiteModule(32078): Dynamite loader version >= 2, using loadModule2NoCrashUtils
05-21 20:13:59.909 D/NetworkSecurityConfig(32078): No Network Security Config specified, using platform default
05-21 20:13:59.920 W/ackageinstalle(31723): Suspending all threads took: 34.059ms
05-21 20:13:59.929 D/ConnectivityService( 1637): requestNetwork for uid/pid:10159/31723 NetworkRequest [ TRACK_DEFAULT id=3387, [ Capabilities: INTERNET&NOT_RESTRICTED&TRUSTED Uid: 10159] ]
05-21 20:13:59.930 D/WIFI_AWARE_FACTORY( 1637): got request NetworkRequest [ TRACK_DEFAULT id=3387, [ Capabilities: INTERNET&NOT_RESTRICTED&TRUSTED Uid: 10159] ] with score 50 and serial 5
05-21 20:13:59.930 D/UntrustedWifiNetworkFactory( 1637): got request NetworkRequest [ TRACK_DEFAULT id=3387, [ Capabilities: INTERNET&NOT_RESTRICTED&TRUSTED Uid: 10159] ] with score 50 and serial 5
05-21 20:13:59.930 D/WifiNetworkFactory( 1637): got request NetworkRequest [ TRACK_DEFAULT id=3387, [ Capabilities: INTERNET&NOT_RESTRICTED&TRUSTED Uid: 10159] ] with score 50 and serial 5
05-21 20:13:59.930 D/Ethernet( 1637): got request NetworkRequest [ TRACK_DEFAULT id=3387, [ Capabilities: INTERNET&NOT_RESTRICTED&TRUSTED Uid: 10159] ] with score 50 and serial 5
05-21 20:13:59.933 D/PhoneSwitcherNetworkRequstListener( 2665): got request NetworkRequest [ TRACK_DEFAULT id=3387, [ Capabilities: INTERNET&NOT_RESTRICTED&TRUSTED Uid: 10159] ] with score 50 and serial 5
05-21 20:13:59.962 W/PlayGamesServices[DataBroker]( 8252): No player ID found when refreshing
05-21 20:13:59.963 I/chatty  ( 8252): uid=10188(com.google.android.gms) lowpool[495] identical 21 lines
05-21 20:13:59.964 W/PlayGamesServices[DataBroker]( 8252): No player ID found when refreshing
05-21 20:13:59.965 W/PlayGamesServices[DataBroker]( 8252): No player ID found when refreshing
05-21 20:13:59.965 W/PlayGamesServices[DataBroker]( 8252): No player ID found when refreshing
05-21 20:13:59.966 W/PlayGamesServices[DataBroker]( 8252): No player ID found when refreshing
05-21 20:13:59.966 W/PlayGamesServices[DataBroker]( 8252): No player ID found when refreshing
05-21 20:13:59.967 W/PlayGamesServices[DataBroker]( 8252): No player ID found when refreshing
05-21 20:13:59.967 W/PlayGamesServices[DataBroker]( 8252): No player ID found when refreshing
05-21 20:13:59.968 W/PlayGamesServices[DataBroker]( 8252): No player ID found when refreshing
05-21 20:13:59.968 W/PlayGamesServices[DataBroker]( 8252): No player ID found when refreshing
05-21 20:13:59.968 W/PlayGamesServices[DataBroker]( 8252): No player ID found when refreshing
05-21 20:13:59.969 W/PlayGamesServices[DataBroker]( 8252): No player ID found when refreshing
05-21 20:13:59.969 W/PlayGamesServices[DataBroker]( 8252): No player ID found when refreshing
05-21 20:13:59.970 W/PlayGamesServices[DataBroker]( 8252): No player ID found when refreshing
05-21 20:13:59.970 W/PlayGamesServices[DataBroker]( 8252): No player ID found when refreshing
05-21 20:13:59.971 W/PlayGamesServices[DataBroker]( 8252): No player ID found when refreshing
05-21 20:13:59.971 W/PlayGamesServices[DataBroker]( 8252): No player ID found when refreshing
05-21 20:13:59.971 W/PlayGamesServices[DataBroker]( 8252): No player ID found when refreshing
05-21 20:13:59.972 W/PlayGamesServices[DataBroker]( 8252): No player ID found when refreshing
05-21 20:13:59.979 I/chatty  ( 8252): uid=10188(com.google.android.gms) lowpool[554] identical 28 lines
05-21 20:13:59.995 W/PlayGamesServices[DataBroker]( 8252): No player ID found when refreshing
05-21 20:13:59.996 W/PlayGamesServices[DataBroker]( 8252): No player ID found when refreshing
05-21 20:13:59.996 W/PlayGamesServices[DataBroker]( 8252): No player ID found when refreshing
05-21 20:13:59.997 W/PlayGamesServices[DataBroker]( 8252): No player ID found when refreshing
05-21 20:13:59.997 W/PlayGamesServices[DataBroker]( 8252): No player ID found when refreshing
05-21 20:13:59.998 W/PlayGamesServices[DataBroker]( 8252): No player ID found when refreshing
05-21 20:13:59.999 W/PlayGamesServices[DataBroker]( 8252): No player ID found when refreshing
05-21 20:14:00.001 D/KeyguardUpdateMonitor( 2388): handleTimeUpdate
