05-21 17:08:59.136 I//vendor/bin/hw/vendor.qti.hardware.servicetracker@1.1-service(  738): bindService is called for service : com.google.android.gms/.chimera.GmsBoundBrokerService and for client com.google.android.googlequicksearchbox:googleapp
05-21 17:08:59.136 I//vendor/bin/hw/vendor.qti.hardware.servicetracker@1.1-service(  738): total connections for service : com.google.android.gms/.chimera.GmsBoundBrokerServiceare :2
05-21 17:08:59.136 I//vendor/bin/hw/vendor.qti.hardware.servicetracker@1.1-service(  738): total connections for client : com.google.android.googlequicksearchbox:googleappare :6
05-21 17:08:59.140 I/SarService( 2665): Receiver polling >>>> Change receiver mode: off
05-21 17:08:59.144 I//vendor/bin/hw/vendor.qti.hardware.servicetracker@1.1-service(  738): bindService is called for service : com.google.android.gms/.chimera.PersistentDirectBootAwareApiService and for client com.google.android.googlequicksearchbox:googleapp
05-21 17:08:59.144 I//vendor/bin/hw/vendor.qti.hardware.servicetracker@1.1-service(  738): total connections for service : com.google.android.gms/.chimera.PersistentDirectBootAwareApiServiceare :21
05-21 17:08:59.144 I//vendor/bin/hw/vendor.qti.hardware.servicetracker@1.1-service(  738): total connections for client : com.google.android.googlequicksearchbox:googleappare :6
05-21 17:08:59.219 D/ConnectivityService( 1637): requestNetwork for uid/pid:10224/20121 NetworkRequest [ TRACK_DEFAULT id=3175, [ Capabilities: INTERNET&NOT_RESTRICTED&TRUSTED Uid: 10224] ]
05-21 17:08:59.221 D/PhoneSwitcherNetworkRequstListener( 2665): got request NetworkRequest [ TRACK_DEFAULT id=3175, [ Capabilities: INTERNET&NOT_RESTRICTED&TRUSTED Uid: 10224] ] with score 50 and serial 5
05-21 17:08:59.221 D/WIFI_AWARE_FACTORY( 1637): got request NetworkRequest [ TRACK_DEFAULT id=3175, [ Capabilities: INTERNET&NOT_RESTRICTED&TRUSTED Uid: 10224] ] with score 50 and serial 5
05-21 17:08:59.222 D/UntrustedWifiNetworkFactory( 1637): got request NetworkRequest [ TRACK_DEFAULT id=3175, [ Capabilities: INTERNET&NOT_RESTRICTED&TRUSTED Uid: 10224] ] with score 50 and serial 5
05-21 17:08:59.222 D/WifiNetworkFactory( 1637): got request NetworkRequest [ TRACK_DEFAULT id=3175, [ Capabilities: INTERNET&NOT_RESTRICTED&TRUSTED Uid: 10224] ] with score 50 and serial 5
05-21 17:08:59.222 D/Ethernet( 1637): got request NetworkRequest [ TRACK_DEFAULT id=3175, [ Capabilities: INTERNET&NOT_RESTRICTED&TRUSTED Uid: 10224] ] with score 50 and serial 5
05-21 17:08:59.288 D/EgretLoader(20121): EgretLoader(Context context)
05-21 17:08:59.288 D/EgretLoader(20121): The context is not activity
05-21 17:08:59.340 I/SarService( 2665): Receiver polling >>>> Change receiver mode: off
05-21 17:08:59.434 W/Looper  (20121): Slow Looper main: Long Msg: seq=36 plan=17:08:57.882  late=0ms wall=1552ms running=336ms runnable=34ms io=1012ms h=com.google.android.gms.ads.internal.util.f c=com.google.android.gms.ads.internal.js.r
05-21 17:08:59.540 I/SarService( 2665): Receiver polling >>>> Change receiver mode: off
05-21 17:08:59.560 I/CameraManagerGlobal(20121): Connecting to camera service
05-21 17:08:59.577 W/Unity   (20121): DontDestroyOnLoad only works for root GameObjects or components on root GameObjects.
05-21 17:08:59.577 W/Unity   (20121): Audio.AudioManager:Awake()
05-21 17:08:59.577 W/Unity   (20121): 
05-21 17:08:59.577 W/Unity   (20121): [ line 1825373096]
05-21 17:08:59.577 W/Unity   (20121): 
05-21 17:08:59.589 W/Unity   (20121): [ZeyWinAds] Server error: No ads available
05-21 17:08:59.589 W/Unity   (20121): UnityEngine.DebugLogHandler:Internal_Log(LogType, LogOption, String, Object)
05-21 17:08:59.589 W/Unity   (20121): ZeyWinAds.Core.<RequestAdCoroutine>d__23:MoveNext()
05-21 17:08:59.589 W/Unity   (20121): UnityEngine.SetupCoroutine:InvokeMoveNext(IEnumerator, IntPtr)
05-21 17:08:59.589 W/Unity   (20121): 
05-21 17:08:59.590 W/Unity   (20121): [ZeyWinAds] Interstitial ad failed to load: No ads available
05-21 17:08:59.590 W/Unity   (20121): UnityEngine.DebugLogHandler:Internal_Log(LogType, LogOption, String, Object)
05-21 17:08:59.590 W/Unity   (20121): ZeyWinAds.Ads.BaseAd:OnAdLoadFailed(String)
05-21 17:08:59.590 W/Unity   (20121): ZeyWinAds.Core.<RequestAdCoroutine>d__23:MoveNext()
05-21 17:08:59.590 W/Unity   (20121): UnityEngine.SetupCoroutine:InvokeMoveNext(IEnumerator, IntPtr)
05-21 17:08:59.590 W/Unity   (20121): 
05-21 17:08:59.591 W/Unity   (20121): [ZeyWinAds] Server error: No ads available
05-21 17:08:59.591 W/Unity   (20121): UnityEngine.DebugLogHandler:Internal_Log(LogType, LogOption, String, Object)
05-21 17:08:59.591 W/Unity   (20121): ZeyWinAds.Core.<RequestAdCoroutine>d__23:MoveNext()
05-21 17:08:59.591 W/Unity   (20121): UnityEngine.SetupCoroutine:InvokeMoveNext(IEnumerator, IntPtr)
05-21 17:08:59.591 W/Unity   (20121): 
05-21 17:08:59.592 W/Unity   (20121): [ZeyWinAds] Rewarded ad failed to load: No ads available
05-21 17:08:59.592 W/Unity   (20121): UnityEngine.DebugLogHandler:Internal_Log(LogType, LogOption, String, Object)
05-21 17:08:59.592 W/Unity   (20121): ZeyWinAds.Ads.BaseAd:OnAdLoadFailed(String)
05-21 17:08:59.592 W/Unity   (20121): ZeyWinAds.Core.<RequestAdCoroutine>d__23:MoveNext()
05-21 17:08:59.592 W/Unity   (20121): UnityEngine.SetupCoroutine:InvokeMoveNext(IEnumerator, IntPtr)
05-21 17:08:59.592 W/Unity   (20121): 
05-21 17:08:59.593 W/Unity   (20121): [ZeyWinAds] Server error: No ads available
05-21 17:08:59.593 W/Unity   (20121): UnityEngine.DebugLogHandler:Internal_Log(LogType, LogOption, String, Object)
05-21 17:08:59.593 W/Unity   (20121): ZeyWinAds.Core.<RequestAdCoroutine>d__23:MoveNext()
05-21 17:08:59.593 W/Unity   (20121): UnityEngine.SetupCoroutine:InvokeMoveNext(IEnumerator, IntPtr)
05-21 17:08:59.593 W/Unity   (20121): 
05-21 17:08:59.593 W/Unity   (20121): [ZeyWinAds] Native ad failed to load: No ads available
05-21 17:08:59.593 W/Unity   (20121): UnityEngine.DebugLogHandler:Internal_Log(LogType, LogOption, String, Object)
05-21 17:08:59.593 W/Unity   (20121): ZeyWinAds.Ads.BaseAd:OnAdLoadFailed(String)
05-21 17:08:59.593 W/Unity   (20121): ZeyWinAds.Core.<RequestAdCoroutine>d__23:MoveNext()
05-21 17:08:59.593 W/Unity   (20121): UnityEngine.SetupCoroutine:InvokeMoveNext(IEnumerator, IntPtr)
05-21 17:08:59.593 W/Unity   (20121): 
05-21 17:08:59.603 W/CameraManagerGlobal(20121): [soar.cts] ignore the status update of camera: 20
05-21 17:08:59.603 W/CameraManagerGlobal(20121): [soar.cts] ignore the status update of camera: 21
05-21 17:08:59.603 W/CameraManagerGlobal(20121): [soar.cts] ignore the status update of camera: 22
05-21 17:08:59.603 W/CameraManagerGlobal(20121): [soar.cts] ignore the status update of camera: 61
05-21 17:08:59.604 W/CameraManagerGlobal(20121): ignore the torch status update of camera: 21
05-21 17:08:59.607 W/Unity   (20121): [ZeyWinAds] Server error: No ads available
05-21 17:08:59.607 W/Unity   (20121): UnityEngine.DebugLogHandler:Internal_Log(LogType, LogOption, String, Object)
05-21 17:08:59.607 W/Unity   (20121): ZeyWinAds.Core.<RequestAdCoroutine>d__23:MoveNext()
05-21 17:08:59.607 W/Unity   (20121): UnityEngine.SetupCoroutine:InvokeMoveNext(IEnumerator, IntPtr)
05-21 17:08:59.607 W/Unity   (20121): 
05-21 17:08:59.610 W/Unity   (20121): [ZeyWinAds] Banner ad failed to load: No ads available
05-21 17:08:59.610 W/Unity   (20121): UnityEngine.DebugLogHandler:Internal_Log(LogType, LogOption, String, Object)
05-21 17:08:59.610 W/Unity   (20121): ZeyWinAds.Ads.BaseAd:OnAdLoadFailed(String)
05-21 17:08:59.610 W/Unity   (20121): ZeyWinAds.Core.<RequestAdCoroutine>d__23:MoveNext()
05-21 17:08:59.610 W/Unity   (20121): UnityEngine.SetupCoroutine:InvokeMoveNext(IEnumerator, IntPtr)
05-21 17:08:59.610 W/Unity   (20121): 
05-21 17:08:59.610 I/Unity   (20121): [ZeyWinAds] [AdMob] Initialized
05-21 17:08:59.610 I/Unity   (20121): UnityEngine.DebugLogHandler:Internal_Log(LogType, LogOption, String, Object)
05-21 17:08:59.610 I/Unity   (20121): ZeyWinAds.Mediation.<>c:<InitializeMobileAds>b__16_0(InitializationStatus)
05-21 17:08:59.610 I/Unity   (20121): GoogleMobileAds.Android.MobileAdsClient:onInitializationComplete(AndroidJavaObject)
05-21 17:08:59.610 I/Unity   (20121): System.Reflection.RuntimeMethodInfo:Invoke(Object, BindingFlags, Binder, Object[], CultureInfo)
05-21 17:08:59.610 I/Unity   (20121): UnityEngine.AndroidJavaProxy:Invoke(String, Object[])
05-21 17:08:59.610 I/Unity   (20121): UnityEngine.AndroidJavaProxy:Invoke(String, IntPtr)
05-21 17:08:59.610 I/Unity   (20121): UnityEngine._AndroidJNIHelper:InvokeJavaProxyMethod(AndroidJavaProxy, IntPtr, IntPtr)
05-21 17:08:59.610 I/Unity   (20121): 
05-21 17:08:59.611 W/Unity   (20121): [ZeyWinAds] Server error: No ads available
05-21 17:08:59.611 W/Unity   (20121): UnityEngine.DebugLogHandler:Internal_Log(LogType, LogOption, String, Object)
05-21 17:08:59.611 W/Unity   (20121): ZeyWinAds.Core.<RequestAdCoroutine>d__23:MoveNext()
05-21 17:08:59.611 W/Unity   (20121): UnityEngine.SetupCoroutine:InvokeMoveNext(IEnumerator, IntPtr)
05-21 17:08:59.611 W/Unity   (20121): 
05-21 17:08:59.614 W/Unity   (20121): [ZeyWinAds] Popup ad failed to load: No ads available
05-21 17:08:59.614 W/Unity   (20121): UnityEngine.DebugLogHandler:Internal_Log(LogType, LogOption, String, Object)
05-21 17:08:59.614 W/Unity   (20121): ZeyWinAds.Ads.BaseAd:OnAdLoadFailed(String)
05-21 17:08:59.614 W/Unity   (20121): ZeyWinAds.Core.<RequestAdCoroutine>d__23:MoveNext()
05-21 17:08:59.614 W/Unity   (20121): UnityEngine.SetupCoroutine:InvokeMoveNext(IEnumerator, IntPtr)
05-21 17:08:59.614 W/Unity   (20121): 
05-21 17:08:59.614 W/CameraManagerGlobal(20121): ignore the torch status update of camera: 22
05-21 17:08:59.615 W/CameraManagerGlobal(20121): ignore the torch status update of camera: 61
05-21 17:08:59.638 E/ResolverController(  606): No valid NAT64 prefix (141, <unspecified>/0)
05-21 17:08:59.693 I/DynamiteModule(20121): Considering local module com.google.android.gms.ads.dynamite:0 and remote module com.google.android.gms.ads.dynamite:260480602
05-21 17:08:59.693 I/DynamiteModule(20121): Selected remote version of com.google.android.gms.ads.dynamite, version >= 260480602
05-21 17:08:59.693 V/DynamiteModule(20121): Dynamite loader version >= 2, using loadModule2NoCrashUtils
05-21 17:08:59.741 I/SarService( 2665): Receiver polling >>>> Change receiver mode: off
05-21 17:08:59.765 I/AdrenoGLES(20079): QUALCOMM build                   : d20ce1a, Ia11ce2d146
05-21 17:08:59.765 I/AdrenoGLES(20079): Build Date                       : 12/15/20
05-21 17:08:59.765 I/AdrenoGLES(20079): OpenGL ES Shader Compiler Version: EV031.27.05.03
05-21 17:08:59.765 I/AdrenoGLES(20079): Local Branch                     : 
05-21 17:08:59.765 I/AdrenoGLES(20079): Remote Branch                    : refs/tags/AU_LINUX_ANDROID_LA.UM.8.11.R1.10.00.00.576.024
05-21 17:08:59.765 I/AdrenoGLES(20079): Remote Branch                    : NONE
05-21 17:08:59.765 I/AdrenoGLES(20079): Reconstruct Branch               : NOTHING
05-21 17:08:59.767 I/AdrenoGLES(20079): Build Config                     : S P 8.0.12 AArch64
05-21 17:08:59.770 I/Ads     (20121): Use RequestConfiguration.Builder().setTestDeviceIds(Arrays.asList("E2D426604A92FFADE86351336AAC473E")) to get test ads on this device.
05-21 17:08:59.804 W/BpBinder( 1637): Slow Binder: BpBinder transact took 209 ms, interface=android.os.IInstalld, code=9 oneway=false
05-21 17:08:59.804 W/BpBinder(18835): Slow Binder: BpBinder transact took 210 ms, interface=android.app.usage.IStorageStatsManager, code=7 oneway=false
05-21 17:08:59.830 D/ConnectivityService( 1637): requestNetwork for uid/pid:10224/20121 NetworkRequest [ TRACK_DEFAULT id=3177, [ Capabilities: INTERNET&NOT_RESTRICTED&TRUSTED Uid: 10224] ]
05-21 17:08:59.831 D/WIFI_AWARE_FACTORY( 1637): got request NetworkRequest [ TRACK_DEFAULT id=3177, [ Capabilities: INTERNET&NOT_RESTRICTED&TRUSTED Uid: 10224] ] with score 50 and serial 5
05-21 17:08:59.831 D/UntrustedWifiNetworkFactory( 1637): got request NetworkRequest [ TRACK_DEFAULT id=3177, [ Capabilities: INTERNET&NOT_RESTRICTED&TRUSTED Uid: 10224] ] with score 50 and serial 5
05-21 17:08:59.832 D/WifiNetworkFactory( 1637): got request NetworkRequest [ TRACK_DEFAULT id=3177, [ Capabilities: INTERNET&NOT_RESTRICTED&TRUSTED Uid: 10224] ] with score 50 and serial 5
05-21 17:08:59.832 D/Ethernet( 1637): got request NetworkRequest [ TRACK_DEFAULT id=3177, [ Capabilities: INTERNET&NOT_RESTRICTED&TRUSTED Uid: 10224] ] with score 50 and serial 5
05-21 17:08:59.833 D/PhoneSwitcherNetworkRequstListener( 2665): got request NetworkRequest [ TRACK_DEFAULT id=3177, [ Capabilities: INTERNET&NOT_RESTRICTED&TRUSTED Uid: 10224] ] with score 50 and serial 5
05-21 17:08:59.847 I//vendor/bin/hw/vendor.qti.hardware.servicetracker@1.1-service(  738): bindService is called for service : com.android.vending/com.google.android.finsky.billing.iab.InAppBillingService and for client com.playsocialgames.plinko
05-21 17:08:59.848 I//vendor/bin/hw/vendor.qti.hardware.servicetracker@1.1-service(  738): total connections for service : com.android.vending/com.google.android.finsky.billing.iab.InAppBillingServiceare :1
05-21 17:08:59.848 I//vendor/bin/hw/vendor.qti.hardware.servicetracker@1.1-service(  738): total connections for client : com.playsocialgames.plinkoare :6
05-21 17:08:59.850 D/CompatibilityInfo( 1637): mCompatibilityFlags - 0
05-21 17:08:59.850 D/CompatibilityInfo( 1637): applicationDensity - 440
05-21 17:08:59.850 D/CompatibilityInfo( 1637): applicationScale - 1.0
05-21 17:08:59.851 I//vendor/bin/hw/vendor.qti.hardware.servicetracker@1.1-service(  738): startService() is called for servicecom.android.vending/com.google.android.finsky.billing.iab.InAppBillingService
05-21 17:08:59.856 I//vendor/bin/hw/vendor.qti.hardware.servicetracker@1.1-service(  738): bindService is called for service : com.google.android.gms/.gass.GassService and for client com.playsocialgames.plinko
05-21 17:08:59.857 I//vendor/bin/hw/vendor.qti.hardware.servicetracker@1.1-service(  738): total connections for service : com.google.android.gms/.gass.GassServiceare :1
05-21 17:08:59.857 I//vendor/bin/hw/vendor.qti.hardware.servicetracker@1.1-service(  738): total connections for client : com.playsocialgames.plinkoare :7
05-21 17:08:59.862 D/CompatibilityInfo( 1637): mCompatibilityFlags - 0
05-21 17:08:59.862 D/CompatibilityInfo( 1637): applicationDensity - 440
05-21 17:08:59.862 D/CompatibilityInfo( 1637): applicationScale - 1.0
05-21 17:08:59.864 I//vendor/bin/hw/vendor.qti.hardware.servicetracker@1.1-service(  738): startService() is called for servicecom.google.android.gms/.gass.GassService
05-21 17:08:59.870 E/ocessService0:(20286): Unknown bits set in runtime_flags: 0x20000
05-21 17:08:59.870 E/ocessService0:(20292): Unknown bits set in runtime_flags: 0x20000
05-21 17:08:59.919 E/ocessService0:(20292): Not starting debugger since process cannot load the jdwp agent.
05-21 17:08:59.919 E/ocessService0:(20286): Not starting debugger since process cannot load the jdwp agent.
05-21 17:08:59.941 I/SarService( 2665): Receiver polling >>>> Change receiver mode: off
05-21 17:08:59.943 I//vendor/bin/hw/vendor.qti.hardware.servicetracker@1.1-service(  738): bindService is called for service : com.google.android.gms/.chimera.GmsBoundBrokerService and for client com.playsocialgames.plinko
05-21 17:08:59.943 I//vendor/bin/hw/vendor.qti.hardware.servicetracker@1.1-service(  738): total connections for service : com.google.android.gms/.chimera.GmsBoundBrokerServiceare :2
05-21 17:08:59.943 I//vendor/bin/hw/vendor.qti.hardware.servicetracker@1.1-service(  738): total connections for client : com.playsocialgames.plinkoare :7
05-21 17:08:59.992 W/chbox:googleap(20079): Suspending all threads took: 118.613ms
05-21 17:08:59.981 W/AdWorker(Defaul(20121): type=1400 audit(0.0:22908): avc: granted { execute } for path="/data/data/com.playsocialgames.plinko/app_pccache/5/7A613BD952B4C9A3464BD07DB3FDE8BF1644696C/oat/arm64/pcam.odex" dev="mmcblk0p87" ino=884693 scontext=u:r:untrusted_app:s0:c224,c256,c512,c768 tcontext=u:object_r:app_data_file:s0:c224,c256,c512,c768 tclass=file
05-21 17:08:59.997 W/ialgames.plink(20121): ClassLoaderContext classpath element mismatch. expected=/data/app/com.playsocialgames.plinko-vvl52lwfAHY4ZQIFGpVoKQ==/base.apk, found=/data/app/com.playsocialgames.plinko-sLabUPLYtN7-xd0bS8LpMw==/base.apk (PCL[];PCL[/data/app/com.playsocialgames.plinko-vvl52lwfAHY4ZQIFGpVoKQ==/base.apk*782351001:/data/app/com.playsocialgames.plinko-vvl52lwfAHY4ZQIFGpVoKQ==/base.apk!classes2.dex*2178065884:/data/app/com.playsocialgames.plinko-vvl52lwfAHY4ZQIFGpVoKQ==/base.apk!classes3.dex*2577265120] | PCL[];PCL[/data/app/com.playsocialgames.plinko-sLabUPLYtN7-xd0bS8LpMw==/base.apk*782351001:/data/app/com.playsocialgames.plinko-sLabUPLYtN7-xd0bS8LpMw==/base.apk!classes2.dex*2178065884:/data/app/com.playsocialgames.plinko-sLabUPLYtN7-xd0bS8LpMw==/base.apk!classes3.dex*2577265120]{PCL[/system/framework/org.apache.http.legacy.jar*2820881278]})
05-21 17:09:00.029 D/KeyguardUpdateMonitor( 2388): handleTimeUpdate
05-21 17:09:00.103 D/FancyDrawable( 2695): doPause:   [miui.maml.FancyDrawable@7994a90]
05-21 17:09:00.103 D/MultipleRenderable( 2695): setPause: true miui.maml.FancyDrawable@7994a90
05-21 17:09:00.103 D/RendererCore( 2695): self pause: miui.maml.RendererCore@354c94d
05-21 17:09:00.103 D/ScreenElementRoot( 2695): pause
05-21 17:09:00.126 I/ActivityTaskManager( 1637): Fully drawn com.playsocialgames.plinko/com.unity3d.player.UnityPlayerActivity: +5s874ms
05-21 17:09:00.141 I/SarService( 2665): Receiver polling >>>> Change receiver mode: off
05-21 17:09:00.192 I/AdrenoGLES(20079): PFP: 0x016ee187, ME: 0x00000000
05-21 17:09:00.196 I/AudioManager(20121): In isSpeakerphoneOn(), calling application: com.playsocialgames.plinko
05-21 17:09:00.196 I/AS.AudioDeviceBroker( 1637): In isSpeakerphoneOn(), mForcedUseForCommExt: 0
05-21 17:09:00.198 D/AudioManager(20121): getStreamVolume isRestricted mode = 0
05-21 17:09:00.199 D/AudioManager(20121): getStreamVolume isRestricted mode = 0
05-21 17:09:00.219 W/ServiceBindIntentUtils(20121): Dynamic lookup for intent failed for action: com.google.android.gms.ads.service.CACHE
05-21 17:09:00.230 W/Ads     (20121): Invoke Firebase method getInstance error.
05-21 17:09:00.230 W/Ads     (20121): The Google Mobile Ads SDK will not integrate with Firebase. Admob/Firebase integration requires the latest Firebase SDK jar, but Firebase SDK is either missing or out of date
05-21 17:09:00.262 W/BoostFramework( 1637): Slow Operation: BoostFramework perfHint took 136ms
05-21 17:09:00.263 D/BoundBrokerSvc( 8252): onBind: Intent { act=com.google.android.gms.ads.identifier.service.EVENT_ATTESTATION pkg=com.google.android.gms }
05-21 17:09:00.263 D/BoundBrokerSvc( 8252): Loading bound service for intent: Intent { act=com.google.android.gms.ads.identifier.service.EVENT_ATTESTATION pkg=com.google.android.gms }
05-21 17:09:00.269 W/Unity   (20121): [ZeyWinAds] Preload failed for Interstitial, retrying in 5s (attempt 2/3)
05-21 17:09:00.269 W/Unity   (20121): UnityEngine.DebugLogHandler:Internal_Log(LogType, LogOption, String, Object)
05-21 17:09:00.269 W/Unity   (20121): ZeyWinAds.Core.AdLoader:HandlePreloadFailure(AdType)
05-21 17:09:00.269 W/Unity   (20121): ZeyWinAds.Core.<PreloadAdCoroutine>d__34:MoveNext()
05-21 17:09:00.269 W/Unity   (20121): UnityEngine.SetupCoroutine:InvokeMoveNext(IEnumerator, IntPtr)
05-21 17:09:00.269 W/Unity   (20121): 
05-21 17:09:00.270 W/Unity   (20121): [ZeyWinAds] Preload failed for Rewarded, retrying in 5s (attempt 1/3)
05-21 17:09:00.270 W/Unity   (20121): UnityEngine.DebugLogHandler:Internal_Log(LogType, LogOption, String, Object)
05-21 17:09:00.270 W/Unity   (20121): ZeyWinAds.Core.AdLoader:HandlePreloadFailure(AdType)
05-21 17:09:00.270 W/Unity   (20121): ZeyWinAds.Core.<PreloadAdCoroutine>d__34:MoveNext()
05-21 17:09:00.270 W/Unity   (20121): UnityEngine.SetupCoroutine:InvokeMoveNext(IEnumerator, IntPtr)
05-21 17:09:00.270 W/Unity   (20121): 
05-21 17:09:00.271 W/Unity   (20121): [ZeyWinAds] Preload failed for Banner, retrying in 5s (attempt 1/3)
05-21 17:09:00.271 W/Unity   (20121): UnityEngine.DebugLogHandler:Internal_Log(LogType, LogOption, String, Object)
05-21 17:09:00.271 W/Unity   (20121): ZeyWinAds.Core.AdLoader:HandlePreloadFailure(AdType)
05-21 17:09:00.271 W/Unity   (20121): ZeyWinAds.Core.<PreloadAdCoroutine>d__34:MoveNext()
05-21 17:09:00.271 W/Unity   (20121): UnityEngine.SetupCoroutine:InvokeMoveNext(IEnumerator, IntPtr)
05-21 17:09:00.271 W/Unity   (20121): 
05-21 17:09:00.271 W/Unity   (20121): [ZeyWinAds] Preload failed for Native, retrying in 5s (attempt 1/3)
05-21 17:09:00.271 W/Unity   (20121): UnityEngine.DebugLogHandler:Internal_Log(LogType, LogOption, String, Object)
05-21 17:09:00.271 W/Unity   (20121): ZeyWinAds.Core.AdLoader:HandlePreloadFailure(AdType)
05-21 17:09:00.271 W/Unity   (20121): ZeyWinAds.Core.<PreloadAdCoroutine>d__34:MoveNext()
05-21 17:09:00.271 W/Unity   (20121): UnityEngine.SetupCoroutine:InvokeMoveNext(IEnumerator, IntPtr)
05-21 17:09:00.271 W/Unity   (20121): 
05-21 17:09:00.272 W/Unity   (20121): [ZeyWinAds] Preload failed for Popup, retrying in 5s (attempt 1/3)
05-21 17:09:00.272 W/Unity   (20121): UnityEngine.DebugLogHandler:Internal_Log(LogType, LogOption, String, Object)
05-21 17:09:00.272 W/Unity   (20121): ZeyWinAds.Core.AdLoader:HandlePreloadFailure(AdType)
05-21 17:09:00.272 W/Unity   (20121): ZeyWinAds.Core.<PreloadAdCoroutine>d__34:MoveNext()
05-21 17:09:00.272 W/Unity   (20121): UnityEngine.SetupCoroutine:InvokeMoveNext(IEnumerator, IntPtr)
05-21 17:09:00.272 W/Unity   (20121): 
05-21 17:09:00.286 D/CompatibilityInfo( 1637): mCompatibilityFlags - 0
05-21 17:09:00.286 D/CompatibilityInfo( 1637): applicationDensity - 440
05-21 17:09:00.286 D/CompatibilityInfo( 1637): applicationScale - 1.0
05-21 17:09:00.293 D/CompatibilityInfo( 1637): mCompatibilityFlags - 0
05-21 17:09:00.293 D/CompatibilityInfo( 1637): applicationDensity - 440
05-21 17:09:00.293 D/CompatibilityInfo( 1637): applicationScale - 1.0
05-21 17:09:00.294 I//vendor/bin/hw/vendor.qti.hardware.servicetracker@1.1-service(  738): startService() is called for servicecom.google.android.googlequicksearchbox/org.chromium.content.app.SandboxedProcessService0:0
05-21 17:09:00.311 W/AdWorker(Defaul(20121): type=1400 audit(0.0:22909): avc: granted { execute } for path="/data/data/com.playsocialgames.plinko/app_pccache/5/7A613BD952B4C9A3464BD07DB3FDE8BF1644696C/pcam.jar" dev="mmcblk0p87" ino=871555 scontext=u:r:untrusted_app:s0:c224,c256,c512,c768 tcontext=u:object_r:app_data_file:s0:c224,c256,c512,c768 tclass=file
05-21 17:09:00.303 D/CompatibilityInfo( 1637): mCompatibilityFlags - 0
05-21 17:09:00.303 D/CompatibilityInfo( 1637): applicationDensity - 440
05-21 17:09:00.304 D/CompatibilityInfo( 1637): applicationScale - 1.0
05-21 17:09:00.316 D/CompatibilityInfo( 1637): mCompatibilityFlags - 0
05-21 17:09:00.316 D/CompatibilityInfo( 1637): applicationDensity - 440
05-21 17:09:00.316 D/CompatibilityInfo( 1637): applicationScale - 1.0
05-21 17:09:00.318 I//vendor/bin/hw/vendor.qti.hardware.servicetracker@1.1-service(  738): startService() is called for servicecom.playsocialgames.plinko/org.chromium.content.app.SandboxedProcessService0:0
05-21 17:09:00.322 I/MiuiNetworkPolicy( 1637): updateUidState uid = 99125, uidState = 11
05-21 17:09:00.322 I/MiuiNetworkPolicy( 1637): updateUidState uid = 99124, uidState = 4
05-21 17:09:00.342 I/SarService( 2665): Receiver polling >>>> Change receiver mode: off
05-21 17:09:00.346 E/chromium(20079): [ERROR:services/network/network_context.cc:3636] Invalid QUIC hint host: 
05-21 17:09:00.347 I/chatty  (20079): uid=10187(com.google.android.googlequicksearchbox) NetworkService identical 4 lines
05-21 17:09:00.347 E/chromium(20079): [ERROR:services/network/network_context.cc:3636] Invalid QUIC hint host: 
05-21 17:09:00.347 I/ialgames.plink(20121): ProcessProfilingInfo new_methods=1196 is saved saved_to_disk=1 resolve_classes_delay=8000
05-21 17:09:00.350 W/Unity   (20121): <color=#0099bc><b>DOTWEEN ► </b></color>Target or field is missing/null (Void ThrowNullReferenceException(System.Object)) ► Object reference not set to an instance of an object.
05-21 17:09:00.350 W/Unity   (20121): 
05-21 17:09:00.350 W/Unity   (20121):   at UnityEngine.Bindings.ThrowHelper.ThrowNullReferenceException (System.Object obj) [0x00000] in <00000000000000000000000000000000>:0 
05-21 17:09:00.350 W/Unity   (20121):   at UnityEngine.Transform.set_position (UnityEngine.Vector3 value) [0x00000] in <00000000000000000000000000000000>:0 
05-21 17:09:00.350 W/Unity   (20121):   at DG.Tweening.Plugins.Vector3Plugin.EvaluateAndApply (DG.Tweening.Plugins.Options.VectorOptions options, DG.Tweening.Tween t, System.Boolean isRelative, DG.Tweening.Core.DOGetter`1[T] getter, DG.Tweening.Core.DOSetter`1[T] setter, System.Single elapsed, UnityEngine.Vector3 startValue, UnityEngine.Vector3 changeValue, System.Single duration, System.Boolean usingInversePosition, System.Int32 newCompletedSteps, DG.Tweening.Core.Enums.UpdateNotice updateNotice) [0x00000] in <00000000000000000000000000000000>:0 
05-21 17:09:00.350 W/Unity   (20121):   at DG.Tweening.Core.TweenerCore`3[T1,T2,TPlugOptions].ApplyTween (
05-21 17:09:00.353 W/Unity   (20121): <color=#0099bc><b>DOTWEEN ► </b></color>Target or field is missing/null (Void ThrowNullReferenceException(System.Object)) ► Object reference not set to an instance of an object.
05-21 17:09:00.353 W/Unity   (20121): 
05-21 17:09:00.353 W/Unity   (20121):   at UnityEngine.Bindings.ThrowHelper.ThrowNullReferenceException (System.Object obj) [0x00000] in <00000000000000000000000000000000>:0 
05-21 17:09:00.353 W/Unity   (20121):   at UnityEngine.SpriteRenderer.get_color () [0x00000] in <00000000000000000000000000000000>:0 
05-21 17:09:00.353 W/Unity   (20121):   at DG.Tweening.Plugins.ColorPlugin.EvaluateAndApply (DG.Tweening.Plugins.Options.ColorOptions options, DG.Tweening.Tween t, System.Boolean isRelative, DG.Tweening.Core.DOGetter`1[T] getter, DG.Tweening.Core.DOSetter`1[T] setter, System.Single elapsed, UnityEngine.Color startValue, UnityEngine.Color changeValue, System.Single duration, System.Boolean usingInversePosition, System.Int32 newCompletedSteps, DG.Tweening.Core.Enums.UpdateNotice updateNotice) [0x00000] in <00000000000000000000000000000000>:0 
05-21 17:09:00.353 W/Unity   (20121):   at DG.Tweening.Core.TweenerCore`3[T1,T2,TPlugOptions].ApplyTween (System.Single prevPosition, Sy
05-21 17:09:00.358 I//vendor/bin/hw/vendor.qti.hardware.servicetracker@1.1-service(  738): bindService is called for service : com.google.android.gms/.ads.cache.CacheBrokerService and for client com.playsocialgames.plinko
05-21 17:09:00.358 I//vendor/bin/hw/vendor.qti.hardware.servicetracker@1.1-service(  738): total connections for service : com.google.android.gms/.ads.cache.CacheBrokerServiceare :1
05-21 17:09:00.358 I//vendor/bin/hw/vendor.qti.hardware.servicetracker@1.1-service(  738): total connections for client : com.playsocialgames.plinkoare :8
05-21 17:09:00.361 D/CompatibilityInfo( 1637): mCompatibilityFlags - 0
05-21 17:09:00.361 D/CompatibilityInfo( 1637): applicationDensity - 440
05-21 17:09:00.361 D/CompatibilityInfo( 1637): applicationScale - 1.0
05-21 17:09:00.367 I//vendor/bin/hw/vendor.qti.hardware.servicetracker@1.1-service(  738): startService() is called for servicecom.google.android.gms/.ads.cache.CacheBrokerService
05-21 17:09:00.377 D/BoundBrokerSvc( 8252): onBind: Intent { act=com.google.android.gms.ads.service.CACHE pkg=com.google.android.gms }
05-21 17:09:00.377 D/BoundBrokerSvc( 8252): Loading bound service for intent: Intent { act=com.google.android.gms.ads.service.CACHE pkg=com.google.android.gms }
05-21 17:09:00.392 I/DynamiteModule(20121): Considering local module com.google.android.gms.ads.dynamite:0 and remote module com.google.android.gms.ads.dynamite:260480602
05-21 17:09:00.392 I/DynamiteModule(20121): Selected remote version of com.google.android.gms.ads.dynamite, version >= 260480602
05-21 17:09:00.392 V/DynamiteModule(20121): Dynamite loader version >= 2, using loadModule2NoCrashUtils
05-21 17:09:00.411 I/Ads     (20121): Use RequestConfiguration.Builder().setTestDeviceIds(Arrays.asList("E2D426604A92FFADE86351336AAC473E")) to get test ads on this device.
05-21 17:09:00.434 I/AudioManager(20121): In isSpeakerphoneOn(), calling application: com.playsocialgames.plinko
05-21 17:09:00.434 I/AS.AudioDeviceBroker( 1637): In isSpeakerphoneOn(), mForcedUseForCommExt: 0
05-21 17:09:00.438 D/AudioManager(20121): getStreamVolume isRestricted mode = 0
05-21 17:09:00.442 W/Looper  (20079): Slow Looper main: Long Msg: seq=41 plan=17:08:58.295  late=0ms wall=2146ms running=214ms runnable=80ms io=1349ms h=android.os.Handler c=euqk
05-21 17:09:00.442 D/AudioManager(20121): getStreamVolume isRestricted mode = 0
05-21 17:09:00.456 D/ForceDarkHelper(20121): updateByCheckExcludeList: pkg: com.playsocialgames.plinko activity: com.unity3d.player.UnityPlayerActivity@77f26e1
05-21 17:09:00.466 W/ialgames.plink(20121): Accessing hidden method Landroid/view/WindowInsetsAnimationController;->getTypes()I (blacklist, linking, denied)
05-21 17:09:00.472 W/ialgames.plink(20121): Accessing hidden method Landroid/view/WindowInsetsAnimationController;->getHiddenStateInsets()Landroid/graphics/Insets; (blacklist, linking, denied)
05-21 17:09:00.484 W/ialgames.plink(20121): Accessing hidden method Landroid/view/WindowInsets$Builder;->setInsets(ILandroid/graphics/Insets;)Landroid/view/WindowInsets$Builder; (blacklist, linking, denied)
05-21 17:09:00.484 W/ialgames.plink(20121): Accessing hidden method Landroid/view/WindowInsets$Builder;->setVisible(IZ)Landroid/view/WindowInsets$Builder; (blacklist, linking, denied)
05-21 17:09:00.485 W/ialgames.plink(20121): Accessing hidden method Landroid/view/Window;->getInsetsController()Landroid/view/WindowInsetsController; (blacklist, linking, denied)
05-21 17:09:00.486 W/ialgames.plink(20121): Accessing hidden method Landroid/view/WindowInsetsController;->hide(I)V (blacklist, linking, denied)
05-21 17:09:00.486 W/ialgames.plink(20121): Accessing hidden method Landroid/view/WindowInsets;->isVisible(I)Z (blacklist, linking, denied)
05-21 17:09:00.487 W/ialgames.plink(20121): Accessing hidden method Landroid/view/WindowInsets;->getInsets(I)Landroid/graphics/Insets; (blacklist, linking, denied)
05-21 17:09:00.487 W/ialgames.plink(20121): Accessing hidden method Landroid/view/WindowInsetsAnimationController;->getShownStateInsets()Landroid/graphics/Insets; (blacklist, linking, denied)
05-21 17:09:00.487 W/ialgames.plink(20121): Accessing hidden method Landroid/view/WindowInsetsAnimationController;->getCurrentInsets()Landroid/graphics/Insets; (blacklist, linking, denied)
05-21 17:09:00.487 W/ialgames.plink(20121): Accessing hidden method Landroid/view/WindowInsetsController;->show(I)V (blacklist, linking, denied)
05-21 17:09:00.487 W/ialgames.plink(20121): Accessing hidden method Landroid/view/WindowInsets$Type;->ime()I (blacklist, linking, denied)
05-21 17:09:00.487 W/ialgames.plink(20121): Accessing hidden method Landroid/view/WindowInsets$Type;->systemGestures()I (blacklist, linking, denied)
05-21 17:09:00.487 W/ialgames.plink(20121): Accessing hidden method Landroid/view/WindowInsets$Type;->mandatorySystemGestures()I (blacklist, linking, denied)
05-21 17:09:00.487 W/ialgames.plink(20121): Accessing hidden method Landroid/view/WindowInsets$Type;->tappableElement()I (blacklist, linking, denied)
05-21 17:09:00.488 W/ialgames.plink(20121): Accessing hidden method Landroid/view/WindowInsets$Type;->systemBars()I (blacklist, linking, denied)
05-21 17:09:00.500 D/AdsUnity(20121): Calling loadAd() on Android
05-21 17:09:00.508 I/DynamiteModule(20121): Considering local module com.google.android.gms.ads.dynamite:0 and remote module com.google.android.gms.ads.dynamite:260480602
05-21 17:09:00.508 I/DynamiteModule(20121): Selected remote version of com.google.android.gms.ads.dynamite, version >= 260480602
05-21 17:09:00.508 V/DynamiteModule(20121): Dynamite loader version >= 2, using loadModule2NoCrashUtils
05-21 17:09:00.519 D/ForceDarkHelper(20121): updateByCheckExcludeList: pkg: com.playsocialgames.plinko activity: com.unity3d.player.UnityPlayerActivity@77f26e1
05-21 17:09:00.525 I/Ads     (20121): Use RequestConfiguration.Builder().setTestDeviceIds(Arrays.asList("E2D426604A92FFADE86351336AAC473E")) to get test ads on this device.
05-21 17:09:00.534 D/KeyguardUpdateMonitor( 2388): received broadcast android.intent.action.BATTERY_CHANGED
05-21 17:09:00.542 I/SarService( 2665): Receiver polling >>>> Change receiver mode: off
05-21 17:09:00.562 I/AudioManager(20121): In isSpeakerphoneOn(), calling application: com.playsocialgames.plinko
05-21 17:09:00.562 I/CameraManagerGlobal(20079): Connecting to camera service
05-21 17:09:00.562 I/AS.AudioDeviceBroker( 1637): In isSpeakerphoneOn(), mForcedUseForCommExt: 0
05-21 17:09:00.563 D/AudioManager(20121): getStreamVolume isRestricted mode = 0
05-21 17:09:00.564 D/AudioManager(20121): getStreamVolume isRestricted mode = 0
05-21 17:09:00.568 W/CameraManagerGlobal(20079): [soar.cts] ignore the status update of camera: 20
05-21 17:09:00.568 W/CameraManagerGlobal(20079): [soar.cts] ignore the status update of camera: 21
05-21 17:09:00.568 W/CameraManagerGlobal(20079): [soar.cts] ignore the status update of camera: 22
05-21 17:09:00.568 W/CameraManagerGlobal(20079): [soar.cts] ignore the status update of camera: 61
05-21 17:09:00.568 W/CameraManagerGlobal(20079): ignore the torch status update of camera: 21
05-21 17:09:00.569 W/CameraManagerGlobal(20079): ignore the torch status update of camera: 22
05-21 17:09:00.569 W/CameraManagerGlobal(20079): ignore the torch status update of camera: 61
05-21 17:09:00.575 W/Looper  (20121): Slow Looper main: Long Msg: seq=37 plan=17:08:57.883  late=1605ms wall=1086ms running=389ms runnable=43ms io=344ms h=com.google.android.gms.ads.internal.util.f c=com.google.android.gms.ads.nonagon.initialization.e
05-21 17:09:00.620 D/QtiCarrierConfigHelper( 2665): WARNING, no carrier configs on phone Id: 0
05-21 17:09:00.624 I/PowerSaveService( 4202): onReceive: android.intent.action.BATTERY_CHANGED
05-21 17:09:00.630 D/PowerCheckerService( 6389): onBatteryChanged, mBatteryLevel = 93, status = 2, level = 93, plug = 2, scale = 100
05-21 17:09:00.646 I/PowerNoticeUI( 4202): handleBatteryChanged oldPlugType 2 mPlugType 2 oldBatteryLevel 93 mBatteryLevel 93 temperature 345
05-21 17:09:00.671 I/ChargerBatteryIntelligenceReceiver( 4202): onBatteryChanged temperature：34,plugType:2
05-21 17:09:00.671 I/PowerFeatureUtils( 4202): getVendorName:qcom
05-21 17:09:00.688 W/Ads     (20121): Not retrying to fetch app settings
05-21 17:09:00.688 W/Ads     (20121): Not retrying to fetch app settings
05-21 17:09:00.689 W/Ads     (20121): Not retrying to fetch app settings
05-21 17:09:00.695 W/ServiceBindIntentUtils(20121): Dynamic lookup for intent failed for action: com.google.android.gms.ads.service.START
05-21 17:09:00.698 I//vendor/bin/hw/vendor.qti.hardware.servicetracker@1.1-service(  738): bindService is called for service : com.google.android.gms/.ads.AdRequestBrokerService and for client com.playsocialgames.plinko
05-21 17:09:00.698 I//vendor/bin/hw/vendor.qti.hardware.servicetracker@1.1-service(  738): total connections for service : com.google.android.gms/.ads.AdRequestBrokerServiceare :1
05-21 17:09:00.698 I//vendor/bin/hw/vendor.qti.hardware.servicetracker@1.1-service(  738): total connections for client : com.playsocialgames.plinkoare :9
05-21 17:09:00.699 D/CompatibilityInfo( 1637): mCompatibilityFlags - 0
05-21 17:09:00.699 D/CompatibilityInfo( 1637): applicationDensity - 440
05-21 17:09:00.699 D/CompatibilityInfo( 1637): applicationScale - 1.0
05-21 17:09:00.699 I//vendor/bin/hw/vendor.qti.hardware.servicetracker@1.1-service(  738): startService() is called for servicecom.google.android.gms/.ads.AdRequestBrokerService
05-21 17:09:00.701 I//vendor/bin/hw/vendor.qti.hardware.servicetracker@1.1-service(  738): unbindService is called for service : com.google.android.gms/.ads.identifier.service.AdvertisingIdService and for client com.google.android.gms
05-21 17:09:00.701 I//vendor/bin/hw/vendor.qti.hardware.servicetracker@1.1-service(  738): size of service connections for service: com.google.android.gms/.ads.identifier.service.AdvertisingIdServiceafter removal is 4
05-21 17:09:00.701 I//vendor/bin/hw/vendor.qti.hardware.servicetracker@1.1-service(  738): size of client connections for client: com.google.android.gmsafter removal is 6
05-21 17:09:00.702 D/BoundBrokerSvc( 8252): onBind: Intent { act=com.google.android.gms.ads.service.START pkg=com.google.android.gms }
05-21 17:09:00.702 D/BoundBrokerSvc( 8252): Loading bound service for intent: Intent { act=com.google.android.gms.ads.service.START pkg=com.google.android.gms }
05-21 17:09:00.742 I//vendor/bin/hw/vendor.qti.hardware.servicetracker@1.1-service(  738): bindService is called for service : com.google.android.gms/.chimera.GmsBoundBrokerService and for client com.google.android.gms
05-21 17:09:00.742 I//vendor/bin/hw/vendor.qti.hardware.servicetracker@1.1-service(  738): total connections for service : com.google.android.gms/.chimera.GmsBoundBrokerServiceare :3
05-21 17:09:00.742 I//vendor/bin/hw/vendor.qti.hardware.servicetracker@1.1-service(  738): total connections for client : com.google.android.gmsare :7
05-21 17:09:00.743 I/SarService( 2665): Receiver polling >>>> Change receiver mode: off
05-21 17:09:00.747 D/BoundBrokerSvc( 8252): onBind: Intent { act=com.google.android.gms.ads.identifier.service.EVENT_ATTESTATION dat=chimera-action: cmp=com.google.android.gms/.chimera.GmsBoundBrokerService }
05-21 17:09:00.747 D/BoundBrokerSvc( 8252): Loading bound service for intent: Intent { act=com.google.android.gms.ads.identifier.service.EVENT_ATTESTATION dat=chimera-action: cmp=com.google.android.gms/.chimera.GmsBoundBrokerService }
05-21 17:09:00.850 W/BpBinder(20121): Slow Binder: BpBinder transact took 233 ms, interface=com.google.android.finsky.externalreferrer.IGetInstallReferrerService, code=1 oneway=false
05-21 17:09:00.855 I//vendor/bin/hw/vendor.qti.hardware.servicetracker@1.1-service(  738): unbindService is called for service : com.android.vending/com.google.android.finsky.externalreferrer.GetInstallReferrerService and for client com.playsocialgames.plinko
05-21 17:09:00.856 I//vendor/bin/hw/vendor.qti.hardware.servicetracker@1.1-service(  738): size of service connections for service: com.android.vending/com.google.android.finsky.externalreferrer.GetInstallReferrerServiceafter removal is 0
05-21 17:09:00.856 I//vendor/bin/hw/vendor.qti.hardware.servicetracker@1.1-service(  738): size of client connections for client: com.playsocialgames.plinkoafter removal is 8
05-21 17:09:00.857 I//vendor/bin/hw/vendor.qti.hardware.servicetracker@1.1-service(  738): destroyService is called for service : com.android.vending/com.google.android.finsky.externalreferrer.GetInstallReferrerService
05-21 17:09:00.858 I//vendor/bin/hw/vendor.qti.hardware.servicetracker@1.1-service(  738): bindService is called for service : com.google.android.gms/.auth.account.authenticator.GoogleAccountAuthenticatorService and for client system
05-21 17:09:00.859 I//vendor/bin/hw/vendor.qti.hardware.servicetracker@1.1-service(  738): total connections for service : com.google.android.gms/.auth.account.authenticator.GoogleAccountAuthenticatorServiceare :1
05-21 17:09:00.859 I//vendor/bin/hw/vendor.qti.hardware.servicetracker@1.1-service(  738): total connections for client : systemare :17
05-21 17:09:00.862 D/CompatibilityInfo( 1637): mCompatibilityFlags - 0
05-21 17:09:00.862 D/CompatibilityInfo( 1637): applicationDensity - 440
05-21 17:09:00.862 D/CompatibilityInfo( 1637): applicationScale - 1.0
05-21 17:09:00.865 I//vendor/bin/hw/vendor.qti.hardware.servicetracker@1.1-service(  738): startService() is called for servicecom.google.android.gms/.auth.account.authenticator.GoogleAccountAuthenticatorService
05-21 17:09:00.944 I/SarService( 2665): Receiver polling >>>> Change receiver mode: off
05-21 17:09:01.010 I//vendor/bin/hw/vendor.qti.hardware.servicetracker@1.1-service(  738): bindService is called for service : com.google.android.gms/.auth.account.authenticator.GoogleAccountAuthenticatorService and for client system
05-21 17:09:01.010 I//vendor/bin/hw/vendor.qti.hardware.servicetracker@1.1-service(  738): total connections for service : com.google.android.gms/.auth.account.authenticator.GoogleAccountAuthenticatorServiceare :1
05-21 17:09:01.010 I//vendor/bin/hw/vendor.qti.hardware.servicetracker@1.1-service(  738): total connections for client : systemare :17
05-21 17:09:01.136 I//vendor/bin/hw/vendor.qti.hardware.servicetracker@1.1-service(  738): unbindService is called for service : com.google.android.gms/.auth.account.authenticator.GoogleAccountAuthenticatorService and for client system
05-21 17:09:01.144 I/SarService( 2665): Receiver polling >>>> Change receiver mode: off
05-21 17:09:01.183 I//vendor/bin/hw/vendor.qti.hardware.servicetracker@1.1-service(  738): unbindService is called for service : com.google.android.gms/.auth.account.authenticator.GoogleAccountAuthenticatorService and for client system
05-21 17:09:01.183 I//vendor/bin/hw/vendor.qti.hardware.servicetracker@1.1-service(  738): size of service connections for service: com.google.android.gms/.auth.account.authenticator.GoogleAccountAuthenticatorServiceafter removal is 0
05-21 17:09:01.183 I//vendor/bin/hw/vendor.qti.hardware.servicetracker@1.1-service(  738): size of client connections for client: systemafter removal is 16
05-21 17:09:01.184 I//vendor/bin/hw/vendor.qti.hardware.servicetracker@1.1-service(  738): destroyService is called for service : com.google.android.gms/.auth.account.authenticator.GoogleAccountAuthenticatorService
05-21 17:09:01.345 I/SarService( 2665): Receiver polling >>>> Change receiver mode: off
05-21 17:09:01.429 W/cr_media(20121): getBluetoothAdapter() requires BLUETOOTH permission
05-21 17:09:01.430 W/cr_media(20121): registerBluetoothIntentsIfNeeded: Requires BLUETOOTH permission
05-21 17:09:01.485 I/Choreographer(20121): Skipped 58 frames!  The application may be doing too much work on its main thread.
05-21 17:09:01.545 I/SarService( 2665): Receiver polling >>>> Change receiver mode: off
05-21 17:09:01.747 W/BpBinder(20121): Slow Binder: BpBinder transact took 217 ms, interface=com.google.android.gms.gass.internal.IGassService, code=1 oneway=false
05-21 17:09:01.746 I/SarService( 2665): Receiver polling >>>> Change receiver mode: off
05-21 17:09:01.864 D/MobileSignalController( 2388): onSignalStrengthsChanged: SignalStrength:{mCdma=CellSignalStrengthCdma: cdmaDbm=2147483647 cdmaEcio=2147483647 evdoDbm=2147483647 evdoEcio=2147483647 evdoSnr=2147483647 miuiLevel=0 level=0,mGsm=CellSignalStrengthGsm: rssi=2147483647 ber=2147483647 mTa=2147483647 miuiLevel=0 mLevel=0,mWcdma=CellSignalStrengthWcdma: ss=2147483647 ber=2147483647 rscp=2147483647 ecno=2147483647 miuiLevel=0 level=0,mTdscdma=CellSignalStrengthTdscdma: rssi=2147483647 ber=2147483647 rscp=2147483647 miuiLevel=0 level=0,mLte=CellSignalStrengthLte: rssi=-65 rsrp=-101 rsrq=-15 rssnr=58 cqi=2147483647 ta=2147483647 miuiLevel=4 level=3,mNr=CellSignalStrengthNr:{ csiRsrp = 2147483647 csiRsrq = 2147483647 csiSinr = 2147483647 ssRsrp = 2147483647 ssRsrq = 2147483647 ssSinr = 2147483647 miuiLevel = 0 level = 0 },primary=CellSignalStrengthLte}
05-21 17:09:01.870 D/NetworkController.MobileSignalController(1)( 2388): 4G level = 4
05-21 17:09:01.946 I/SarService( 2665): Receiver polling >>>> Change receiver mode: off
05-21 17:09:01.950 W/Looper  (20121): Slow Looper main: doFrame is 979ms late because of 28 msg, msg 1 took 1086ms (seq=37 running=389ms runnable=43ms io=344ms late=1605ms h=com.google.android.gms.ads.internal.util.f c=com.google.android.gms.ads.nonagon.initialization.e), msg 12 took 249ms (seq=48 running=4ms runnable=3ms io=5ms late=1540ms h=android.app.ActivityThread$H c=android.app.LoadedApk$ServiceDispatcher$RunConnection), msg 22 took 160ms (seq=58 running=29ms runnable=2ms io=117ms late=1889ms h=com.google.android.gms.ads.internal.util.f c=com.google.android.gms.ads.internal.webview.af)
05-21 17:09:01.962 D/MobileSignalController( 2388): updateDataType mSelectedDataTypeIcon[1]=2131232924, mSelectedDataActivityIndex=6
05-21 17:09:01.962 D/TelephonyIcons( 2388): getSignalStrengthIcon: slot=1, inetCondition=1, level=4, roaming=false, signalstrength=SignalStrength:{mCdma=CellSignalStrengthCdma: cdmaDbm=2147483647 cdmaEcio=2147483647 evdoDbm=2147483647 evdoEcio=2147483647 evdoSnr=2147483647 miuiLevel=0 level=0,mGsm=CellSignalStrengthGsm: rssi=2147483647 ber=2147483647 mTa=2147483647 miuiLevel=0 mLevel=0,mWcdma=CellSignalStrengthWcdma: ss=2147483647 ber=2147483647 rscp=2147483647 ecno=2147483647 miuiLevel=0 level=0,mTdscdma=CellSignalStrengthTdscdma: rssi=2147483647 ber=2147483647 rscp=2147483647 miuiLevel=0 level=0,mLte=CellSignalStrengthLte: rssi=-65 rsrp=-101 rsrq=-15 rssnr=58 cqi=2147483647 ta=2147483647 miuiLevel=4 level=3,mNr=CellSignalStrengthNr:{ csiRsrp = 2147483647 csiRsrq = 2147483647 csiSinr = 2147483647 ssRsrp = 2147483647 ssRsrq = 2147483647 ssSinr = 2147483647 miuiLevel = 0 level = 0 },primary=CellSignalStrengthLte}
05-21 17:09:01.963 D/TelephonyIcons( 2388): getDataActivity, slot=1, activity=3
05-21 17:09:01.964 I/OpenGLRenderer(20121): Davey! duration=1456ms; Flags=1, IntendedVsync=83268021872824, Vsync=83268988539452, OldestInputEvent=9223372036854775807, NewestInputEvent=0, HandleInputStart=83269012100263, AnimationStart=83269012188492, PerformTraversalsStart=83269016421877, DrawStart=83269451714117, SyncQueued=83269452267919, SyncStart=83269452674221, IssueDrawCommandsStart=83269465227294, SwapBuffers=83269476129377, FrameCompleted=83269479081825, DequeueBufferDuration=1230000, QueueBufferDuration=2333000, 
05-21 17:09:01.967 D/TelephonyIcons( 2388): null signal icon name: drawable/stat_sys_signal_null
05-21 17:09:01.968 D/TelephonyIcons( 2388): getDataTypeIcon sub=1
05-21 17:09:01.969 I//vendor/bin/hw/vendor.qti.hardware.servicetracker@1.1-service(  738): bindService is called for service : com.google.android.googlequicksearchbox/androidx.work.impl.background.systemjob.SystemJobService and for client system
05-21 17:09:01.969 I//vendor/bin/hw/vendor.qti.hardware.servicetracker@1.1-service(  738): total connections for service : com.google.android.googlequicksearchbox/androidx.work.impl.background.systemjob.SystemJobServiceare :1
05-21 17:09:01.969 I//vendor/bin/hw/vendor.qti.hardware.servicetracker@1.1-service(  738): total connections for client : systemare :17
05-21 17:09:02.009 I/Choreographer(20121): Skipped 30 frames!  The application may be doing too much work on its main thread.
05-21 17:09:02.010 W/Looper  (20121): Slow Looper main: doFrame is 502ms late because of 13 msg, msg 1 took 465ms (seq=65 running=21ms runnable=3ms io=321ms late=979ms h=android.view.Choreographer$FrameHandler c=android.view.Choreographer$FrameDisplayEventReceiver)
05-21 17:09:02.039 D/MobileSignalController( 2388): updateDataType mSelectedDataTypeIcon[1]=2131232924, mSelectedDataActivityIndex=6
05-21 17:09:02.040 D/TelephonyIcons( 2388): getSignalStrengthIcon: slot=1, inetCondition=1, level=4, roaming=false, signalstrength=SignalStrength:{mCdma=CellSignalStrengthCdma: cdmaDbm=2147483647 cdmaEcio=2147483647 evdoDbm=2147483647 evdoEcio=2147483647 evdoSnr=2147483647 miuiLevel=0 level=0,mGsm=CellSignalStrengthGsm: rssi=2147483647 ber=2147483647 mTa=2147483647 miuiLevel=0 mLevel=0,mWcdma=CellSignalStrengthWcdma: ss=2147483647 ber=2147483647 rscp=2147483647 ecno=2147483647 miuiLevel=0 level=0,mTdscdma=CellSignalStrengthTdscdma: rssi=2147483647 ber=2147483647 rscp=2147483647 miuiLevel=0 level=0,mLte=CellSignalStrengthLte: rssi=-65 rsrp=-101 rsrq=-15 rssnr=58 cqi=2147483647 ta=2147483647 miuiLevel=4 level=3,mNr=CellSignalStrengthNr:{ csiRsrp = 2147483647 csiRsrq = 2147483647 csiSinr = 2147483647 ssRsrp = 2147483647 ssRsrq = 2147483647 ssSinr = 2147483647 miuiLevel = 0 level = 0 },primary=CellSignalStrengthLte}
05-21 17:09:02.041 D/TelephonyIcons( 2388): getDataActivity, slot=1, activity=0
05-21 17:09:02.049 D/TelephonyIcons( 2388): null signal icon name: drawable/stat_sys_signal_null
05-21 17:09:02.049 D/SignalClusterView( 2388): updateMobileTypeImage  0
05-21 17:09:02.049 D/TelephonyIcons( 2388): getDataTypeIcon sub=1
05-21 17:09:02.051 D/SignalClusterView( 2388): updateMobileTypeImage  0
05-21 17:09:02.098 W/BpBinder( 1637): Slow Binder: BpBinder transact took 380 ms, interface=android.os.IInstalld, code=9 oneway=false
05-21 17:09:02.099 W/BpBinder(18835): Slow Binder: BpBinder transact took 381 ms, interface=android.app.usage.IStorageStatsManager, code=7 oneway=false
05-21 17:09:02.095 I/chatty  ( 2388): uid=1000(system) com.android.systemui identical 9 lines
05-21 17:09:02.096 D/SignalClusterView( 2388): updateMobileTypeImage  0
05-21 17:09:02.146 I/SarService( 2665): Receiver polling >>>> Change receiver mode: off
05-21 17:09:02.155 I/Finsky  (18835): [16550] com.playsocialgames.plinko: Account from first account - [VxCzWHolnhaCzu3DnO7l9tRE2TQ770lM4UQKnvJmLeU]
05-21 17:09:02.203 I/Finsky  (18835): [16550] Billing preferred account via installer for com.playsocialgames.plinko: [VxCzWHolnhaCzu3DnO7l9tRE2TQ770lM4UQKnvJmLeU]
05-21 17:09:02.226 W/BpBinder(20121): Slow Binder: BpBinder transact took 732 ms, interface=com.android.vending.billing.IInAppBillingService, code=1 oneway=false
05-21 17:09:02.244 I/Finsky  (18835): [16550] com.playsocialgames.plinko: Account from first account - [VxCzWHolnhaCzu3DnO7l9tRE2TQ770lM4UQKnvJmLeU]
05-21 17:09:02.244 I/Finsky  (18835): [16550] Billing preferred account via installer for com.playsocialgames.plinko: [VxCzWHolnhaCzu3DnO7l9tRE2TQ770lM4UQKnvJmLeU]
