05-21 17:09:02.347 I/SarService( 2665): Receiver polling >>>> Change receiver mode: off
05-21 17:09:02.547 I/SarService( 2665): Receiver polling >>>> Change receiver mode: off
05-21 17:09:02.641 E/Ads     ( 8252): Error waiting for future.
05-21 17:09:02.641 E/Ads     ( 8252): java.util.concurrent.TimeoutException
05-21 17:09:02.641 E/Ads     ( 8252): 	at java.util.concurrent.FutureTask.get(FutureTask.java:206)
05-21 17:09:02.641 E/Ads     ( 8252): 	at com.google.android.gms.ads.nonagon.signals.gmscore.p.call(:com.google.android.gms@261833013@26.18.33 (100400-913931251):47)
05-21 17:09:02.641 E/Ads     ( 8252): 	at gehe.a(:com.google.android.gms@261833013@26.18.33 (100400-913931251):3)
05-21 17:09:02.641 E/Ads     ( 8252): 	at gege.run(:com.google.android.gms@261833013@26.18.33 (100400-913931251):19)
05-21 17:09:02.641 E/Ads     ( 8252): 	at gehf.run(:com.google.android.gms@261833013@26.18.33 (100400-913931251):5)
05-21 17:09:02.641 E/Ads     ( 8252): 	at bidx.c(:com.google.android.gms@261833013@26.18.33 (100400-913931251):50)
05-21 17:09:02.641 E/Ads     ( 8252): 	at bidx.run(:com.google.android.gms@261833013@26.18.33 (100400-913931251):66)
05-21 17:09:02.641 E/Ads     ( 8252): 	at java.util.concurrent.ThreadPoolExecutor.runWorker(ThreadPoolExecutor.java:1167)
05-21 17:09:02.641 E/Ads     ( 8252): 	at java.util.concurrent.ThreadPoolExecutor$Worker.run(ThreadPoolExecutor.java:641)
05-21 17:09:02.641 E/Ads     ( 8252): 	at bijo.run(:com.google.android.gms@261833013@26.18.33 (100400-913931251):8)
05-21 17:09:02.641 E/Ads     ( 8252): 	at java.lang.Thread.run(Thread.java:919)
05-21 17:09:02.641 E/Ads     ( 8252): Error waiting for future.
05-21 17:09:02.641 E/Ads     ( 8252): java.util.concurrent.TimeoutException
05-21 17:09:02.641 E/Ads     ( 8252): 	at java.util.concurrent.FutureTask.get(FutureTask.java:206)
05-21 17:09:02.641 E/Ads     ( 8252): 	at com.google.android.gms.ads.nonagon.signals.gmscore.p.call(:com.google.android.gms@261833013@26.18.33 (100400-913931251):47)
05-21 17:09:02.641 E/Ads     ( 8252): 	at gehe.a(:com.google.android.gms@261833013@26.18.33 (100400-913931251):3)
05-21 17:09:02.641 E/Ads     ( 8252): 	at gege.run(:com.google.android.gms@261833013@26.18.33 (100400-913931251):19)
05-21 17:09:02.641 E/Ads     ( 8252): 	at gehf.run(:com.google.android.gms@261833013@26.18.33 (100400-913931251):5)
05-21 17:09:02.641 E/Ads     ( 8252): 	at bidx.c(:com.google.android.gms@261833013@26.18.33 (100400-913931251):50)
05-21 17:09:02.641 E/Ads     ( 8252): 	at bidx.run(:com.google.android.gms@261833013@26.18.33 (100400-913931251):66)
05-21 17:09:02.641 E/Ads     ( 8252): 	at java.util.concurrent.ThreadPoolExecutor.runWorker(ThreadPoolExecutor.java:1167)
05-21 17:09:02.641 E/Ads     ( 8252): 	at java.util.concurrent.ThreadPoolExecutor$Worker.run(ThreadPoolExecutor.java:641)
05-21 17:09:02.641 E/Ads     ( 8252): 	at bijo.run(:com.google.android.gms@261833013@26.18.33 (100400-913931251):8)
05-21 17:09:02.641 E/Ads     ( 8252): 	at java.lang.Thread.run(Thread.java:919)
05-21 17:09:02.644 E/Ads     ( 8252): Error waiting for future.
05-21 17:09:02.644 E/Ads     ( 8252): java.util.concurrent.TimeoutException
05-21 17:09:02.644 E/Ads     ( 8252): 	at java.util.concurrent.FutureTask.get(FutureTask.java:206)
05-21 17:09:02.644 E/Ads     ( 8252): 	at com.google.android.gms.ads.nonagon.signals.gmscore.p.call(:com.google.android.gms@261833013@26.18.33 (100400-913931251):47)
05-21 17:09:02.644 E/Ads     ( 8252): 	at gehe.a(:com.google.android.gms@261833013@26.18.33 (100400-913931251):3)
05-21 17:09:02.644 E/Ads     ( 8252): 	at gege.run(:com.google.android.gms@261833013@26.18.33 (100400-913931251):19)
05-21 17:09:02.644 E/Ads     ( 8252): 	at gehf.run(:com.google.android.gms@261833013@26.18.33 (100400-913931251):5)
05-21 17:09:02.644 E/Ads     ( 8252): 	at bidx.c(:com.google.android.gms@261833013@26.18.33 (100400-913931251):50)
05-21 17:09:02.644 E/Ads     ( 8252): 	at bidx.run(:com.google.android.gms@261833013@26.18.33 (100400-913931251):66)
05-21 17:09:02.644 E/Ads     ( 8252): 	at java.util.concurrent.ThreadPoolExecutor.runWorker(ThreadPoolExecutor.java:1167)
05-21 17:09:02.644 E/Ads     ( 8252): 	at java.util.concurrent.ThreadPoolExecutor$Worker.run(ThreadPoolExecutor.java:641)
05-21 17:09:02.644 E/Ads     ( 8252): 	at bijo.run(:com.google.android.gms@261833013@26.18.33 (100400-913931251):8)
05-21 17:09:02.644 E/Ads     ( 8252): 	at java.lang.Thread.run(Thread.java:919)
05-21 17:09:02.701 I/Finsky  (18835): [16565] User is not an active Play Pass subscriber
05-21 17:09:02.748 I/SarService( 2665): Receiver polling >>>> Change receiver mode: off
05-21 17:09:02.863 I//vendor/bin/hw/vendor.qti.hardware.servicetracker@1.1-service(  738): bindService is called for service : com.android.vending/com.google.android.finsky.externalreferrer.GetInstallReferrerService and for client com.playsocialgames.plinko
05-21 17:09:02.863 I//vendor/bin/hw/vendor.qti.hardware.servicetracker@1.1-service(  738): total connections for service : com.android.vending/com.google.android.finsky.externalreferrer.GetInstallReferrerServiceare :1
05-21 17:09:02.864 I//vendor/bin/hw/vendor.qti.hardware.servicetracker@1.1-service(  738): total connections for client : com.playsocialgames.plinkoare :9
05-21 17:09:02.865 D/CompatibilityInfo( 1637): mCompatibilityFlags - 0
05-21 17:09:02.865 D/CompatibilityInfo( 1637): applicationDensity - 440
05-21 17:09:02.865 D/CompatibilityInfo( 1637): applicationScale - 1.0
05-21 17:09:02.866 I//vendor/bin/hw/vendor.qti.hardware.servicetracker@1.1-service(  738): startService() is called for servicecom.android.vending/com.google.android.finsky.externalreferrer.GetInstallReferrerService
05-21 17:09:02.938 I//vendor/bin/hw/vendor.qti.hardware.servicetracker@1.1-service(  738): unbindService is called for service : com.android.vending/com.google.android.finsky.externalreferrer.GetInstallReferrerService and for client com.playsocialgames.plinko
05-21 17:09:02.938 I//vendor/bin/hw/vendor.qti.hardware.servicetracker@1.1-service(  738): size of service connections for service: com.android.vending/com.google.android.finsky.externalreferrer.GetInstallReferrerServiceafter removal is 0
05-21 17:09:02.938 I//vendor/bin/hw/vendor.qti.hardware.servicetracker@1.1-service(  738): size of client connections for client: com.playsocialgames.plinkoafter removal is 8
05-21 17:09:02.940 I//vendor/bin/hw/vendor.qti.hardware.servicetracker@1.1-service(  738): destroyService is called for service : com.android.vending/com.google.android.finsky.externalreferrer.GetInstallReferrerService
05-21 17:09:02.947 W/BpBinder( 1637): Slow Binder: BpBinder transact took 219 ms, interface=android.os.IInstalld, code=9 oneway=false
05-21 17:09:02.948 W/BpBinder(18835): Slow Binder: BpBinder transact took 221 ms, interface=android.app.usage.IStorageStatsManager, code=7 oneway=false
05-21 17:09:02.948 I/SarService( 2665): Receiver polling >>>> Change receiver mode: off
05-21 17:09:03.148 I/SarService( 2665): Receiver polling >>>> Change receiver mode: off
05-21 17:09:03.202 D/Zygote  (  607): Forked child process 20424
05-21 17:09:03.206 D/Boost   ( 1637): hostingType=service, hostingName={com.google.android.googlequicksearchbox/androidx.work.impl.background.systemjob.SystemJobService}, callerPackage=android, isSystem=true, isBoostNeeded=false.
05-21 17:09:03.206 W/ActivityManager( 1637): Slow operation: 1237ms so far, now at startProcess: returned from zygote!
05-21 17:09:03.230 W/ActivityManager( 1637): Slow operation: 1261ms so far, now at startProcess: done updating battery stats
05-21 17:09:03.230 W/gle.android.gm( 8252): Long monitor contention with owner lowpool[482] (19300) at com.google.android.gms.ads.cache.policy.b com.google.android.gms.ads.cache.f.d()(:com.google.android.gms@261833013@26.18.33 (100400-913931251):5) waiters=0 in com.google.android.gms.ads.cache.policy.b com.google.android.gms.ads.cache.f.d() for 854ms
05-21 17:09:03.254 D/OemNetd (  606): setPidForPackage: packageName=com.google.android.googlequicksearchbox, pid=20424, pid=10187
05-21 17:09:03.255 W/ActivityManager( 1637): Slow operation: 1286ms so far, now at startProcess: building log message
05-21 17:09:03.255 I/ActivityManager( 1637): Start proc 20424:com.google.android.googlequicksearchbox:search/u0a187 for service {com.google.android.googlequicksearchbox/androidx.work.impl.background.systemjob.SystemJobService} caller=android
05-21 17:09:03.255 W/ActivityManager( 1637): Slow operation: 1286ms so far, now at startProcess: starting to update pids map
05-21 17:09:03.256 W/ActivityManager( 1637): Slow operation: 1287ms so far, now at startProcess: done updating pids map
05-21 17:09:03.256 W/Looper  ( 1637): Slow Looper ActivityManager:procStart: Long Msg: seq=3774 plan=17:09:02.056  late=1ms wall=1199ms running=3ms io=21ms h=android.os.Handler c=com.android.server.am.-$$Lambda$ProcessList$vtq7LF5jIHO4t5NE03c8g7BT7Jc
05-21 17:09:03.306 W/gle.android.gm( 8252): Long monitor contention with owner lowpool[482] (19300) at com.google.android.gms.ads.cache.policy.b com.google.android.gms.ads.cache.f.d()(:com.google.android.gms@261833013@26.18.33 (100400-913931251):5) waiters=1 in com.google.android.gms.ads.cache.policy.b com.google.android.gms.ads.cache.f.d() for 937ms
05-21 17:09:03.327 E/earchbox:searc(20424): Unknown bits set in runtime_flags: 0x20000
05-21 17:09:03.349 I/SarService( 2665): Receiver polling >>>> Change receiver mode: off
05-21 17:09:03.355 E/earchbox:searc(20424): Not starting debugger since process cannot load the jdwp agent.
05-21 17:09:03.472 D/CompatibilityInfo( 1637): mCompatibilityFlags - 0
05-21 17:09:03.472 D/CompatibilityInfo( 1637): applicationDensity - 440
05-21 17:09:03.473 D/CompatibilityInfo( 1637): applicationScale - 1.0
05-21 17:09:03.475 I/Ads     ( 8252): Received log message: <Google:HTML> You are currently using version 260480999.243799000.1 of the SDK, which is out of date. Please consider updating your SDK to the most recent SDK version to get the latest features and bug fixes. The latest SDK can be installed from https://goo.gle/android-install-instructions. More information about the SDK deprecation schedule is available at https://developers.google.com/admob/android/deprecation.
05-21 17:09:03.481 D/CompatibilityInfo( 1637): mCompatibilityFlags - 0
05-21 17:09:03.481 D/CompatibilityInfo( 1637): applicationDensity - 440
05-21 17:09:03.481 D/CompatibilityInfo( 1637): applicationScale - 1.0
05-21 17:09:03.482 I//vendor/bin/hw/vendor.qti.hardware.servicetracker@1.1-service(  738): startService() is called for servicecom.google.android.googlequicksearchbox/androidx.work.impl.background.systemjob.SystemJobService
05-21 17:09:03.546 I/ocessService0:(20286): Background concurrent copying GC freed 10320(7683KB) AllocSpace objects, 0(0B) LOS objects, 60% free, 998KB/2534KB, paused 194us total 1.646s
05-21 17:09:03.549 I/SarService( 2665): Receiver polling >>>> Change receiver mode: off
05-21 17:09:03.600 I/Ads     ( 8252): SDK version: afma-sdk-a-v260480999.243799000.1
05-21 17:09:03.634 I/Ads     ( 8252): Received log message: <Google:HTML> You are currently using version 260480999.243799000.1 of the SDK, which is out of date. Please consider updating your SDK to the most recent SDK version to get the latest features and bug fixes. The latest SDK can be installed from https://goo.gle/android-install-instructions. More information about the SDK deprecation schedule is available at https://developers.google.com/admob/android/deprecation.
05-21 17:09:03.671 I/Ads     ( 8252): HTTP timeout: 60000 milliseconds.
05-21 17:09:03.672 I/cn_CronetUrlRequestContext(18835): destroyNativeStreamLocked org.chromium.net.impl.CronetBidirectionalStream@5744153
05-21 17:09:03.680 I/Ads     ( 8252): SDK version: afma-sdk-a-v260480999.243799000.1
05-21 17:09:03.685 I/Ads     ( 8252): HTTP timeout: 60000 milliseconds.
05-21 17:09:03.689 I/Ads     ( 8252): SDK version: afma-sdk-a-v260480999.243799000.1
05-21 17:09:03.691 I/Ads     ( 8252): HTTP timeout: 60000 milliseconds.
05-21 17:09:03.698 I/cn_CronetUrlRequestContext(18835): destroyNativeStreamLocked org.chromium.net.impl.CronetBidirectionalStream@7b64b8e
05-21 17:09:03.750 I/SarService( 2665): Receiver polling >>>> Change receiver mode: off
05-21 17:09:03.811 W/BpBinder(20121): Slow Binder: BpBinder transact took 1209 ms, interface=com.android.vending.billing.IInAppBillingService, code=901 oneway=false
05-21 17:09:03.811 W/BpBinder(20121): Slow Binder: BpBinder transact took 1209 ms, interface=com.android.vending.billing.IInAppBillingService, code=901 oneway=false
05-21 17:09:03.950 I/SarService( 2665): Receiver polling >>>> Change receiver mode: off
05-21 17:09:03.969 D/Volley  (18835): [16548] bbyz.run: Could not delete cache entry for key=[jv0KeL8k7lLBXBaqI9l2FphWH_SV6gtnrIHX_tGb5OI], filename=ekURtoVlWO0ewl6nhO7aZdWSXXI
05-21 17:09:03.969 D/Volley  (18835): [16550] bbyz.run: Could not delete cache entry for key=[K3iA4kZq4OlkaLc_llacg0JcCQxqXSFWnWiO8auYTpE], filename=qGXfYLZ0T6bJjpBOJOKEvYh5SO0
05-21 17:09:03.990 E/Unity   (20121): [IAP] FetchProducts failed: Retrieve Products failed, and could not retrieve any products. | 7 products
05-21 17:09:03.990 E/Unity   (20121): UnityEngine.DebugLogHandler:Internal_Log(LogType, LogOption, String, Object)
05-21 17:09:03.990 E/Unity   (20121): IAPCatalogManager:HandleProductsFetchFailed(ProductFetchFailed)
05-21 17:09:03.990 E/Unity   (20121): UnityEngine.Purchasing.FetchProductsUseCase:ProcessFetchedProductsAndInvokeCallbacks(ProductFetchRequest, IReadOnlyList`1)
05-21 17:09:03.990 E/Unity   (20121): UnityEngine.Purchasing.<FetchProducts>d__10:MoveNext()
05-21 17:09:03.990 E/Unity   (20121): System.Threading.ExecutionContext:RunInternal(ExecutionContext, ContextCallback, Object, Boolean)
05-21 17:09:03.990 E/Unity   (20121): System.Runtime.CompilerServices.MoveNextRunner:Run()
05-21 17:09:03.990 E/Unity   (20121): System.Threading.Tasks.AwaitTaskContinuation:RunCallback(ContextCallback, Object, Task&)
05-21 17:09:03.990 E/Unity   (20121): System.Threading.Tasks.Task:FinishContinuations()
05-21 17:09:03.990 E/Unity   (20121): System.Threading.Tasks.Task`1:TrySetResult(TResult)
05-21 17:09:03.990 E/Unity   (20121): System.Runtime.CompilerServices.AsyncTaskMethodBuilder`1:SetResult(TResult)
05-21 17:09:03.990 E/Unity   (20121): UnityEngine.Purchasing.<QueryProductDescriptions>d__5:MoveNext()
05-21 17:09:03.990 E/Unity   (20121): System.Threading.ExecutionContext:RunInternal(ExecutionContext, ContextCallback, Object, Boolean)
05-21 17:09:03.990 E/Unity   (20121): System.Runtime.Comp
05-21 17:09:04.053 D/MobileSignalController( 2388): updateDataType mSelectedDataTypeIcon[1]=2131232924, mSelectedDataActivityIndex=6
05-21 17:09:04.054 D/TelephonyIcons( 2388): getSignalStrengthIcon: slot=1, inetCondition=1, level=4, roaming=false, signalstrength=SignalStrength:{mCdma=CellSignalStrengthCdma: cdmaDbm=2147483647 cdmaEcio=2147483647 evdoDbm=2147483647 evdoEcio=2147483647 evdoSnr=2147483647 miuiLevel=0 level=0,mGsm=CellSignalStrengthGsm: rssi=2147483647 ber=2147483647 mTa=2147483647 miuiLevel=0 mLevel=0,mWcdma=CellSignalStrengthWcdma: ss=2147483647 ber=2147483647 rscp=2147483647 ecno=2147483647 miuiLevel=0 level=0,mTdscdma=CellSignalStrengthTdscdma: rssi=2147483647 ber=2147483647 rscp=2147483647 miuiLevel=0 level=0,mLte=CellSignalStrengthLte: rssi=-65 rsrp=-101 rsrq=-15 rssnr=58 cqi=2147483647 ta=2147483647 miuiLevel=4 level=3,mNr=CellSignalStrengthNr:{ csiRsrp = 2147483647 csiRsrq = 2147483647 csiSinr = 2147483647 ssRsrp = 2147483647 ssRsrq = 2147483647 ssSinr = 2147483647 miuiLevel = 0 level = 0 },primary=CellSignalStrengthLte}
05-21 17:09:04.054 D/TelephonyIcons( 2388): getDataActivity, slot=1, activity=3
05-21 17:09:04.058 D/TelephonyIcons( 2388): null signal icon name: drawable/stat_sys_signal_null
05-21 17:09:04.059 D/TelephonyIcons( 2388): getDataTypeIcon sub=1
05-21 17:09:04.061 D/SignalClusterView( 2388): updateMobileTypeImage  0
05-21 17:09:04.086 I/chatty  ( 2388): uid=1000(system) com.android.systemui identical 4 lines
05-21 17:09:04.089 D/SignalClusterView( 2388): updateMobileTypeImage  0
05-21 17:09:04.122 I/android.vendin(18835): Background young concurrent copying GC freed 276243(11MB) AllocSpace objects, 0(0B) LOS objects, 47% free, 13MB/25MB, paused 221us total 152.968ms
05-21 17:09:04.150 I/SarService( 2665): Receiver polling >>>> Change receiver mode: off
05-21 17:09:04.173 I/Ads     (20121): Ad failed to load : 3
05-21 17:09:04.193 I/chatty  (20121): uid=10224(com.playsocialgames.plinko) identical 1 line
05-21 17:09:04.195 I/Ads     (20121): Ad failed to load : 3
05-21 17:09:04.191 W/ocessService0:0(20286): type=1400 audit(0.0:22910): avc: denied { search } for name="theme" dev="mmcblk0p87" ino=203 scontext=u:r:isolated_app:s0:c512,c768 tcontext=u:object_r:theme_data_file:s0 tclass=dir permissive=0
05-21 17:09:04.191 W/ocessService0:0(20292): type=1400 audit(0.0:22911): avc: denied { search } for name="theme" dev="mmcblk0p87" ino=203 scontext=u:r:isolated_app:s0:c512,c768 tcontext=u:object_r:theme_data_file:s0 tclass=dir permissive=0
05-21 17:09:04.200 W/Unity   (20121): [ZeyWinAds] [AdMob] Interstitial load failed: No fill.
05-21 17:09:04.200 W/Unity   (20121): UnityEngine.DebugLogHandler:Internal_Log(LogType, LogOption, String, Object)
05-21 17:09:04.200 W/Unity   (20121): System.Reflection.RuntimeMethodInfo:Invoke(Object, BindingFlags, Binder, Object[], CultureInfo)
05-21 17:09:04.200 W/Unity   (20121): UnityEngine.AndroidJavaProxy:Invoke(String, Object[])
05-21 17:09:04.200 W/Unity   (20121): UnityEngine.AndroidJavaProxy:Invoke(String, IntPtr)
05-21 17:09:04.200 W/Unity   (20121): UnityEngine._AndroidJNIHelper:InvokeJavaProxyMethod(AndroidJavaProxy, IntPtr, IntPtr)
05-21 17:09:04.200 W/Unity   (20121): 
05-21 17:09:04.191 W/ocessService0:0(20292): type=1400 audit(0.0:22912): avc: denied { search } for name="theme" dev="mmcblk0p87" ino=203 scontext=u:r:isolated_app:s0:c512,c768 tcontext=u:object_r:theme_data_file:s0 tclass=dir permissive=0
05-21 17:09:04.191 W/ocessService0:0(20286): type=1400 audit(0.0:22913): avc: denied { search } for name="theme" dev="mmcblk0p87" ino=203 scontext=u:r:isolated_app:s0:c512,c768 tcontext=u:object_r:theme_data_file:s0 tclass=dir permissive=0
05-21 17:09:04.204 W/Unity   (20121): [ZeyWinAds] [AdMob] Rewarded load failed: No fill.
05-21 17:09:04.204 W/Unity   (20121): UnityEngine.DebugLogHandler:Internal_Log(LogType, LogOption, String, Object)
05-21 17:09:04.204 W/Unity   (20121): System.Reflection.RuntimeMethodInfo:Invoke(Object, BindingFlags, Binder, Object[], CultureInfo)
05-21 17:09:04.204 W/Unity   (20121): UnityEngine.AndroidJavaProxy:Invoke(String, Object[])
05-21 17:09:04.204 W/Unity   (20121): UnityEngine.AndroidJavaProxy:Invoke(String, IntPtr)
05-21 17:09:04.204 W/Unity   (20121): UnityEngine._AndroidJNIHelper:InvokeJavaProxyMethod(AndroidJavaProxy, IntPtr, IntPtr)
05-21 17:09:04.204 W/Unity   (20121): 
05-21 17:09:04.206 W/Unity   (20121): [ZeyWinAds] [AdMob] Banner load failed: No fill.
05-21 17:09:04.206 W/Unity   (20121): UnityEngine.DebugLogHandler:Internal_Log(LogType, LogOption, String, Object)
05-21 17:09:04.206 W/Unity   (20121): System.Reflection.RuntimeMethodInfo:Invoke(Object, BindingFlags, Binder, Object[], CultureInfo)
05-21 17:09:04.206 W/Unity   (20121): UnityEngine.AndroidJavaProxy:Invoke(String, Object[])
05-21 17:09:04.206 W/Unity   (20121): UnityEngine.AndroidJavaProxy:Invoke(String, IntPtr)
05-21 17:09:04.206 W/Unity   (20121): UnityEngine._AndroidJNIHelper:InvokeJavaProxyMethod(AndroidJavaProxy, IntPtr, IntPtr)
05-21 17:09:04.206 W/Unity   (20121): 
05-21 17:09:04.351 I/SarService( 2665): Receiver polling >>>> Change receiver mode: off
05-21 17:09:04.590 I/ActivityManager( 1637): Process com.xiaomi.discover (pid 18812) has died: cch+45 CEM 
05-21 17:09:04.554 I/SarService( 2665): Receiver polling >>>> Change receiver mode: off
05-21 17:09:04.591 I/libprocessgroup( 1637): Successfully killed process cgroup uid 10111 pid 18812 in 0ms
05-21 17:09:04.609 D/ProcessManager( 1637): skip restart com.xiaomi.discover because this device is a lowmemory device!
05-21 17:09:04.609 I/Zygote  (  607): Process 18812 exited due to signal 9 (Killed)
05-21 17:09:04.610 I//vendor/bin/hw/vendor.qti.hardware.servicetracker@1.1-service(  738): killProcess is called for pid : 18812
05-21 17:09:04.611 I//vendor/bin/hw/vendor.qti.hardware.servicetracker@1.1-service(  738): process with pid 18812 is service
05-21 17:09:04.611 I//vendor/bin/hw/vendor.qti.hardware.servicetracker@1.1-service(  738): size of client connections for client: com.xiaomi.discoverafter removal is 1
05-21 17:09:04.612 I//vendor/bin/hw/vendor.qti.hardware.servicetracker@1.1-service(  738): process with pid 18812 is client
05-21 17:09:04.612 I//vendor/bin/hw/vendor.qti.hardware.servicetracker@1.1-service(  738): size of service connections for service: com.google.android.gms/.ads.identifier.service.AdvertisingIdServiceafter removal is 3
05-21 17:09:04.612 I//vendor/bin/hw/vendor.qti.hardware.servicetracker@1.1-service(  738): removing client with pid 18812process namecom.xiaomi.discover
05-21 17:09:04.612 I//vendor/bin/hw/vendor.qti.hardware.servicetracker@1.1-service(  738): destroyService is called for service : com.xiaomi.discover/com.google.firebase.sessions.SessionLifecycleService
05-21 17:09:04.630 I/MiuiNetworkPolicy( 1637): removeUidState uid = 10111
05-21 17:09:04.741 W/ocessService0:0(20292): type=1400 audit(0.0:22914): avc: denied { search } for name="theme" dev="mmcblk0p87" ino=203 scontext=u:r:isolated_app:s0:c512,c768 tcontext=u:object_r:theme_data_file:s0 tclass=dir permissive=0
05-21 17:09:04.741 W/ocessService0:0(20292): type=1400 audit(0.0:22915): avc: denied { search } for name="theme" dev="mmcblk0p87" ino=203 scontext=u:r:isolated_app:s0:c512,c768 tcontext=u:object_r:theme_data_file:s0 tclass=dir permissive=0
05-21 17:09:04.761 I/SarService( 2665): Receiver polling >>>> Change receiver mode: off
05-21 17:09:04.741 W/ocessService0:0(20286): type=1400 audit(0.0:22916): avc: denied { search } for name="theme" dev="mmcblk0p87" ino=203 scontext=u:r:isolated_app:s0:c512,c768 tcontext=u:object_r:theme_data_file:s0 tclass=dir permissive=0
05-21 17:09:04.741 W/ocessService0:0(20286): type=1400 audit(0.0:22917): avc: denied { search } for name="theme" dev="mmcblk0p87" ino=203 scontext=u:r:isolated_app:s0:c512,c768 tcontext=u:object_r:theme_data_file:s0 tclass=dir permissive=0
05-21 17:09:04.789 D/NtpTrustedTime( 1637): currentTimeMillis() cache hit
05-21 17:09:04.790 I/ActivityManager( 1637): Process com.google.android.permissioncontroller (pid 18471) has died: cch+85 CEM 
05-21 17:09:04.798 D/ProcessManager( 1637): skip restart com.google.android.permissioncontroller because this device is a lowmemory device!
05-21 17:09:04.799 I//vendor/bin/hw/vendor.qti.hardware.servicetracker@1.1-service(  738): killProcess is called for pid : 18471
05-21 17:09:04.802 I/Zygote  (  607): Process 18471 exited due to signal 9 (Killed)
05-21 17:09:04.802 I/libprocessgroup( 1637): Successfully killed process cgroup uid 10098 pid 18471 in 11ms
05-21 17:09:04.813 I/MiuiNetworkPolicy( 1637): removeUidState uid = 10098
05-21 17:09:04.839 I/netd    (  606): trafficSwapActiveStatsMap() <48.62ms>
05-21 17:09:04.890 W/earchbox:searc(20424): JIT profile information will not be recorded: profile file does not exits.
05-21 17:09:04.890 W/earchbox:searc(20424): JIT profile information will not be recorded: profile file does not exits.
05-21 17:09:04.892 I/netd    (  606): tetherGetStats() <26.92ms>
05-21 17:09:04.901 I/ActivityManager( 1637): Process com.android.keychain (pid 19952) has died: cch+65 CEM 
05-21 17:09:04.903 D/ProcessManager( 1637): skip restart com.android.keychain because this device is a lowmemory device!
05-21 17:09:04.904 I//vendor/bin/hw/vendor.qti.hardware.servicetracker@1.1-service(  738): killProcess is called for pid : 19952
05-21 17:09:04.934 I/Zygote  (  607): Process 19952 exited due to signal 9 (Killed)
05-21 17:09:04.935 I/libprocessgroup( 1637): Successfully killed process cgroup uid 1000 pid 19952 in 32ms
05-21 17:09:04.950 D/NtpTrustedTime( 1637): currentTimeMillis() cache hit
05-21 17:09:04.960 I/netd    (  606): bandwidthSetGlobalAlert(131072) <0.38ms>
05-21 17:09:04.962 I/SarService( 2665): Receiver polling >>>> Change receiver mode: off
05-21 17:09:04.967 I/ActivityManager( 1637): Process com.miui.securitycenter (pid 19864) has died: cch+65 CEM 
05-21 17:09:04.969 D/ProcessManager( 1637): skip restart com.miui.securitycenter because this device is a lowmemory device!
05-21 17:09:04.969 I//vendor/bin/hw/vendor.qti.hardware.servicetracker@1.1-service(  738): killProcess is called for pid : 19864
05-21 17:09:04.970 I//vendor/bin/hw/vendor.qti.hardware.servicetracker@1.1-service(  738): process with pid 19864 is client
05-21 17:09:04.970 I//vendor/bin/hw/vendor.qti.hardware.servicetracker@1.1-service(  738): size of service connections for service: com.miui.securitycenter/com.miui.networkassistant.service.tm.TrafficManageServiceafter removal is 1
05-21 17:09:04.970 I//vendor/bin/hw/vendor.qti.hardware.servicetracker@1.1-service(  738): removing client with pid 19864process namecom.miui.securitycenter
05-21 17:09:04.971 D/ConnectivityService( 1637): ConnectivityService NetworkRequestInfo binderDied(NetworkRequest [ TRACK_DEFAULT id=3160, [ Capabilities: INTERNET&NOT_RESTRICTED&TRUSTED Uid: 10159] ], android.os.BinderProxy@a04369e)
05-21 17:09:04.971 D/ConnectivityService( 1637): ConnectivityService NetworkRequestInfo binderDied(NetworkRequest [ LISTEN id=3172, [ Capabilities: INTERNET&NOT_RESTRICTED&TRUSTED Uid: 10159] ], android.os.BinderProxy@8a3957f)
05-21 17:09:04.971 D/ConnectivityService( 1637): ConnectivityService NetworkRequestInfo binderDied(NetworkRequest [ LISTEN id=3158, [ Transports: CELLULAR|WIFI Capabilities: NOT_RESTRICTED&TRUSTED&NOT_VPN Uid: 10159] ], android.os.BinderProxy@46d894c)
05-21 17:09:04.972 D/ConnectivityService( 1637): releasing NetworkRequest [ TRACK_DEFAULT id=3160, [ Capabilities: INTERNET&NOT_RESTRICTED&TRUSTED Uid: 10159] ] (release request)
05-21 17:09:04.972 D/ConnectivityService( 1637): ConnectivityService NetworkRequestInfo binderDied(NetworkRequest [ TRACK_DEFAULT id=3171, [ Capabilities: INTERNET&NOT_RESTRICTED&TRUSTED Uid: 10159] ], android.os.BinderProxy@f40cd95)
05-21 17:09:04.972 D/ConnectivityService( 1637): ConnectivityService NetworkRequestInfo binderDied(NetworkRequest [ LISTEN id=3159, [ Transports: CELLULAR|WIFI Capabilities: NOT_RESTRICTED&TRUSTED&NOT_VPN Uid: 10159] ], android.os.BinderProxy@3791eaa)
05-21 17:09:04.974 D/ConnectivityService( 1637): releasing NetworkRequest [ TRACK_DEFAULT id=3171, [ Capabilities: INTERNET&NOT_RESTRICTED&TRUSTED Uid: 10159] ] (release request)
05-21 17:09:04.975 W/ActivityManager( 1637): setHasOverlayUi called on unknown pid: 19864
05-21 17:09:04.976 I/Zygote  (  607): Process 18531 exited due to signal 9 (Killed)
05-21 17:09:04.976 I/ActivityManager( 1637): Process com.miui.global.packageinstaller (pid 18531) has died: cch+55 CEM 
05-21 17:09:04.979 D/ProcessManager( 1637): skip restart com.miui.global.packageinstaller because this device is a lowmemory device!
05-21 17:09:04.980 I/Zygote  (  607): Process 19864 exited due to signal 9 (Killed)
05-21 17:09:04.980 I/Finsky  (18835): [2] Memory trim requested to level 5
05-21 17:09:04.980 I/Finsky:background(19387): [2] Memory trim requested to level 5
05-21 17:09:04.982 I//vendor/bin/hw/vendor.qti.hardware.servicetracker@1.1-service(  738): killProcess is called for pid : 18531
05-21 17:09:04.982 I//vendor/bin/hw/vendor.qti.hardware.servicetracker@1.1-service(  738): process with pid 18531 is service
05-21 17:09:04.982 I//vendor/bin/hw/vendor.qti.hardware.servicetracker@1.1-service(  738): size of client connections for client: com.miui.global.packageinstallerafter removal is 2
05-21 17:09:04.982 I//vendor/bin/hw/vendor.qti.hardware.servicetracker@1.1-service(  738): process with pid 18531 is client
05-21 17:09:04.982 I//vendor/bin/hw/vendor.qti.hardware.servicetracker@1.1-service(  738): size of service connections for service: com.google.android.gms/.ads.identifier.service.AdvertisingIdServiceafter removal is 2
05-21 17:09:04.982 I//vendor/bin/hw/vendor.qti.hardware.servicetracker@1.1-service(  738): removing client with pid 18531process namecom.miui.global.packageinstaller
05-21 17:09:04.984 I/libprocessgroup( 1637): Successfully killed process cgroup uid 1000 pid 19864 in 16ms
05-21 17:09:04.985 I/libprocessgroup( 1637): Successfully killed process cgroup uid 10159 pid 18531 in 0ms
05-21 17:09:05.137 D/TrafficManageService( 4202): onReceive: intent.action = com.android.server.action.NETWORK_STATS_UPDATED
05-21 17:09:05.162 I/Zygote  ( 2506): Process 19000 exited due to signal 9 (Killed)
05-21 17:09:05.162 I/SarService( 2665): Receiver polling >>>> Change receiver mode: off
05-21 17:09:05.161 W/ocessService0:0(20286): type=1400 audit(0.0:22919): avc: denied { search } for name="theme" dev="mmcblk0p87" ino=203 scontext=u:r:isolated_app:s0:c512,c768 tcontext=u:object_r:theme_data_file:s0 tclass=dir permissive=0
05-21 17:09:05.178 I/ocessService0:(20286): Background young concurrent copying GC freed 10006(1004KB) AllocSpace objects, 0(0B) LOS objects, 22% free, 1962KB/2534KB, paused 147us total 273.543ms
05-21 17:09:05.215 W/ActivityManager( 1637): Exception when unbinding service com.miui.global.packageinstaller/org.chromium.content.app.SandboxedProcessService0:0
05-21 17:09:05.215 W/ActivityManager( 1637): android.os.DeadObjectException
05-21 17:09:05.215 W/ActivityManager( 1637): 	at android.os.BinderProxy.transactNative(Native Method)
05-21 17:09:05.215 W/ActivityManager( 1637): 	at android.os.BinderProxy.transact(BinderProxy.java:511)
05-21 17:09:05.215 W/ActivityManager( 1637): 	at android.app.IApplicationThread$Stub$Proxy.scheduleUnbindService(IApplicationThread.java:1627)
05-21 17:09:05.215 W/ActivityManager( 1637): 	at com.android.server.am.ActiveServices.removeConnectionLocked(ActiveServices.java:3431)
05-21 17:09:05.215 W/ActivityManager( 1637): 	at com.android.server.am.ActiveServices.killServicesLocked(ActiveServices.java:3850)
05-21 17:09:05.215 W/ActivityManager( 1637): 	at com.android.server.am.ActivityManagerService.cleanUpApplicationRecordLocked(ActivityManagerService.java:14066)
05-21 17:09:05.215 W/ActivityManager( 1637): 	at com.android.server.am.ActivityManagerService.handleAppDiedLocked(ActivityManagerService.java:3727)
05-21 17:09:05.215 W/ActivityManager( 1637): 	at com.android.server.am.ActivityManagerService.appDiedLocked(ActivityManagerService.java:3901)
05-21 17:09:05.215 W/ActivityManager( 1637): 	at com.android.server.am.ActivityManagerService$AppDeathRecipient.binderDied(ActivityManagerService.java:1554)
05-21 17:09:05.215 W/ActivityManager( 1637): 	at android.os.BinderProxy.sendDeathNotice(BinderProxy.java:621)
05-21 17:09:05.220 I//vendor/bin/hw/vendor.qti.hardware.servicetracker@1.1-service(  738): destroyService is called for service : com.miui.global.packageinstaller/org.chromium.content.app.SandboxedProcessService0:0
05-21 17:09:05.220 I//vendor/bin/hw/vendor.qti.hardware.servicetracker@1.1-service(  738): destroyService is called for service : com.miui.global.packageinstaller/com.google.firebase.sessions.SessionLifecycleService
05-21 17:09:05.223 W/lowmemorykiller(  802): Failed to open /proc/19000/oom_score_adj; errno=2: process 19000 might have been killed
05-21 17:09:05.327 I/Unity   (20121): [ZeyWinAds] Preloading Interstitial ad...
05-21 17:09:05.327 I/Unity   (20121): UnityEngine.DebugLogHandler:Internal_Log(LogType, LogOption, String, Object)
05-21 17:09:05.327 I/Unity   (20121): ZeyWinAds.Core.<PreloadAdCoroutine>d__34:MoveNext()
05-21 17:09:05.327 I/Unity   (20121): UnityEngine.SetupCoroutine:InvokeMoveNext(IEnumerator, IntPtr)
05-21 17:09:05.327 I/Unity   (20121): ZeyWinAds.Core.AdLoader:PreloadAd(AdType, Boolean)
05-21 17:09:05.327 I/Unity   (20121): ZeyWinAds.Core.<RetryPreload>d__36:MoveNext()
05-21 17:09:05.327 I/Unity   (20121): UnityEngine.SetupCoroutine:InvokeMoveNext(IEnumerator, IntPtr)
05-21 17:09:05.327 I/Unity   (20121): 
05-21 17:09:05.327 I/Unity   (20121): [ZeyWinAds] Loading Interstitial ad...
05-21 17:09:05.327 I/Unity   (20121): UnityEngine.DebugLogHandler:Internal_Log(LogType, LogOption, String, Object)
05-21 17:09:05.327 I/Unity   (20121): ZeyWinAds.Ads.BaseAd:Load(Action`1)
05-21 17:09:05.327 I/Unity   (20121): ZeyWinAds.Core.<PreloadAdCoroutine>d__34:MoveNext()
05-21 17:09:05.327 I/Unity   (20121): UnityEngine.SetupCoroutine:InvokeMoveNext(IEnumerator, IntPtr)
05-21 17:09:05.327 I/Unity   (20121): ZeyWinAds.Core.AdLoader:PreloadAd(AdType, Boolean)
05-21 17:09:05.327 I/Unity   (20121): ZeyWinAds.Core.<RetryPreload>d__36:MoveNext()
05-21 17:09:05.327 I/Unity   (20121): UnityEngine.SetupCoroutine:InvokeMoveNext(IEnumerator, IntPtr)
05-21 17:09:05.327 I/Unity   (20121): 
05-21 17:09:05.337 I/ActivityManager( 1637): Killing 19000:com.google.android.webview:sandboxed_process0:org.chromium.content.app.SandboxedProcessService0:0/u0a159i123 (adj 955): isolated not needed
05-21 17:09:05.338 I/libprocessgroup( 1637): Successfully killed process cgroup uid 99123 pid 19000 in 0ms
05-21 17:09:05.342 I/MiuiNetworkPolicy( 1637): updateUidState uid = 99123, uidState = 20
05-21 17:09:05.342 I/MiuiNetworkPolicy( 1637): removeUidState uid = 10159
05-21 17:09:05.363 I/SarService( 2665): Receiver polling >>>> Change receiver mode: off
05-21 17:09:05.374 W/Looper  ( 1637): Slow dispatch took 262ms android.fg h=android.os.Handler c=com.android.server.Watchdog$HandlerChecker@be2db7a m=0
05-21 17:09:05.379 W/BoostFramework( 1637): Slow Operation: BoostFramework perfUXEngine_events took 40ms
05-21 17:09:05.380 I/AppBase ( 3692): AppBase.onTrimMemory():284 onTrimMemory(): 5
05-21 17:09:05.422 W/BoostFramework( 1637): Slow Operation: BoostFramework perfHint took 43ms
05-21 17:09:05.424 I//vendor/bin/hw/vendor.qti.hardware.servicetracker@1.1-service(  738): killProcess is called for pid : 19000
05-21 17:09:05.428 I/KeyboardDefCache( 3692): MemoryFileCache$1.onTrimMemory():124 clearMemory() for trim memory: 5
05-21 17:09:05.428 W/Looper  ( 1637): Slow dispatch took 312ms android.ui h=com.android.server.am.ActivityManagerService$UiHandler c=null m=53
05-21 17:09:05.429 W/Looper  ( 1637): Slow delivery took 209ms android.ui h=com.android.server.am.ActivityManagerService$UiHandler c=null m=32
05-21 17:09:05.429 W/Looper  ( 1637): Drained
05-21 17:09:05.430 I/MiuiNetworkPolicy( 1637): removeUidState uid = 99123
05-21 17:09:05.431 D/TrafficManageService-TrafficSimManager( 4202): notifyByNetChange: gooooo
05-21 17:09:05.437 I/KeyboardDefCache( 3692): MemoryFileCache.clearMemory():408 evictAll()
05-21 17:09:05.437 I/GoogleInputMethodService( 3692): GoogleInputMethodService.onTrimMemory():3002 onTrimMemory(): 5
05-21 17:09:05.480 D/TrafficManageService-TrafficSimManager( 4202): getMonthDataUsageUsed: new_get = 3645786798
05-21 17:09:05.495 I/Unity   (20121): [ZeyWinAds] Preloading Rewarded ad...
05-21 17:09:05.495 I/Unity   (20121): UnityEngine.DebugLogHandler:Internal_Log(LogType, LogOption, String, Object)
05-21 17:09:05.495 I/Unity   (20121): ZeyWinAds.Core.<PreloadAdCoroutine>d__34:MoveNext()
05-21 17:09:05.495 I/Unity   (20121): UnityEngine.SetupCoroutine:InvokeMoveNext(IEnumerator, IntPtr)
05-21 17:09:05.495 I/Unity   (20121): ZeyWinAds.Core.AdLoader:PreloadAd(AdType, Boolean)
05-21 17:09:05.495 I/Unity   (20121): ZeyWinAds.Core.<RetryPreload>d__36:MoveNext()
05-21 17:09:05.495 I/Unity   (20121): UnityEngine.SetupCoroutine:InvokeMoveNext(IEnumerator, IntPtr)
05-21 17:09:05.495 I/Unity   (20121): 
05-21 17:09:05.496 I/Unity   (20121): [ZeyWinAds] Loading Rewarded ad...
05-21 17:09:05.496 I/Unity   (20121): UnityEngine.DebugLogHandler:Internal_Log(LogType, LogOption, String, Object)
05-21 17:09:05.496 I/Unity   (20121): ZeyWinAds.Ads.BaseAd:Load(Action`1)
05-21 17:09:05.496 I/Unity   (20121): ZeyWinAds.Core.<PreloadAdCoroutine>d__34:MoveNext()
05-21 17:09:05.496 I/Unity   (20121): UnityEngine.SetupCoroutine:InvokeMoveNext(IEnumerator, IntPtr)
05-21 17:09:05.496 I/Unity   (20121): ZeyWinAds.Core.AdLoader:PreloadAd(AdType, Boolean)
05-21 17:09:05.496 I/Unity   (20121): ZeyWinAds.Core.<RetryPreload>d__36:MoveNext()
05-21 17:09:05.496 I/Unity   (20121): UnityEngine.SetupCoroutine:InvokeMoveNext(IEnumerator, IntPtr)
05-21 17:09:05.496 I/Unity   (20121): 
05-21 17:09:05.497 I/Unity   (20121): [ZeyWinAds] Preloading Banner ad...
05-21 17:09:05.497 I/Unity   (20121): UnityEngine.DebugLogHandler:Internal_Log(LogType, LogOption, String, Object)
05-21 17:09:05.497 I/Unity   (20121): ZeyWinAds.Core.<PreloadAdCoroutine>d__34:MoveNext()
05-21 17:09:05.497 I/Unity   (20121): UnityEngine.SetupCoroutine:InvokeMoveNext(IEnumerator, IntPtr)
05-21 17:09:05.497 I/Unity   (20121): ZeyWinAds.Core.AdLoader:PreloadAd(AdType, Boolean)
05-21 17:09:05.497 I/Unity   (20121): ZeyWinAds.Core.<RetryPreload>d__36:MoveNext()
05-21 17:09:05.497 I/Unity   (20121): UnityEngine.SetupCoroutine:InvokeMoveNext(IEnumerator, IntPtr)
05-21 17:09:05.497 I/Unity   (20121): 
05-21 17:09:05.498 I/Unity   (20121): [ZeyWinAds] Loading Banner ad...
05-21 17:09:05.498 I/Unity   (20121): UnityEngine.DebugLogHandler:Internal_Log(LogType, LogOption, String, Object)
05-21 17:09:05.498 I/Unity   (20121): ZeyWinAds.Ads.BaseAd:Load(Action`1)
05-21 17:09:05.498 I/Unity   (20121): ZeyWinAds.Core.<PreloadAdCoroutine>d__34:MoveNext()
05-21 17:09:05.498 I/Unity   (20121): UnityEngine.SetupCoroutine:InvokeMoveNext(IEnumerator, IntPtr)
05-21 17:09:05.498 I/Unity   (20121): ZeyWinAds.Core.AdLoader:PreloadAd(AdType, Boolean)
05-21 17:09:05.498 I/Unity   (20121): ZeyWinAds.Core.<RetryPreload>d__36:MoveNext()
05-21 17:09:05.498 I/Unity   (20121): UnityEngine.SetupCoroutine:InvokeMoveNext(IEnumerator, IntPtr)
05-21 17:09:05.498 I/Unity   (20121): 
05-21 17:09:05.499 I/Unity   (20121): [ZeyWinAds] Preloading Native ad...
05-21 17:09:05.499 I/Unity   (20121): UnityEngine.DebugLogHandler:Internal_Log(LogType, LogOption, String, Object)
05-21 17:09:05.499 I/Unity   (20121): ZeyWinAds.Core.<PreloadAdCoroutine>d__34:MoveNext()
05-21 17:09:05.499 I/Unity   (20121): UnityEngine.SetupCoroutine:InvokeMoveNext(IEnumerator, IntPtr)
05-21 17:09:05.499 I/Unity   (20121): ZeyWinAds.Core.AdLoader:PreloadAd(AdType, Boolean)
05-21 17:09:05.499 I/Unity   (20121): ZeyWinAds.Core.<RetryPreload>d__36:MoveNext()
05-21 17:09:05.499 I/Unity   (20121): UnityEngine.SetupCoroutine:InvokeMoveNext(IEnumerator, IntPtr)
05-21 17:09:05.499 I/Unity   (20121): 
05-21 17:09:05.499 I/Unity   (20121): [ZeyWinAds] Loading Native ad...
05-21 17:09:05.499 I/Unity   (20121): UnityEngine.DebugLogHandler:Internal_Log(LogType, LogOption, String, Object)
05-21 17:09:05.499 I/Unity   (20121): ZeyWinAds.Ads.BaseAd:Load(Action`1)
05-21 17:09:05.499 I/Unity   (20121): ZeyWinAds.Core.<PreloadAdCoroutine>d__34:MoveNext()
05-21 17:09:05.499 I/Unity   (20121): UnityEngine.SetupCoroutine:InvokeMoveNext(IEnumerator, IntPtr)
05-21 17:09:05.499 I/Unity   (20121): ZeyWinAds.Core.AdLoader:PreloadAd(AdType, Boolean)
05-21 17:09:05.499 I/Unity   (20121): ZeyWinAds.Core.<RetryPreload>d__36:MoveNext()
05-21 17:09:05.499 I/Unity   (20121): UnityEngine.SetupCoroutine:InvokeMoveNext(IEnumerator, IntPtr)
05-21 17:09:05.499 I/Unity   (20121): 
05-21 17:09:05.500 I/Unity   (20121): [ZeyWinAds] Preloading Popup ad...
05-21 17:09:05.500 I/Unity   (20121): UnityEngine.DebugLogHandler:Internal_Log(LogType, LogOption, String, Object)
05-21 17:09:05.500 I/Unity   (20121): ZeyWinAds.Core.<PreloadAdCoroutine>d__34:MoveNext()
05-21 17:09:05.500 I/Unity   (20121): UnityEngine.SetupCoroutine:InvokeMoveNext(IEnumerator, IntPtr)
05-21 17:09:05.500 I/Unity   (20121): ZeyWinAds.Core.AdLoader:PreloadAd(AdType, Boolean)
05-21 17:09:05.500 I/Unity   (20121): ZeyWinAds.Core.<RetryPreload>d__36:MoveNext()
05-21 17:09:05.500 I/Unity   (20121): UnityEngine.SetupCoroutine:InvokeMoveNext(IEnumerator, IntPtr)
05-21 17:09:05.500 I/Unity   (20121): 
05-21 17:09:05.501 I/Unity   (20121): [ZeyWinAds] Loading Popup ad...
05-21 17:09:05.501 I/Unity   (20121): UnityEngine.DebugLogHandler:Internal_Log(LogType, LogOption, String, Object)
05-21 17:09:05.501 I/Unity   (20121): ZeyWinAds.Ads.BaseAd:Load(Action`1)
05-21 17:09:05.501 I/Unity   (20121): ZeyWinAds.Core.<PreloadAdCoroutine>d__34:MoveNext()
05-21 17:09:05.501 I/Unity   (20121): UnityEngine.SetupCoroutine:InvokeMoveNext(IEnumerator, IntPtr)
05-21 17:09:05.501 I/Unity   (20121): ZeyWinAds.Core.AdLoader:PreloadAd(AdType, Boolean)
05-21 17:09:05.501 I/Unity   (20121): ZeyWinAds.Core.<RetryPreload>d__36:MoveNext()
05-21 17:09:05.501 I/Unity   (20121): UnityEngine.SetupCoroutine:InvokeMoveNext(IEnumerator, IntPtr)
05-21 17:09:05.501 I/Unity   (20121): 
05-21 17:09:05.521 E/KernelCpuSpeedReader( 1637): Failed to read cpu-freq: /sys/devices/system/cpu/cpu4/cpufreq/stats/time_in_state: open failed: ENOENT (No such file or directory)
05-21 17:09:05.522 E/KernelCpuSpeedReader( 1637): Failed to read cpu-freq: /sys/devices/system/cpu/cpu0/cpufreq/stats/time_in_state: open failed: ENOENT (No such file or directory)
05-21 17:09:05.533 I//vendor/bin/hw/vendor.qti.hardware.servicetracker@1.1-service(  738): unbindService is called for service : com.google.android.gms/.chimera.PersistentDirectBootAwareApiService and for client com.google.android.gms
05-21 17:09:05.564 I/SarService( 2665): Receiver polling >>>> Change receiver mode: off
05-21 17:09:05.696 I/AlarmManager( 5178): setExactAndAllowWhileIdle [name: GCM_HB_ALARM type: 2 triggerAtMillis: 246011240]
05-21 17:09:05.726 I/PlayCommon(19387): [16595] Preparing logs for uploading
05-21 17:09:05.765 I/SarService( 2665): Receiver polling >>>> Change receiver mode: off
05-21 17:09:05.761 W/ocessService0:0(20286): type=1400 audit(0.0:22926): avc: denied { search } for name="theme" dev="mmcblk0p87" ino=203 scontext=u:r:isolated_app:s0:c512,c768 tcontext=u:object_r:theme_data_file:s0 tclass=dir permissive=0
05-21 17:09:05.761 W/ocessService0:0(20286): type=1400 audit(0.0:22927): avc: denied { search } for name="theme" dev="mmcblk0p87" ino=203 scontext=u:r:isolated_app:s0:c512,c768 tcontext=u:object_r:theme_data_file:s0 tclass=dir permissive=0
05-21 17:09:05.761 W/ocessService0:0(20292): type=1400 audit(0.0:22928): avc: denied { search } for name="theme" dev="mmcblk0p87" ino=203 scontext=u:r:isolated_app:s0:c512,c768 tcontext=u:object_r:theme_data_file:s0 tclass=dir permissive=0
05-21 17:09:05.761 W/ocessService0:0(20292): type=1400 audit(0.0:22929): avc: denied { search } for name="theme" dev="mmcblk0p87" ino=203 scontext=u:r:isolated_app:s0:c512,c768 tcontext=u:object_r:theme_data_file:s0 tclass=dir permissive=0
05-21 17:09:05.787 I/Perf    (20424): Connecting to perf service.
05-21 17:09:05.801 W/Unity   (20121): [ZeyWinAds] Server error: No ads available
05-21 17:09:05.801 W/Unity   (20121): UnityEngine.DebugLogHandler:Internal_Log(LogType, LogOption, String, Object)
05-21 17:09:05.801 W/Unity   (20121): ZeyWinAds.Core.<RequestAdCoroutine>d__23:MoveNext()
05-21 17:09:05.801 W/Unity   (20121): UnityEngine.SetupCoroutine:InvokeMoveNext(IEnumerator, IntPtr)
05-21 17:09:05.801 W/Unity   (20121): 
05-21 17:09:05.802 W/Unity   (20121): [ZeyWinAds] Interstitial ad failed to load: No ads available
05-21 17:09:05.802 W/Unity   (20121): UnityEngine.DebugLogHandler:Internal_Log(LogType, LogOption, String, Object)
05-21 17:09:05.802 W/Unity   (20121): ZeyWinAds.Ads.BaseAd:OnAdLoadFailed(String)
05-21 17:09:05.802 W/Unity   (20121): ZeyWinAds.Core.<RequestAdCoroutine>d__23:MoveNext()
05-21 17:09:05.802 W/Unity   (20121): UnityEngine.SetupCoroutine:InvokeMoveNext(IEnumerator, IntPtr)
05-21 17:09:05.802 W/Unity   (20121): 
05-21 17:09:05.802 W/Unity   (20121): [ZeyWinAds] Server error: No ads available
05-21 17:09:05.802 W/Unity   (20121): UnityEngine.DebugLogHandler:Internal_Log(LogType, LogOption, String, Object)
05-21 17:09:05.802 W/Unity   (20121): ZeyWinAds.Core.<RequestAdCoroutine>d__23:MoveNext()
05-21 17:09:05.802 W/Unity   (20121): UnityEngine.SetupCoroutine:InvokeMoveNext(IEnumerator, IntPtr)
05-21 17:09:05.802 W/Unity   (20121): 
05-21 17:09:05.803 W/Unity   (20121): [ZeyWinAds] Banner ad failed to load: No ads available
05-21 17:09:05.803 W/Unity   (20121): UnityEngine.DebugLogHandler:Internal_Log(LogType, LogOption, String, Object)
05-21 17:09:05.803 W/Unity   (20121): ZeyWinAds.Ads.BaseAd:OnAdLoadFailed(String)
05-21 17:09:05.803 W/Unity   (20121): ZeyWinAds.Core.<RequestAdCoroutine>d__23:MoveNext()
05-21 17:09:05.803 W/Unity   (20121): UnityEngine.SetupCoroutine:InvokeMoveNext(IEnumerator, IntPtr)
05-21 17:09:05.803 W/Unity   (20121): 
05-21 17:09:05.803 W/Unity   (20121): [ZeyWinAds] Server error: No ads available
05-21 17:09:05.803 W/Unity   (20121): UnityEngine.DebugLogHandler:Internal_Log(LogType, LogOption, String, Object)
05-21 17:09:05.803 W/Unity   (20121): ZeyWinAds.Core.<RequestAdCoroutine>d__23:MoveNext()
05-21 17:09:05.803 W/Unity   (20121): UnityEngine.SetupCoroutine:InvokeMoveNext(IEnumerator, IntPtr)
05-21 17:09:05.803 W/Unity   (20121): 
05-21 17:09:05.804 W/Unity   (20121): [ZeyWinAds] Rewarded ad failed to load: No ads available
05-21 17:09:05.804 W/Unity   (20121): UnityEngine.DebugLogHandler:Internal_Log(LogType, LogOption, String, Object)
05-21 17:09:05.804 W/Unity   (20121): ZeyWinAds.Ads.BaseAd:OnAdLoadFailed(String)
05-21 17:09:05.804 W/Unity   (20121): ZeyWinAds.Core.<RequestAdCoroutine>d__23:MoveNext()
05-21 17:09:05.804 W/Unity   (20121): UnityEngine.SetupCoroutine:InvokeMoveNext(IEnumerator, IntPtr)
05-21 17:09:05.804 W/Unity   (20121): 
05-21 17:09:05.805 W/Unity   (20121): [ZeyWinAds] Server error: No ads available
05-21 17:09:05.805 W/Unity   (20121): UnityEngine.DebugLogHandler:Internal_Log(LogType, LogOption, String, Object)
05-21 17:09:05.805 W/Unity   (20121): ZeyWinAds.Core.<RequestAdCoroutine>d__23:MoveNext()
05-21 17:09:05.805 W/Unity   (20121): UnityEngine.SetupCoroutine:InvokeMoveNext(IEnumerator, IntPtr)
05-21 17:09:05.805 W/Unity   (20121): 
05-21 17:09:05.805 W/Unity   (20121): [ZeyWinAds] Popup ad failed to load: No ads available
05-21 17:09:05.805 W/Unity   (20121): UnityEngine.DebugLogHandler:Internal_Log(LogType, LogOption, String, Object)
05-21 17:09:05.805 W/Unity   (20121): ZeyWinAds.Ads.BaseAd:OnAdLoadFailed(String)
05-21 17:09:05.805 W/Unity   (20121): ZeyWinAds.Core.<RequestAdCoroutine>d__23:MoveNext()
05-21 17:09:05.805 W/Unity   (20121): UnityEngine.SetupCoroutine:InvokeMoveNext(IEnumerator, IntPtr)
05-21 17:09:05.805 W/Unity   (20121): 
05-21 17:09:05.806 W/Unity   (20121): [ZeyWinAds] Server error: No ads available
05-21 17:09:05.806 W/Unity   (20121): UnityEngine.DebugLogHandler:Internal_Log(LogType, LogOption, String, Object)
05-21 17:09:05.806 W/Unity   (20121): ZeyWinAds.Core.<RequestAdCoroutine>d__23:MoveNext()
05-21 17:09:05.806 W/Unity   (20121): UnityEngine.SetupCoroutine:InvokeMoveNext(IEnumerator, IntPtr)
05-21 17:09:05.806 W/Unity   (20121): 
05-21 17:09:05.806 W/Unity   (20121): [ZeyWinAds] Native ad failed to load: No ads available
05-21 17:09:05.806 W/Unity   (20121): UnityEngine.DebugLogHandler:Internal_Log(LogType, LogOption, String, Object)
05-21 17:09:05.806 W/Unity   (20121): ZeyWinAds.Ads.BaseAd:OnAdLoadFailed(String)
05-21 17:09:05.806 W/Unity   (20121): ZeyWinAds.Core.<RequestAdCoroutine>d__23:MoveNext()
05-21 17:09:05.806 W/Unity   (20121): UnityEngine.SetupCoroutine:InvokeMoveNext(IEnumerator, IntPtr)
05-21 17:09:05.806 W/Unity   (20121): 
05-21 17:09:05.808 E/Unity   (20121): [ZeyWinAds] Preload failed for Interstitial after 3 attempts
05-21 17:09:05.808 E/Unity   (20121): UnityEngine.DebugLogHandler:Internal_Log(LogType, LogOption, String, Object)
05-21 17:09:05.808 E/Unity   (20121): ZeyWinAds.Core.AdLoader:HandlePreloadFailure(AdType)
05-21 17:09:05.808 E/Unity   (20121): ZeyWinAds.Core.<PreloadAdCoroutine>d__34:MoveNext()
05-21 17:09:05.808 E/Unity   (20121): UnityEngine.SetupCoroutine:InvokeMoveNext(IEnumerator, IntPtr)
05-21 17:09:05.808 E/Unity   (20121): 
05-21 17:09:05.809 W/Unity   (20121): [ZeyWinAds] Preload failed for Interstitial: Failed after 3 attempts
05-21 17:09:05.809 W/Unity   (20121): UnityEngine.DebugLogHandler:Internal_Log(LogType, LogOption, String, Object)
05-21 17:09:05.809 W/Unity   (20121): ZeyWinAds.ZeyWinAds:OnPreloadFailed(AdType, String)
05-21 17:09:05.809 W/Unity   (20121): ZeyWinAds.Core.AdLoader:HandlePreloadFailure(AdType)
05-21 17:09:05.809 W/Unity   (20121): ZeyWinAds.Core.<PreloadAdCoroutine>d__34:MoveNext()
05-21 17:09:05.809 W/Unity   (20121): UnityEngine.SetupCoroutine:InvokeMoveNext(IEnumerator, IntPtr)
05-21 17:09:05.809 W/Unity   (20121): 
05-21 17:09:05.834 I/Unity   (20121): [ZeyWinAds] Showing Google fallback: Failed after 3 attempts
05-21 17:09:05.834 I/Unity   (20121): UnityEngine.DebugLogHandler:Internal_Log(LogType, LogOption, String, Object)
05-21 17:09:05.834 I/Unity   (20121): ZeyWinAds.ZeyWinAds:ShowGoogleFallback(String)
05-21 17:09:05.834 I/Unity   (20121): ZeyWinAds.ZeyWinAds:OnPreloadFailed(AdType, String)
05-21 17:09:05.834 I/Unity   (20121): ZeyWinAds.Core.AdLoader:HandlePreloadFailure(AdType)
05-21 17:09:05.834 I/Unity   (20121): ZeyWinAds.Core.<PreloadAdCoroutine>d__34:MoveNext()
05-21 17:09:05.834 I/Unity   (20121): UnityEngine.SetupCoroutine:InvokeMoveNext(IEnumerator, IntPtr)
05-21 17:09:05.834 I/Unity   (20121): 
05-21 17:09:05.842 W/Unity   (20121): [ZeyWinAds] Preload failed for Rewarded, retrying in 5s (attempt 2/3)
05-21 17:09:05.842 W/Unity   (20121): UnityEngine.DebugLogHandler:Internal_Log(LogType, LogOption, String, Object)
05-21 17:09:05.842 W/Unity   (20121): ZeyWinAds.Core.AdLoader:HandlePreloadFailure(AdType)
05-21 17:09:05.842 W/Unity   (20121): ZeyWinAds.Core.<PreloadAdCoroutine>d__34:MoveNext()
05-21 17:09:05.842 W/Unity   (20121): UnityEngine.SetupCoroutine:InvokeMoveNext(IEnumerator, IntPtr)
