05-21 20:14:23.133 I/SarService( 2665): Receiver polling >>>> Change receiver mode: off
05-21 20:14:23.333 I/SarService( 2665): Receiver polling >>>> Change receiver mode: off
05-21 20:14:23.534 I/SarService( 2665): Receiver polling >>>> Change receiver mode: off
05-21 20:14:23.641 I/chatty  ( 5466): uid=1002(bluetooth) BT Service Call expire 4 lines
05-21 20:14:23.648 I/NearbyDiscovery( 5178): (REDACTED) BloomFilterAdvManager: Detected bloom filter but too far away, ignoring. %sm, %s
05-21 20:14:23.661 I/AS.AudioDeviceBroker( 1637): In isSpeakerphoneOn(), mForcedUseForCommExt: 0
05-21 20:14:23.701 D/NtpTrustedTime( 1637): currentTimeMillis() cache hit
05-21 20:14:23.702 I/netd    (  606): trafficSwapActiveStatsMap() <0.72ms>
05-21 20:14:23.734 I/SarService( 2665): Receiver polling >>>> Change receiver mode: off
05-21 20:14:23.740 I/netd    (  606): tetherGetStats() <22.82ms>
05-21 20:14:23.744 I/DynamiteModule( 8252): Considering local module com.google.android.gms.ads.dynamite:0 and remote module com.google.android.gms.ads.dynamite:260480602
05-21 20:14:23.744 I/DynamiteModule( 8252): Selected remote version of com.google.android.gms.ads.dynamite, version >= 260480602
05-21 20:14:23.758 D/NtpTrustedTime( 1637): currentTimeMillis() cache hit
05-21 20:14:23.763 I/netd    (  606): bandwidthSetGlobalAlert(131072) <0.39ms>
05-21 20:14:23.763 D/TrafficManageService( 4202): onReceive: intent.action = com.android.server.action.NETWORK_STATS_UPDATED
05-21 20:14:23.783 D/TrafficManageService-TrafficSimManager( 4202): notifyByNetChange: gooooo
05-21 20:14:23.788 D/TrafficManageService-TrafficSimManager( 4202): getMonthDataUsageUsed: new_get = 3812413705
05-21 20:14:23.822 I/AS.AudioDeviceBroker( 1637): In isSpeakerphoneOn(), mForcedUseForCommExt: 0
05-21 20:14:23.872 I/DynamiteModule( 8252): Considering local module com.google.android.gms.ads.dynamite:0 and remote module com.google.android.gms.ads.dynamite:260480602
05-21 20:14:23.872 I/DynamiteModule( 8252): Selected remote version of com.google.android.gms.ads.dynamite, version >= 260480602
05-21 20:14:23.909 I/Ads     ( 8252): SDK version: afma-sdk-a-v260480999.243799000.1
05-21 20:14:23.914 I/Ads     ( 8252): HTTP timeout: 60000 milliseconds.
05-21 20:14:23.929 I/AS.AudioDeviceBroker( 1637): In isSpeakerphoneOn(), mForcedUseForCommExt: 0
05-21 20:14:23.935 I/SarService( 2665): Receiver polling >>>> Change receiver mode: off
05-21 20:14:23.982 I/DynamiteModule( 8252): Considering local module com.google.android.gms.ads.dynamite:0 and remote module com.google.android.gms.ads.dynamite:260480602
05-21 20:14:23.982 I/DynamiteModule( 8252): Selected remote version of com.google.android.gms.ads.dynamite, version >= 260480602
05-21 20:14:23.991 I/Ads     ( 8252): Received log message: <Google:HTML> You are currently using version 260480999.243799000.1 of the SDK, which is out of date. Please consider updating your SDK to the most recent SDK version to get the latest features and bug fixes. The latest SDK can be installed from https://goo.gle/android-install-instructions. More information about the SDK deprecation schedule is available at https://developers.google.com/admob/android/deprecation.
05-21 20:14:24.018 I/Ads     ( 8252): SDK version: afma-sdk-a-v260480999.243799000.1
05-21 20:14:24.021 I/Ads     ( 8252): HTTP timeout: 60000 milliseconds.
05-21 20:14:24.098 I/Ads     ( 8252): SDK version: afma-sdk-a-v260480999.243799000.1
05-21 20:14:24.099 I/Ads     ( 8252): HTTP timeout: 60000 milliseconds.
05-21 20:14:24.135 I/SarService( 2665): Receiver polling >>>> Change receiver mode: off
05-21 20:14:24.209 I/chatty  (32078): uid=10445(com.playsocialgames.plinko) expire 1 line
05-21 20:14:24.297 I/chatty  (32078): uid=10445(com.playsocialgames.plinko) expire 1 line
05-21 20:14:24.336 I/SarService( 2665): Receiver polling >>>> Change receiver mode: off
05-21 20:14:24.383 I/chatty  (32078): uid=10445(com.playsocialgames.plinko) expire 1 line
05-21 20:14:24.400 I/NearbyDiscovery( 5178): (REDACTED) BloomFilterAdvManager: Detected bloom filter but too far away, ignoring. %sm, %s
05-21 20:14:24.516 I/AS.AudioDeviceBroker( 1637): In isSpeakerphoneOn(), mForcedUseForCommExt: 0
05-21 20:14:24.536 I/SarService( 2665): Receiver polling >>>> Change receiver mode: off
05-21 20:14:24.572 I/DynamiteModule( 8252): Considering local module com.google.android.gms.ads.dynamite:0 and remote module com.google.android.gms.ads.dynamite:260480602
05-21 20:14:24.572 I/DynamiteModule( 8252): Selected remote version of com.google.android.gms.ads.dynamite, version >= 260480602
05-21 20:14:24.677 I/Ads     ( 8252): Received log message: <Google:HTML> You are currently using version 260480999.243799000.1 of the SDK, which is out of date. Please consider updating your SDK to the most recent SDK version to get the latest features and bug fixes. The latest SDK can be installed from https://goo.gle/android-install-instructions. More information about the SDK deprecation schedule is available at https://developers.google.com/admob/android/deprecation.
05-21 20:14:24.710 I/Ads     ( 8252): SDK version: afma-sdk-a-v260480999.243799000.1
05-21 20:14:24.711 I/Ads     ( 8252): HTTP timeout: 60000 milliseconds.
05-21 20:14:24.737 I/SarService( 2665): Receiver polling >>>> Change receiver mode: off
05-21 20:14:24.927 I/gle.android.gm( 8252): Compiler allocated 4275KB to compile void m84.bmb.b(m84.bnv)
05-21 20:14:24.938 I/SarService( 2665): Receiver polling >>>> Change receiver mode: off
05-21 20:14:25.026 W/System  ( 8252): A resource failed to call close. 
05-21 20:14:25.027 W/System  ( 8252): A resource failed to call close. 
05-21 20:14:25.028 I/chatty  (32078): uid=10445(com.playsocialgames.plinko) expire 1 line
05-21 20:14:25.138 I/SarService( 2665): Receiver polling >>>> Change receiver mode: off
05-21 20:14:25.210 V/bt_stack( 5466): [VERBOSE1:btm_ble_gap.cc(2052)]  Waiting for scan response 61:fe:00:44:8e:61
05-21 20:14:25.247 I/vendor.qti.bluetooth@1.0-ibs_handler(  695): ProcessIbsCmd: Received IBS_SLEEP_IND: 0xFE
05-21 20:14:25.247 D/vendor.qti.bluetooth@1.0-ibs_handler(  695): SerialClockVote: vote for UART CLK OFF
05-21 20:14:25.339 I/SarService( 2665): Receiver polling >>>> Change receiver mode: off
05-21 20:14:25.398 D/vendor.qti.bluetooth@1.0-wake_lock(  695): Release wakelock is released 
05-21 20:14:25.540 I/SarService( 2665): Receiver polling >>>> Change receiver mode: off
05-21 20:14:25.741 I/SarService( 2665): Receiver polling >>>> Change receiver mode: off
05-21 20:14:25.817 I/vendor.qti.bluetooth@1.0-ibs_handler(  695): ProcessIbsCmd: Received IBS_WAKE_IND: 0xFD
05-21 20:14:25.818 D/vendor.qti.bluetooth@1.0-ibs_handler(  695): SerialClockVote: vote for UART CLK ON
05-21 20:14:25.820 D/vendor.qti.bluetooth@1.0-wake_lock(  695): Acquire wakelock is acquired 
05-21 20:14:25.820 I/vendor.qti.bluetooth@1.0-ibs_handler(  695): ProcessIbsCmd: Writing IBS_WAKE_ACK
05-21 20:14:25.824 V/bt_stack( 5466): [VERBOSE1:btm_ble_gap.cc(1847)] btm_ble_process_adv_addr: bda=61:fe:00:44:8e:61
05-21 20:14:25.824 V/bt_stack( 5466): [VERBOSE1:btm_ble_gap.cc(2052)]  Waiting for scan response 61:fe:00:44:8e:61
05-21 20:14:25.825 V/bt_stack( 5466): [VERBOSE1:btm_ble_gap.cc(1847)] btm_ble_process_adv_addr: bda=61:fe:00:44:8e:61
05-21 20:14:25.826 V/bt_stack( 5466): [VERBOSE1:btm_inq.cc(1019)] BTM_InqDbRead: bd addr 61:fe:00:44:8e:61
05-21 20:14:25.830 D/BluetoothUtils( 5466): blockedByLocationOff callingUid=1002
05-21 20:14:25.833 I/BluetoothUtils( 5466): packagename is android.uid.bluetooth:1002 ,and its permission is false
05-21 20:14:25.844 I/NearbyDiscovery( 5178): (REDACTED) BloomFilterAdvManager: Detected bloom filter but too far away, ignoring. %sm, %s
05-21 20:14:25.861 I/vendor.qti.bluetooth@1.0-ibs_handler(  695): ProcessIbsCmd: Received IBS_SLEEP_IND: 0xFE
05-21 20:14:25.861 D/vendor.qti.bluetooth@1.0-ibs_handler(  695): SerialClockVote: vote for UART CLK OFF
05-21 20:14:25.945 I/SarService( 2665): Receiver polling >>>> Change receiver mode: off
05-21 20:14:26.012 D/vendor.qti.bluetooth@1.0-wake_lock(  695): Release wakelock is released 
05-21 20:14:26.128 I/chatty  (  738): uid=1000(system) HwBinder:738_4 expire 13 lines
05-21 20:14:26.130 D/BoundBrokerSvc( 8252): onUnbind: Intent { act=com.google.android.gms.ads.service.START pkg=com.google.android.gms }
05-21 20:14:26.145 I/SarService( 2665): Receiver polling >>>> Change receiver mode: off
05-21 20:14:26.347 I/SarService( 2665): Receiver polling >>>> Change receiver mode: off
05-21 20:14:26.548 I/SarService( 2665): Receiver polling >>>> Change receiver mode: off
05-21 20:14:26.556 I/AS.AudioDeviceBroker( 1637): In isSpeakerphoneOn(), mForcedUseForCommExt: 0
05-21 20:14:26.600 D/CompatibilityInfo( 1637): mCompatibilityFlags - 0
05-21 20:14:26.600 D/CompatibilityInfo( 1637): applicationDensity - 440
05-21 20:14:26.600 D/CompatibilityInfo( 1637): applicationScale - 1.0
05-21 20:14:26.603 D/BoundBrokerSvc( 8252): onBind: Intent { act=com.google.android.gms.ads.service.START pkg=com.google.android.gms }
05-21 20:14:26.604 D/BoundBrokerSvc( 8252): Loading bound service for intent: Intent { act=com.google.android.gms.ads.service.START pkg=com.google.android.gms }
05-21 20:14:26.617 I/DynamiteModule( 8252): Considering local module com.google.android.gms.ads.dynamite:0 and remote module com.google.android.gms.ads.dynamite:260480602
05-21 20:14:26.618 I/DynamiteModule( 8252): Selected remote version of com.google.android.gms.ads.dynamite, version >= 260480602
05-21 20:14:26.748 I/SarService( 2665): Receiver polling >>>> Change receiver mode: off
05-21 20:14:26.759 I/chatty  (32078): uid=10445(com.playsocialgames.plinko) UnityMain expire 61 lines
05-21 20:14:26.949 I/SarService( 2665): Receiver polling >>>> Change receiver mode: off
05-21 20:14:27.150 I/SarService( 2665): Receiver polling >>>> Change receiver mode: off
05-21 20:14:27.252 E/Ads     ( 8252): Too many recently failed requests for ad unit ID: ca-app-pub-6988952582458184/7966397807. You must wait a few seconds before making another ad request.
05-21 20:14:27.282 I/chatty  (32078): uid=10445(com.playsocialgames.plinko) expire 1 line
05-21 20:14:27.351 I/SarService( 2665): Receiver polling >>>> Change receiver mode: off
05-21 20:14:27.365 I/vendor.qti.bluetooth@1.0-ibs_handler(  695): ProcessIbsCmd: Received IBS_WAKE_IND: 0xFD
05-21 20:14:27.365 D/vendor.qti.bluetooth@1.0-ibs_handler(  695): SerialClockVote: vote for UART CLK ON
05-21 20:14:27.367 D/vendor.qti.bluetooth@1.0-wake_lock(  695): Acquire wakelock is acquired 
05-21 20:14:27.367 I/vendor.qti.bluetooth@1.0-ibs_handler(  695): ProcessIbsCmd: Writing IBS_WAKE_ACK
05-21 20:14:27.368 V/bt_stack( 5466): [VERBOSE1:btm_ble_gap.cc(1847)] btm_ble_process_adv_addr: bda=61:fe:00:44:8e:61
05-21 20:14:27.368 V/bt_stack( 5466): [VERBOSE1:btm_ble_gap.cc(2052)]  Waiting for scan response 61:fe:00:44:8e:61
05-21 20:14:27.408 I/vendor.qti.bluetooth@1.0-ibs_handler(  695): ProcessIbsCmd: Received IBS_SLEEP_IND: 0xFE
05-21 20:14:27.408 D/vendor.qti.bluetooth@1.0-ibs_handler(  695): SerialClockVote: vote for UART CLK OFF
05-21 20:14:27.494 D/AF::Track(  797): interceptBuffer: took 217us to intercept 0 tracks
05-21 20:14:27.552 I/SarService( 2665): Receiver polling >>>> Change receiver mode: off
05-21 20:14:27.559 D/vendor.qti.bluetooth@1.0-wake_lock(  695): Release wakelock is released 
05-21 20:14:27.752 I/SarService( 2665): Receiver polling >>>> Change receiver mode: off
05-21 20:14:27.779 I/FusedLocationProvider( 4482): onSetRequest
05-21 20:14:27.780 I/AbsoluteLocationDispatcher( 4482): request type:0
05-21 20:14:27.953 I/SarService( 2665): Receiver polling >>>> Change receiver mode: off
05-21 20:14:27.992 D/BoundBrokerSvc( 8252): onUnbind: Intent { act=com.google.android.gms.ads.service.START pkg=com.google.android.gms }
05-21 20:14:27.997 I/vendor.qti.bluetooth@1.0-ibs_handler(  695): ProcessIbsCmd: Received IBS_WAKE_IND: 0xFD
05-21 20:14:27.997 D/vendor.qti.bluetooth@1.0-ibs_handler(  695): SerialClockVote: vote for UART CLK ON
05-21 20:14:28.001 D/vendor.qti.bluetooth@1.0-wake_lock(  695): Acquire wakelock is acquired 
05-21 20:14:28.001 I/vendor.qti.bluetooth@1.0-ibs_handler(  695): ProcessIbsCmd: Writing IBS_WAKE_ACK
05-21 20:14:28.004 V/bt_stack( 5466): [VERBOSE1:btm_ble_gap.cc(1847)] btm_ble_process_adv_addr: bda=61:fe:00:44:8e:61
05-21 20:14:28.005 V/bt_stack( 5466): [VERBOSE1:btm_ble_gap.cc(2052)]  Waiting for scan response 61:fe:00:44:8e:61
05-21 20:14:28.043 I/vendor.qti.bluetooth@1.0-ibs_handler(  695): ProcessIbsCmd: Received IBS_SLEEP_IND: 0xFE
05-21 20:14:28.043 D/vendor.qti.bluetooth@1.0-ibs_handler(  695): SerialClockVote: vote for UART CLK OFF
05-21 20:14:28.154 I/SarService( 2665): Receiver polling >>>> Change receiver mode: off
05-21 20:14:28.194 D/vendor.qti.bluetooth@1.0-wake_lock(  695): Release wakelock is released 
05-21 20:14:28.239 I/chatty  ( 2388): uid=1000(system) com.android.systemui expire 71 lines
05-21 20:14:28.355 I/SarService( 2665): Receiver polling >>>> Change receiver mode: off
05-21 20:14:28.556 I/SarService( 2665): Receiver polling >>>> Change receiver mode: off
05-21 20:14:28.556 I/chatty  (32078): uid=10445(com.playsocialgames.plinko) expire 60 lines
05-21 20:14:28.580 D/QtiCarrierConfigHelper( 2665): WARNING, no carrier configs on phone Id: 0
05-21 20:14:28.581 D/PowerCheckerService( 6389): onBatteryChanged, mBatteryLevel = 98, status = 2, level = 98, plug = 2, scale = 100
05-21 20:14:28.587 I/PowerSaveService( 4202): onReceive: android.intent.action.BATTERY_CHANGED
05-21 20:14:28.589 I/PowerNoticeUI( 4202): handleBatteryChanged oldPlugType 2 mPlugType 2 oldBatteryLevel 98 mBatteryLevel 98 temperature 324
05-21 20:14:28.589 I/ChargerBatteryIntelligenceReceiver( 4202): onBatteryChanged temperature：32,plugType:2
05-21 20:14:28.589 I/PowerFeatureUtils( 4202): getVendorName:qcom
05-21 20:14:28.594 I/AS.AudioDeviceBroker( 1637): In isSpeakerphoneOn(), mForcedUseForCommExt: 0
05-21 20:14:28.637 I/chatty  (32078): uid=10445(com.playsocialgames.plinko) AdWorker(Loader expire 3 lines
05-21 20:14:28.640 I/chatty  (  738): uid=1000(system) HwBinder:738_3 expire 51 lines
05-21 20:14:28.641 I/PowerUtils( 4202): getChargerType: USB
05-21 20:14:28.641 I/PowerCenterProvider( 4202): call METHOD_GET_POWER_SUPPLY_INFO, quick_charge:false
05-21 20:14:28.641 D/CompatibilityInfo( 1637): mCompatibilityFlags - 0
05-21 20:14:28.641 D/CompatibilityInfo( 1637): applicationDensity - 440
05-21 20:14:28.641 D/CompatibilityInfo( 1637): applicationScale - 1.0
05-21 20:14:28.645 D/BoundBrokerSvc( 8252): onBind: Intent { act=com.google.android.gms.ads.service.START pkg=com.google.android.gms }
05-21 20:14:28.645 D/BoundBrokerSvc( 8252): Loading bound service for intent: Intent { act=com.google.android.gms.ads.service.START pkg=com.google.android.gms }
05-21 20:14:28.656 I/DynamiteModule( 8252): Considering local module com.google.android.gms.ads.dynamite:0 and remote module com.google.android.gms.ads.dynamite:260480602
05-21 20:14:28.657 I/DynamiteModule( 8252): Selected remote version of com.google.android.gms.ads.dynamite, version >= 260480602
05-21 20:14:28.718 I/vendor.qti.bluetooth@1.0-ibs_handler(  695): ProcessIbsCmd: Received IBS_WAKE_IND: 0xFD
05-21 20:14:28.718 D/vendor.qti.bluetooth@1.0-ibs_handler(  695): SerialClockVote: vote for UART CLK ON
05-21 20:14:28.719 D/vendor.qti.bluetooth@1.0-wake_lock(  695): Acquire wakelock is acquired 
05-21 20:14:28.720 I/vendor.qti.bluetooth@1.0-ibs_handler(  695): ProcessIbsCmd: Writing IBS_WAKE_ACK
05-21 20:14:28.722 V/bt_stack( 5466): [VERBOSE1:btm_ble_gap.cc(1847)] btm_ble_process_adv_addr: bda=61:fe:00:44:8e:61
05-21 20:14:28.722 V/bt_stack( 5466): [VERBOSE1:btm_ble_gap.cc(2052)]  Waiting for scan response 61:fe:00:44:8e:61
05-21 20:14:28.722 V/bt_stack( 5466): [VERBOSE1:btm_ble_gap.cc(1847)] btm_ble_process_adv_addr: bda=61:fe:00:44:8e:61
05-21 20:14:28.722 V/bt_stack( 5466): [VERBOSE1:btm_inq.cc(1019)] BTM_InqDbRead: bd addr 61:fe:00:44:8e:61
05-21 20:14:28.723 D/BluetoothUtils( 5466): blockedByLocationOff callingUid=1002
05-21 20:14:28.724 I/BluetoothUtils( 5466): packagename is android.uid.bluetooth:1002 ,and its permission is false
05-21 20:14:28.728 I/NearbyDiscovery( 5178): (REDACTED) BloomFilterAdvManager: Detected bloom filter but too far away, ignoring. %sm, %s
05-21 20:14:28.756 I/SarService( 2665): Receiver polling >>>> Change receiver mode: off
05-21 20:14:28.760 I/vendor.qti.bluetooth@1.0-ibs_handler(  695): ProcessIbsCmd: Received IBS_SLEEP_IND: 0xFE
05-21 20:14:28.760 D/vendor.qti.bluetooth@1.0-ibs_handler(  695): SerialClockVote: vote for UART CLK OFF
05-21 20:14:28.768 I/Ads     ( 8252): Received log message: <Google:HTML> You are currently using version 260480999.243799000.1 of the SDK, which is out of date. Please consider updating your SDK to the most recent SDK version to get the latest features and bug fixes. The latest SDK can be installed from https://goo.gle/android-install-instructions. More information about the SDK deprecation schedule is available at https://developers.google.com/admob/android/deprecation.
05-21 20:14:28.911 D/vendor.qti.bluetooth@1.0-wake_lock(  695): Release wakelock is released 
05-21 20:14:28.957 I/SarService( 2665): Receiver polling >>>> Change receiver mode: off
05-21 20:14:29.158 I/SarService( 2665): Receiver polling >>>> Change receiver mode: off
05-21 20:14:29.234 I/chatty  ( 2388): uid=1000(system) SysUiNetBg expire 50 lines
05-21 20:14:29.292 E/Ads     ( 8252): Too many recently failed requests for ad unit ID: ca-app-pub-6988952582458184/7966397807. You must wait a few seconds before making another ad request.
05-21 20:14:29.322 I/chatty  (32078): uid=10445(com.playsocialgames.plinko) expire 1 line
05-21 20:14:29.358 I/SarService( 2665): Receiver polling >>>> Change receiver mode: off
05-21 20:14:29.380 D/BoundBrokerSvc( 8252): onUnbind: Intent { act=com.google.android.gms.ads.service.START pkg=com.google.android.gms }
05-21 20:14:29.409 I/gle.android.gm( 8252): Compiler allocated 4392KB to compile int m84.ewf.c(java.lang.Object, byte[], int, int, int, m84.etl)
05-21 20:14:29.491 I/vendor.qti.bluetooth@1.0-ibs_handler(  695): ProcessIbsCmd: Received IBS_WAKE_IND: 0xFD
05-21 20:14:29.491 D/vendor.qti.bluetooth@1.0-ibs_handler(  695): SerialClockVote: vote for UART CLK ON
05-21 20:14:29.492 D/vendor.qti.bluetooth@1.0-wake_lock(  695): Acquire wakelock is acquired 
05-21 20:14:29.492 I/vendor.qti.bluetooth@1.0-ibs_handler(  695): ProcessIbsCmd: Writing IBS_WAKE_ACK
05-21 20:14:29.493 V/bt_stack( 5466): [VERBOSE1:btm_ble_gap.cc(1847)] btm_ble_process_adv_addr: bda=61:fe:00:44:8e:61
05-21 20:14:29.494 V/bt_stack( 5466): [VERBOSE1:btm_ble_gap.cc(2052)]  Waiting for scan response 61:fe:00:44:8e:61
05-21 20:14:29.533 I/vendor.qti.bluetooth@1.0-ibs_handler(  695): ProcessIbsCmd: Received IBS_SLEEP_IND: 0xFE
05-21 20:14:29.533 D/vendor.qti.bluetooth@1.0-ibs_handler(  695): SerialClockVote: vote for UART CLK OFF
05-21 20:14:29.559 I/SarService( 2665): Receiver polling >>>> Change receiver mode: off
05-21 20:14:29.668 I/PowerSaveService( 4202): onReceive: android.intent.action.BATTERY_CHANGED
05-21 20:14:29.668 D/QtiCarrierConfigHelper( 2665): WARNING, no carrier configs on phone Id: 0
05-21 20:14:29.669 D/PowerCheckerService( 6389): onBatteryChanged, mBatteryLevel = 98, status = 2, level = 98, plug = 2, scale = 100
05-21 20:14:29.673 I/PowerNoticeUI( 4202): handleBatteryChanged oldPlugType 2 mPlugType 2 oldBatteryLevel 98 mBatteryLevel 98 temperature 324
05-21 20:14:29.673 I/ChargerBatteryIntelligenceReceiver( 4202): onBatteryChanged temperature：32,plugType:2
05-21 20:14:29.674 I/PowerFeatureUtils( 4202): getVendorName:qcom
05-21 20:14:29.684 D/vendor.qti.bluetooth@1.0-wake_lock(  695): Release wakelock is released 
05-21 20:14:29.760 W/m.xiaomi.joyos(19459): Reducing the number of considered missed Gc histogram windows from 305 to 100
05-21 20:14:29.760 I/SarService( 2665): Receiver polling >>>> Change receiver mode: off
05-21 20:14:30.161 I/SarService( 2665): Receiver polling >>>> Change receiver mode: off
05-21 20:14:30.265 I/vendor.qti.bluetooth@1.0-ibs_handler(  695): ProcessIbsCmd: Received IBS_WAKE_IND: 0xFD
05-21 20:14:30.265 D/vendor.qti.bluetooth@1.0-ibs_handler(  695): SerialClockVote: vote for UART CLK ON
05-21 20:14:30.268 D/vendor.qti.bluetooth@1.0-wake_lock(  695): Acquire wakelock is acquired 
05-21 20:14:30.268 I/vendor.qti.bluetooth@1.0-ibs_handler(  695): ProcessIbsCmd: Writing IBS_WAKE_ACK
05-21 20:14:30.270 V/bt_stack( 5466): [VERBOSE1:btm_ble_gap.cc(1847)] btm_ble_process_adv_addr: bda=61:fe:00:44:8e:61
05-21 20:14:30.270 V/bt_stack( 5466): [VERBOSE1:btm_ble_gap.cc(2052)]  Waiting for scan response 61:fe:00:44:8e:61
05-21 20:14:30.309 I/vendor.qti.bluetooth@1.0-ibs_handler(  695): ProcessIbsCmd: Received IBS_SLEEP_IND: 0xFE
05-21 20:14:30.309 D/vendor.qti.bluetooth@1.0-ibs_handler(  695): SerialClockVote: vote for UART CLK OFF
05-21 20:14:30.362 I/SarService( 2665): Receiver polling >>>> Change receiver mode: off
05-21 20:14:30.460 D/vendor.qti.bluetooth@1.0-wake_lock(  695): Release wakelock is released 
05-21 20:14:30.563 I/SarService( 2665): Receiver polling >>>> Change receiver mode: off
05-21 20:14:30.633 I/AS.AudioDeviceBroker( 1637): In isSpeakerphoneOn(), mForcedUseForCommExt: 0
05-21 20:14:30.696 D/CompatibilityInfo( 1637): mCompatibilityFlags - 0
05-21 20:14:30.696 D/CompatibilityInfo( 1637): applicationDensity - 440
05-21 20:14:30.696 D/CompatibilityInfo( 1637): applicationScale - 1.0
05-21 20:14:30.702 D/BoundBrokerSvc( 8252): onBind: Intent { act=com.google.android.gms.ads.service.START pkg=com.google.android.gms }
05-21 20:14:30.702 D/BoundBrokerSvc( 8252): Loading bound service for intent: Intent { act=com.google.android.gms.ads.service.START pkg=com.google.android.gms }
05-21 20:14:30.716 I/DynamiteModule( 8252): Considering local module com.google.android.gms.ads.dynamite:0 and remote module com.google.android.gms.ads.dynamite:260480602
05-21 20:14:30.716 I/DynamiteModule( 8252): Selected remote version of com.google.android.gms.ads.dynamite, version >= 260480602
05-21 20:14:30.763 I/SarService( 2665): Receiver polling >>>> Change receiver mode: off
05-21 20:14:30.843 I/Ads     ( 8252): SDK version: afma-sdk-a-v260480999.243799000.1
05-21 20:14:30.845 I/Ads     ( 8252): HTTP timeout: 60000 milliseconds.
05-21 20:14:30.868 I/vendor.qti.bluetooth@1.0-ibs_handler(  695): ProcessIbsCmd: Received IBS_WAKE_IND: 0xFD
05-21 20:14:30.868 D/vendor.qti.bluetooth@1.0-ibs_handler(  695): SerialClockVote: vote for UART CLK ON
05-21 20:14:30.874 D/vendor.qti.bluetooth@1.0-wake_lock(  695): Acquire wakelock is acquired 
05-21 20:14:30.874 I/vendor.qti.bluetooth@1.0-ibs_handler(  695): ProcessIbsCmd: Writing IBS_WAKE_ACK
05-21 20:14:30.875 V/bt_stack( 5466): [VERBOSE1:btm_ble_gap.cc(1847)] btm_ble_process_adv_addr: bda=61:fe:00:44:8e:61
05-21 20:14:30.876 V/bt_stack( 5466): [VERBOSE1:btm_ble_gap.cc(2052)]  Waiting for scan response 61:fe:00:44:8e:61
05-21 20:14:30.876 V/bt_stack( 5466): [VERBOSE1:btm_ble_gap.cc(1847)] btm_ble_process_adv_addr: bda=61:fe:00:44:8e:61
05-21 20:14:30.876 V/bt_stack( 5466): [VERBOSE1:btm_inq.cc(1019)] BTM_InqDbRead: bd addr 61:fe:00:44:8e:61
05-21 20:14:30.877 D/BluetoothUtils( 5466): blockedByLocationOff callingUid=1002
05-21 20:14:30.878 I/BluetoothUtils( 5466): packagename is android.uid.bluetooth:1002 ,and its permission is false
05-21 20:14:30.881 I/NearbyDiscovery( 5178): (REDACTED) BloomFilterAdvManager: Detected bloom filter but too far away, ignoring. %sm, %s
05-21 20:14:30.916 I/vendor.qti.bluetooth@1.0-ibs_handler(  695): ProcessIbsCmd: Received IBS_SLEEP_IND: 0xFE
05-21 20:14:30.916 D/vendor.qti.bluetooth@1.0-ibs_handler(  695): SerialClockVote: vote for UART CLK OFF
05-21 20:14:30.964 I/SarService( 2665): Receiver polling >>>> Change receiver mode: off
05-21 20:14:31.001 I/vendor.qti.bluetooth@1.0-ibs_handler(  695): ProcessIbsCmd: Received IBS_WAKE_IND: 0xFD
05-21 20:14:31.001 D/vendor.qti.bluetooth@1.0-ibs_handler(  695): SerialClockVote: vote for UART CLK ON
05-21 20:14:31.001 I/vendor.qti.bluetooth@1.0-ibs_handler(  695): ProcessIbsCmd: Writing IBS_WAKE_ACK
05-21 20:14:31.004 V/bt_stack( 5466): [VERBOSE1:btm_ble_gap.cc(1847)] btm_ble_process_adv_addr: bda=61:fe:00:44:8e:61
05-21 20:14:31.004 V/bt_stack( 5466): [VERBOSE1:btm_ble_gap.cc(2052)]  Waiting for scan response 61:fe:00:44:8e:61
05-21 20:14:31.005 V/bt_stack( 5466): [VERBOSE1:btm_ble_gap.cc(1847)] btm_ble_process_adv_addr: bda=61:fe:00:44:8e:61
05-21 20:14:31.006 V/bt_stack( 5466): [VERBOSE1:btm_inq.cc(1019)] BTM_InqDbRead: bd addr 61:fe:00:44:8e:61
05-21 20:14:31.007 D/BluetoothUtils( 5466): blockedByLocationOff callingUid=1002
05-21 20:14:31.008 I/BluetoothUtils( 5466): packagename is android.uid.bluetooth:1002 ,and its permission is false
05-21 20:14:31.014 I/NearbyDiscovery( 5178): (REDACTED) BloomFilterAdvManager: Detected bloom filter but too far away, ignoring. %sm, %s
05-21 20:14:31.043 I/vendor.qti.bluetooth@1.0-ibs_handler(  695): ProcessIbsCmd: Received IBS_SLEEP_IND: 0xFE
05-21 20:14:31.043 D/vendor.qti.bluetooth@1.0-ibs_handler(  695): SerialClockVote: vote for UART CLK OFF
05-21 20:14:31.140 I/chatty  (32078): uid=10445(com.playsocialgames.plinko) expire 1 line
05-21 20:14:31.165 I/SarService( 2665): Receiver polling >>>> Change receiver mode: off
05-21 20:14:31.193 D/vendor.qti.bluetooth@1.0-wake_lock(  695): Release wakelock is released 
05-21 20:14:31.366 I/SarService( 2665): Receiver polling >>>> Change receiver mode: off
05-21 20:14:31.568 I/SarService( 2665): Receiver polling >>>> Change receiver mode: off
05-21 20:14:31.572 E/android.hardware.usb@1.0-service(  712): uevent received SUBSYSTEM=dual_role_usb
05-21 20:14:31.577 I/android.hardware.usb@1.0-service(  712): otg_default
05-21 20:14:31.621 I/android.hardware.usb@1.0-service(  712): canChangeMode: 1 canChagedata: 0 canChangePower:0
05-21 20:14:31.631 I/UsbPortManager( 1637): ClientCallback V1_0: otg_default
05-21 20:14:31.649 D/QtiCarrierConfigHelper( 2665): WARNING, no carrier configs on phone Id: 0
05-21 20:14:31.652 I/PowerSaveService( 4202): onReceive: android.intent.action.BATTERY_CHANGED
05-21 20:14:31.653 D/PowerCheckerService( 6389): onBatteryChanged, mBatteryLevel = 98, status = 2, level = 98, plug = 2, scale = 100
05-21 20:14:31.657 I/PowerNoticeUI( 4202): handleBatteryChanged oldPlugType 2 mPlugType 2 oldBatteryLevel 98 mBatteryLevel 98 temperature 325
05-21 20:14:31.657 I/ChargerBatteryIntelligenceReceiver( 4202): onBatteryChanged temperature：32,plugType:2
05-21 20:14:31.657 I/PowerFeatureUtils( 4202): getVendorName:qcom
05-21 20:14:31.663 I/vendor.qti.bluetooth@1.0-ibs_handler(  695): ProcessIbsCmd: Received IBS_WAKE_IND: 0xFD
05-21 20:14:31.663 D/vendor.qti.bluetooth@1.0-ibs_handler(  695): SerialClockVote: vote for UART CLK ON
05-21 20:14:31.664 D/vendor.qti.bluetooth@1.0-wake_lock(  695): Acquire wakelock is acquired 
05-21 20:14:31.664 I/vendor.qti.bluetooth@1.0-ibs_handler(  695): ProcessIbsCmd: Writing IBS_WAKE_ACK
05-21 20:14:31.666 V/bt_stack( 5466): [VERBOSE1:btm_ble_gap.cc(1847)] btm_ble_process_adv_addr: bda=61:fe:00:44:8e:61
05-21 20:14:31.666 V/bt_stack( 5466): [VERBOSE1:btm_ble_gap.cc(2052)]  Waiting for scan response 61:fe:00:44:8e:61
05-21 20:14:31.679 D/QtiCarrierConfigHelper( 2665): WARNING, no carrier configs on phone Id: 0
05-21 20:14:31.680 D/PowerCheckerService( 6389): onBatteryChanged, mBatteryLevel = 98, status = 2, level = 98, plug = 2, scale = 100
05-21 20:14:31.684 I/PowerSaveService( 4202): onReceive: android.intent.action.BATTERY_CHANGED
05-21 20:14:31.687 I/PowerNoticeUI( 4202): handleBatteryChanged oldPlugType 2 mPlugType 2 oldBatteryLevel 98 mBatteryLevel 98 temperature 325
05-21 20:14:31.687 I/ChargerBatteryIntelligenceReceiver( 4202): onBatteryChanged temperature：32,plugType:2
05-21 20:14:31.687 I/PowerFeatureUtils( 4202): getVendorName:qcom
05-21 20:14:31.705 I/vendor.qti.bluetooth@1.0-ibs_handler(  695): ProcessIbsCmd: Received IBS_SLEEP_IND: 0xFE
05-21 20:14:31.705 D/vendor.qti.bluetooth@1.0-ibs_handler(  695): SerialClockVote: vote for UART CLK OFF
05-21 20:14:31.769 I/SarService( 2665): Receiver polling >>>> Change receiver mode: off
05-21 20:14:31.856 D/vendor.qti.bluetooth@1.0-wake_lock(  695): Release wakelock is released 
05-21 20:14:31.970 I/SarService( 2665): Receiver polling >>>> Change receiver mode: off
05-21 20:14:32.170 I/SarService( 2665): Receiver polling >>>> Change receiver mode: off
05-21 20:14:32.292 D/BoundBrokerSvc( 8252): onUnbind: Intent { act=com.google.android.gms.ads.service.START pkg=com.google.android.gms }
05-21 20:14:32.302 I/MiuiNetworkPolicy( 1637): updateUidState uid = 10188, uidState = 2
05-21 20:14:32.327 I/AS.AudioDeviceBroker( 1637): In isSpeakerphoneOn(), mForcedUseForCommExt: 0
05-21 20:14:32.353 I/chatty  (32078): uid=10445(com.playsocialgames.plinko) AdWorker(Defaul expire 4 lines
05-21 20:14:32.353 I/AS.AudioDeviceBroker( 1637): In isSpeakerphoneOn(), mForcedUseForCommExt: 0
05-21 20:14:32.367 D/CompatibilityInfo( 1637): mCompatibilityFlags - 0
05-21 20:14:32.367 D/CompatibilityInfo( 1637): applicationDensity - 440
05-21 20:14:32.367 D/CompatibilityInfo( 1637): applicationScale - 1.0
05-21 20:14:32.370 D/BoundBrokerSvc( 8252): onBind: Intent { act=com.google.android.gms.ads.service.START pkg=com.google.android.gms }
05-21 20:14:32.370 D/BoundBrokerSvc( 8252): Loading bound service for intent: Intent { act=com.google.android.gms.ads.service.START pkg=com.google.android.gms }
05-21 20:14:32.371 I/SarService( 2665): Receiver polling >>>> Change receiver mode: off
05-21 20:14:32.383 I/DynamiteModule( 8252): Considering local module com.google.android.gms.ads.dynamite:0 and remote module com.google.android.gms.ads.dynamite:260480602
05-21 20:14:32.383 I/DynamiteModule( 8252): Selected remote version of com.google.android.gms.ads.dynamite, version >= 260480602
05-21 20:14:32.387 I/chatty  (32078): uid=10445(com.playsocialgames.plinko) AdWorker(Defaul expire 4 lines
05-21 20:14:32.399 I/DynamiteModule( 8252): Considering local module com.google.android.gms.ads.dynamite:0 and remote module com.google.android.gms.ads.dynamite:260480602
05-21 20:14:32.399 I/DynamiteModule( 8252): Selected remote version of com.google.android.gms.ads.dynamite, version >= 260480602
05-21 20:14:32.436 I/AS.AudioDeviceBroker( 1637): In isSpeakerphoneOn(), mForcedUseForCommExt: 0
05-21 20:14:32.447 W/Settings( 5178): Setting airplane_mode_on has moved from android.provider.Settings.System to android.provider.Settings.Global, returning read-only value.
05-21 20:14:32.448 W/Settings( 5178): Setting airplane_mode_on has moved from android.provider.Settings.System to android.provider.Settings.Global, returning read-only value.
05-21 20:14:32.472 I/Ads     ( 8252): Received log message: <Google:HTML> You are currently using version 260480999.243799000.1 of the SDK, which is out of date. Please consider updating your SDK to the most recent SDK version to get the latest features and bug fixes. The latest SDK can be installed from https://goo.gle/android-install-instructions. More information about the SDK deprecation schedule is available at https://developers.google.com/admob/android/deprecation.
05-21 20:14:32.486 I/DynamiteModule( 8252): Considering local module com.google.android.gms.ads.dynamite:0 and remote module com.google.android.gms.ads.dynamite:260480602
05-21 20:14:32.486 I/DynamiteModule( 8252): Selected remote version of com.google.android.gms.ads.dynamite, version >= 260480602
05-21 20:14:32.496 I/Ads     ( 8252): SDK version: afma-sdk-a-v260480999.243799000.1
05-21 20:14:32.497 I/Ads     ( 8252): HTTP timeout: 60000 milliseconds.
05-21 20:14:32.549 I/CNSS    ( 3686): Failed to send nl message
05-21 20:14:32.559 I/chatty  ( 3686): uid=1000(system) /system/vendor/bin/cnss_diag identical 139 lines
05-21 20:14:32.560 I/CNSS    ( 3686): Failed to send nl message
05-21 20:14:32.567 I/Ads     ( 8252): SDK version: afma-sdk-a-v260480999.243799000.1
05-21 20:14:32.568 I/Ads     ( 8252): HTTP timeout: 60000 milliseconds.
05-21 20:14:32.572 I/SarService( 2665): Receiver polling >>>> Change receiver mode: off
05-21 20:14:32.581 I/CNSS    ( 3686): Failed to send nl message
05-21 20:14:32.592 I/CNSS    ( 3686): Failed to send nl message
05-21 20:14:32.592 I/Ads     ( 8252): Received log message: <Google:HTML> You are currently using version 260480999.243799000.1 of the SDK, which is out of date. Please consider updating your SDK to the most recent SDK version to get the latest features and bug fixes. The latest SDK can be installed from https://goo.gle/android-install-instructions. More information about the SDK deprecation schedule is available at https://developers.google.com/admob/android/deprecation.
05-21 20:14:32.595 I/CNSS    ( 3686): Failed to send nl message
05-21 20:14:32.595 I/CNSS    ( 3686): Failed to send nl message
05-21 20:14:32.616 I/Ads     ( 8252): SDK version: afma-sdk-a-v260480999.243799000.1
05-21 20:14:32.618 I/Ads     ( 8252): HTTP timeout: 60000 milliseconds.
05-21 20:14:32.633 I/CNSS    ( 3686): Failed to send nl message
05-21 20:14:32.635 I/CNSS    ( 3686): Failed to send nl message
05-21 20:14:32.641 I/CNSS    ( 3686): Failed to send nl message
05-21 20:14:32.652 I/AS.AudioDeviceBroker( 1637): In isSpeakerphoneOn(), mForcedUseForCommExt: 0
05-21 20:14:32.687 I/DynamiteModule( 8252): Considering local module com.google.android.gms.ads.dynamite:0 and remote module com.google.android.gms.ads.dynamite:260480602
05-21 20:14:32.688 I/DynamiteModule( 8252): Selected remote version of com.google.android.gms.ads.dynamite, version >= 260480602
05-21 20:14:32.703 I/CNSS    ( 3686): Failed to send nl message
05-21 20:14:32.727 I/CNSS    ( 3686): Failed to send nl message
05-21 20:14:32.728 I/CNSS    ( 3686): Failed to send nl message
05-21 20:14:32.729 I/CNSS    ( 3686): Failed to send nl message
05-21 20:14:32.730 I/CNSS    ( 3686): Failed to send nl message
05-21 20:14:32.773 I/SarService( 2665): Receiver polling >>>> Change receiver mode: off
05-21 20:14:32.792 I/Ads     ( 8252): SDK version: afma-sdk-a-v260480999.243799000.1
05-21 20:14:32.793 I/Ads     ( 8252): HTTP timeout: 60000 milliseconds.
05-21 20:14:32.799 I/CNSS    ( 3686): Failed to send nl message
05-21 20:14:32.811 I/CNSS    ( 3686): Failed to send nl message
05-21 20:14:32.817 I/chatty  (32078): uid=10445(com.playsocialgames.plinko) expire 1 line
05-21 20:14:32.835 I/chatty  (32078): uid=10445(com.playsocialgames.plinko) expire 1 line
05-21 20:14:32.856 I/chatty  (32078): uid=10445(com.playsocialgames.plinko) expire 1 line
05-21 20:14:32.882 I/CNSS    ( 3686): Failed to send nl message
05-21 20:14:32.971 I/CNSS    ( 3686): Failed to send nl message
05-21 20:14:32.973 I/SarService( 2665): Receiver polling >>>> Change receiver mode: off
05-21 20:14:32.978 I/CNSS    ( 3686): Failed to send nl message
05-21 20:14:33.046 I/CNSS    ( 3686): Failed to send nl message
05-21 20:14:33.048 I/CNSS    ( 3686): Failed to send nl message
05-21 20:14:33.048 I/chatty  (32078): uid=10445(com.playsocialgames.plinko) expire 1 line
05-21 20:14:33.050 I/CNSS    ( 3686): Failed to send nl message
05-21 20:14:33.086 I/CNSS    ( 3686): Failed to send nl message
05-21 20:14:33.096 W/System  ( 8252): A resource failed to call close. 
05-21 20:14:33.097 I/chatty  ( 8252): uid=10188(com.google.android.gms) FinalizerDaemon identical 10 lines
05-21 20:14:33.130 I/CNSS    ( 3686): Failed to send nl message
05-21 20:14:33.172 I/CNSS    ( 3686): Failed to send nl message
05-21 20:14:33.174 I/SarService( 2665): Receiver polling >>>> Change receiver mode: off
05-21 20:14:33.220 I/CNSS    ( 3686): Failed to send nl message
05-21 20:14:33.249 I/CNSS    ( 3686): Failed to send nl message
05-21 20:14:33.312 I/CNSS    ( 3686): Failed to send nl message
05-21 20:14:33.324 I/CNSS    ( 3686): Failed to send nl message
05-21 20:14:33.374 I/SarService( 2665): Receiver polling >>>> Change receiver mode: off
05-21 20:14:33.397 I/CNSS    ( 3686): Failed to send nl message
05-21 20:14:33.570 I/CNSS    ( 3686): Failed to send nl message
05-21 20:14:33.575 I/SarService( 2665): Receiver polling >>>> Change receiver mode: off
05-21 20:14:33.576 I/CNSS    ( 3686): Failed to send nl message
05-21 20:14:33.633 D/NtpTrustedTime( 1637): currentTimeMillis() cache hit
05-21 20:14:33.637 I/netd    (  606): trafficSwapActiveStatsMap() <1.59ms>
05-21 20:14:33.646 I/CNSS    ( 3686): Failed to send nl message
05-21 20:14:33.654 I/CNSS    ( 3686): Failed to send nl message
05-21 20:14:33.654 I/netd    (  606): tetherGetStats() <1.69ms>
05-21 20:14:33.655 I/CNSS    ( 3686): Failed to send nl message
05-21 20:14:33.658 I/CNSS    ( 3686): Failed to send nl message
05-21 20:14:33.673 D/NtpTrustedTime( 1637): currentTimeMillis() cache hit
05-21 20:14:33.679 I/netd    (  606): bandwidthSetGlobalAlert(131072) <0.51ms>
05-21 20:14:33.678 D/TrafficManageService( 4202): onReceive: intent.action = com.android.server.action.NETWORK_STATS_UPDATED
05-21 20:14:33.683 D/TrafficManageService-TrafficSimManager( 4202): notifyByNetChange: gooooo
05-21 20:14:33.686 I/CNSS    ( 3686): Failed to send nl message
05-21 20:14:33.689 I/CNSS    ( 3686): Failed to send nl message
05-21 20:14:33.690 D/TrafficManageService-TrafficSimManager( 4202): getMonthDataUsageUsed: new_get = 3812583192
05-21 20:14:33.690 I/CNSS    ( 3686): Failed to send nl message
05-21 20:14:33.777 I/CNSS    ( 3686): Failed to send nl message
05-21 20:14:33.778 I/SarService( 2665): Receiver polling >>>> Change receiver mode: off
05-21 20:14:33.805 I/CNSS    ( 3686): Failed to send nl message
05-21 20:14:33.977 I/CNSS    ( 3686): Failed to send nl message
05-21 20:14:33.980 I/SarService( 2665): Receiver polling >>>> Change receiver mode: off
05-21 20:14:33.980 I/CNSS    ( 3686): Failed to send nl message
05-21 20:14:34.063 I/CNSS    ( 3686): Failed to send nl message
05-21 20:14:34.063 D/WificondControl( 1637): Scan result ready event
05-21 20:14:34.064 I/CNSS    ( 3686): Failed to send nl message
05-21 20:14:34.067 I/CNSS    ( 3686): Failed to send nl message
05-21 20:14:34.068 I/LOWI-8.6.0.72( 1082): [LOWI-Scan] lowi_close_record:Scan done in 256182941ms, 13 APs in scan results
05-21 20:14:34.068 I/CNSS    ( 3686): Failed to send nl message
05-21 20:14:34.072 I/CNSS    ( 3686): Failed to send nl message
05-21 20:14:34.090 D/WakeupController( 1637): Attempted to handleScanResults while not enabled
05-21 20:14:34.181 I/SarService( 2665): Receiver polling >>>> Change receiver mode: off
05-21 20:14:34.319 I/chatty  ( 8252): uid=10188(com.google.android.gms) expire 19 lines
05-21 20:14:34.382 I/SarService( 2665): Receiver polling >>>> Change receiver mode: off
05-21 20:14:34.583 I/SarService( 2665): Receiver polling >>>> Change receiver mode: off
05-21 20:14:34.689 I/AS.AudioDeviceBroker( 1637): In isSpeakerphoneOn(), mForcedUseForCommExt: 0
05-21 20:14:34.749 D/CompatibilityInfo( 1637): mCompatibilityFlags - 0
05-21 20:14:34.749 D/CompatibilityInfo( 1637): applicationDensity - 440
05-21 20:14:34.749 D/CompatibilityInfo( 1637): applicationScale - 1.0
05-21 20:14:34.783 I/SarService( 2665): Receiver polling >>>> Change receiver mode: off
05-21 20:14:34.984 I/SarService( 2665): Receiver polling >>>> Change receiver mode: off
05-21 20:14:35.184 I/SarService( 2665): Receiver polling >>>> Change receiver mode: off
05-21 20:14:35.377 I/chatty  ( 8252): uid=10188(com.google.android.gms) highpool[209] expire 2 lines
05-21 20:14:35.384 I/SarService( 2665): Receiver polling >>>> Change receiver mode: off
05-21 20:14:35.389 I/vendor.qti.bluetooth@1.0-ibs_handler(  695): ProcessIbsCmd: Received IBS_WAKE_IND: 0xFD
05-21 20:14:35.389 D/vendor.qti.bluetooth@1.0-ibs_handler(  695): SerialClockVote: vote for UART CLK ON
05-21 20:14:35.390 D/vendor.qti.bluetooth@1.0-wake_lock(  695): Acquire wakelock is acquired 
05-21 20:14:35.391 I/vendor.qti.bluetooth@1.0-ibs_handler(  695): ProcessIbsCmd: Writing IBS_WAKE_ACK
05-21 20:14:35.395 I/chatty  (32078): uid=10445(com.playsocialgames.plinko) expire 1 line
05-21 20:14:35.396 V/bt_stack( 5466): [VERBOSE1:btm_ble_gap.cc(1847)] btm_ble_process_adv_addr: bda=61:fe:00:44:8e:61
05-21 20:14:35.396 V/bt_stack( 5466): [VERBOSE1:btm_ble_gap.cc(2052)]  Waiting for scan response 61:fe:00:44:8e:61
05-21 20:14:35.397 V/bt_stack( 5466): [VERBOSE1:btm_ble_gap.cc(1847)] btm_ble_process_adv_addr: bda=61:fe:00:44:8e:61
05-21 20:14:35.397 V/bt_stack( 5466): [VERBOSE1:btm_inq.cc(1019)] BTM_InqDbRead: bd addr 61:fe:00:44:8e:61
05-21 20:14:35.399 D/BluetoothUtils( 5466): blockedByLocationOff callingUid=1002
05-21 20:14:35.400 I/BluetoothUtils( 5466): packagename is android.uid.bluetooth:1002 ,and its permission is false
05-21 20:14:35.431 I/vendor.qti.bluetooth@1.0-ibs_handler(  695): ProcessIbsCmd: Received IBS_SLEEP_IND: 0xFE
05-21 20:14:35.432 D/vendor.qti.bluetooth@1.0-ibs_handler(  695): SerialClockVote: vote for UART CLK OFF
05-21 20:14:35.582 D/vendor.qti.bluetooth@1.0-wake_lock(  695): Release wakelock is released 
05-21 20:14:35.586 I/SarService( 2665): Receiver polling >>>> Change receiver mode: off
05-21 20:14:35.787 I/SarService( 2665): Receiver polling >>>> Change receiver mode: off
05-21 20:14:35.988 I/SarService( 2665): Receiver polling >>>> Change receiver mode: off
05-21 20:14:36.189 I/SarService( 2665): Receiver polling >>>> Change receiver mode: off
05-21 20:14:36.390 I/SarService( 2665): Receiver polling >>>> Change receiver mode: off
05-21 20:14:36.591 I/SarService( 2665): Receiver polling >>>> Change receiver mode: off
05-21 20:14:36.739 I/AS.AudioDeviceBroker( 1637): In isSpeakerphoneOn(), mForcedUseForCommExt: 0
05-21 20:14:36.791 I/SarService( 2665): Receiver polling >>>> Change receiver mode: off
05-21 20:14:36.802 D/CompatibilityInfo( 1637): mCompatibilityFlags - 0
05-21 20:14:36.802 D/CompatibilityInfo( 1637): applicationDensity - 440
05-21 20:14:36.802 D/CompatibilityInfo( 1637): applicationScale - 1.0
05-21 20:14:36.862 I/chatty  (32078): uid=10445(com.playsocialgames.plinko) UnityMain expire 65 lines
05-21 20:14:36.992 I/SarService( 2665): Receiver polling >>>> Change receiver mode: off
05-21 20:14:37.193 I/SarService( 2665): Receiver polling >>>> Change receiver mode: off
05-21 20:14:37.394 I/SarService( 2665): Receiver polling >>>> Change receiver mode: off
05-21 20:14:37.516 I/chatty  (32078): uid=10445(com.playsocialgames.plinko) expire 1 line
05-21 20:14:37.565 I/vendor.qti.bluetooth@1.0-ibs_handler(  695): ProcessIbsCmd: Received IBS_WAKE_IND: 0xFD
05-21 20:14:37.566 D/vendor.qti.bluetooth@1.0-ibs_handler(  695): SerialClockVote: vote for UART CLK ON
05-21 20:14:37.567 D/vendor.qti.bluetooth@1.0-wake_lock(  695): Acquire wakelock is acquired 
05-21 20:14:37.567 I/vendor.qti.bluetooth@1.0-ibs_handler(  695): ProcessIbsCmd: Writing IBS_WAKE_ACK
05-21 20:14:37.569 V/bt_stack( 5466): [VERBOSE1:btm_ble_gap.cc(1847)] btm_ble_process_adv_addr: bda=61:fe:00:44:8e:61
05-21 20:14:37.569 V/bt_stack( 5466): [VERBOSE1:btm_ble_gap.cc(2052)]  Waiting for scan response 61:fe:00:44:8e:61
05-21 20:14:37.594 I/SarService( 2665): Receiver polling >>>> Change receiver mode: off
05-21 20:14:37.608 I/vendor.qti.bluetooth@1.0-ibs_handler(  695): ProcessIbsCmd: Received IBS_SLEEP_IND: 0xFE
05-21 20:14:37.608 D/vendor.qti.bluetooth@1.0-ibs_handler(  695): SerialClockVote: vote for UART CLK OFF
05-21 20:14:37.758 D/vendor.qti.bluetooth@1.0-wake_lock(  695): Release wakelock is released 
05-21 20:14:37.779 D/QtiCarrierConfigHelper( 2665): WARNING, no carrier configs on phone Id: 0
05-21 20:14:37.783 D/PowerCheckerService( 6389): onBatteryChanged, mBatteryLevel = 98, status = 2, level = 98, plug = 2, scale = 100
05-21 20:14:37.787 I/PowerSaveService( 4202): onReceive: android.intent.action.BATTERY_CHANGED
05-21 20:14:37.789 I/PowerNoticeUI( 4202): handleBatteryChanged oldPlugType 2 mPlugType 2 oldBatteryLevel 98 mBatteryLevel 98 temperature 325
05-21 20:14:37.789 I/ChargerBatteryIntelligenceReceiver( 4202): onBatteryChanged temperature：32,plugType:2
05-21 20:14:37.789 I/PowerFeatureUtils( 4202): getVendorName:qcom
05-21 20:14:37.794 I/SarService( 2665): Receiver polling >>>> Change receiver mode: off
05-21 20:14:37.995 I/SarService( 2665): Receiver polling >>>> Change receiver mode: off
05-21 20:14:38.196 I/SarService( 2665): Receiver polling >>>> Change receiver mode: off
05-21 20:14:38.397 I/SarService( 2665): Receiver polling >>>> Change receiver mode: off
05-21 20:14:38.598 I/SarService( 2665): Receiver polling >>>> Change receiver mode: off
05-21 20:14:38.659 D/AF::Track(  797): interceptBuffer: took 634us to intercept 0 tracks
05-21 20:14:38.699 I/chatty  (32078): uid=10445(com.playsocialgames.plinko) expire 72 lines
05-21 20:14:38.789 I/chatty  (32078): uid=10445(com.playsocialgames.plinko) AdWorker(Defaul expire 12 lines
05-21 20:14:38.789 I/AS.AudioDeviceBroker( 1637): In isSpeakerphoneOn(), mForcedUseForCommExt: 0
05-21 20:14:38.798 I/SarService( 2665): Receiver polling >>>> Change receiver mode: off
05-21 20:14:38.831 I/chatty  (32078): uid=10445(com.playsocialgames.plinko) AdWorker(Loader expire 2 lines
05-21 20:14:38.835 I/chatty  (  738): uid=1000(system) HwBinder:738_3 expire 18 lines
05-21 20:14:38.837 D/CompatibilityInfo( 1637): mCompatibilityFlags - 0
05-21 20:14:38.837 D/CompatibilityInfo( 1637): applicationDensity - 440
05-21 20:14:38.837 D/CompatibilityInfo( 1637): applicationScale - 1.0
05-21 20:14:38.987 I/chatty  ( 8252): uid=10188(com.google.android.gms) expire 2 lines
05-21 20:14:38.999 I/SarService( 2665): Receiver polling >>>> Change receiver mode: off
05-21 20:14:39.080 I/vendor.qti.bluetooth@1.0-ibs_handler(  695): ProcessIbsCmd: Received IBS_WAKE_IND: 0xFD
05-21 20:14:39.080 D/vendor.qti.bluetooth@1.0-ibs_handler(  695): SerialClockVote: vote for UART CLK ON
05-21 20:14:39.081 D/vendor.qti.bluetooth@1.0-wake_lock(  695): Acquire wakelock is acquired 
05-21 20:14:39.081 I/vendor.qti.bluetooth@1.0-ibs_handler(  695): ProcessIbsCmd: Writing IBS_WAKE_ACK
05-21 20:14:39.083 V/bt_stack( 5466): [VERBOSE1:btm_ble_gap.cc(1847)] btm_ble_process_adv_addr: bda=61:fe:00:44:8e:61
05-21 20:14:39.083 V/bt_stack( 5466): [VERBOSE1:btm_ble_gap.cc(2052)]  Waiting for scan response 61:fe:00:44:8e:61
05-21 20:14:39.084 V/bt_stack( 5466): [VERBOSE1:btm_ble_gap.cc(1847)] btm_ble_process_adv_addr: bda=61:fe:00:44:8e:61
05-21 20:14:39.084 V/bt_stack( 5466): [VERBOSE1:btm_inq.cc(1019)] BTM_InqDbRead: bd addr 61:fe:00:44:8e:61
05-21 20:14:39.087 D/BluetoothUtils( 5466): blockedByLocationOff callingUid=1002
05-21 20:14:39.088 I/BluetoothUtils( 5466): packagename is android.uid.bluetooth:1002 ,and its permission is false
05-21 20:14:39.122 I/vendor.qti.bluetooth@1.0-ibs_handler(  695): ProcessIbsCmd: Received IBS_SLEEP_IND: 0xFE
05-21 20:14:39.122 D/vendor.qti.bluetooth@1.0-ibs_handler(  695): SerialClockVote: vote for UART CLK OFF
05-21 20:14:39.200 I/SarService( 2665): Receiver polling >>>> Change receiver mode: off
05-21 20:14:39.272 D/vendor.qti.bluetooth@1.0-wake_lock(  695): Release wakelock is released 
05-21 20:14:39.330 I/chatty  (32078): uid=10445(com.playsocialgames.plinko) expire 1 line
05-21 20:14:39.366 I/chatty  ( 2388): uid=1000(system) SysUiNetBg expire 60 lines
05-21 20:14:39.376 I/chatty  ( 2388): uid=1000(system) com.android.systemui expire 67 lines
05-21 20:14:39.400 I/SarService( 2665): Receiver polling >>>> Change receiver mode: off
05-21 20:14:39.601 I/SarService( 2665): Receiver polling >>>> Change receiver mode: off
05-21 20:14:39.709 I/vendor.qti.bluetooth@1.0-ibs_handler(  695): ProcessIbsCmd: Received IBS_WAKE_IND: 0xFD
05-21 20:14:39.709 D/vendor.qti.bluetooth@1.0-ibs_handler(  695): SerialClockVote: vote for UART CLK ON
05-21 20:14:39.712 D/vendor.qti.bluetooth@1.0-wake_lock(  695): Acquire wakelock is acquired 
05-21 20:14:39.712 I/vendor.qti.bluetooth@1.0-ibs_handler(  695): ProcessIbsCmd: Writing IBS_WAKE_ACK
05-21 20:14:39.713 V/bt_stack( 5466): [VERBOSE1:btm_ble_gap.cc(1847)] btm_ble_process_adv_addr: bda=61:fe:00:44:8e:61
05-21 20:14:39.714 V/bt_stack( 5466): [VERBOSE1:btm_ble_gap.cc(2052)]  Waiting for scan response 61:fe:00:44:8e:61
05-21 20:14:39.753 I/vendor.qti.bluetooth@1.0-ibs_handler(  695): ProcessIbsCmd: Received IBS_SLEEP_IND: 0xFE
05-21 20:14:39.753 D/vendor.qti.bluetooth@1.0-ibs_handler(  695): SerialClockVote: vote for UART CLK OFF
05-21 20:14:39.802 I/SarService( 2665): Receiver polling >>>> Change receiver mode: off
05-21 20:14:39.903 D/vendor.qti.bluetooth@1.0-wake_lock(  695): Release wakelock is released 
05-21 20:14:40.003 I/SarService( 2665): Receiver polling >>>> Change receiver mode: off
05-21 20:14:40.204 I/SarService( 2665): Receiver polling >>>> Change receiver mode: off
05-21 20:14:40.326 I/vendor.qti.bluetooth@1.0-ibs_handler(  695): ProcessIbsCmd: Received IBS_WAKE_IND: 0xFD
05-21 20:14:40.328 D/vendor.qti.bluetooth@1.0-ibs_handler(  695): SerialClockVote: vote for UART CLK ON
05-21 20:14:40.330 D/vendor.qti.bluetooth@1.0-wake_lock(  695): Acquire wakelock is acquired 
05-21 20:14:40.330 I/vendor.qti.bluetooth@1.0-ibs_handler(  695): ProcessIbsCmd: Writing IBS_WAKE_ACK
05-21 20:14:40.333 V/bt_stack( 5466): [VERBOSE1:btm_ble_gap.cc(1847)] btm_ble_process_adv_addr: bda=61:fe:00:44:8e:61
05-21 20:14:40.333 V/bt_stack( 5466): [VERBOSE1:btm_ble_gap.cc(2052)]  Waiting for scan response 61:fe:00:44:8e:61
05-21 20:14:40.371 I/vendor.qti.bluetooth@1.0-ibs_handler(  695): ProcessIbsCmd: Received IBS_SLEEP_IND: 0xFE
05-21 20:14:40.372 D/vendor.qti.bluetooth@1.0-ibs_handler(  695): SerialClockVote: vote for UART CLK OFF
05-21 20:14:40.406 I/SarService( 2665): Receiver polling >>>> Change receiver mode: off
05-21 20:14:40.522 D/vendor.qti.bluetooth@1.0-wake_lock(  695): Release wakelock is released 
05-21 20:14:40.606 I/SarService( 2665): Receiver polling >>>> Change receiver mode: off
05-21 20:14:40.795 I/AS.AudioDeviceBroker( 1637): In isSpeakerphoneOn(), mForcedUseForCommExt: 0
05-21 20:14:40.807 I/SarService( 2665): Receiver polling >>>> Change receiver mode: off
