05-21 20:14:07.460 I//vendor/bin/hw/vendor.qti.hardware.servicetracker@1.1-service(  738): bindService is called for service : com.google.android.gms/.measurement.service.MeasurementBrokerService and for client com.xiaomi.discover
05-21 20:14:07.460 I//vendor/bin/hw/vendor.qti.hardware.servicetracker@1.1-service(  738): total connections for service : com.google.android.gms/.measurement.service.MeasurementBrokerServiceare :2
05-21 20:14:07.460 I//vendor/bin/hw/vendor.qti.hardware.servicetracker@1.1-service(  738): total connections for client : com.xiaomi.discoverare :4
05-21 20:14:07.467 W/Unity   (32078): [AdMobProvider] Rewarded load failed: No fill.
05-21 20:14:07.467 W/Unity   (32078): UnityEngine.DebugLogHandler:Internal_Log(LogType, LogOption, String, Object)
05-21 20:14:07.467 W/Unity   (32078): AdMobProvider:<LoadRewardedAd>b__44_0(RewardedAd, LoadAdError)
05-21 20:14:07.467 W/Unity   (32078): System.Reflection.RuntimeMethodInfo:Invoke(Object, BindingFlags, Binder, Object[], CultureInfo)
05-21 20:14:07.467 W/Unity   (32078): UnityEngine.AndroidJavaProxy:Invoke(String, Object[])
05-21 20:14:07.467 W/Unity   (32078): UnityEngine.AndroidJavaProxy:Invoke(String, IntPtr)
05-21 20:14:07.467 W/Unity   (32078): UnityEngine._AndroidJNIHelper:InvokeJavaProxyMethod(AndroidJavaProxy, IntPtr, IntPtr)
05-21 20:14:07.467 W/Unity   (32078): 
05-21 20:14:07.470 I/SarService( 2665): Receiver polling >>>> Change receiver mode: off
05-21 20:14:07.558 I/vendor.qti.bluetooth@1.0-ibs_handler(  695): ProcessIbsCmd: Received IBS_WAKE_IND: 0xFD
05-21 20:14:07.558 D/vendor.qti.bluetooth@1.0-ibs_handler(  695): SerialClockVote: vote for UART CLK ON
05-21 20:14:07.559 D/vendor.qti.bluetooth@1.0-wake_lock(  695): Acquire wakelock is acquired 
05-21 20:14:07.559 I/vendor.qti.bluetooth@1.0-ibs_handler(  695): ProcessIbsCmd: Writing IBS_WAKE_ACK
05-21 20:14:07.560 V/bt_stack( 5466): [VERBOSE1:btm_ble_gap.cc(1847)] btm_ble_process_adv_addr: bda=61:fe:00:44:8e:61
05-21 20:14:07.560 V/bt_stack( 5466): [VERBOSE1:btm_ble_gap.cc(2052)]  Waiting for scan response 61:fe:00:44:8e:61
05-21 20:14:07.600 I/vendor.qti.bluetooth@1.0-ibs_handler(  695): ProcessIbsCmd: Received IBS_SLEEP_IND: 0xFE
05-21 20:14:07.600 D/vendor.qti.bluetooth@1.0-ibs_handler(  695): SerialClockVote: vote for UART CLK OFF
05-21 20:14:07.671 I/SarService( 2665): Receiver polling >>>> Change receiver mode: off
05-21 20:14:07.750 D/vendor.qti.bluetooth@1.0-wake_lock(  695): Release wakelock is released 
05-21 20:14:07.871 I/SarService( 2665): Receiver polling >>>> Change receiver mode: off
05-21 20:14:08.073 I/SarService( 2665): Receiver polling >>>> Change receiver mode: off
05-21 20:14:08.194 D/NtpTrustedTime( 1637): currentTimeMillis() cache hit
05-21 20:14:08.196 I/netd    (  606): trafficSwapActiveStatsMap() <0.44ms>
05-21 20:14:08.201 I/netd    (  606): tetherGetStats() <1.97ms>
05-21 20:14:08.216 D/NtpTrustedTime( 1637): currentTimeMillis() cache hit
05-21 20:14:08.219 I/netd    (  606): bandwidthSetGlobalAlert(131072) <0.48ms>
05-21 20:14:08.219 D/TrafficManageService( 4202): onReceive: intent.action = com.android.server.action.NETWORK_STATS_UPDATED
05-21 20:14:08.221 I/Unity   (32078): [BannerRotation] warmup current=AdMob, currentReady=False, other=ZeyWin, otherReady=False
05-21 20:14:08.221 I/Unity   (32078): UnityEngine.DebugLogHandler:Internal_Log(LogType, LogOption, String, Object)
05-21 20:14:08.221 I/Unity   (32078): <BannerRotationLoop>d__57:MoveNext()
05-21 20:14:08.221 I/Unity   (32078): UnityEngine.SetupCoroutine:InvokeMoveNext(IEnumerator, IntPtr)
05-21 20:14:08.221 I/Unity   (32078): 
05-21 20:14:08.221 D/AdsUnity(32078): Calling destroy() on Android
05-21 20:14:08.223 I/Unity   (32078): [ZeyWinAds] Preloading Native ad...
05-21 20:14:08.223 I/Unity   (32078): UnityEngine.DebugLogHandler:Internal_Log(LogType, LogOption, String, Object)
05-21 20:14:08.223 I/Unity   (32078): ZeyWinAds.Core.<PreloadAdCoroutine>d__34:MoveNext()
05-21 20:14:08.223 I/Unity   (32078): UnityEngine.SetupCoroutine:InvokeMoveNext(IEnumerator, IntPtr)
05-21 20:14:08.223 I/Unity   (32078): ZeyWinAds.Core.AdLoader:PreloadAd(AdType, Boolean)
05-21 20:14:08.223 I/Unity   (32078): ZeyWinProvider:LoadBanner()
05-21 20:14:08.223 I/Unity   (32078): <BannerRotationLoop>d__57:MoveNext()
05-21 20:14:08.223 I/Unity   (32078): UnityEngine.SetupCoroutine:InvokeMoveNext(IEnumerator, IntPtr)
05-21 20:14:08.223 I/Unity   (32078): 
05-21 20:14:08.223 D/TrafficManageService-TrafficSimManager( 4202): notifyByNetChange_time: return
05-21 20:14:08.223 I/Unity   (32078): [ZeyWinAds] Loading Native ad...
05-21 20:14:08.223 I/Unity   (32078): UnityEngine.DebugLogHandler:Internal_Log(LogType, LogOption, String, Object)
05-21 20:14:08.223 I/Unity   (32078): ZeyWinAds.Ads.BaseAd:Load(Action`1)
05-21 20:14:08.223 I/Unity   (32078): ZeyWinAds.Core.<PreloadAdCoroutine>d__34:MoveNext()
05-21 20:14:08.223 I/Unity   (32078): UnityEngine.SetupCoroutine:InvokeMoveNext(IEnumerator, IntPtr)
05-21 20:14:08.223 I/Unity   (32078): ZeyWinAds.Core.AdLoader:PreloadAd(AdType, Boolean)
05-21 20:14:08.223 I/Unity   (32078): ZeyWinProvider:LoadBanner()
05-21 20:14:08.223 I/Unity   (32078): <BannerRotationLoop>d__57:MoveNext()
05-21 20:14:08.223 I/Unity   (32078): UnityEngine.SetupCoroutine:InvokeMoveNext(IEnumerator, IntPtr)
05-21 20:14:08.223 I/Unity   (32078): 
05-21 20:14:08.225 I/Unity   (32078): [ZeyWinAds] Preloading Banner ad...
05-21 20:14:08.225 I/Unity   (32078): UnityEngine.DebugLogHandler:Internal_Log(LogType, LogOption, String, Object)
05-21 20:14:08.225 I/Unity   (32078): ZeyWinAds.Core.<PreloadAdCoroutine>d__34:MoveNext()
05-21 20:14:08.225 I/Unity   (32078): UnityEngine.SetupCoroutine:InvokeMoveNext(IEnumerator, IntPtr)
05-21 20:14:08.225 I/Unity   (32078): ZeyWinAds.Core.AdLoader:PreloadAd(AdType, Boolean)
05-21 20:14:08.225 I/Unity   (32078): <BannerRotationLoop>d__57:MoveNext()
05-21 20:14:08.225 I/Unity   (32078): UnityEngine.SetupCoroutine:InvokeMoveNext(IEnumerator, IntPtr)
05-21 20:14:08.225 I/Unity   (32078): 
05-21 20:14:08.226 I/Unity   (32078): [ZeyWinAds] Loading Banner ad...
05-21 20:14:08.226 I/Unity   (32078): UnityEngine.DebugLogHandler:Internal_Log(LogType, LogOption, String, Object)
05-21 20:14:08.226 I/Unity   (32078): ZeyWinAds.Ads.BaseAd:Load(Action`1)
05-21 20:14:08.226 I/Unity   (32078): ZeyWinAds.Core.<PreloadAdCoroutine>d__34:MoveNext()
05-21 20:14:08.226 I/Unity   (32078): UnityEngine.SetupCoroutine:InvokeMoveNext(IEnumerator, IntPtr)
05-21 20:14:08.226 I/Unity   (32078): ZeyWinAds.Core.AdLoader:PreloadAd(AdType, Boolean)
05-21 20:14:08.226 I/Unity   (32078): <BannerRotationLoop>d__57:MoveNext()
05-21 20:14:08.226 I/Unity   (32078): UnityEngine.SetupCoroutine:InvokeMoveNext(IEnumerator, IntPtr)
05-21 20:14:08.226 I/Unity   (32078): 
05-21 20:14:08.238 D/ForceDarkHelper(32078): updateByCheckExcludeList: pkg: com.playsocialgames.plinko activity: com.unity3d.player.UnityPlayerActivity@e12c52e
05-21 20:14:08.239 D/AdsUnity(32078): Calling loadAd() on Android
05-21 20:14:08.241 D/PerfShielderService( 1637): com.playsocialgames.plinko|com.playsocialgames.plinko/com.unity3d.player.UnityPlayerActivity|982|93841674749094|982|0|1
05-21 20:14:08.242 W/MiuiPerfServiceClient( 3872): interceptAndQueuing:32078|com.playsocialgames.plinko|982|982|unknown|null|com.playsocialgames.plinko/com.unity3d.player.UnityPlayerActivity|93841674749094|Slow main thread|1
05-21 20:14:08.250 I/DynamiteModule(32078): Considering local module com.google.android.gms.ads.dynamite:0 and remote module com.google.android.gms.ads.dynamite:260480602
05-21 20:14:08.250 I/DynamiteModule(32078): Selected remote version of com.google.android.gms.ads.dynamite, version >= 260480602
05-21 20:14:08.250 V/DynamiteModule(32078): Dynamite loader version >= 2, using loadModule2NoCrashUtils
05-21 20:14:08.253 D/ForceDarkHelper(32078): updateByCheckExcludeList: pkg: com.playsocialgames.plinko activity: com.unity3d.player.UnityPlayerActivity@e12c52e
05-21 20:14:08.257 I/Ads     (32078): Use RequestConfiguration.Builder().setTestDeviceIds(Arrays.asList("080125DC503173128EDCB1313098A927")) to get test ads on this device.
05-21 20:14:08.273 I/SarService( 2665): Receiver polling >>>> Change receiver mode: off
05-21 20:14:08.278 I/AudioManager(32078): In isSpeakerphoneOn(), calling application: com.playsocialgames.plinko
05-21 20:14:08.278 I/AS.AudioDeviceBroker( 1637): In isSpeakerphoneOn(), mForcedUseForCommExt: 0
05-21 20:14:08.279 D/AudioManager(32078): getStreamVolume isRestricted mode = 0
05-21 20:14:08.280 D/AudioManager(32078): getStreamVolume isRestricted mode = 0
05-21 20:14:08.329 W/Ads     (32078): Not retrying to fetch app settings
05-21 20:14:08.343 I/DynamiteModule( 8252): Considering local module com.google.android.gms.ads.dynamite:0 and remote module com.google.android.gms.ads.dynamite:260480602
05-21 20:14:08.343 I/DynamiteModule( 8252): Selected remote version of com.google.android.gms.ads.dynamite, version >= 260480602
05-21 20:14:08.346 I/vendor.qti.bluetooth@1.0-ibs_handler(  695): ProcessIbsCmd: Received IBS_WAKE_IND: 0xFD
05-21 20:14:08.346 D/vendor.qti.bluetooth@1.0-ibs_handler(  695): SerialClockVote: vote for UART CLK ON
05-21 20:14:08.350 D/vendor.qti.bluetooth@1.0-wake_lock(  695): Acquire wakelock is acquired 
05-21 20:14:08.350 I/vendor.qti.bluetooth@1.0-ibs_handler(  695): ProcessIbsCmd: Writing IBS_WAKE_ACK
05-21 20:14:08.351 V/bt_stack( 5466): [VERBOSE1:btm_ble_gap.cc(1847)] btm_ble_process_adv_addr: bda=61:fe:00:44:8e:61
05-21 20:14:08.352 V/bt_stack( 5466): [VERBOSE1:btm_ble_gap.cc(2052)]  Waiting for scan response 61:fe:00:44:8e:61
05-21 20:14:08.387 W/Unity   (32078): [ZeyWinAds] Server error: No ads available
05-21 20:14:08.387 W/Unity   (32078): UnityEngine.DebugLogHandler:Internal_Log(LogType, LogOption, String, Object)
05-21 20:14:08.387 W/Unity   (32078): ZeyWinAds.Core.<RequestAdCoroutine>d__23:MoveNext()
05-21 20:14:08.387 W/Unity   (32078): UnityEngine.SetupCoroutine:InvokeMoveNext(IEnumerator, IntPtr)
05-21 20:14:08.387 W/Unity   (32078): 
05-21 20:14:08.388 W/Unity   (32078): [ZeyWinAds] Native ad failed to load: No ads available
05-21 20:14:08.388 W/Unity   (32078): UnityEngine.DebugLogHandler:Internal_Log(LogType, LogOption, String, Object)
05-21 20:14:08.388 W/Unity   (32078): ZeyWinAds.Ads.BaseAd:OnAdLoadFailed(String)
05-21 20:14:08.388 W/Unity   (32078): ZeyWinAds.Core.<RequestAdCoroutine>d__23:MoveNext()
05-21 20:14:08.388 W/Unity   (32078): UnityEngine.SetupCoroutine:InvokeMoveNext(IEnumerator, IntPtr)
05-21 20:14:08.388 W/Unity   (32078): 
05-21 20:14:08.390 E/Unity   (32078): [ZeyWinAds] Preload failed for Native after 3 attempts
05-21 20:14:08.390 E/Unity   (32078): UnityEngine.DebugLogHandler:Internal_Log(LogType, LogOption, String, Object)
05-21 20:14:08.390 E/Unity   (32078): ZeyWinAds.Core.AdLoader:HandlePreloadFailure(AdType)
05-21 20:14:08.390 E/Unity   (32078): ZeyWinAds.Core.<PreloadAdCoroutine>d__34:MoveNext()
05-21 20:14:08.390 E/Unity   (32078): UnityEngine.SetupCoroutine:InvokeMoveNext(IEnumerator, IntPtr)
05-21 20:14:08.390 E/Unity   (32078): 
05-21 20:14:08.390 W/Unity   (32078): [ZeyWinAds] Preload failed for Native: Failed after 3 attempts
05-21 20:14:08.390 W/Unity   (32078): UnityEngine.DebugLogHandler:Internal_Log(LogType, LogOption, String, Object)
05-21 20:14:08.390 W/Unity   (32078): ZeyWinAds.ZeyWinAds:OnPreloadFailed(AdType, String)
05-21 20:14:08.390 W/Unity   (32078): ZeyWinAds.Core.AdLoader:HandlePreloadFailure(AdType)
05-21 20:14:08.390 W/Unity   (32078): ZeyWinAds.Core.<PreloadAdCoroutine>d__34:MoveNext()
05-21 20:14:08.390 W/Unity   (32078): UnityEngine.SetupCoroutine:InvokeMoveNext(IEnumerator, IntPtr)
05-21 20:14:08.390 W/Unity   (32078): 
05-21 20:14:08.390 I/vendor.qti.bluetooth@1.0-ibs_handler(  695): ProcessIbsCmd: Received IBS_SLEEP_IND: 0xFE
05-21 20:14:08.390 D/vendor.qti.bluetooth@1.0-ibs_handler(  695): SerialClockVote: vote for UART CLK OFF
05-21 20:14:08.420 W/Unity   (32078): [ZeyWinAds] Server error: No ads available
05-21 20:14:08.420 W/Unity   (32078): UnityEngine.DebugLogHandler:Internal_Log(LogType, LogOption, String, Object)
05-21 20:14:08.420 W/Unity   (32078): ZeyWinAds.Core.<RequestAdCoroutine>d__23:MoveNext()
05-21 20:14:08.420 W/Unity   (32078): UnityEngine.SetupCoroutine:InvokeMoveNext(IEnumerator, IntPtr)
05-21 20:14:08.420 W/Unity   (32078): 
05-21 20:14:08.421 W/Unity   (32078): [ZeyWinAds] Banner ad failed to load: No ads available
05-21 20:14:08.421 W/Unity   (32078): UnityEngine.DebugLogHandler:Internal_Log(LogType, LogOption, String, Object)
05-21 20:14:08.421 W/Unity   (32078): ZeyWinAds.Ads.BaseAd:OnAdLoadFailed(String)
05-21 20:14:08.421 W/Unity   (32078): ZeyWinAds.Core.<RequestAdCoroutine>d__23:MoveNext()
05-21 20:14:08.421 W/Unity   (32078): UnityEngine.SetupCoroutine:InvokeMoveNext(IEnumerator, IntPtr)
05-21 20:14:08.421 W/Unity   (32078): 
05-21 20:14:08.422 E/Unity   (32078): [ZeyWinAds] Preload failed for Banner after 3 attempts
05-21 20:14:08.422 E/Unity   (32078): UnityEngine.DebugLogHandler:Internal_Log(LogType, LogOption, String, Object)
05-21 20:14:08.422 E/Unity   (32078): ZeyWinAds.Core.AdLoader:HandlePreloadFailure(AdType)
05-21 20:14:08.422 E/Unity   (32078): ZeyWinAds.Core.<PreloadAdCoroutine>d__34:MoveNext()
05-21 20:14:08.422 E/Unity   (32078): UnityEngine.SetupCoroutine:InvokeMoveNext(IEnumerator, IntPtr)
05-21 20:14:08.422 E/Unity   (32078): 
05-21 20:14:08.431 W/Unity   (32078): [ZeyWinAds] Preload failed for Banner: Failed after 3 attempts
05-21 20:14:08.431 W/Unity   (32078): UnityEngine.DebugLogHandler:Internal_Log(LogType, LogOption, String, Object)
05-21 20:14:08.431 W/Unity   (32078): ZeyWinAds.ZeyWinAds:OnPreloadFailed(AdType, String)
05-21 20:14:08.431 W/Unity   (32078): ZeyWinAds.Core.AdLoader:HandlePreloadFailure(AdType)
05-21 20:14:08.431 W/Unity   (32078): ZeyWinAds.Core.<PreloadAdCoroutine>d__34:MoveNext()
05-21 20:14:08.431 W/Unity   (32078): UnityEngine.SetupCoroutine:InvokeMoveNext(IEnumerator, IntPtr)
05-21 20:14:08.431 W/Unity   (32078): 
05-21 20:14:08.473 I/SarService( 2665): Receiver polling >>>> Change receiver mode: off
05-21 20:14:08.531 I//vendor/bin/hw/vendor.qti.hardware.servicetracker@1.1-service(  738): bindService is called for service : com.google.android.gms/.chimera.PersistentDirectBootAwareApiService and for client com.google.android.gms
05-21 20:14:08.532 I//vendor/bin/hw/vendor.qti.hardware.servicetracker@1.1-service(  738): total connections for service : com.google.android.gms/.chimera.PersistentDirectBootAwareApiServiceare :20
05-21 20:14:08.532 I//vendor/bin/hw/vendor.qti.hardware.servicetracker@1.1-service(  738): total connections for client : com.google.android.gmsare :8
05-21 20:14:08.541 D/vendor.qti.bluetooth@1.0-wake_lock(  695): Release wakelock is released 
05-21 20:14:08.675 I/SarService( 2665): Receiver polling >>>> Change receiver mode: off
05-21 20:14:08.742 I//vendor/bin/hw/vendor.qti.hardware.servicetracker@1.1-service(  738): bindService is called for service : com.android.vending/com.google.android.finsky.scheduler.process.mainimpl.PhoneskyJobServiceMain and for client system
05-21 20:14:08.742 I//vendor/bin/hw/vendor.qti.hardware.servicetracker@1.1-service(  738): total connections for service : com.android.vending/com.google.android.finsky.scheduler.process.mainimpl.PhoneskyJobServiceMainare :1
05-21 20:14:08.742 I//vendor/bin/hw/vendor.qti.hardware.servicetracker@1.1-service(  738): total connections for client : systemare :17
05-21 20:14:08.745 D/CompatibilityInfo( 1637): mCompatibilityFlags - 0
05-21 20:14:08.745 D/CompatibilityInfo( 1637): applicationDensity - 440
05-21 20:14:08.745 D/CompatibilityInfo( 1637): applicationScale - 1.0
05-21 20:14:08.747 I//vendor/bin/hw/vendor.qti.hardware.servicetracker@1.1-service(  738): startService() is called for servicecom.android.vending/com.google.android.finsky.scheduler.process.mainimpl.PhoneskyJobServiceMain
05-21 20:14:08.833 I/Finsky  (30447): [2] SCH: job service start with id 9507.
05-21 20:14:08.879 I/SarService( 2665): Receiver polling >>>> Change receiver mode: off
05-21 20:14:08.924 I/Finsky  (30447): [18251] SCH: Satisfied jobs for 9507 are: 12-1
05-21 20:14:08.962 E/Ads     ( 8252): Too many recently failed requests for ad unit ID: ca-app-pub-6988952582458184/7966397807. You must wait a few seconds before making another ad request.
05-21 20:14:08.963 I/vendor.qti.bluetooth@1.0-ibs_handler(  695): ProcessIbsCmd: Received IBS_WAKE_IND: 0xFD
05-21 20:14:08.963 D/vendor.qti.bluetooth@1.0-ibs_handler(  695): SerialClockVote: vote for UART CLK ON
05-21 20:14:08.963 D/vendor.qti.bluetooth@1.0-wake_lock(  695): Acquire wakelock is acquired 
05-21 20:14:08.964 I/vendor.qti.bluetooth@1.0-ibs_handler(  695): ProcessIbsCmd: Writing IBS_WAKE_ACK
05-21 20:14:08.965 V/bt_stack( 5466): [VERBOSE1:btm_ble_gap.cc(1847)] btm_ble_process_adv_addr: bda=61:fe:00:44:8e:61
05-21 20:14:08.965 V/bt_stack( 5466): [VERBOSE1:btm_ble_gap.cc(2052)]  Waiting for scan response 61:fe:00:44:8e:61
05-21 20:14:08.966 V/bt_stack( 5466): [VERBOSE1:btm_ble_gap.cc(1847)] btm_ble_process_adv_addr: bda=61:fe:00:44:8e:61
05-21 20:14:08.966 V/bt_stack( 5466): [VERBOSE1:btm_inq.cc(1019)] BTM_InqDbRead: bd addr 61:fe:00:44:8e:61
05-21 20:14:08.967 D/BluetoothUtils( 5466): blockedByLocationOff callingUid=1002
05-21 20:14:08.968 I/BluetoothUtils( 5466): packagename is android.uid.bluetooth:1002 ,and its permission is false
05-21 20:14:08.972 I/NearbyDiscovery( 5178): (REDACTED) BloomFilterAdvManager: Detected bloom filter but too far away, ignoring. %sm, %s
05-21 20:14:09.005 I/vendor.qti.bluetooth@1.0-ibs_handler(  695): ProcessIbsCmd: Received IBS_SLEEP_IND: 0xFE
05-21 20:14:09.005 D/vendor.qti.bluetooth@1.0-ibs_handler(  695): SerialClockVote: vote for UART CLK OFF
05-21 20:14:09.037 I/Ads     (32078): Ad failed to load : 1
05-21 20:14:09.039 W/Unity   (32078): [AdMobProvider] Banner load failed: Error building request URL: Too many recently failed requests for ad unit ID: ca-app-pub-6988952582458184/7966397807. You must wait a few seconds before making another ad request.
05-21 20:14:09.039 W/Unity   (32078): UnityEngine.DebugLogHandler:Internal_Log(LogType, LogOption, String, Object)
05-21 20:14:09.039 W/Unity   (32078): AdMobProvider:<PreloadBannerAd>b__38_1(LoadAdError)
05-21 20:14:09.039 W/Unity   (32078): System.Reflection.RuntimeMethodInfo:Invoke(Object, BindingFlags, Binder, Object[], CultureInfo)
05-21 20:14:09.039 W/Unity   (32078): UnityEngine.AndroidJavaProxy:Invoke(String, Object[])
05-21 20:14:09.039 W/Unity   (32078): UnityEngine.AndroidJavaProxy:Invoke(String, IntPtr)
05-21 20:14:09.039 W/Unity   (32078): UnityEngine._AndroidJNIHelper:InvokeJavaProxyMethod(AndroidJavaProxy, IntPtr, IntPtr)
05-21 20:14:09.039 W/Unity   (32078): 
05-21 20:14:09.050 I/Finsky  (30447): [18267] SCH: Job 12-1 starting
05-21 20:14:09.053 I/Finsky  (30447): [2] WM::SCH: Logging work start for 12-1
05-21 20:14:09.059 I/Finsky  (30447): [2] [ContentSync] job started
05-21 20:14:09.070 I/Finsky  (30447): [18268] PSR: Package cache is empty, setup cache.
05-21 20:14:09.080 I/SarService( 2665): Receiver polling >>>> Change receiver mode: off
05-21 20:14:09.129 I//vendor/bin/hw/vendor.qti.hardware.servicetracker@1.1-service(  738): unbindService is called for service : com.google.android.gms/.chimera.GmsApiService and for client com.miui.global.packageinstaller
05-21 20:14:09.130 I//vendor/bin/hw/vendor.qti.hardware.servicetracker@1.1-service(  738): size of service connections for service: com.google.android.gms/.chimera.GmsApiServiceafter removal is 1
05-21 20:14:09.130 I//vendor/bin/hw/vendor.qti.hardware.servicetracker@1.1-service(  738): size of client connections for client: com.miui.global.packageinstallerafter removal is 7
05-21 20:14:09.155 D/vendor.qti.bluetooth@1.0-wake_lock(  695): Release wakelock is released 
05-21 20:14:09.221 I/Unity   (32078): [ZeyWinAds] Preloading Interstitial ad...
05-21 20:14:09.221 I/Unity   (32078): UnityEngine.DebugLogHandler:Internal_Log(LogType, LogOption, String, Object)
05-21 20:14:09.221 I/Unity   (32078): ZeyWinAds.Core.<PreloadAdCoroutine>d__34:MoveNext()
05-21 20:14:09.221 I/Unity   (32078): UnityEngine.SetupCoroutine:InvokeMoveNext(IEnumerator, IntPtr)
05-21 20:14:09.221 I/Unity   (32078): ZeyWinAds.Core.AdLoader:PreloadAd(AdType, Boolean)
05-21 20:14:09.221 I/Unity   (32078): ZeyWinAds.Core.<RetryPreload>d__36:MoveNext()
05-21 20:14:09.221 I/Unity   (32078): UnityEngine.SetupCoroutine:InvokeMoveNext(IEnumerator, IntPtr)
05-21 20:14:09.221 I/Unity   (32078): 
05-21 20:14:09.222 I/Unity   (32078): [ZeyWinAds] Loading Interstitial ad...
05-21 20:14:09.222 I/Unity   (32078): UnityEngine.DebugLogHandler:Internal_Log(LogType, LogOption, String, Object)
05-21 20:14:09.222 I/Unity   (32078): ZeyWinAds.Ads.BaseAd:Load(Action`1)
05-21 20:14:09.222 I/Unity   (32078): ZeyWinAds.Core.<PreloadAdCoroutine>d__34:MoveNext()
05-21 20:14:09.222 I/Unity   (32078): UnityEngine.SetupCoroutine:InvokeMoveNext(IEnumerator, IntPtr)
05-21 20:14:09.222 I/Unity   (32078): ZeyWinAds.Core.AdLoader:PreloadAd(AdType, Boolean)
05-21 20:14:09.222 I/Unity   (32078): ZeyWinAds.Core.<RetryPreload>d__36:MoveNext()
05-21 20:14:09.222 I/Unity   (32078): UnityEngine.SetupCoroutine:InvokeMoveNext(IEnumerator, IntPtr)
05-21 20:14:09.222 I/Unity   (32078): 
05-21 20:14:09.255 I/Unity   (32078): [ZeyWinAds] Preloading Rewarded ad...
05-21 20:14:09.255 I/Unity   (32078): UnityEngine.DebugLogHandler:Internal_Log(LogType, LogOption, String, Object)
05-21 20:14:09.255 I/Unity   (32078): ZeyWinAds.Core.<PreloadAdCoroutine>d__34:MoveNext()
05-21 20:14:09.255 I/Unity   (32078): UnityEngine.SetupCoroutine:InvokeMoveNext(IEnumerator, IntPtr)
05-21 20:14:09.255 I/Unity   (32078): ZeyWinAds.Core.AdLoader:PreloadAd(AdType, Boolean)
05-21 20:14:09.255 I/Unity   (32078): ZeyWinAds.Core.<RetryPreload>d__36:MoveNext()
05-21 20:14:09.255 I/Unity   (32078): UnityEngine.SetupCoroutine:InvokeMoveNext(IEnumerator, IntPtr)
05-21 20:14:09.255 I/Unity   (32078): 
05-21 20:14:09.256 I/Unity   (32078): [ZeyWinAds] Loading Rewarded ad...
05-21 20:14:09.256 I/Unity   (32078): UnityEngine.DebugLogHandler:Internal_Log(LogType, LogOption, String, Object)
05-21 20:14:09.256 I/Unity   (32078): ZeyWinAds.Ads.BaseAd:Load(Action`1)
05-21 20:14:09.256 I/Unity   (32078): ZeyWinAds.Core.<PreloadAdCoroutine>d__34:MoveNext()
05-21 20:14:09.256 I/Unity   (32078): UnityEngine.SetupCoroutine:InvokeMoveNext(IEnumerator, IntPtr)
05-21 20:14:09.256 I/Unity   (32078): ZeyWinAds.Core.AdLoader:PreloadAd(AdType, Boolean)
05-21 20:14:09.256 I/Unity   (32078): ZeyWinAds.Core.<RetryPreload>d__36:MoveNext()
05-21 20:14:09.256 I/Unity   (32078): UnityEngine.SetupCoroutine:InvokeMoveNext(IEnumerator, IntPtr)
05-21 20:14:09.256 I/Unity   (32078): 
05-21 20:14:09.258 I/Unity   (32078): [ZeyWinAds] Preloading Banner ad...
05-21 20:14:09.258 I/Unity   (32078): UnityEngine.DebugLogHandler:Internal_Log(LogType, LogOption, String, Object)
05-21 20:14:09.258 I/Unity   (32078): ZeyWinAds.Core.<PreloadAdCoroutine>d__34:MoveNext()
05-21 20:14:09.258 I/Unity   (32078): UnityEngine.SetupCoroutine:InvokeMoveNext(IEnumerator, IntPtr)
05-21 20:14:09.258 I/Unity   (32078): ZeyWinAds.Core.AdLoader:PreloadAd(AdType, Boolean)
05-21 20:14:09.258 I/Unity   (32078): ZeyWinAds.Core.<RetryPreload>d__36:MoveNext()
05-21 20:14:09.258 I/Unity   (32078): UnityEngine.SetupCoroutine:InvokeMoveNext(IEnumerator, IntPtr)
05-21 20:14:09.258 I/Unity   (32078): 
05-21 20:14:09.259 I/Unity   (32078): [ZeyWinAds] Loading Banner ad...
05-21 20:14:09.259 I/Unity   (32078): UnityEngine.DebugLogHandler:Internal_Log(LogType, LogOption, String, Object)
05-21 20:14:09.259 I/Unity   (32078): ZeyWinAds.Ads.BaseAd:Load(Action`1)
05-21 20:14:09.259 I/Unity   (32078): ZeyWinAds.Core.<PreloadAdCoroutine>d__34:MoveNext()
05-21 20:14:09.259 I/Unity   (32078): UnityEngine.SetupCoroutine:InvokeMoveNext(IEnumerator, IntPtr)
05-21 20:14:09.259 I/Unity   (32078): ZeyWinAds.Core.AdLoader:PreloadAd(AdType, Boolean)
05-21 20:14:09.259 I/Unity   (32078): ZeyWinAds.Core.<RetryPreload>d__36:MoveNext()
05-21 20:14:09.259 I/Unity   (32078): UnityEngine.SetupCoroutine:InvokeMoveNext(IEnumerator, IntPtr)
05-21 20:14:09.259 I/Unity   (32078): 
05-21 20:14:09.260 I/Unity   (32078): [ZeyWinAds] Preloading Native ad...
05-21 20:14:09.260 I/Unity   (32078): UnityEngine.DebugLogHandler:Internal_Log(LogType, LogOption, String, Object)
05-21 20:14:09.260 I/Unity   (32078): ZeyWinAds.Core.<PreloadAdCoroutine>d__34:MoveNext()
05-21 20:14:09.260 I/Unity   (32078): UnityEngine.SetupCoroutine:InvokeMoveNext(IEnumerator, IntPtr)
05-21 20:14:09.260 I/Unity   (32078): ZeyWinAds.Core.AdLoader:PreloadAd(AdType, Boolean)
05-21 20:14:09.260 I/Unity   (32078): ZeyWinAds.Core.<RetryPreload>d__36:MoveNext()
05-21 20:14:09.260 I/Unity   (32078): UnityEngine.SetupCoroutine:InvokeMoveNext(IEnumerator, IntPtr)
05-21 20:14:09.260 I/Unity   (32078): 
05-21 20:14:09.262 I/Unity   (32078): [ZeyWinAds] Loading Native ad...
05-21 20:14:09.262 I/Unity   (32078): UnityEngine.DebugLogHandler:Internal_Log(LogType, LogOption, String, Object)
05-21 20:14:09.262 I/Unity   (32078): ZeyWinAds.Ads.BaseAd:Load(Action`1)
05-21 20:14:09.262 I/Unity   (32078): ZeyWinAds.Core.<PreloadAdCoroutine>d__34:MoveNext()
05-21 20:14:09.262 I/Unity   (32078): UnityEngine.SetupCoroutine:InvokeMoveNext(IEnumerator, IntPtr)
05-21 20:14:09.262 I/Unity   (32078): ZeyWinAds.Core.AdLoader:PreloadAd(AdType, Boolean)
05-21 20:14:09.262 I/Unity   (32078): ZeyWinAds.Core.<RetryPreload>d__36:MoveNext()
05-21 20:14:09.262 I/Unity   (32078): UnityEngine.SetupCoroutine:InvokeMoveNext(IEnumerator, IntPtr)
05-21 20:14:09.262 I/Unity   (32078): 
05-21 20:14:09.264 I/Unity   (32078): [ZeyWinAds] Preloading Popup ad...
05-21 20:14:09.264 I/Unity   (32078): UnityEngine.DebugLogHandler:Internal_Log(LogType, LogOption, String, Object)
05-21 20:14:09.264 I/Unity   (32078): ZeyWinAds.Core.<PreloadAdCoroutine>d__34:MoveNext()
05-21 20:14:09.264 I/Unity   (32078): UnityEngine.SetupCoroutine:InvokeMoveNext(IEnumerator, IntPtr)
05-21 20:14:09.264 I/Unity   (32078): ZeyWinAds.Core.AdLoader:PreloadAd(AdType, Boolean)
05-21 20:14:09.264 I/Unity   (32078): ZeyWinAds.Core.<RetryPreload>d__36:MoveNext()
05-21 20:14:09.264 I/Unity   (32078): UnityEngine.SetupCoroutine:InvokeMoveNext(IEnumerator, IntPtr)
05-21 20:14:09.264 I/Unity   (32078): 
05-21 20:14:09.265 I/Unity   (32078): [ZeyWinAds] Loading Popup ad...
05-21 20:14:09.265 I/Unity   (32078): UnityEngine.DebugLogHandler:Internal_Log(LogType, LogOption, String, Object)
05-21 20:14:09.265 I/Unity   (32078): ZeyWinAds.Ads.BaseAd:Load(Action`1)
05-21 20:14:09.265 I/Unity   (32078): ZeyWinAds.Core.<PreloadAdCoroutine>d__34:MoveNext()
05-21 20:14:09.265 I/Unity   (32078): UnityEngine.SetupCoroutine:InvokeMoveNext(IEnumerator, IntPtr)
05-21 20:14:09.265 I/Unity   (32078): ZeyWinAds.Core.AdLoader:PreloadAd(AdType, Boolean)
05-21 20:14:09.265 I/Unity   (32078): ZeyWinAds.Core.<RetryPreload>d__36:MoveNext()
05-21 20:14:09.265 I/Unity   (32078): UnityEngine.SetupCoroutine:InvokeMoveNext(IEnumerator, IntPtr)
05-21 20:14:09.265 I/Unity   (32078): 
05-21 20:14:09.280 I/SarService( 2665): Receiver polling >>>> Change receiver mode: off
05-21 20:14:09.342 I//vendor/bin/hw/vendor.qti.hardware.servicetracker@1.1-service(  738): bindService is called for service : com.android.vending/com.google.android.finsky.externalreferrer.GetInstallReferrerService and for client com.playsocialgames.plinko
05-21 20:14:09.343 I//vendor/bin/hw/vendor.qti.hardware.servicetracker@1.1-service(  738): total connections for service : com.android.vending/com.google.android.finsky.externalreferrer.GetInstallReferrerServiceare :1
05-21 20:14:09.343 I//vendor/bin/hw/vendor.qti.hardware.servicetracker@1.1-service(  738): total connections for client : com.playsocialgames.plinkoare :9
05-21 20:14:09.343 D/CompatibilityInfo( 1637): mCompatibilityFlags - 0
05-21 20:14:09.343 D/CompatibilityInfo( 1637): applicationDensity - 440
05-21 20:14:09.343 D/CompatibilityInfo( 1637): applicationScale - 1.0
05-21 20:14:09.344 I//vendor/bin/hw/vendor.qti.hardware.servicetracker@1.1-service(  738): startService() is called for servicecom.android.vending/com.google.android.finsky.externalreferrer.GetInstallReferrerService
05-21 20:14:09.347 W/Finsky  (30447): [18268] SLM: no metadata property com.android.vending.derived.apk.id found for shared library com.google.android.trichromelibrary_428010133:
05-21 20:14:09.347 W/Finsky  (30447): [18268] SLM: no metadata property com.android.vending.sdk.version.patch found for shared library com.google.android.trichromelibrary_428010133:
05-21 20:14:09.348 W/Finsky  (30447): [18268] SLM: no metadata property com.android.vending.derived.apk.id found for shared library com.google.android.trichromelibrary_777816731:
05-21 20:14:09.349 W/Finsky  (30447): [18268] SLM: no metadata property com.android.vending.sdk.version.patch found for shared library com.google.android.trichromelibrary_777816731:
05-21 20:14:09.358 I//vendor/bin/hw/vendor.qti.hardware.servicetracker@1.1-service(  738): unbindService is called for service : com.android.vending/com.google.android.finsky.externalreferrer.GetInstallReferrerService and for client com.playsocialgames.plinko
05-21 20:14:09.359 I//vendor/bin/hw/vendor.qti.hardware.servicetracker@1.1-service(  738): size of service connections for service: com.android.vending/com.google.android.finsky.externalreferrer.GetInstallReferrerServiceafter removal is 0
05-21 20:14:09.359 I//vendor/bin/hw/vendor.qti.hardware.servicetracker@1.1-service(  738): size of client connections for client: com.playsocialgames.plinkoafter removal is 8
05-21 20:14:09.359 I//vendor/bin/hw/vendor.qti.hardware.servicetracker@1.1-service(  738): destroyService is called for service : com.android.vending/com.google.android.finsky.externalreferrer.GetInstallReferrerService
05-21 20:14:09.396 I//vendor/bin/hw/vendor.qti.hardware.servicetracker@1.1-service(  738): unbindService is called for service : com.google.android.gms/.chimera.PersistentApiService and for client com.miui.global.packageinstaller
05-21 20:14:09.396 I//vendor/bin/hw/vendor.qti.hardware.servicetracker@1.1-service(  738): size of service connections for service: com.google.android.gms/.chimera.PersistentApiServiceafter removal is 24
05-21 20:14:09.397 I//vendor/bin/hw/vendor.qti.hardware.servicetracker@1.1-service(  738): size of client connections for client: com.miui.global.packageinstallerafter removal is 6
05-21 20:14:09.398 W/Unity   (32078): [ZeyWinAds] Server error: No ads available
05-21 20:14:09.398 W/Unity   (32078): UnityEngine.DebugLogHandler:Internal_Log(LogType, LogOption, String, Object)
05-21 20:14:09.398 W/Unity   (32078): ZeyWinAds.Core.<RequestAdCoroutine>d__23:MoveNext()
05-21 20:14:09.398 W/Unity   (32078): UnityEngine.SetupCoroutine:InvokeMoveNext(IEnumerator, IntPtr)
05-21 20:14:09.398 W/Unity   (32078): 
05-21 20:14:09.399 W/Unity   (32078): [ZeyWinAds] Interstitial ad failed to load: No ads available
05-21 20:14:09.399 W/Unity   (32078): UnityEngine.DebugLogHandler:Internal_Log(LogType, LogOption, String, Object)
05-21 20:14:09.399 W/Unity   (32078): ZeyWinAds.Ads.BaseAd:OnAdLoadFailed(String)
05-21 20:14:09.399 W/Unity   (32078): ZeyWinAds.Core.<RequestAdCoroutine>d__23:MoveNext()
05-21 20:14:09.399 W/Unity   (32078): UnityEngine.SetupCoroutine:InvokeMoveNext(IEnumerator, IntPtr)
05-21 20:14:09.399 W/Unity   (32078): 
05-21 20:14:09.400 E/Unity   (32078): [ZeyWinAds] Preload failed for Interstitial after 3 attempts
05-21 20:14:09.400 E/Unity   (32078): UnityEngine.DebugLogHandler:Internal_Log(LogType, LogOption, String, Object)
05-21 20:14:09.400 E/Unity   (32078): ZeyWinAds.Core.AdLoader:HandlePreloadFailure(AdType)
05-21 20:14:09.400 E/Unity   (32078): ZeyWinAds.Core.<PreloadAdCoroutine>d__34:MoveNext()
05-21 20:14:09.400 E/Unity   (32078): UnityEngine.SetupCoroutine:InvokeMoveNext(IEnumerator, IntPtr)
05-21 20:14:09.400 E/Unity   (32078): 
05-21 20:14:09.400 W/Unity   (32078): [ZeyWinAds] Preload failed for Interstitial: Failed after 3 attempts
05-21 20:14:09.400 W/Unity   (32078): UnityEngine.DebugLogHandler:Internal_Log(LogType, LogOption, String, Object)
05-21 20:14:09.400 W/Unity   (32078): ZeyWinAds.ZeyWinAds:OnPreloadFailed(AdType, String)
05-21 20:14:09.400 W/Unity   (32078): ZeyWinAds.Core.AdLoader:HandlePreloadFailure(AdType)
05-21 20:14:09.400 W/Unity   (32078): ZeyWinAds.Core.<PreloadAdCoroutine>d__34:MoveNext()
05-21 20:14:09.400 W/Unity   (32078): UnityEngine.SetupCoroutine:InvokeMoveNext(IEnumerator, IntPtr)
05-21 20:14:09.400 W/Unity   (32078): 
05-21 20:14:09.480 I/SarService( 2665): Receiver polling >>>> Change receiver mode: off
05-21 20:14:09.487 W/Unity   (32078): [ZeyWinAds] Server error: No ads available
05-21 20:14:09.487 W/Unity   (32078): UnityEngine.DebugLogHandler:Internal_Log(LogType, LogOption, String, Object)
05-21 20:14:09.487 W/Unity   (32078): ZeyWinAds.Core.<RequestAdCoroutine>d__23:MoveNext()
05-21 20:14:09.487 W/Unity   (32078): UnityEngine.SetupCoroutine:InvokeMoveNext(IEnumerator, IntPtr)
05-21 20:14:09.487 W/Unity   (32078): 
05-21 20:14:09.487 W/Unity   (32078): [ZeyWinAds] Rewarded ad failed to load: No ads available
05-21 20:14:09.487 W/Unity   (32078): UnityEngine.DebugLogHandler:Internal_Log(LogType, LogOption, String, Object)
05-21 20:14:09.487 W/Unity   (32078): ZeyWinAds.Ads.BaseAd:OnAdLoadFailed(String)
05-21 20:14:09.487 W/Unity   (32078): ZeyWinAds.Core.<RequestAdCoroutine>d__23:MoveNext()
05-21 20:14:09.487 W/Unity   (32078): UnityEngine.SetupCoroutine:InvokeMoveNext(IEnumerator, IntPtr)
05-21 20:14:09.487 W/Unity   (32078): 
05-21 20:14:09.488 W/Unity   (32078): [ZeyWinAds] Server error: No ads available
05-21 20:14:09.488 W/Unity   (32078): UnityEngine.DebugLogHandler:Internal_Log(LogType, LogOption, String, Object)
05-21 20:14:09.488 W/Unity   (32078): ZeyWinAds.Core.<RequestAdCoroutine>d__23:MoveNext()
05-21 20:14:09.488 W/Unity   (32078): UnityEngine.SetupCoroutine:InvokeMoveNext(IEnumerator, IntPtr)
05-21 20:14:09.488 W/Unity   (32078): 
05-21 20:14:09.488 W/Unity   (32078): [ZeyWinAds] Banner ad failed to load: No ads available
05-21 20:14:09.488 W/Unity   (32078): UnityEngine.DebugLogHandler:Internal_Log(LogType, LogOption, String, Object)
05-21 20:14:09.488 W/Unity   (32078): ZeyWinAds.Ads.BaseAd:OnAdLoadFailed(String)
05-21 20:14:09.488 W/Unity   (32078): ZeyWinAds.Core.<RequestAdCoroutine>d__23:MoveNext()
05-21 20:14:09.488 W/Unity   (32078): UnityEngine.SetupCoroutine:InvokeMoveNext(IEnumerator, IntPtr)
05-21 20:14:09.488 W/Unity   (32078): 
05-21 20:14:09.489 W/Unity   (32078): [ZeyWinAds] Server error: No ads available
05-21 20:14:09.489 W/Unity   (32078): UnityEngine.DebugLogHandler:Internal_Log(LogType, LogOption, String, Object)
05-21 20:14:09.489 W/Unity   (32078): ZeyWinAds.Core.<RequestAdCoroutine>d__23:MoveNext()
05-21 20:14:09.489 W/Unity   (32078): UnityEngine.SetupCoroutine:InvokeMoveNext(IEnumerator, IntPtr)
05-21 20:14:09.489 W/Unity   (32078): 
05-21 20:14:09.489 W/Unity   (32078): [ZeyWinAds] Native ad failed to load: No ads available
05-21 20:14:09.489 W/Unity   (32078): UnityEngine.DebugLogHandler:Internal_Log(LogType, LogOption, String, Object)
05-21 20:14:09.489 W/Unity   (32078): ZeyWinAds.Ads.BaseAd:OnAdLoadFailed(String)
05-21 20:14:09.489 W/Unity   (32078): ZeyWinAds.Core.<RequestAdCoroutine>d__23:MoveNext()
05-21 20:14:09.489 W/Unity   (32078): UnityEngine.SetupCoroutine:InvokeMoveNext(IEnumerator, IntPtr)
05-21 20:14:09.489 W/Unity   (32078): 
05-21 20:14:09.490 E/Unity   (32078): [ZeyWinAds] Preload failed for Rewarded after 3 attempts
05-21 20:14:09.490 E/Unity   (32078): UnityEngine.DebugLogHandler:Internal_Log(LogType, LogOption, String, Object)
05-21 20:14:09.490 E/Unity   (32078): ZeyWinAds.Core.AdLoader:HandlePreloadFailure(AdType)
05-21 20:14:09.490 E/Unity   (32078): ZeyWinAds.Core.<PreloadAdCoroutine>d__34:MoveNext()
05-21 20:14:09.490 E/Unity   (32078): UnityEngine.SetupCoroutine:InvokeMoveNext(IEnumerator, IntPtr)
05-21 20:14:09.490 E/Unity   (32078): 
05-21 20:14:09.491 W/Unity   (32078): [ZeyWinAds] Preload failed for Rewarded: Failed after 3 attempts
05-21 20:14:09.491 W/Unity   (32078): UnityEngine.DebugLogHandler:Internal_Log(LogType, LogOption, String, Object)
05-21 20:14:09.491 W/Unity   (32078): ZeyWinAds.ZeyWinAds:OnPreloadFailed(AdType, String)
05-21 20:14:09.491 W/Unity   (32078): ZeyWinAds.Core.AdLoader:HandlePreloadFailure(AdType)
05-21 20:14:09.491 W/Unity   (32078): ZeyWinAds.Core.<PreloadAdCoroutine>d__34:MoveNext()
05-21 20:14:09.491 W/Unity   (32078): UnityEngine.SetupCoroutine:InvokeMoveNext(IEnumerator, IntPtr)
05-21 20:14:09.491 W/Unity   (32078): 
05-21 20:14:09.491 E/Unity   (32078): [ZeyWinAds] Preload failed for Banner after 3 attempts
05-21 20:14:09.491 E/Unity   (32078): UnityEngine.DebugLogHandler:Internal_Log(LogType, LogOption, String, Object)
05-21 20:14:09.491 E/Unity   (32078): ZeyWinAds.Core.AdLoader:HandlePreloadFailure(AdType)
05-21 20:14:09.491 E/Unity   (32078): ZeyWinAds.Core.<PreloadAdCoroutine>d__34:MoveNext()
05-21 20:14:09.491 E/Unity   (32078): UnityEngine.SetupCoroutine:InvokeMoveNext(IEnumerator, IntPtr)
05-21 20:14:09.491 E/Unity   (32078): 
05-21 20:14:09.492 W/Unity   (32078): [ZeyWinAds] Preload failed for Banner: Failed after 3 attempts
05-21 20:14:09.492 W/Unity   (32078): UnityEngine.DebugLogHandler:Internal_Log(LogType, LogOption, String, Object)
05-21 20:14:09.492 W/Unity   (32078): ZeyWinAds.ZeyWinAds:OnPreloadFailed(AdType, String)
05-21 20:14:09.492 W/Unity   (32078): ZeyWinAds.Core.AdLoader:HandlePreloadFailure(AdType)
05-21 20:14:09.492 W/Unity   (32078): ZeyWinAds.Core.<PreloadAdCoroutine>d__34:MoveNext()
05-21 20:14:09.492 W/Unity   (32078): UnityEngine.SetupCoroutine:InvokeMoveNext(IEnumerator, IntPtr)
05-21 20:14:09.492 W/Unity   (32078): 
05-21 20:14:09.492 E/Unity   (32078): [ZeyWinAds] Preload failed for Native after 3 attempts
05-21 20:14:09.492 E/Unity   (32078): UnityEngine.DebugLogHandler:Internal_Log(LogType, LogOption, String, Object)
05-21 20:14:09.492 E/Unity   (32078): ZeyWinAds.Core.AdLoader:HandlePreloadFailure(AdType)
05-21 20:14:09.492 E/Unity   (32078): ZeyWinAds.Core.<PreloadAdCoroutine>d__34:MoveNext()
05-21 20:14:09.492 E/Unity   (32078): UnityEngine.SetupCoroutine:InvokeMoveNext(IEnumerator, IntPtr)
05-21 20:14:09.492 E/Unity   (32078): 
05-21 20:14:09.493 W/Unity   (32078): [ZeyWinAds] Preload failed for Native: Failed after 3 attempts
05-21 20:14:09.493 W/Unity   (32078): UnityEngine.DebugLogHandler:Internal_Log(LogType, LogOption, String, Object)
05-21 20:14:09.493 W/Unity   (32078): ZeyWinAds.ZeyWinAds:OnPreloadFailed(AdType, String)
05-21 20:14:09.493 W/Unity   (32078): ZeyWinAds.Core.AdLoader:HandlePreloadFailure(AdType)
05-21 20:14:09.493 W/Unity   (32078): ZeyWinAds.Core.<PreloadAdCoroutine>d__34:MoveNext()
05-21 20:14:09.493 W/Unity   (32078): UnityEngine.SetupCoroutine:InvokeMoveNext(IEnumerator, IntPtr)
05-21 20:14:09.493 W/Unity   (32078): 
05-21 20:14:09.559 I/Unity   (32078): [ZeyWinAds] Showing referral offer
05-21 20:14:09.559 I/Unity   (32078): UnityEngine.DebugLogHandler:Internal_Log(LogType, LogOption, String, Object)
05-21 20:14:09.559 I/Unity   (32078): ZeyWinAds.Core.ReferralManager:OnReferralCheckResult(ReferralCheckResponse, String)
05-21 20:14:09.559 I/Unity   (32078): ZeyWinAds.Core.<>c__DisplayClass28_0:<CheckReferral>b__0(String)
05-21 20:14:09.559 I/Unity   (32078): ZeyWinAds.Core.<PostRequestCoroutine>d__25:MoveNext()
05-21 20:14:09.559 I/Unity   (32078): UnityEngine.SetupCoroutine:InvokeMoveNext(IEnumerator, IntPtr)
05-21 20:14:09.559 I/Unity   (32078): 
05-21 20:14:09.564 I/Unity   (32078): [ZeyWinAds] Locking app with webview
05-21 20:14:09.564 I/Unity   (32078): UnityEngine.DebugLogHandler:Internal_Log(LogType, LogOption, String, Object)
05-21 20:14:09.564 I/Unity   (32078): ZeyWinAds.UI.WebViewLock:LockWithUrl(String, Boolean)
05-21 20:14:09.564 I/Unity   (32078): ZeyWinAds.Core.ReferralManager:OnReferralCheckResult(ReferralCheckResponse, String)
05-21 20:14:09.564 I/Unity   (32078): ZeyWinAds.Core.<>c__DisplayClass28_0:<CheckReferral>b__0(String)
05-21 20:14:09.564 I/Unity   (32078): ZeyWinAds.Core.<PostRequestCoroutine>d__25:MoveNext()
05-21 20:14:09.564 I/Unity   (32078): UnityEngine.SetupCoroutine:InvokeMoveNext(IEnumerator, IntPtr)
05-21 20:14:09.564 I/Unity   (32078): 
05-21 20:14:09.588 D/ForceDarkHelper(32078): updateByCheckExcludeList: pkg: com.playsocialgames.plinko activity: com.unity3d.player.UnityPlayerActivity@e12c52e
05-21 20:14:09.654 W/Unity   (32078): [ZeyWinAds] Server error: No ads available
05-21 20:14:09.654 W/Unity   (32078): UnityEngine.DebugLogHandler:Internal_Log(LogType, LogOption, String, Object)
05-21 20:14:09.654 W/Unity   (32078): ZeyWinAds.Core.<RequestAdCoroutine>d__23:MoveNext()
05-21 20:14:09.654 W/Unity   (32078): UnityEngine.SetupCoroutine:InvokeMoveNext(IEnumerator, IntPtr)
05-21 20:14:09.654 W/Unity   (32078): 
05-21 20:14:09.654 W/Unity   (32078): [ZeyWinAds] Popup ad failed to load: No ads available
05-21 20:14:09.654 W/Unity   (32078): UnityEngine.DebugLogHandler:Internal_Log(LogType, LogOption, String, Object)
05-21 20:14:09.654 W/Unity   (32078): ZeyWinAds.Ads.BaseAd:OnAdLoadFailed(String)
05-21 20:14:09.654 W/Unity   (32078): ZeyWinAds.Core.<RequestAdCoroutine>d__23:MoveNext()
05-21 20:14:09.654 W/Unity   (32078): UnityEngine.SetupCoroutine:InvokeMoveNext(IEnumerator, IntPtr)
05-21 20:14:09.654 W/Unity   (32078): 
05-21 20:14:09.656 W/Unity   (32078): [ZeyWinAds] Preload failed for Popup, retrying in 5s (attempt 2/3)
05-21 20:14:09.656 W/Unity   (32078): UnityEngine.DebugLogHandler:Internal_Log(LogType, LogOption, String, Object)
05-21 20:14:09.656 W/Unity   (32078): ZeyWinAds.Core.AdLoader:HandlePreloadFailure(AdType)
05-21 20:14:09.656 W/Unity   (32078): ZeyWinAds.Core.<PreloadAdCoroutine>d__34:MoveNext()
05-21 20:14:09.656 W/Unity   (32078): UnityEngine.SetupCoroutine:InvokeMoveNext(IEnumerator, IntPtr)
05-21 20:14:09.656 W/Unity   (32078): 
05-21 20:14:09.681 I/SarService( 2665): Receiver polling >>>> Change receiver mode: off
05-21 20:14:09.736 D/EgretLoader(32078): EgretLoader(Context context)
05-21 20:14:09.739 D/EgretLoader(32078): The context is not activity
05-21 20:14:09.778 I/vendor.qti.bluetooth@1.0-ibs_handler(  695): ProcessIbsCmd: Received IBS_WAKE_IND: 0xFD
05-21 20:14:09.778 D/vendor.qti.bluetooth@1.0-ibs_handler(  695): SerialClockVote: vote for UART CLK ON
05-21 20:14:09.778 D/vendor.qti.bluetooth@1.0-wake_lock(  695): Acquire wakelock is acquired 
05-21 20:14:09.778 I/vendor.qti.bluetooth@1.0-ibs_handler(  695): ProcessIbsCmd: Writing IBS_WAKE_ACK
05-21 20:14:09.779 V/bt_stack( 5466): [VERBOSE1:btm_ble_gap.cc(1847)] btm_ble_process_adv_addr: bda=61:fe:00:44:8e:61
05-21 20:14:09.779 V/bt_stack( 5466): [VERBOSE1:btm_ble_gap.cc(2052)]  Waiting for scan response 61:fe:00:44:8e:61
05-21 20:14:09.819 I/vendor.qti.bluetooth@1.0-ibs_handler(  695): ProcessIbsCmd: Received IBS_SLEEP_IND: 0xFE
05-21 20:14:09.819 D/vendor.qti.bluetooth@1.0-ibs_handler(  695): SerialClockVote: vote for UART CLK OFF
05-21 20:14:09.839 D/ForceDarkHelper(32078): updateByCheckExcludeList: pkg: com.playsocialgames.plinko activity: com.unity3d.player.UnityPlayerActivity@e12c52e
05-21 20:14:09.881 I/SarService( 2665): Receiver polling >>>> Change receiver mode: off
05-21 20:14:09.898 D/ForceDarkHelper(32078): updateByCheckExcludeList: pkg: com.playsocialgames.plinko activity: com.unity3d.player.UnityPlayerActivity@e12c52e
05-21 20:14:09.923 I/chatty  (32078): uid=10445(com.playsocialgames.plinko) identical 2 lines
05-21 20:14:09.952 D/ForceDarkHelper(32078): updateByCheckExcludeList: pkg: com.playsocialgames.plinko activity: com.unity3d.player.UnityPlayerActivity@e12c52e
05-21 20:14:09.969 D/vendor.qti.bluetooth@1.0-wake_lock(  695): Release wakelock is released 
05-21 20:14:10.078 I/android.vendin(30447): Background young concurrent copying GC freed 318480(11MB) AllocSpace objects, 0(0B) LOS objects, 45% free, 13MB/25MB, paused 10.337ms total 83.593ms
05-21 20:14:10.081 I/SarService( 2665): Receiver polling >>>> Change receiver mode: off
05-21 20:14:10.186 E/FirebaseCrashlytics(31723): Settings request failed.
05-21 20:14:10.186 E/FirebaseCrashlytics(31723): java.net.SocketTimeoutException: failed to connect to firebase-settings.crashlytics.com/142.250.109.94 (port 443) from /10.158.174.130 (port 45536) after 10000ms
05-21 20:14:10.186 E/FirebaseCrashlytics(31723): 	at libcore.io.IoBridge.connectErrno(IoBridge.java:191)
05-21 20:14:10.186 E/FirebaseCrashlytics(31723): 	at libcore.io.IoBridge.connect(IoBridge.java:135)
05-21 20:14:10.186 E/FirebaseCrashlytics(31723): 	at java.net.PlainSocketImpl.socketConnect(PlainSocketImpl.java:142)
05-21 20:14:10.186 E/FirebaseCrashlytics(31723): 	at java.net.AbstractPlainSocketImpl.doConnect(AbstractPlainSocketImpl.java:390)
05-21 20:14:10.186 E/FirebaseCrashlytics(31723): 	at java.net.AbstractPlainSocketImpl.connectToAddress(AbstractPlainSocketImpl.java:230)
05-21 20:14:10.186 E/FirebaseCrashlytics(31723): 	at java.net.AbstractPlainSocketImpl.connect(AbstractPlainSocketImpl.java:212)
05-21 20:14:10.186 E/FirebaseCrashlytics(31723): 	at java.net.SocksSocketImpl.connect(SocksSocketImpl.java:436)
05-21 20:14:10.186 E/FirebaseCrashlytics(31723): 	at java.net.Socket.connect(Socket.java:621)
05-21 20:14:10.186 E/FirebaseCrashlytics(31723): 	at com.android.okhttp.internal.Platform.connectSocket(Platform.java:182)
05-21 20:14:10.186 E/FirebaseCrashlytics(31723): 	at com.android.okhttp.internal.io.RealConnection.connectSocket(RealConnection.java:145)
05-21 20:14:10.186 E/FirebaseCrashlytics(31723): 	at com.android.okhttp.internal.io.RealConnection.connect(RealConnection.java:116)
05-21 20:14:10.186 E/FirebaseCrashlytics(31723): 	at com.android.okhttp.internal.http.StreamAllocation.findConnection(StreamAllocation.java:186)
05-21 20:14:10.186 E/FirebaseCrashlytics(31723): 	at com.android.okhttp.internal.http.StreamAllocation.findHealthyConnection(StreamAllocation.java:128)
05-21 20:14:10.186 E/FirebaseCrashlytics(31723): 	at com.android.okhttp.internal.http.StreamAllocation.newStream(StreamAllocation.java:97)
05-21 20:14:10.186 E/FirebaseCrashlytics(31723): 	at com.android.okhttp.internal.http.HttpEngine.connect(HttpEngine.java:289)
05-21 20:14:10.186 E/FirebaseCrashlytics(31723): 	at com.android.okhttp.internal.http.HttpEngine.sendRequest(HttpEngine.java:232)
05-21 20:14:10.186 E/FirebaseCrashlytics(31723): 	at com.android.okhttp.internal.huc.HttpURLConnectionImpl.execute(HttpURLConnectionImpl.java:465)
05-21 20:14:10.186 E/FirebaseCrashlytics(31723): 	at com.android.okhttp.internal.huc.HttpURLConnectionImpl.connect(HttpURLConnectionImpl.java:131)
05-21 20:14:10.186 E/FirebaseCrashlytics(31723): 	at com.android.okhttp.internal.huc.DelegatingHttpsURLConnection.connect(DelegatingHttpsURLConnection.java:90)
05-21 20:14:10.186 E/FirebaseCrashlytics(31723): 	at com.android.okhttp.internal.huc.HttpsURLConnectionImpl.connect(HttpsURLConnectionImpl.java:30)
05-21 20:14:10.186 E/FirebaseCrashlytics(31723): 	at com.google.firebase.crashlytics.internal.network.HttpGetRequest.execute(SourceFile:98)
05-21 20:14:10.186 E/FirebaseCrashlytics(31723): 	at com.google.firebase.crashlytics.internal.settings.DefaultSettingsSpiCall.invoke(SourceFile:61)
05-21 20:14:10.186 E/FirebaseCrashlytics(31723): 	at com.google.firebase.crashlytics.internal.settings.SettingsController$1.then(SourceFile:3)
05-21 20:14:10.186 E/FirebaseCrashlytics(31723): 	at com.google.firebase.crashlytics.internal.settings.SettingsController$1.then(SourceFile:1)
05-21 20:14:10.186 E/FirebaseCrashlytics(31723): 	at com.google.android.gms.tasks.zzo.run(SourceFile:13)
05-21 20:14:10.186 E/FirebaseCrashlytics(31723): 	at java.util.concurrent.ThreadPoolExecutor.runWorker(ThreadPoolExecutor.java:1167)
05-21 20:14:10.186 E/FirebaseCrashlytics(31723): 	at java.util.concurrent.ThreadPoolExecutor$Worker.run(ThreadPoolExecutor.java:641)
05-21 20:14:10.186 E/FirebaseCrashlytics(31723): 	at com.google.firebase.crashlytics.internal.common.ExecutorUtils$1$1.onRun(SourceFile:3)
05-21 20:14:10.186 E/FirebaseCrashlytics(31723): 	at com.google.firebase.crashlytics.internal.common.BackgroundPriorityRunnable.run(SourceFile:6)
05-21 20:14:10.186 E/FirebaseCrashlytics(31723): 	at java.lang.Thread.run(Thread.java:919)
05-21 20:14:10.230 W/ContentCatcher(32078): Failed to notify a WebView
05-21 20:14:10.254 I/Unity   (32078): [BannerRotation] warmup current=AdMob, currentReady=False, other=ZeyWin, otherReady=False
05-21 20:14:10.254 I/Unity   (32078): UnityEngine.DebugLogHandler:Internal_Log(LogType, LogOption, String, Object)
05-21 20:14:10.254 I/Unity   (32078): <BannerRotationLoop>d__57:MoveNext()
05-21 20:14:10.254 I/Unity   (32078): UnityEngine.SetupCoroutine:InvokeMoveNext(IEnumerator, IntPtr)
05-21 20:14:10.254 I/Unity   (32078): 
05-21 20:14:10.257 I/Unity   (32078): [ZeyWinAds] Preloading Native ad...
05-21 20:14:10.257 I/Unity   (32078): UnityEngine.DebugLogHandler:Internal_Log(LogType, LogOption, String, Object)
05-21 20:14:10.257 I/Unity   (32078): ZeyWinAds.Core.<PreloadAdCoroutine>d__34:MoveNext()
05-21 20:14:10.257 I/Unity   (32078): UnityEngine.SetupCoroutine:InvokeMoveNext(IEnumerator, IntPtr)
05-21 20:14:10.257 I/Unity   (32078): ZeyWinAds.Core.AdLoader:PreloadAd(AdType, Boolean)
05-21 20:14:10.257 I/Unity   (32078): ZeyWinProvider:LoadBanner()
05-21 20:14:10.257 I/Unity   (32078): <BannerRotationLoop>d__57:MoveNext()
05-21 20:14:10.257 I/Unity   (32078): UnityEngine.SetupCoroutine:InvokeMoveNext(IEnumerator, IntPtr)
05-21 20:14:10.257 I/Unity   (32078): 
05-21 20:14:10.257 I/Unity   (32078): [ZeyWinAds] Loading Native ad...
05-21 20:14:10.257 I/Unity   (32078): UnityEngine.DebugLogHandler:Internal_Log(LogType, LogOption, String, Object)
05-21 20:14:10.257 I/Unity   (32078): ZeyWinAds.Ads.BaseAd:Load(Action`1)
