05-21 20:14:05.197 D/BoundBrokerSvc( 8252): onUnbind: Intent { act=com.google.android.gms.feedback.internal.IFeedbackService dat=chimera-action: cmp=com.google.android.gms/.chimera.GmsBoundBrokerService }
05-21 20:14:05.198 W/Looper  (32078): Slow Looper main: doFrame is 953ms late because of 1 msg, msg 1 took 959ms (seq=123 running=543ms runnable=89ms io=185ms h=com.google.android.gms.ads.internal.util.f c=com.google.android.gms.ads.nonagon.initialization.e)
05-21 20:14:05.205 I/OpenGLRenderer(32078): Davey! duration=980ms; Flags=0, IntendedVsync=93840692123996, Vsync=93841642123958, OldestInputEvent=9223372036854775807, NewestInputEvent=0, HandleInputStart=93841648071386, AnimationStart=93841648139719, PerformTraversalsStart=93841650884198, DrawStart=93841666829563, SyncQueued=93841668107427, SyncStart=93841670214875, IssueDrawCommandsStart=93841672811802, SwapBuffers=93841673681334, FrameCompleted=93841674749094, DequeueBufferDuration=284000, QueueBufferDuration=470000, 
05-21 20:14:05.213 W/Ads     (32078): Not retrying to fetch app settings
05-21 20:14:05.223 I//vendor/bin/hw/vendor.qti.hardware.servicetracker@1.1-service(  738): bindService is called for service : com.android.vending/com.google.android.finsky.externalreferrer.GetInstallReferrerService and for client com.playsocialgames.plinko
05-21 20:14:05.224 I//vendor/bin/hw/vendor.qti.hardware.servicetracker@1.1-service(  738): total connections for service : com.android.vending/com.google.android.finsky.externalreferrer.GetInstallReferrerServiceare :1
05-21 20:14:05.224 I//vendor/bin/hw/vendor.qti.hardware.servicetracker@1.1-service(  738): total connections for client : com.playsocialgames.plinkoare :9
05-21 20:14:05.225 D/CompatibilityInfo( 1637): mCompatibilityFlags - 0
05-21 20:14:05.225 D/CompatibilityInfo( 1637): applicationDensity - 440
05-21 20:14:05.225 D/CompatibilityInfo( 1637): applicationScale - 1.0
05-21 20:14:05.226 I//vendor/bin/hw/vendor.qti.hardware.servicetracker@1.1-service(  738): startService() is called for servicecom.android.vending/com.google.android.finsky.externalreferrer.GetInstallReferrerService
05-21 20:14:05.228 I//vendor/bin/hw/vendor.qti.hardware.servicetracker@1.1-service(  738): unbindService is called for service : com.google.android.gms/.icing.service.AppIndexingService and for client com.google.android.gms.persistent
05-21 20:14:05.228 I//vendor/bin/hw/vendor.qti.hardware.servicetracker@1.1-service(  738): size of service connections for service: com.google.android.gms/.icing.service.AppIndexingServiceafter removal is 0
05-21 20:14:05.228 I/xiaomi.discove(32111): Waiting for a blocking GC ClassLinker
05-21 20:14:05.228 I//vendor/bin/hw/vendor.qti.hardware.servicetracker@1.1-service(  738): size of client connections for client: com.google.android.gms.persistentafter removal is 6
05-21 20:14:05.229 I//vendor/bin/hw/vendor.qti.hardware.servicetracker@1.1-service(  738): destroyService is called for service : com.google.android.gms/.icing.service.AppIndexingService
05-21 20:14:05.230 W/BpBinder(32078): Slow Binder: BpBinder transact took 998 ms, interface=com.android.vending.billing.IInAppBillingService, code=901 oneway=false
05-21 20:14:05.231 I/cn_CronetUrlRequestContext(30447): destroyNativeStreamLocked org.chromium.net.impl.CronetBidirectionalStream@d0f6d46
05-21 20:14:05.237 W/Ads     (32078): Not retrying to fetch app settings
05-21 20:14:05.241 E/DeviceUtils(32111): static init(): Load Class Exception:java.lang.NoSuchMethodException: com.miui.performance.DeviceLevelUtils.getMiuiLiteVersion []
05-21 20:14:05.260 W/BpBinder(32078): Slow Binder: BpBinder transact took 1028 ms, interface=com.android.vending.billing.IInAppBillingService, code=901 oneway=false
05-21 20:14:05.263 I/SarService( 2665): Receiver polling >>>> Change receiver mode: off
05-21 20:14:05.264 W/Ads     (32078): Not retrying to fetch app settings
05-21 20:14:05.270 I//vendor/bin/hw/vendor.qti.hardware.servicetracker@1.1-service(  738): unbindService is called for service : com.google.android.gms/.icing.service.IndexService and for client com.google.android.gms.persistent
05-21 20:14:05.271 I//vendor/bin/hw/vendor.qti.hardware.servicetracker@1.1-service(  738): size of service connections for service: com.google.android.gms/.icing.service.IndexServiceafter removal is 0
05-21 20:14:05.271 I//vendor/bin/hw/vendor.qti.hardware.servicetracker@1.1-service(  738): size of client connections for client: com.google.android.gms.persistentafter removal is 5
05-21 20:14:05.271 I//vendor/bin/hw/vendor.qti.hardware.servicetracker@1.1-service(  738): destroyService is called for service : com.google.android.gms/.icing.service.IndexService
05-21 20:14:05.285 I//vendor/bin/hw/vendor.qti.hardware.servicetracker@1.1-service(  738): bindService is called for service : com.google.android.gms/.gcm.PushMessagingRegistrarProxy and for client com.xiaomi.discover
05-21 20:14:05.286 I//vendor/bin/hw/vendor.qti.hardware.servicetracker@1.1-service(  738): total connections for service : com.google.android.gms/.gcm.PushMessagingRegistrarProxyare :1
05-21 20:14:05.286 I//vendor/bin/hw/vendor.qti.hardware.servicetracker@1.1-service(  738): total connections for client : com.xiaomi.discoverare :3
05-21 20:14:05.295 D/CompatibilityInfo( 1637): mCompatibilityFlags - 0
05-21 20:14:05.295 D/CompatibilityInfo( 1637): applicationDensity - 440
05-21 20:14:05.295 D/CompatibilityInfo( 1637): applicationScale - 1.0
05-21 20:14:05.297 I//vendor/bin/hw/vendor.qti.hardware.servicetracker@1.1-service(  738): startService() is called for servicecom.google.android.gms/.gcm.PushMessagingRegistrarProxy
05-21 20:14:05.310 D/QtiCarrierConfigHelper( 2665): WARNING, no carrier configs on phone Id: 0
05-21 20:14:05.320 W/ialgames.plink(32078): Long monitor contention with owner gads-13 (32448) at void sun.misc.Unsafe.park(boolean, long)(Unsafe.java:-2) waiters=1 in void com.google.android.ads.tasks.e.a() for 324ms
05-21 20:14:05.321 W/ialgames.plink(32078): Long monitor contention with owner gads-13 (32448) at void sun.misc.Unsafe.park(boolean, long)(Unsafe.java:-2) waiters=2 in void com.google.android.ads.tasks.e.a() for 259ms
05-21 20:14:05.322 W/ialgames.plink(32078): Long monitor contention with owner gads-13 (32448) at void sun.misc.Unsafe.park(boolean, long)(Unsafe.java:-2) waiters=3 in void com.google.android.ads.tasks.e.a() for 209ms
05-21 20:14:05.325 I/Choreographer(31723): Skipped 58 frames!  The application may be doing too much work on its main thread.
05-21 20:14:05.327 I/PowerSaveService( 4202): onReceive: android.intent.action.BATTERY_CHANGED
05-21 20:14:05.328 W/Looper  (31723): Slow Looper main: doFrame is 973ms late because of 1 msg, msg 1 took 790ms (seq=86 running=12ms runnable=7ms io=732ms late=6ms h=com.google.android.gms.ads.internal.util.f c=com.google.android.gms.ads.nonagon.initialization.e)
05-21 20:14:05.334 I//vendor/bin/hw/vendor.qti.hardware.servicetracker@1.1-service(  738): unbindService is called for service : com.android.vending/com.google.android.finsky.externalreferrer.GetInstallReferrerService and for client com.playsocialgames.plinko
05-21 20:14:05.334 I//vendor/bin/hw/vendor.qti.hardware.servicetracker@1.1-service(  738): size of service connections for service: com.android.vending/com.google.android.finsky.externalreferrer.GetInstallReferrerServiceafter removal is 0
05-21 20:14:05.335 I//vendor/bin/hw/vendor.qti.hardware.servicetracker@1.1-service(  738): size of client connections for client: com.playsocialgames.plinkoafter removal is 8
05-21 20:14:05.336 I//vendor/bin/hw/vendor.qti.hardware.servicetracker@1.1-service(  738): destroyService is called for service : com.android.vending/com.google.android.finsky.externalreferrer.GetInstallReferrerService
05-21 20:14:05.348 I/PowerNoticeUI( 4202): handleBatteryChanged oldPlugType 2 mPlugType 2 oldBatteryLevel 98 mBatteryLevel 98 temperature 323
05-21 20:14:05.361 D/KeyguardUpdateMonitor( 2388): received broadcast android.intent.action.BATTERY_CHANGED
05-21 20:14:05.363 D/PowerCheckerService( 6389): onBatteryChanged, mBatteryLevel = 98, status = 2, level = 98, plug = 2, scale = 100
05-21 20:14:05.363 W/VideoCapabilities(31723): Unsupported mime image/vnd.android.heic
05-21 20:14:05.371 W/VideoCapabilities(31723): Unsupported mime video/divx
05-21 20:14:05.373 W/VideoCapabilities(31723): Unsupported mime video/divx4
05-21 20:14:05.376 I/vendor.qti.bluetooth@1.0-ibs_handler(  695): ProcessIbsCmd: Received IBS_WAKE_IND: 0xFD
05-21 20:14:05.376 D/vendor.qti.bluetooth@1.0-ibs_handler(  695): SerialClockVote: vote for UART CLK ON
05-21 20:14:05.376 D/vendor.qti.bluetooth@1.0-wake_lock(  695): Acquire wakelock is acquired 
05-21 20:14:05.376 I/vendor.qti.bluetooth@1.0-ibs_handler(  695): ProcessIbsCmd: Writing IBS_WAKE_ACK
05-21 20:14:05.378 V/bt_stack( 5466): [VERBOSE1:btm_ble_gap.cc(1847)] btm_ble_process_adv_addr: bda=61:fe:00:44:8e:61
05-21 20:14:05.378 V/bt_stack( 5466): [VERBOSE1:btm_ble_gap.cc(2052)]  Waiting for scan response 61:fe:00:44:8e:61
05-21 20:14:05.378 V/bt_stack( 5466): [VERBOSE1:btm_ble_gap.cc(1847)] btm_ble_process_adv_addr: bda=61:fe:00:44:8e:61
05-21 20:14:05.378 V/bt_stack( 5466): [VERBOSE1:btm_inq.cc(1019)] BTM_InqDbRead: bd addr 61:fe:00:44:8e:61
05-21 20:14:05.379 W/VideoCapabilities(31723): Unrecognized profile/level 0/3 for video/mpeg2
05-21 20:14:05.379 D/BluetoothUtils( 5466): blockedByLocationOff callingUid=1002
05-21 20:14:05.381 I/BluetoothUtils( 5466): packagename is android.uid.bluetooth:1002 ,and its permission is false
05-21 20:14:05.381 W/VideoCapabilities(31723): Unrecognized profile/level 0/3 for video/mpeg2
05-21 20:14:05.384 E/Unity   (32078): [IAP] FetchProducts failed: Retrieve Products failed, and could not retrieve any products. | 7 products
05-21 20:14:05.384 E/Unity   (32078): UnityEngine.DebugLogHandler:Internal_Log(LogType, LogOption, String, Object)
05-21 20:14:05.384 E/Unity   (32078): IAPCatalogManager:HandleProductsFetchFailed(ProductFetchFailed)
05-21 20:14:05.384 E/Unity   (32078): UnityEngine.Purchasing.FetchProductsUseCase:ProcessFetchedProductsAndInvokeCallbacks(ProductFetchRequest, IReadOnlyList`1)
05-21 20:14:05.384 E/Unity   (32078): UnityEngine.Purchasing.<FetchProducts>d__10:MoveNext()
05-21 20:14:05.384 E/Unity   (32078): System.Threading.ExecutionContext:RunInternal(ExecutionContext, ContextCallback, Object, Boolean)
05-21 20:14:05.384 E/Unity   (32078): System.Runtime.CompilerServices.MoveNextRunner:Run()
05-21 20:14:05.384 E/Unity   (32078): System.Threading.Tasks.AwaitTaskContinuation:RunCallback(ContextCallback, Object, Task&)
05-21 20:14:05.384 E/Unity   (32078): System.Threading.Tasks.Task:FinishContinuations()
05-21 20:14:05.384 E/Unity   (32078): System.Threading.Tasks.Task`1:TrySetResult(TResult)
05-21 20:14:05.384 E/Unity   (32078): System.Runtime.CompilerServices.AsyncTaskMethodBuilder`1:SetResult(TResult)
05-21 20:14:05.384 E/Unity   (32078): UnityEngine.Purchasing.<QueryProductDescriptions>d__5:MoveNext()
05-21 20:14:05.384 E/Unity   (32078): System.Threading.ExecutionContext:RunInternal(ExecutionContext, ContextCallback, Object, Boolean)
05-21 20:14:05.384 E/Unity   (32078): System.Runtime.Comp
05-21 20:14:05.397 I/ChargerBatteryIntelligenceReceiver( 4202): onBatteryChanged temperature：32,plugType:2
05-21 20:14:05.397 I/PowerFeatureUtils( 4202): getVendorName:qcom
05-21 20:14:05.417 I/vendor.qti.bluetooth@1.0-ibs_handler(  695): ProcessIbsCmd: Received IBS_SLEEP_IND: 0xFE
05-21 20:14:05.417 D/vendor.qti.bluetooth@1.0-ibs_handler(  695): SerialClockVote: vote for UART CLK OFF
05-21 20:14:05.428 I/NearbyDiscovery( 5178): (REDACTED) BloomFilterAdvManager: Detected bloom filter but too far away, ignoring. %sm, %s
05-21 20:14:05.436 I//vendor/bin/hw/vendor.qti.hardware.servicetracker@1.1-service(  738): unbindService is called for service : com.google.android.gms/.gcm.PushMessagingRegistrarProxy and for client com.xiaomi.discover
05-21 20:14:05.436 I//vendor/bin/hw/vendor.qti.hardware.servicetracker@1.1-service(  738): size of service connections for service: com.google.android.gms/.gcm.PushMessagingRegistrarProxyafter removal is 0
05-21 20:14:05.436 I//vendor/bin/hw/vendor.qti.hardware.servicetracker@1.1-service(  738): size of client connections for client: com.xiaomi.discoverafter removal is 2
05-21 20:14:05.437 I//vendor/bin/hw/vendor.qti.hardware.servicetracker@1.1-service(  738): destroyService is called for service : com.google.android.gms/.gcm.PushMessagingRegistrarProxy
05-21 20:14:05.464 I/SarService( 2665): Receiver polling >>>> Change receiver mode: off
05-21 20:14:05.496 D/PackageManager.DexOptimizer( 1637): Running dexopt on: /data/user/0/com.playsocialgames.plinko/app_pccache/5/7A613BD952B4C9A3464BD07DB3FDE8BF1644696C/pcam.jar pkg=com.playsocialgames.plinko isa=[arm64] reason=bg-dexopt dexoptFlags=boot_complete,public,secondary,storage_ce,enable_hidden_api_checks target-filter=quicken class-loader-context=PCL[];PCL[/data/app/com.playsocialgames.plinko-8mzhVc1lXZ1AHuMwp1Zc6g==/base.apk]
05-21 20:14:05.497 D/installd(  947): Getting dex paths for context PCL[];PCL[/data/app/com.playsocialgames.plinko-8mzhVc1lXZ1AHuMwp1Zc6g==/base.apk]
05-21 20:14:05.498 D/Volley  (30447): [18170] bbyz.run: Could not delete cache entry for key=[un_lFgn-Q_ZQOze8ZLyF93XIjFuFuObI6rQ4-DyKeJA], filename=Vm88UCpxw8yrxl5O7G8qP-OaoHs
05-21 20:14:05.499 D/Volley  (30447): [18171] bbyz.run: Could not delete cache entry for key=[DBYhMJWZqe4C643nLehJxLX9RljC21veWUKnAnzUz8o], filename=qsLGIrTeZ1iHc2eEL3aVPg93gAI
05-21 20:14:05.542 D/installd(  947): Processing secondary dex path /data/user/0/com.playsocialgames.plinko/app_pccache/5/7A613BD952B4C9A3464BD07DB3FDE8BF1644696C/pcam.jar
05-21 20:14:05.521 W/pool-11-thread-(32078): type=1400 audit(0.0:24219): avc: granted { execute } for path="/data/data/com.playsocialgames.plinko/app_pccache/5/7A613BD952B4C9A3464BD07DB3FDE8BF1644696C/pcam.jar" dev="mmcblk0p87" ino=887017 scontext=u:r:untrusted_app:s0:c189,c257,c512,c768 tcontext=u:object_r:app_data_file:s0:c189,c257,c512,c768 tclass=file
05-21 20:14:05.566 D/installd(32519): Mismatched cache GID/mode at /data/user/0/com.playsocialgames.plinko/app_pccache/5/7A613BD952B4C9A3464BD07DB3FDE8BF1644696C/oat: found 10445/448 but expected 10445/505
05-21 20:14:05.568 D/vendor.qti.bluetooth@1.0-wake_lock(  695): Release wakelock is released 
05-21 20:14:05.570 I/installd(32519): installd cannot open oat file during dexopt/data/user/0/com.playsocialgames.plinko/app_pccache/5/7A613BD952B4C9A3464BD07DB3FDE8BF1644696C/oat/arm64/pcam.odex: No such file or directory
05-21 20:14:05.571 I/installd(32519): installd cannot open vdex file during dexopt/data/user/0/com.playsocialgames.plinko/app_pccache/5/7A613BD952B4C9A3464BD07DB3FDE8BF1644696C/oat/arm64/pcam.vdex: No such file or directory
05-21 20:14:05.601 W/dexoptanalyzer(32519): type=1400 audit(0.0:24220): avc: denied { read } for path="/data/app/com.playsocialgames.plinko-8mzhVc1lXZ1AHuMwp1Zc6g==/base.apk" dev="mmcblk0p87" ino=890515 scontext=u:r:dexoptanalyzer:s0 tcontext=u:object_r:apk_data_file:s0 tclass=file permissive=0
05-21 20:14:05.664 I/SarService( 2665): Receiver polling >>>> Change receiver mode: off
05-21 20:14:05.719 E/DeviceUtils(32111): static init: ComputilityLevel Load Class Exception:java.lang.ClassNotFoundException: Didn't find class "com.miui.performance.ComputilityLevelUtils" on path: DexPathList[[zip file "/system/framework/MiuiBooster.jar"],nativeLibraryDirectories=[/system/lib64, /system/product/lib64]]
05-21 20:14:05.720 E/DeviceUtils(32111): static init(): Load MiuiMiddle Class Exception:java.lang.NoSuchMethodException: com.miui.performance.DeviceLevelUtils.getMiuiMiddleVersion []
05-21 20:14:05.746 I//vendor/bin/hw/vendor.qti.hardware.servicetracker@1.1-service(  738): unbindService is called for service : com.google.android.gms/.chimera.GmsApiService and for client com.miui.global.packageinstaller
05-21 20:14:05.757 W/gle.android.gm( 8252): Long monitor contention with owner lowpool[561] (30934) at com.google.android.gms.ads.cache.policy.b com.google.android.gms.ads.cache.f.d()(:com.google.android.gms@261833013@26.18.33 (100400-913931251):5) waiters=2 in com.google.android.gms.ads.cache.policy.b com.google.android.gms.ads.cache.f.d() for 232ms
05-21 20:14:05.767 E/Ads     ( 8252): Error waiting for future.
05-21 20:14:05.767 E/Ads     ( 8252): java.util.concurrent.TimeoutException
05-21 20:14:05.767 E/Ads     ( 8252): 	at java.util.concurrent.FutureTask.get(FutureTask.java:206)
05-21 20:14:05.767 E/Ads     ( 8252): 	at com.google.android.gms.ads.nonagon.signals.gmscore.p.call(:com.google.android.gms@261833013@26.18.33 (100400-913931251):47)
05-21 20:14:05.767 E/Ads     ( 8252): 	at gehe.a(:com.google.android.gms@261833013@26.18.33 (100400-913931251):3)
05-21 20:14:05.767 E/Ads     ( 8252): 	at gege.run(:com.google.android.gms@261833013@26.18.33 (100400-913931251):19)
05-21 20:14:05.767 E/Ads     ( 8252): 	at gehf.run(:com.google.android.gms@261833013@26.18.33 (100400-913931251):5)
05-21 20:14:05.767 E/Ads     ( 8252): 	at bidx.c(:com.google.android.gms@261833013@26.18.33 (100400-913931251):50)
05-21 20:14:05.767 E/Ads     ( 8252): 	at bidx.run(:com.google.android.gms@261833013@26.18.33 (100400-913931251):66)
05-21 20:14:05.767 E/Ads     ( 8252): 	at java.util.concurrent.ThreadPoolExecutor.runWorker(ThreadPoolExecutor.java:1167)
05-21 20:14:05.767 E/Ads     ( 8252): 	at java.util.concurrent.ThreadPoolExecutor$Worker.run(ThreadPoolExecutor.java:641)
05-21 20:14:05.767 E/Ads     ( 8252): 	at bijo.run(:com.google.android.gms@261833013@26.18.33 (100400-913931251):8)
05-21 20:14:05.767 E/Ads     ( 8252): 	at java.lang.Thread.run(Thread.java:919)
05-21 20:14:05.796 E/Ads     ( 8252): Error waiting for future.
05-21 20:14:05.796 E/Ads     ( 8252): java.util.concurrent.TimeoutException
05-21 20:14:05.796 E/Ads     ( 8252): 	at java.util.concurrent.FutureTask.get(FutureTask.java:206)
05-21 20:14:05.796 E/Ads     ( 8252): 	at com.google.android.gms.ads.nonagon.signals.gmscore.p.call(:com.google.android.gms@261833013@26.18.33 (100400-913931251):47)
05-21 20:14:05.796 E/Ads     ( 8252): 	at gehe.a(:com.google.android.gms@261833013@26.18.33 (100400-913931251):3)
05-21 20:14:05.796 E/Ads     ( 8252): 	at gege.run(:com.google.android.gms@261833013@26.18.33 (100400-913931251):19)
05-21 20:14:05.796 E/Ads     ( 8252): 	at gehf.run(:com.google.android.gms@261833013@26.18.33 (100400-913931251):5)
05-21 20:14:05.796 E/Ads     ( 8252): 	at bidx.c(:com.google.android.gms@261833013@26.18.33 (100400-913931251):50)
05-21 20:14:05.796 E/Ads     ( 8252): 	at bidx.run(:com.google.android.gms@261833013@26.18.33 (100400-913931251):66)
05-21 20:14:05.796 E/Ads     ( 8252): 	at java.util.concurrent.ThreadPoolExecutor.runWorker(ThreadPoolExecutor.java:1167)
05-21 20:14:05.796 E/Ads     ( 8252): 	at java.util.concurrent.ThreadPoolExecutor$Worker.run(ThreadPoolExecutor.java:641)
05-21 20:14:05.796 E/Ads     ( 8252): 	at bijo.run(:com.google.android.gms@261833013@26.18.33 (100400-913931251):8)
05-21 20:14:05.796 E/Ads     ( 8252): 	at java.lang.Thread.run(Thread.java:919)
05-21 20:14:05.827 W/BpBinder(31723): Slow Binder: BpBinder transact took 241 ms, interface=com.google.android.gms.measurement.internal.IMeasurementService, code=11 oneway=false
05-21 20:14:05.865 I/SarService( 2665): Receiver polling >>>> Change receiver mode: off
05-21 20:14:05.888 I/Ads     (31723): JS: The jsLoaded GMSG has been sent (https://googleads.g.doubleclick.net/mads/static/sdk/native/sdk-core-v40.html:1075)
05-21 20:14:05.905 W/gle.android.gm( 8252): Long monitor contention with owner lowpool[561] (30934) at com.google.android.gms.ads.cache.policy.b com.google.android.gms.ads.cache.f.d()(:com.google.android.gms@261833013@26.18.33 (100400-913931251):5) waiters=3 in com.google.android.gms.ads.cache.policy.b com.google.android.gms.ads.cache.f.d() for 344ms
05-21 20:14:05.937 I/Ads     ( 8252): Received log message: <Google:HTML> You are currently using version 260480999.243799000.1 of the SDK, which is out of date. Please consider updating your SDK to the most recent SDK version to get the latest features and bug fixes. The latest SDK can be installed from https://goo.gle/android-install-instructions. More information about the SDK deprecation schedule is available at https://developers.google.com/admob/android/deprecation.
05-21 20:14:06.065 I/SarService( 2665): Receiver polling >>>> Change receiver mode: off
05-21 20:14:06.069 W/dexoptanalyzer(32519): Current thread not detached in Runtime shutdown
05-21 20:14:06.082 D/installd(  947): Processed secondary dex file /data/user/0/com.playsocialgames.plinko/app_pccache/5/7A613BD952B4C9A3464BD07DB3FDE8BF1644696C/pcam.jar result=1
05-21 20:14:06.092 V/installd(  947): DexInv: --- BEGIN '/data/user/0/com.playsocialgames.plinko/app_pccache/5/7A613BD952B4C9A3464BD07DB3FDE8BF1644696C/pcam.jar' ---
05-21 20:14:06.163 I/vendor.qti.bluetooth@1.0-ibs_handler(  695): ProcessIbsCmd: Received IBS_WAKE_IND: 0xFD
05-21 20:14:06.163 D/vendor.qti.bluetooth@1.0-ibs_handler(  695): SerialClockVote: vote for UART CLK ON
05-21 20:14:06.163 D/vendor.qti.bluetooth@1.0-wake_lock(  695): Acquire wakelock is acquired 
05-21 20:14:06.164 I/vendor.qti.bluetooth@1.0-ibs_handler(  695): ProcessIbsCmd: Writing IBS_WAKE_ACK
05-21 20:14:06.165 V/bt_stack( 5466): [VERBOSE1:btm_ble_gap.cc(1847)] btm_ble_process_adv_addr: bda=61:fe:00:44:8e:61
05-21 20:14:06.165 V/bt_stack( 5466): [VERBOSE1:btm_ble_gap.cc(2052)]  Waiting for scan response 61:fe:00:44:8e:61
05-21 20:14:06.187 I/Unity   (32078): [BannerRotation] warmup current=AdMob, currentReady=False, other=ZeyWin, otherReady=False
05-21 20:14:06.187 I/Unity   (32078): UnityEngine.DebugLogHandler:Internal_Log(LogType, LogOption, String, Object)
05-21 20:14:06.187 I/Unity   (32078): <BannerRotationLoop>d__57:MoveNext()
05-21 20:14:06.187 I/Unity   (32078): UnityEngine.SetupCoroutine:InvokeMoveNext(IEnumerator, IntPtr)
05-21 20:14:06.187 I/Unity   (32078): 
05-21 20:14:06.188 D/AdsUnity(32078): Calling destroy() on Android
05-21 20:14:06.193 D/MobileSignalController( 2388): onSignalStrengthsChanged: SignalStrength:{mCdma=CellSignalStrengthCdma: cdmaDbm=2147483647 cdmaEcio=2147483647 evdoDbm=2147483647 evdoEcio=2147483647 evdoSnr=2147483647 miuiLevel=0 level=0,mGsm=CellSignalStrengthGsm: rssi=2147483647 ber=2147483647 mTa=2147483647 miuiLevel=0 mLevel=0,mWcdma=CellSignalStrengthWcdma: ss=2147483647 ber=2147483647 rscp=2147483647 ecno=2147483647 miuiLevel=0 level=0,mTdscdma=CellSignalStrengthTdscdma: rssi=2147483647 ber=2147483647 rscp=2147483647 miuiLevel=0 level=0,mLte=CellSignalStrengthLte: rssi=-69 rsrp=-102 rsrq=-16 rssnr=84 cqi=2147483647 ta=2147483647 miuiLevel=4 level=3,mNr=CellSignalStrengthNr:{ csiRsrp = 2147483647 csiRsrq = 2147483647 csiSinr = 2147483647 ssRsrp = 2147483647 ssRsrq = 2147483647 ssSinr = 2147483647 miuiLevel = 0 level = 0 },primary=CellSignalStrengthLte}
05-21 20:14:06.193 D/NetworkController.MobileSignalController(1)( 2388): 4G level = 4
05-21 20:14:06.195 I/Unity   (32078): [ZeyWinAds] Preloading Native ad...
05-21 20:14:06.195 I/Unity   (32078): UnityEngine.DebugLogHandler:Internal_Log(LogType, LogOption, String, Object)
05-21 20:14:06.195 I/Unity   (32078): ZeyWinAds.Core.<PreloadAdCoroutine>d__34:MoveNext()
05-21 20:14:06.195 I/Unity   (32078): UnityEngine.SetupCoroutine:InvokeMoveNext(IEnumerator, IntPtr)
05-21 20:14:06.195 I/Unity   (32078): ZeyWinAds.Core.AdLoader:PreloadAd(AdType, Boolean)
05-21 20:14:06.195 I/Unity   (32078): ZeyWinProvider:LoadBanner()
05-21 20:14:06.195 I/Unity   (32078): <BannerRotationLoop>d__57:MoveNext()
05-21 20:14:06.195 I/Unity   (32078): UnityEngine.SetupCoroutine:InvokeMoveNext(IEnumerator, IntPtr)
05-21 20:14:06.195 I/Unity   (32078): 
05-21 20:14:06.199 I/Unity   (32078): [ZeyWinAds] Loading Native ad...
05-21 20:14:06.199 I/Unity   (32078): UnityEngine.DebugLogHandler:Internal_Log(LogType, LogOption, String, Object)
05-21 20:14:06.199 I/Unity   (32078): ZeyWinAds.Ads.BaseAd:Load(Action`1)
05-21 20:14:06.199 I/Unity   (32078): ZeyWinAds.Core.<PreloadAdCoroutine>d__34:MoveNext()
05-21 20:14:06.199 I/Unity   (32078): UnityEngine.SetupCoroutine:InvokeMoveNext(IEnumerator, IntPtr)
05-21 20:14:06.199 I/Unity   (32078): ZeyWinAds.Core.AdLoader:PreloadAd(AdType, Boolean)
05-21 20:14:06.199 I/Unity   (32078): ZeyWinProvider:LoadBanner()
05-21 20:14:06.199 I/Unity   (32078): <BannerRotationLoop>d__57:MoveNext()
05-21 20:14:06.199 I/Unity   (32078): UnityEngine.SetupCoroutine:InvokeMoveNext(IEnumerator, IntPtr)
05-21 20:14:06.199 I/Unity   (32078): 
05-21 20:14:06.201 I/Unity   (32078): [ZeyWinAds] Preloading Banner ad...
05-21 20:14:06.201 I/Unity   (32078): UnityEngine.DebugLogHandler:Internal_Log(LogType, LogOption, String, Object)
05-21 20:14:06.201 I/Unity   (32078): ZeyWinAds.Core.<PreloadAdCoroutine>d__34:MoveNext()
05-21 20:14:06.201 I/Unity   (32078): UnityEngine.SetupCoroutine:InvokeMoveNext(IEnumerator, IntPtr)
05-21 20:14:06.201 I/Unity   (32078): ZeyWinAds.Core.AdLoader:PreloadAd(AdType, Boolean)
05-21 20:14:06.201 I/Unity   (32078): <BannerRotationLoop>d__57:MoveNext()
05-21 20:14:06.201 I/Unity   (32078): UnityEngine.SetupCoroutine:InvokeMoveNext(IEnumerator, IntPtr)
05-21 20:14:06.201 I/Unity   (32078): 
05-21 20:14:06.201 I/Unity   (32078): [ZeyWinAds] Loading Banner ad...
05-21 20:14:06.201 I/Unity   (32078): UnityEngine.DebugLogHandler:Internal_Log(LogType, LogOption, String, Object)
05-21 20:14:06.201 I/Unity   (32078): ZeyWinAds.Ads.BaseAd:Load(Action`1)
05-21 20:14:06.201 I/Unity   (32078): ZeyWinAds.Core.<PreloadAdCoroutine>d__34:MoveNext()
05-21 20:14:06.201 I/Unity   (32078): UnityEngine.SetupCoroutine:InvokeMoveNext(IEnumerator, IntPtr)
05-21 20:14:06.201 I/Unity   (32078): ZeyWinAds.Core.AdLoader:PreloadAd(AdType, Boolean)
05-21 20:14:06.201 I/Unity   (32078): <BannerRotationLoop>d__57:MoveNext()
05-21 20:14:06.201 I/Unity   (32078): UnityEngine.SetupCoroutine:InvokeMoveNext(IEnumerator, IntPtr)
05-21 20:14:06.201 I/Unity   (32078): 
05-21 20:14:06.204 D/ForceDarkHelper(32078): updateByCheckExcludeList: pkg: com.playsocialgames.plinko activity: com.unity3d.player.UnityPlayerActivity@e12c52e
05-21 20:14:06.204 I/vendor.qti.bluetooth@1.0-ibs_handler(  695): ProcessIbsCmd: Received IBS_SLEEP_IND: 0xFE
05-21 20:14:06.204 D/vendor.qti.bluetooth@1.0-ibs_handler(  695): SerialClockVote: vote for UART CLK OFF
05-21 20:14:06.205 D/AdsUnity(32078): Calling loadAd() on Android
05-21 20:14:06.219 I/Ads     ( 8252): Received log message: <Google:HTML> You are currently using version 260480999.243799000.1 of the SDK, which is out of date. Please consider updating your SDK to the most recent SDK version to get the latest features and bug fixes. The latest SDK can be installed from https://goo.gle/android-install-instructions. More information about the SDK deprecation schedule is available at https://developers.google.com/admob/android/deprecation.
05-21 20:14:06.224 I/DynamiteModule(32078): Considering local module com.google.android.gms.ads.dynamite:0 and remote module com.google.android.gms.ads.dynamite:260480602
05-21 20:14:06.224 I/DynamiteModule(32078): Selected remote version of com.google.android.gms.ads.dynamite, version >= 260480602
05-21 20:14:06.224 V/DynamiteModule(32078): Dynamite loader version >= 2, using loadModule2NoCrashUtils
05-21 20:14:06.225 I/Ads     ( 8252): SDK version: afma-sdk-a-v260480999.243799000.1
05-21 20:14:06.230 D/ForceDarkHelper(32078): updateByCheckExcludeList: pkg: com.playsocialgames.plinko activity: com.unity3d.player.UnityPlayerActivity@e12c52e
05-21 20:14:06.235 I/Ads     (32078): Use RequestConfiguration.Builder().setTestDeviceIds(Arrays.asList("080125DC503173128EDCB1313098A927")) to get test ads on this device.
05-21 20:14:06.244 I/Ads     ( 8252): HTTP timeout: 60000 milliseconds.
05-21 20:14:06.253 I/Ads     ( 8252): Received log message: <Google:HTML> You are currently using version 260480999.243799000.1 of the SDK, which is out of date. Please consider updating your SDK to the most recent SDK version to get the latest features and bug fixes. The latest SDK can be installed from https://goo.gle/android-install-instructions. More information about the SDK deprecation schedule is available at https://developers.google.com/admob/android/deprecation.
05-21 20:14:06.258 I/AudioManager(32078): In isSpeakerphoneOn(), calling application: com.playsocialgames.plinko
05-21 20:14:06.259 I/AS.AudioDeviceBroker( 1637): In isSpeakerphoneOn(), mForcedUseForCommExt: 0
05-21 20:14:06.259 D/AudioManager(32078): getStreamVolume isRestricted mode = 0
05-21 20:14:06.261 I/Ads     ( 8252): SDK version: afma-sdk-a-v260480999.243799000.1
05-21 20:14:06.261 D/AudioManager(32078): getStreamVolume isRestricted mode = 0
05-21 20:14:06.262 I/Ads     ( 8252): HTTP timeout: 60000 milliseconds.
05-21 20:14:06.264 I/dex2oat (32525): /apex/com.android.runtime/bin/dex2oat --input-vdex-fd=-1 --output-vdex-fd=13 --resolve-startup-const-strings=true --max-image-block-size=524288 --compiler-filter=quicken -j4 --classpath-dir=/data/user/0/com.playsocialgames.plinko/app_pccache/5/7A613BD952B4C9A3464BD07DB3FDE8BF1644696C --class-loader-context=PCL[];PCL[/data/app/com.playsocialgames.plinko-8mzhVc1lXZ1AHuMwp1Zc6g==/base.apk] --class-loader-context-fds=11 --generate-mini-debug-info --compilation-reason=bg-dexopt
05-21 20:14:06.266 I/SarService( 2665): Receiver polling >>>> Change receiver mode: off
05-21 20:14:06.273 I/dex2oat (32525): setting boot class path to /apex/com.android.runtime/javalib/core-oj.jar:/apex/com.android.runtime/javalib/core-libart.jar:/apex/com.android.runtime/javalib/okhttp.jar:/apex/com.android.runtime/javalib/bouncycastle.jar:/apex/com.android.runtime/javalib/apache-xml.jar:/system/framework/framework.jar:/system/framework/ext.jar:/system/framework/telephony-common.jar:/system/framework/voip-common.jar:/system/framework/ims-common.jar:/system/framework/miuisdk@boot.jar:/system/framework/miuisystemsdk@boot.jar:/system/framework/android.test.base.jar:/system/framework/tcmiface.jar:/system/framework/telephony-ext.jar:/system/framework/qcom.fmradio.jar:/system/framework/QPerformance.jar:/system/framework/UxPerformance.jar:/system/framework/WfdCommon.jar
05-21 20:14:06.286 I/Ads     ( 8252): SDK version: afma-sdk-a-v260480999.243799000.1
05-21 20:14:06.289 I//vendor/bin/hw/vendor.qti.hardware.servicetracker@1.1-service(  738): unbindService is called for service : com.google.android.gms/.chimera.PersistentApiService and for client com.google.android.gms
05-21 20:14:06.289 D/MobileSignalController( 2388): updateDataType mSelectedDataTypeIcon[1]=2131232925, mSelectedDataActivityIndex=7
05-21 20:14:06.290 D/TelephonyIcons( 2388): getSignalStrengthIcon: slot=1, inetCondition=1, level=4, roaming=false, signalstrength=SignalStrength:{mCdma=CellSignalStrengthCdma: cdmaDbm=2147483647 cdmaEcio=2147483647 evdoDbm=2147483647 evdoEcio=2147483647 evdoSnr=2147483647 miuiLevel=0 level=0,mGsm=CellSignalStrengthGsm: rssi=2147483647 ber=2147483647 mTa=2147483647 miuiLevel=0 mLevel=0,mWcdma=CellSignalStrengthWcdma: ss=2147483647 ber=2147483647 rscp=2147483647 ecno=2147483647 miuiLevel=0 level=0,mTdscdma=CellSignalStrengthTdscdma: rssi=2147483647 ber=2147483647 rscp=2147483647 miuiLevel=0 level=0,mLte=CellSignalStrengthLte: rssi=-69 rsrp=-102 rsrq=-16 rssnr=84 cqi=2147483647 ta=2147483647 miuiLevel=4 level=3,mNr=CellSignalStrengthNr:{ csiRsrp = 2147483647 csiRsrq = 2147483647 csiSinr = 2147483647 ssRsrp = 2147483647 ssRsrq = 2147483647 ssSinr = 2147483647 miuiLevel = 0 level = 0 },primary=CellSignalStrengthLte}
05-21 20:14:06.290 D/TelephonyIcons( 2388): getDataActivity, slot=1, activity=3
05-21 20:14:06.295 D/TelephonyIcons( 2388): null signal icon name: drawable/stat_sys_signal_null
05-21 20:14:06.296 D/TelephonyIcons( 2388): getDataTypeIcon sub=1
05-21 20:14:06.300 I/Ads     ( 8252): HTTP timeout: 60000 milliseconds.
05-21 20:14:06.309 I/Ads     ( 8252): SDK version: afma-sdk-a-v260480999.243799000.1
05-21 20:14:06.310 I/Ads     ( 8252): HTTP timeout: 60000 milliseconds.
05-21 20:14:06.317 I/Ads     ( 8252): SDK version: afma-sdk-a-v260480999.243799000.1
05-21 20:14:06.317 I/Ads     ( 8252): HTTP timeout: 60000 milliseconds.
05-21 20:14:06.323 D/SignalClusterView( 2388): updateMobileTypeImage  0
05-21 20:14:06.328 I/chatty  ( 2388): uid=1000(system) com.android.systemui identical 1 line
05-21 20:14:06.329 D/SignalClusterView( 2388): updateMobileTypeImage  0
05-21 20:14:06.354 D/vendor.qti.bluetooth@1.0-wake_lock(  695): Release wakelock is released 
05-21 20:14:06.358 D/SignalClusterView( 2388): updateMobileTypeImage  0
05-21 20:14:06.360 I/chatty  ( 2388): uid=1000(system) com.android.systemui identical 1 line
05-21 20:14:06.362 D/SignalClusterView( 2388): updateMobileTypeImage  0
05-21 20:14:06.386 W/Unity   (32078): [ZeyWinAds] Server error: No ads available
05-21 20:14:06.386 W/Unity   (32078): UnityEngine.DebugLogHandler:Internal_Log(LogType, LogOption, String, Object)
05-21 20:14:06.386 W/Unity   (32078): ZeyWinAds.Core.<RequestAdCoroutine>d__23:MoveNext()
05-21 20:14:06.386 W/Unity   (32078): UnityEngine.SetupCoroutine:InvokeMoveNext(IEnumerator, IntPtr)
05-21 20:14:06.386 W/Unity   (32078): 
05-21 20:14:06.387 W/Unity   (32078): [ZeyWinAds] Native ad failed to load: No ads available
05-21 20:14:06.387 W/Unity   (32078): UnityEngine.DebugLogHandler:Internal_Log(LogType, LogOption, String, Object)
05-21 20:14:06.387 W/Unity   (32078): ZeyWinAds.Ads.BaseAd:OnAdLoadFailed(String)
05-21 20:14:06.387 W/Unity   (32078): ZeyWinAds.Core.<RequestAdCoroutine>d__23:MoveNext()
05-21 20:14:06.387 W/Unity   (32078): UnityEngine.SetupCoroutine:InvokeMoveNext(IEnumerator, IntPtr)
05-21 20:14:06.387 W/Unity   (32078): 
05-21 20:14:06.388 E/Unity   (32078): [ZeyWinAds] Preload failed for Native after 3 attempts
05-21 20:14:06.388 E/Unity   (32078): UnityEngine.DebugLogHandler:Internal_Log(LogType, LogOption, String, Object)
05-21 20:14:06.388 E/Unity   (32078): ZeyWinAds.Core.AdLoader:HandlePreloadFailure(AdType)
05-21 20:14:06.388 E/Unity   (32078): ZeyWinAds.Core.<PreloadAdCoroutine>d__34:MoveNext()
05-21 20:14:06.388 E/Unity   (32078): UnityEngine.SetupCoroutine:InvokeMoveNext(IEnumerator, IntPtr)
05-21 20:14:06.388 E/Unity   (32078): 
05-21 20:14:06.389 W/Unity   (32078): [ZeyWinAds] Preload failed for Native: Failed after 3 attempts
05-21 20:14:06.389 W/Unity   (32078): UnityEngine.DebugLogHandler:Internal_Log(LogType, LogOption, String, Object)
05-21 20:14:06.389 W/Unity   (32078): ZeyWinAds.ZeyWinAds:OnPreloadFailed(AdType, String)
05-21 20:14:06.389 W/Unity   (32078): ZeyWinAds.Core.AdLoader:HandlePreloadFailure(AdType)
05-21 20:14:06.389 W/Unity   (32078): ZeyWinAds.Core.<PreloadAdCoroutine>d__34:MoveNext()
05-21 20:14:06.389 W/Unity   (32078): UnityEngine.SetupCoroutine:InvokeMoveNext(IEnumerator, IntPtr)
05-21 20:14:06.389 W/Unity   (32078): 
05-21 20:14:06.397 D/PerfShielderService( 1637): com.android.systemui|StatusBar|314|93836855255763|314|3|1
05-21 20:14:06.399 W/MiuiPerfServiceClient( 3872): interceptAndQueuing:2388|com.android.systemui|314|314|unknown|null|StatusBar|93836855255763|Slow handle traversal|1
05-21 20:14:06.407 I/xiaomi.discove(32111): WaitForGcToComplete blocked ClassLinker on HeapTrim for 1.178s
05-21 20:14:06.408 W/xiaomi.discove(32111): Verification of void com.google.android.gms.measurement.internal.AppMeasurementDynamiteService.<init>() took 1.180s
05-21 20:14:06.420 W/Unity   (32078): [ZeyWinAds] Server error: No ads available
05-21 20:14:06.420 W/Unity   (32078): UnityEngine.DebugLogHandler:Internal_Log(LogType, LogOption, String, Object)
05-21 20:14:06.420 W/Unity   (32078): ZeyWinAds.Core.<RequestAdCoroutine>d__23:MoveNext()
05-21 20:14:06.420 W/Unity   (32078): UnityEngine.SetupCoroutine:InvokeMoveNext(IEnumerator, IntPtr)
05-21 20:14:06.420 W/Unity   (32078): 
05-21 20:14:06.421 W/Unity   (32078): [ZeyWinAds] Banner ad failed to load: No ads available
05-21 20:14:06.421 W/Unity   (32078): UnityEngine.DebugLogHandler:Internal_Log(LogType, LogOption, String, Object)
05-21 20:14:06.421 W/Unity   (32078): ZeyWinAds.Ads.BaseAd:OnAdLoadFailed(String)
05-21 20:14:06.421 W/Unity   (32078): ZeyWinAds.Core.<RequestAdCoroutine>d__23:MoveNext()
05-21 20:14:06.421 W/Unity   (32078): UnityEngine.SetupCoroutine:InvokeMoveNext(IEnumerator, IntPtr)
05-21 20:14:06.421 W/Unity   (32078): 
05-21 20:14:06.422 E/Unity   (32078): [ZeyWinAds] Preload failed for Banner after 3 attempts
05-21 20:14:06.422 E/Unity   (32078): UnityEngine.DebugLogHandler:Internal_Log(LogType, LogOption, String, Object)
05-21 20:14:06.422 E/Unity   (32078): ZeyWinAds.Core.AdLoader:HandlePreloadFailure(AdType)
05-21 20:14:06.422 E/Unity   (32078): ZeyWinAds.Core.<PreloadAdCoroutine>d__34:MoveNext()
05-21 20:14:06.422 E/Unity   (32078): UnityEngine.SetupCoroutine:InvokeMoveNext(IEnumerator, IntPtr)
05-21 20:14:06.422 E/Unity   (32078): 
05-21 20:14:06.423 W/Unity   (32078): [ZeyWinAds] Preload failed for Banner: Failed after 3 attempts
05-21 20:14:06.423 W/Unity   (32078): UnityEngine.DebugLogHandler:Internal_Log(LogType, LogOption, String, Object)
05-21 20:14:06.423 W/Unity   (32078): ZeyWinAds.ZeyWinAds:OnPreloadFailed(AdType, String)
05-21 20:14:06.423 W/Unity   (32078): ZeyWinAds.Core.AdLoader:HandlePreloadFailure(AdType)
05-21 20:14:06.423 W/Unity   (32078): ZeyWinAds.Core.<PreloadAdCoroutine>d__34:MoveNext()
05-21 20:14:06.423 W/Unity   (32078): UnityEngine.SetupCoroutine:InvokeMoveNext(IEnumerator, IntPtr)
05-21 20:14:06.423 W/Unity   (32078): 
05-21 20:14:06.428 I/BusMonitorCenter(31723): exec save size = 2
05-21 20:14:06.467 I/SarService( 2665): Receiver polling >>>> Change receiver mode: off
05-21 20:14:06.472 I//vendor/bin/hw/vendor.qti.hardware.servicetracker@1.1-service(  738): destroyService is called for service : com.google.android.gms/.chimera.PersistentIntentOperationService
05-21 20:14:06.481 D/OT-PubSub-Sdk(32111): updateDebugSwitch sEnable: false sDebugMode：false sDebugProperty：false
05-21 20:14:06.507 W/FirebaseRemoteConfig(32111): No value of type 'FirebaseRemoteConfigValue' exists for parameter key 'abKeyList'.
05-21 20:14:06.513 W/FirebaseRemoteConfig(32111): No value of type 'FirebaseRemoteConfigValue' exists for parameter key 'sid'.
05-21 20:14:06.543 D/OT-PubSub-Sdk(32111): updateDebugSwitch sEnable: false sDebugMode：false sDebugProperty：false
05-21 20:14:06.543 D/OT-PubSub-Sdk(32111): log on: false, quick upload on: false
05-21 20:14:06.544 D/BroadcastExecutor(32111): initIfNeeded : 18280
05-21 20:14:06.595 I//vendor/bin/hw/vendor.qti.hardware.servicetracker@1.1-service(  738): unbindService is called for service : com.google.android.gms/.chimera.GmsBoundBrokerService and for client com.android.vending
05-21 20:14:06.595 I//vendor/bin/hw/vendor.qti.hardware.servicetracker@1.1-service(  738): size of service connections for service: com.google.android.gms/.chimera.GmsBoundBrokerServiceafter removal is 3
05-21 20:14:06.595 I//vendor/bin/hw/vendor.qti.hardware.servicetracker@1.1-service(  738): size of client connections for client: com.android.vendingafter removal is 1
05-21 20:14:06.599 I//vendor/bin/hw/vendor.qti.hardware.servicetracker@1.1-service(  738): unbindService is called for service : com.google.android.gms/.chimera.PersistentDirectBootAwareApiService and for client com.android.vending
05-21 20:14:06.645 D/WM-PackageManagerHelper(32111): androidx.work.impl.background.systemjob.SystemJobService enabled
05-21 20:14:06.645 D/WM-Schedulers(32111): Created SystemJobScheduler and enabled SystemJobService
05-21 20:14:06.653 W/FirebaseRemoteConfig(32111): No value of type 'FirebaseRemoteConfigValue' exists for parameter key 'isAutoUpdateWorkEnable'.
05-21 20:14:06.653 D/WM-ForceStopRunnable(32111): The default process name was not specified.
05-21 20:14:06.659 D/WM-ForceStopRunnable(32111): Performing cleanup operations.
05-21 20:14:06.668 I/SarService( 2665): Receiver polling >>>> Change receiver mode: off
05-21 20:14:06.767 I/vendor.qti.bluetooth@1.0-ibs_handler(  695): ProcessIbsCmd: Received IBS_WAKE_IND: 0xFD
05-21 20:14:06.767 D/vendor.qti.bluetooth@1.0-ibs_handler(  695): SerialClockVote: vote for UART CLK ON
05-21 20:14:06.767 D/vendor.qti.bluetooth@1.0-wake_lock(  695): Acquire wakelock is acquired 
05-21 20:14:06.767 I/vendor.qti.bluetooth@1.0-ibs_handler(  695): ProcessIbsCmd: Writing IBS_WAKE_ACK
05-21 20:14:06.769 V/bt_stack( 5466): [VERBOSE1:btm_ble_gap.cc(1847)] btm_ble_process_adv_addr: bda=61:fe:00:44:8e:61
05-21 20:14:06.769 V/bt_stack( 5466): [VERBOSE1:btm_ble_gap.cc(2052)]  Waiting for scan response 61:fe:00:44:8e:61
05-21 20:14:06.769 V/bt_stack( 5466): [VERBOSE1:btm_ble_gap.cc(1847)] btm_ble_process_adv_addr: bda=61:fe:00:44:8e:61
05-21 20:14:06.770 V/bt_stack( 5466): [VERBOSE1:btm_inq.cc(1019)] BTM_InqDbRead: bd addr 61:fe:00:44:8e:61
05-21 20:14:06.771 D/BluetoothUtils( 5466): blockedByLocationOff callingUid=1002
05-21 20:14:06.771 I/BluetoothUtils( 5466): packagename is android.uid.bluetooth:1002 ,and its permission is false
05-21 20:14:06.780 I/NearbyDiscovery( 5178): (REDACTED) BloomFilterAdvManager: Detected bloom filter but too far away, ignoring. %sm, %s
05-21 20:14:06.808 I/vendor.qti.bluetooth@1.0-ibs_handler(  695): ProcessIbsCmd: Received IBS_SLEEP_IND: 0xFE
05-21 20:14:06.808 D/vendor.qti.bluetooth@1.0-ibs_handler(  695): SerialClockVote: vote for UART CLK OFF
05-21 20:14:06.845 I/Ads     (32078): Ad failed to load : 3
05-21 20:14:06.845 E/ActivityThread(32111): Failed to find provider info for com.xiaomi.mipicks.dbcache
05-21 20:14:06.846 E/SystemUpdate-DiscoverUpdateManager(32111): ContentProvider.query failed - java.lang.IllegalArgumentException: Unknown authority com.xiaomi.mipicks.dbcache
05-21 20:14:06.848 I/Ads     (32078): Ad failed to load : 3
05-21 20:14:06.856 I/chatty  (32078): uid=10445(com.playsocialgames.plinko) identical 2 lines
05-21 20:14:06.866 I/Ads     (32078): Ad failed to load : 3
05-21 20:14:06.868 I/SarService( 2665): Receiver polling >>>> Change receiver mode: off
05-21 20:14:06.872 W/Unity   (32078): [AdMobProvider] Banner load failed: No fill.
05-21 20:14:06.872 W/Unity   (32078): UnityEngine.DebugLogHandler:Internal_Log(LogType, LogOption, String, Object)
05-21 20:14:06.872 W/Unity   (32078): AdMobProvider:<PreloadBannerAd>b__38_1(LoadAdError)
05-21 20:14:06.872 W/Unity   (32078): System.Reflection.RuntimeMethodInfo:Invoke(Object, BindingFlags, Binder, Object[], CultureInfo)
05-21 20:14:06.872 W/Unity   (32078): UnityEngine.AndroidJavaProxy:Invoke(String, Object[])
05-21 20:14:06.872 W/Unity   (32078): UnityEngine.AndroidJavaProxy:Invoke(String, IntPtr)
05-21 20:14:06.872 W/Unity   (32078): UnityEngine._AndroidJNIHelper:InvokeJavaProxyMethod(AndroidJavaProxy, IntPtr, IntPtr)
05-21 20:14:06.872 W/Unity   (32078): 
05-21 20:14:06.873 W/Unity   (32078): [AdMobProvider] Banner load failed: No fill.
05-21 20:14:06.873 W/Unity   (32078): UnityEngine.DebugLogHandler:Internal_Log(LogType, LogOption, String, Object)
05-21 20:14:06.873 W/Unity   (32078): AdMobProvider:<PreloadBannerAd>b__38_1(LoadAdError)
05-21 20:14:06.873 W/Unity   (32078): System.Reflection.RuntimeMethodInfo:Invoke(Object, BindingFlags, Binder, Object[], CultureInfo)
05-21 20:14:06.873 W/Unity   (32078): UnityEngine.AndroidJavaProxy:Invoke(String, Object[])
05-21 20:14:06.873 W/Unity   (32078): UnityEngine.AndroidJavaProxy:Invoke(String, IntPtr)
05-21 20:14:06.873 W/Unity   (32078): UnityEngine._AndroidJNIHelper:InvokeJavaProxyMethod(AndroidJavaProxy, IntPtr, IntPtr)
05-21 20:14:06.873 W/Unity   (32078): 
05-21 20:14:06.875 W/Unity   (32078): [AdMobProvider] Interstitial load failed: No fill.
05-21 20:14:06.875 W/Unity   (32078): UnityEngine.DebugLogHandler:Internal_Log(LogType, LogOption, String, Object)
05-21 20:14:06.875 W/Unity   (32078): AdMobProvider:<LoadInterstitialAd>b__42_0(InterstitialAd, LoadAdError)
05-21 20:14:06.875 W/Unity   (32078): System.Reflection.RuntimeMethodInfo:Invoke(Object, BindingFlags, Binder, Object[], CultureInfo)
05-21 20:14:06.875 W/Unity   (32078): UnityEngine.AndroidJavaProxy:Invoke(String, Object[])
05-21 20:14:06.875 W/Unity   (32078): UnityEngine.AndroidJavaProxy:Invoke(String, IntPtr)
05-21 20:14:06.875 W/Unity   (32078): UnityEngine._AndroidJNIHelper:InvokeJavaProxyMethod(AndroidJavaProxy, IntPtr, IntPtr)
05-21 20:14:06.875 W/Unity   (32078): 
05-21 20:14:06.891 W/Unity   (32078): [AdMobProvider] Interstitial load failed: No fill.
05-21 20:14:06.891 W/Unity   (32078): UnityEngine.DebugLogHandler:Internal_Log(LogType, LogOption, String, Object)
05-21 20:14:06.891 W/Unity   (32078): AdMobProvider:<LoadInterstitialAd>b__42_0(InterstitialAd, LoadAdError)
05-21 20:14:06.891 W/Unity   (32078): System.Reflection.RuntimeMethodInfo:Invoke(Object, BindingFlags, Binder, Object[], CultureInfo)
05-21 20:14:06.891 W/Unity   (32078): UnityEngine.AndroidJavaProxy:Invoke(String, Object[])
05-21 20:14:06.891 W/Unity   (32078): UnityEngine.AndroidJavaProxy:Invoke(String, IntPtr)
05-21 20:14:06.891 W/Unity   (32078): UnityEngine._AndroidJNIHelper:InvokeJavaProxyMethod(AndroidJavaProxy, IntPtr, IntPtr)
05-21 20:14:06.891 W/Unity   (32078): 
05-21 20:14:06.893 W/Unity   (32078): [AdMobProvider] Rewarded load failed: No fill.
05-21 20:14:06.893 W/Unity   (32078): UnityEngine.DebugLogHandler:Internal_Log(LogType, LogOption, String, Object)
05-21 20:14:06.893 W/Unity   (32078): AdMobProvider:<LoadRewardedAd>b__44_0(RewardedAd, LoadAdError)
05-21 20:14:06.893 W/Unity   (32078): System.Reflection.RuntimeMethodInfo:Invoke(Object, BindingFlags, Binder, Object[], CultureInfo)
05-21 20:14:06.893 W/Unity   (32078): UnityEngine.AndroidJavaProxy:Invoke(String, Object[])
05-21 20:14:06.893 W/Unity   (32078): UnityEngine.AndroidJavaProxy:Invoke(String, IntPtr)
05-21 20:14:06.893 W/Unity   (32078): UnityEngine._AndroidJNIHelper:InvokeJavaProxyMethod(AndroidJavaProxy, IntPtr, IntPtr)
05-21 20:14:06.893 W/Unity   (32078): 
05-21 20:14:06.955 I//vendor/bin/hw/vendor.qti.hardware.servicetracker@1.1-service(  738): bindService is called for service : com.google.android.gms/.chimera.PersistentApiService and for client com.xiaomi.discover
05-21 20:14:06.956 I//vendor/bin/hw/vendor.qti.hardware.servicetracker@1.1-service(  738): total connections for service : com.google.android.gms/.chimera.PersistentApiServiceare :25
05-21 20:14:06.956 I//vendor/bin/hw/vendor.qti.hardware.servicetracker@1.1-service(  738): total connections for client : com.xiaomi.discoverare :3
05-21 20:14:06.959 D/vendor.qti.bluetooth@1.0-wake_lock(  695): Release wakelock is released 
05-21 20:14:06.962 I/dex2oat (32525): dex2oat took 710.408ms (582.871ms cpu) (threads: 4) arena alloc=6800B (6800B) java alloc=51KB (52800B) native alloc=858KB (879512B) free=601KB (615528B)
05-21 20:14:06.982 V/installd(  947): DexInv: --- END '/data/user/0/com.playsocialgames.plinko/app_pccache/5/7A613BD952B4C9A3464BD07DB3FDE8BF1644696C/pcam.jar' (success) ---
05-21 20:14:06.983 W/BpBinder( 1637): Slow Binder: BpBinder transact took 1486 ms, interface=android.os.IInstalld, code=14 oneway=false
05-21 20:14:06.983 D/com.android.server.pm.PackageManagerServiceInjector( 1637): Run dexopt on: /data/user/0/com.playsocialgames.plinko/app_pccache/5/7A613BD952B4C9A3464BD07DB3FDE8BF1644696C/pcam.jar, because top-app{com.playsocialgames.plinko} loading it. Dexopt result: DEX_OPT_PERFORMED
05-21 20:14:07.062 I/PhenotypeResourceReader( 5178): unable to find any Phenotype resource metadata for com.xiaomi.discover
05-21 20:14:07.068 I/SarService( 2665): Receiver polling >>>> Change receiver mode: off
05-21 20:14:07.101 I/Ads     ( 8252): Received log message: <Google:HTML> You are currently using version 260480999.243799000.1 of the SDK, which is out of date. Please consider updating your SDK to the most recent SDK version to get the latest features and bug fixes. The latest SDK can be installed from https://goo.gle/android-install-instructions. More information about the SDK deprecation schedule is available at https://developers.google.com/admob/android/deprecation.
05-21 20:14:07.188 I/Ads     ( 8252): SDK version: afma-sdk-a-v260480999.243799000.1
05-21 20:14:07.189 I/Ads     ( 8252): HTTP timeout: 60000 milliseconds.
05-21 20:14:07.189 I/Ads     ( 8252): SDK version: afma-sdk-a-v260480999.243799000.1
05-21 20:14:07.189 I/Ads     ( 8252): HTTP timeout: 60000 milliseconds.
05-21 20:14:07.241 I/FirebaseCrashlytics(32111): Saved version control info
05-21 20:14:07.269 I/SarService( 2665): Receiver polling >>>> Change receiver mode: off
05-21 20:14:07.382 I/FA      (32111): App measurement initialized, version: 167000
05-21 20:14:07.383 I/FA      (32111): To enable debug logging run: adb shell setprop log.tag.FA VERBOSE
05-21 20:14:07.383 I/FA      (32111): To enable faster debug mode event logging run:
05-21 20:14:07.383 I/FA      (32111):   adb shell setprop debug.firebase.analytics.app com.xiaomi.discover
05-21 20:14:07.446 I/Ads     (32078): Ad failed to load : 3
05-21 20:14:07.448 W/Unity   (32078): [AdMobProvider] Banner load failed: No fill.
05-21 20:14:07.448 W/Unity   (32078): UnityEngine.DebugLogHandler:Internal_Log(LogType, LogOption, String, Object)
05-21 20:14:07.448 W/Unity   (32078): AdMobProvider:<PreloadBannerAd>b__38_1(LoadAdError)
05-21 20:14:07.448 W/Unity   (32078): System.Reflection.RuntimeMethodInfo:Invoke(Object, BindingFlags, Binder, Object[], CultureInfo)
05-21 20:14:07.448 W/Unity   (32078): UnityEngine.AndroidJavaProxy:Invoke(String, Object[])
05-21 20:14:07.448 W/Unity   (32078): UnityEngine.AndroidJavaProxy:Invoke(String, IntPtr)
05-21 20:14:07.448 W/Unity   (32078): UnityEngine._AndroidJNIHelper:InvokeJavaProxyMethod(AndroidJavaProxy, IntPtr, IntPtr)
05-21 20:14:07.448 W/Unity   (32078): 
05-21 20:14:07.456 I/Ads     (32078): Ad failed to load : 3
