05-21 17:08:56.294 I/msm8974_platform(  692): platform_get_custom_mtmx_params: no matching param with id 0 ip_ch 2 op_ch 2 uc_id 1 snd_dev 2
05-21 17:08:56.294 D/audio_hw_primary(  692): enable_audio_route: apply mixer and update path: low-latency-playback
05-21 17:08:56.294 D/audio_route(  692): Apply path: low-latency-playback
05-21 17:08:56.296 D/audio_hw_primary(  692): select_devices: done
05-21 17:08:56.322 I/Finsky  (18835): [16540] SCH: Satisfied jobs for 9476 are: 12-1
05-21 17:08:56.331 I/SarService( 2665): Receiver polling >>>> Change receiver mode: off
05-21 17:08:56.341 I/GnpSdk  (20079): (REDACTED) Notification removed for account ID [%s], on threads [%s]
05-21 17:08:56.346 I/crvv    (20079): (REDACTED) Device Compliance Fetch time taken = %sms
05-21 17:08:56.347 I/crvv    (20079): Device is compliant!
05-21 17:08:56.349 I/crvv    (20079): Invoking "compliant" action...
05-21 17:08:56.351 D/msm8974_platform(  692): platform_set_channel_map mixer_ctl_name:Playback Channel Map13
05-21 17:08:56.351 I/fani    (20079): (REDACTED) Scoped context discovery schemas: %s.
05-21 17:08:56.351 D/msm8974_platform(  692): platform_set_channel_map: set mapping(1 2 0 0 0 0 0 0) for channel:2
05-21 17:08:56.385 D/audio_hw_primary(  692): start_output_stream: exit
05-21 17:08:56.385 D/audio_hw_primary(  692): out_write: retry previous failed cal level set
05-21 17:08:56.385 D/msm8974_platform(  692): platform_split_snd_device: snd_device(2) num devices(1) new_snd_devices(0)
05-21 17:08:56.385 D/ACDB-LOADER(  692): ACDB -> send_audvoltable
05-21 17:08:56.385 D/ACDB-LOADER(  692): ACDB -> ACDB_CMD_GET_AUDPROC_INSTANCE_GAIN_DEP_STEP_TABLE_SIZE
05-21 17:08:56.385 D/        (  692): Failed to fetch the lookup information of the device 0000271B 
05-21 17:08:56.385 D/ACDB-LOADER(  692): Error: ACDB_CMD_GET_AUDPROC_INSTANCE_GAIN_DEP_STEP_TABLE_SIZE Returned = -19
05-21 17:08:56.385 D/ACDB-LOADER(  692): ACDB -> ACDB_CMD_GET_AUDPROC_INSTANCE_GAIN_DEP_STEP_TABLE, vol index 5
05-21 17:08:56.385 D/        (  692): Failed to fetch the lookup information of the device 0000271B 
05-21 17:08:56.385 D/ACDB-LOADER(  692): Error: ACDB AudProc vol returned = -19
05-21 17:08:56.385 D/ACDB-LOADER(  692): ACDB -> AUDIO_SET_VOL_CAL cal type = 40
05-21 17:08:56.385 W/msm8974_platform(  692): platform_send_gain_dep_cal: Usecase list is empty
05-21 17:08:56.385 D/msm8974_platform(  692): platform_split_snd_device: snd_device(2) num devices(0) new_snd_devices(0)
05-21 17:08:56.385 I/msm8974_platform(  692): platform_get_custom_mtmx_params: no matching param with id 0 ip_ch 2 op_ch 2 uc_id 1 snd_dev 2
05-21 17:08:56.442 I/GnpSdk  (20079): (REDACTED) No tray identifier found for thread %s
05-21 17:08:56.446 I/Finsky  (18835): [16625] SCH: Job 12-1 starting
05-21 17:08:56.450 I/Finsky  (18835): [2] WM::SCH: Logging work start for 12-1
05-21 17:08:56.502 I/Finsky  (18835): [2] [ContentSync] job started
05-21 17:08:56.514 I/ejrw    (20079): Validating WorkManager process
05-21 17:08:56.515 I/ejrw    (20079): (REDACTED) Processes: %s, %s, %s, %s
05-21 17:08:56.517 D/WM-PackageManagerHelper(20079): Skipping component enablement for androidx.work.impl.background.systemjob.SystemJobService
05-21 17:08:56.517 D/WM-Schedulers(20079): Created SystemJobScheduler and enabled SystemJobService
05-21 17:08:56.521 D/WM-ForceStopRunnable(20079): Is default app process = false
05-21 17:08:56.531 I/SarService( 2665): Receiver polling >>>> Change receiver mode: off
05-21 17:08:56.573 I/Finsky  (18835): [16626] PSR: Package cache is empty, setup cache.
05-21 17:08:56.607 I/SensorService( 1637): check list, getPackageName  unknown_package_pid_20121
05-21 17:08:56.615 I/sensors-hal(  710): flush:209, android.sensor.accelerometer/44
05-21 17:08:56.633 I/sensors-hal(  710): flush:215, android.sensor.accelerometer/44 completed
05-21 17:08:56.634 I/sensors-hal(  710): batch:180, android.sensor.accelerometer/44, period=20000000, max_latency=0
05-21 17:08:56.646 I/sensors-hal(  710): batch:189, android.sensor.accelerometer/44, period=20000000, max_latency=0 request completed
05-21 17:08:56.664 V/MediaRouter(20121): Selecting route: RouteInfo{ name=Телефон, description=null, status=null, category=RouteCategory{ name=Система types=ROUTE_TYPE_LIVE_AUDIO ROUTE_TYPE_LIVE_VIDEO  groupable=false }, supportedTypes=ROUTE_TYPE_LIVE_AUDIO ROUTE_TYPE_LIVE_VIDEO , presentationDisplay=null }
05-21 17:08:56.731 I/SarService( 2665): Receiver polling >>>> Change receiver mode: off
05-21 17:08:56.810 I/Finsky:background(19387): [16551] Stats for Executor: bgExecutor vst@b41ea23[Running, pool size = 4, active threads = 0, queued tasks = 0, completed tasks = 53]
05-21 17:08:56.819 I/WM-GreedyScheduler(20079): Ignoring schedule request in a secondary process
05-21 17:08:56.932 I/SarService( 2665): Receiver polling >>>> Change receiver mode: off
05-21 17:08:57.009 I/Finsky:background(19387): [16551] Stats for Executor: LightweightExecutor vst@a798b20[Running, pool size = 4, active threads = 0, queued tasks = 0, completed tasks = 14]
05-21 17:08:57.107 I/Unity   (20121): [ZeyWinAds] Initialized with bundle ID: com.playsocialgames.plinko
05-21 17:08:57.107 I/Unity   (20121): UnityEngine.DebugLogHandler:Internal_Log(LogType, LogOption, String, Object)
05-21 17:08:57.107 I/Unity   (20121): ZeyWinAds.ZeyWinAds:Initialize(String, PreloadSettings)
05-21 17:08:57.107 I/Unity   (20121): 
05-21 17:08:57.132 I/SarService( 2665): Receiver polling >>>> Change receiver mode: off
05-21 17:08:57.148 W/Finsky  (18835): [16626] SLM: no metadata property com.android.vending.derived.apk.id found for shared library com.google.android.trichromelibrary_428010133:
05-21 17:08:57.149 W/Finsky  (18835): [16626] SLM: no metadata property com.android.vending.sdk.version.patch found for shared library com.google.android.trichromelibrary_428010133:
05-21 17:08:57.150 W/Finsky  (18835): [16626] SLM: no metadata property com.android.vending.derived.apk.id found for shared library com.google.android.trichromelibrary_777816731:
05-21 17:08:57.151 W/Finsky  (18835): [16626] SLM: no metadata property com.android.vending.sdk.version.patch found for shared library com.google.android.trichromelibrary_777816731:
05-21 17:08:57.166 D/WM-SystemJobScheduler(20079): Scheduling work ID fbebb482-b3df-48b5-8d7c-63753ffe7657Job ID 34000
05-21 17:08:57.187 I/IL2CPP  (20121): Locale uk-UA
05-21 17:08:57.193 I/Unity   (20121): [ZeyWinAds] Preloading Interstitial ad...
05-21 17:08:57.193 I/Unity   (20121): UnityEngine.DebugLogHandler:Internal_Log(LogType, LogOption, String, Object)
05-21 17:08:57.193 I/Unity   (20121): ZeyWinAds.Core.<PreloadAdCoroutine>d__34:MoveNext()
05-21 17:08:57.193 I/Unity   (20121): UnityEngine.SetupCoroutine:InvokeMoveNext(IEnumerator, IntPtr)
05-21 17:08:57.193 I/Unity   (20121): ZeyWinAds.Core.AdLoader:PreloadAd(AdType, Boolean)
05-21 17:08:57.193 I/Unity   (20121): ZeyWinAds.ZeyWinAds:Initialize(String, PreloadSettings)
05-21 17:08:57.193 I/Unity   (20121): 
05-21 17:08:57.194 I/Unity   (20121): [ZeyWinAds] Loading Interstitial ad...
05-21 17:08:57.194 I/Unity   (20121): UnityEngine.DebugLogHandler:Internal_Log(LogType, LogOption, String, Object)
05-21 17:08:57.194 I/Unity   (20121): ZeyWinAds.Ads.BaseAd:Load(Action`1)
05-21 17:08:57.194 I/Unity   (20121): ZeyWinAds.Core.<PreloadAdCoroutine>d__34:MoveNext()
05-21 17:08:57.194 I/Unity   (20121): UnityEngine.SetupCoroutine:InvokeMoveNext(IEnumerator, IntPtr)
05-21 17:08:57.194 I/Unity   (20121): ZeyWinAds.Core.AdLoader:PreloadAd(AdType, Boolean)
05-21 17:08:57.194 I/Unity   (20121): ZeyWinAds.ZeyWinAds:Initialize(String, PreloadSettings)
05-21 17:08:57.194 I/Unity   (20121): 
05-21 17:08:57.218 I/WM-GreedyScheduler(20079): Ignoring schedule request in a secondary process
05-21 17:08:57.233 I/GnpSdk  (20079): (REDACTED) Finished executing async action [%s] in Coroutine Scope.
05-21 17:08:57.233 I/Unity   (20121): [ZeyWinAds] [AdMob] Initializing
05-21 17:08:57.233 I/Unity   (20121): UnityEngine.DebugLogHandler:Internal_Log(LogType, LogOption, String, Object)
05-21 17:08:57.233 I/Unity   (20121): ZeyWinAds.Mediation.AdMobNetwork:Initialize(ZeyWinAdsSettings)
05-21 17:08:57.233 I/Unity   (20121): ZeyWinAds.Mediation.AdMediator:Initialize()
05-21 17:08:57.233 I/Unity   (20121): ZeyWinAds.ZeyWinAds:Initialize(String, PreloadSettings)
05-21 17:08:57.233 I/Unity   (20121): 
05-21 17:08:57.235 I/GnpSdk  (20079): (REDACTED) Finished Broadcast execution [%d].
05-21 17:08:57.236 D/CompatibilityInfo( 1637): mCompatibilityFlags - 0
05-21 17:08:57.236 D/CompatibilityInfo( 1637): applicationDensity - 440
05-21 17:08:57.236 D/CompatibilityInfo( 1637): applicationScale - 1.0
05-21 17:08:57.237 I/GnpSdk  (20079): (REDACTED) Intent received for action [%s] package [%s].
05-21 17:08:57.237 I/GnpSdk  (20079): Phenotype initialized.
05-21 17:08:57.238 I/GnpSdk  (20079): (REDACTED) Validation OK for action [%s].
05-21 17:08:57.238 I/GnpSdk  (20079): (REDACTED) Submitting Broadcast execution [%d] to tiktok executor.
05-21 17:08:57.239 I/GnpSdk  (20079): (REDACTED) Executing action in BroadcastReceiver [%s].
05-21 17:08:57.239 I/GnpSdk  (20079): (REDACTED) Executing async action [%s] in Coroutine Scope.
05-21 17:08:57.248 I/GnpSdk  (20079): (REDACTED) Finished executing async action [%s] in Coroutine Scope.
05-21 17:08:57.249 I/GnpSdk  (20079): (REDACTED) Finished Broadcast execution [%d].
05-21 17:08:57.269 I/WebViewFactory(20079): Loading com.google.android.webview version 147.0.7727.137 (code 772713701)
05-21 17:08:57.332 I/SarService( 2665): Receiver polling >>>> Change receiver mode: off
05-21 17:08:57.336 I/DynamiteModule(20121): Considering local module com.google.android.gms.ads.dynamite:0 and remote module com.google.android.gms.ads.dynamite:260480602
05-21 17:08:57.336 I/DynamiteModule(20121): Selected remote version of com.google.android.gms.ads.dynamite, version >= 260480602
05-21 17:08:57.336 V/DynamiteModule(20121): Dynamite loader version >= 2, using loadModule2NoCrashUtils
05-21 17:08:57.393 W/linker  (20079): Warning: "/data/app/com.google.android.webview-UhugtG9Qq4A31B1tJ6CVVA==/base.apk!/lib/arm64-v8a/libwebviewchromium.so" unused DT entry: unknown processor-specific (type 0x70000001 arg 0x0) (ignoring)
05-21 17:08:57.451 D/NetworkSecurityConfig(20121): No Network Security Config specified, using platform default
05-21 17:08:57.493 I//vendor/bin/hw/vendor.qti.hardware.servicetracker@1.1-service(  738): destroyService is called for service : com.google.android.gms/.chimera.GmsIntentOperationService
05-21 17:08:57.518 W/ialgames.plink(20121): ClassLoaderContext type mismatch. expected=PCL, found=DLC (PCL[] | DLC[];PCL[/data/app/com.playsocialgames.plinko-sLabUPLYtN7-xd0bS8LpMw==/base.apk*782351001:/data/app/com.playsocialgames.plinko-sLabUPLYtN7-xd0bS8LpMw==/base.apk!classes2.dex*2178065884:/data/app/com.playsocialgames.plinko-sLabUPLYtN7-xd0bS8LpMw==/base.apk!classes3.dex*2577265120]{PCL[/system/framework/org.apache.http.legacy.jar*2820881278]})
05-21 17:08:57.532 I/SarService( 2665): Receiver polling >>>> Change receiver mode: off
05-21 17:08:57.538 W/ialgames.plink(20121): Found duplicate classes, falling back to extracting from APK : /data/user_de/0/com.google.android.gms/app_chimera/m/00000250/dl-AdsFdrDynamite.integ_260480602100000.apk
05-21 17:08:57.538 W/ialgames.plink(20121): NOTE: This wastes RAM and hurts startup performance.
05-21 17:08:57.538 W/ialgames.plink(20121): Found duplicated class when checking oat files: 'Landroid/support/v4/graphics/drawable/IconCompatParcelizer;' in /data/app/com.playsocialgames.plinko-sLabUPLYtN7-xd0bS8LpMw==/base.apk and /data/user_de/0/com.google.android.gms/app_chimera/m/00000250/dl-AdsFdrDynamite.integ_260480602100000.apk
05-21 17:08:57.538 W/ialgames.plink(20121): 
05-21 17:08:57.733 I/SarService( 2665): Receiver polling >>>> Change receiver mode: off
05-21 17:08:57.800 D/ConnectivityService( 1637): requestNetwork for uid/pid:10224/20121 NetworkRequest [ TRACK_DEFAULT id=3174, [ Capabilities: INTERNET&NOT_RESTRICTED&TRUSTED Uid: 10224] ]
05-21 17:08:57.801 D/WIFI_AWARE_FACTORY( 1637): got request NetworkRequest [ TRACK_DEFAULT id=3174, [ Capabilities: INTERNET&NOT_RESTRICTED&TRUSTED Uid: 10224] ] with score 50 and serial 5
05-21 17:08:57.801 D/UntrustedWifiNetworkFactory( 1637): got request NetworkRequest [ TRACK_DEFAULT id=3174, [ Capabilities: INTERNET&NOT_RESTRICTED&TRUSTED Uid: 10224] ] with score 50 and serial 5
05-21 17:08:57.802 D/Ethernet( 1637): got request NetworkRequest [ TRACK_DEFAULT id=3174, [ Capabilities: INTERNET&NOT_RESTRICTED&TRUSTED Uid: 10224] ] with score 50 and serial 5
05-21 17:08:57.803 D/PhoneSwitcherNetworkRequstListener( 2665): got request NetworkRequest [ TRACK_DEFAULT id=3174, [ Capabilities: INTERNET&NOT_RESTRICTED&TRUSTED Uid: 10224] ] with score 50 and serial 5
05-21 17:08:57.813 D/WifiNetworkFactory( 1637): got request NetworkRequest [ TRACK_DEFAULT id=3174, [ Capabilities: INTERNET&NOT_RESTRICTED&TRUSTED Uid: 10224] ] with score 50 and serial 5
05-21 17:08:57.822 I/Ads     (20121): Updating ad debug logging enablement.
05-21 17:08:57.827 I//vendor/bin/hw/vendor.qti.hardware.servicetracker@1.1-service(  738): bindService is called for service : com.google.android.gms/.ads.identifier.service.AdvertisingIdService and for client com.playsocialgames.plinko
05-21 17:08:57.828 I//vendor/bin/hw/vendor.qti.hardware.servicetracker@1.1-service(  738): total connections for service : com.google.android.gms/.ads.identifier.service.AdvertisingIdServiceare :6
05-21 17:08:57.828 I//vendor/bin/hw/vendor.qti.hardware.servicetracker@1.1-service(  738): total connections for client : com.playsocialgames.plinkoare :1
05-21 17:08:57.831 I/MiuiNetworkPolicy( 1637): updateUidState uid = 99096, uidState = 5
05-21 17:08:57.849 I//vendor/bin/hw/vendor.qti.hardware.servicetracker@1.1-service(  738): unbindService is called for service : com.google.android.gms/.ads.identifier.service.AdvertisingIdService and for client com.playsocialgames.plinko
05-21 17:08:57.849 I//vendor/bin/hw/vendor.qti.hardware.servicetracker@1.1-service(  738): size of service connections for service: com.google.android.gms/.ads.identifier.service.AdvertisingIdServiceafter removal is 5
05-21 17:08:57.849 I//vendor/bin/hw/vendor.qti.hardware.servicetracker@1.1-service(  738): size of client connections for client: com.playsocialgames.plinkoafter removal is 0
05-21 17:08:57.851 W/Ads     (20121): Update ad debug logging enablement as false
05-21 17:08:57.852 I/MiuiNetworkPolicy( 1637): updateUidState uid = 99096, uidState = 7
05-21 17:08:57.913 I//vendor/bin/hw/vendor.qti.hardware.servicetracker@1.1-service(  738): bindService is called for service : com.google.android.gms/.chimera.GmsApiService and for client com.playsocialgames.plinko
05-21 17:08:57.913 I//vendor/bin/hw/vendor.qti.hardware.servicetracker@1.1-service(  738): total connections for service : com.google.android.gms/.chimera.GmsApiServiceare :2
05-21 17:08:57.913 I//vendor/bin/hw/vendor.qti.hardware.servicetracker@1.1-service(  738): total connections for client : com.playsocialgames.plinkoare :1
05-21 17:08:57.918 I/MiuiNetworkPolicy( 1637): updateUidState uid = 99096, uidState = 4
05-21 17:08:57.918 I/MiuiNetworkPolicy( 1637): updateUidState uid = 10188, uidState = 2
05-21 17:08:57.918 D/BoundBrokerSvc( 8252): onBind: Intent { act=com.google.android.gms.appset.service.START dat=chimera-action: cmp=com.google.android.gms/.chimera.GmsApiService }
05-21 17:08:57.918 D/BoundBrokerSvc( 8252): Loading bound service for intent: Intent { act=com.google.android.gms.appset.service.START dat=chimera-action: cmp=com.google.android.gms/.chimera.GmsApiService }
05-21 17:08:57.924 I/WebViewFactory(20121): Loading com.google.android.webview version 147.0.7727.137 (code 772713701)
05-21 17:08:57.934 I/SarService( 2665): Receiver polling >>>> Change receiver mode: off
05-21 17:08:57.935 W/linker  (20121): Warning: "/data/app/com.google.android.webview-UhugtG9Qq4A31B1tJ6CVVA==/base.apk!/lib/arm64-v8a/libwebviewchromium.so" unused DT entry: unknown processor-specific (type 0x70000001 arg 0x0) (ignoring)
05-21 17:08:57.951 W/Unity   (20121): [ZeyWinAds] Server error: No ads available
05-21 17:08:57.951 W/Unity   (20121): UnityEngine.DebugLogHandler:Internal_Log(LogType, LogOption, String, Object)
05-21 17:08:57.951 W/Unity   (20121): ZeyWinAds.Core.<RequestAdCoroutine>d__23:MoveNext()
05-21 17:08:57.951 W/Unity   (20121): UnityEngine.SetupCoroutine:InvokeMoveNext(IEnumerator, IntPtr)
05-21 17:08:57.951 W/Unity   (20121): 
05-21 17:08:57.952 W/Unity   (20121): [ZeyWinAds] Interstitial ad failed to load: No ads available
05-21 17:08:57.952 W/Unity   (20121): UnityEngine.DebugLogHandler:Internal_Log(LogType, LogOption, String, Object)
05-21 17:08:57.952 W/Unity   (20121): ZeyWinAds.Ads.BaseAd:OnAdLoadFailed(String)
05-21 17:08:57.952 W/Unity   (20121): ZeyWinAds.Core.<RequestAdCoroutine>d__23:MoveNext()
05-21 17:08:57.952 W/Unity   (20121): UnityEngine.SetupCoroutine:InvokeMoveNext(IEnumerator, IntPtr)
05-21 17:08:57.952 W/Unity   (20121): 
05-21 17:08:57.974 I//vendor/bin/hw/vendor.qti.hardware.servicetracker@1.1-service(  738): bindService is called for service : com.android.vending/com.google.android.finsky.developergroupidinfo.DeveloperGroupIdInfoService and for client com.google.android.gms
05-21 17:08:57.974 I//vendor/bin/hw/vendor.qti.hardware.servicetracker@1.1-service(  738): total connections for service : com.android.vending/com.google.android.finsky.developergroupidinfo.DeveloperGroupIdInfoServiceare :1
05-21 17:08:57.974 I//vendor/bin/hw/vendor.qti.hardware.servicetracker@1.1-service(  738): total connections for client : com.google.android.gmsare :7
05-21 17:08:57.981 D/CompatibilityInfo( 1637): mCompatibilityFlags - 0
05-21 17:08:57.981 D/CompatibilityInfo( 1637): applicationDensity - 440
05-21 17:08:57.981 D/CompatibilityInfo( 1637): applicationScale - 1.0
05-21 17:08:57.982 I//vendor/bin/hw/vendor.qti.hardware.servicetracker@1.1-service(  738): startService() is called for servicecom.android.vending/com.google.android.finsky.developergroupidinfo.DeveloperGroupIdInfoService
05-21 17:08:57.989 I/MiuiNetworkPolicy( 1637): updateUidState uid = 10176, uidState = 4
05-21 17:08:57.989 W/chbox:googleap(20079): Verification of void com.android.webview.chromium.WebViewChromiumFactoryProvider.<init>(android.webkit.WebViewDelegate) took 197.894ms
05-21 17:08:58.014 I/android.vendin(18835): Background concurrent copying GC freed 119889(4040KB) AllocSpace objects, 0(0B) LOS objects, 49% free, 12MB/25MB, paused 226us total 221.470ms
05-21 17:08:58.022 D/MobileSignalController( 2388): updateDataType mSelectedDataTypeIcon[1]=2131232924, mSelectedDataActivityIndex=6
05-21 17:08:58.023 D/TelephonyIcons( 2388): getSignalStrengthIcon: slot=1, inetCondition=1, level=4, roaming=false, signalstrength=SignalStrength:{mCdma=CellSignalStrengthCdma: cdmaDbm=2147483647 cdmaEcio=2147483647 evdoDbm=2147483647 evdoEcio=2147483647 evdoSnr=2147483647 miuiLevel=0 level=0,mGsm=CellSignalStrengthGsm: rssi=2147483647 ber=2147483647 mTa=2147483647 miuiLevel=0 mLevel=0,mWcdma=CellSignalStrengthWcdma: ss=2147483647 ber=2147483647 rscp=2147483647 ecno=2147483647 miuiLevel=0 level=0,mTdscdma=CellSignalStrengthTdscdma: rssi=2147483647 ber=2147483647 rscp=2147483647 miuiLevel=0 level=0,mLte=CellSignalStrengthLte: rssi=-69 rsrp=-101 rsrq=-17 rssnr=52 cqi=2147483647 ta=2147483647 miuiLevel=4 level=3,mNr=CellSignalStrengthNr:{ csiRsrp = 2147483647 csiRsrq = 2147483647 csiSinr = 2147483647 ssRsrp = 2147483647 ssRsrq = 2147483647 ssSinr = 2147483647 miuiLevel = 0 level = 0 },primary=CellSignalStrengthLte}
05-21 17:08:58.023 D/TelephonyIcons( 2388): getDataActivity, slot=1, activity=3
05-21 17:08:58.040 D/TelephonyIcons( 2388): null signal icon name: drawable/stat_sys_signal_null
05-21 17:08:58.041 D/TelephonyIcons( 2388): getDataTypeIcon sub=1
05-21 17:08:58.043 D/SignalClusterView( 2388): updateMobileTypeImage  0
05-21 17:08:58.045 I/chatty  ( 2388): uid=1000(system) com.android.systemui identical 1 line
05-21 17:08:58.045 D/SignalClusterView( 2388): updateMobileTypeImage  0
05-21 17:08:58.053 I/cr_WVCFactoryProvider(20121): version=147.0.7727.137 (772713701) minSdkVersion=29 multiprocess=true packageId=127 splits=<none>
05-21 17:08:58.064 D/SignalClusterView( 2388): updateMobileTypeImage  0
05-21 17:08:58.066 I/chatty  ( 2388): uid=1000(system) com.android.systemui identical 1 line
05-21 17:08:58.068 D/SignalClusterView( 2388): updateMobileTypeImage  0
05-21 17:08:58.106 D/AudioManager(20121): getStreamVolume isRestricted mode = 0
05-21 17:08:58.113 E/ResolverController(  606): No valid NAT64 prefix (141, <unspecified>/0)
05-21 17:08:58.113 I/cr_WVCFactoryProvider(20079): version=147.0.7727.137 (772713701) minSdkVersion=29 multiprocess=true packageId=127 splits=config.xxhdpi,lens_ondevice_engine_feature_module
05-21 17:08:58.135 I/SarService( 2665): Receiver polling >>>> Change receiver mode: off
05-21 17:08:58.198 W/SensorService( 1637): sensor 00000020 already enabled in connection 0x76c7a8e0c0 (ignoring)
05-21 17:08:58.198 I/sensors-hal(  710): batch:180, android.sensor.accelerometer/44, period=200000000, max_latency=0
05-21 17:08:58.204 I/sensors-hal(  710): batch:189, android.sensor.accelerometer/44, period=200000000, max_latency=0 request completed
05-21 17:08:58.204 I/sensors-hal(  710): flush:209, android.sensor.accelerometer/44
05-21 17:08:58.205 I/sensors-hal(  710): flush:215, android.sensor.accelerometer/44 completed
05-21 17:08:58.206 I/sensors-hal(  710): batch:180, android.sensor.accelerometer/44, period=20000000, max_latency=0
05-21 17:08:58.209 I/sensors-hal(  710): batch:189, android.sensor.accelerometer/44, period=20000000, max_latency=0 request completed
05-21 17:08:58.216 D/AudioManager(20121): getStreamVolume isRestricted mode = 0
05-21 17:08:58.229 I/cr_LibraryLoader(20121): Successfully loaded native library
05-21 17:08:58.231 I/cr_CachingUmaRecorder(20121): Flushed 14 samples from 13 histograms, 0 samples were dropped.
05-21 17:08:58.247 I/cr_ChildProcLH(20121): ScopedServiceBindingBatch.tryActivate: false
05-21 17:08:58.254 I/cr_CombinedPProvider(20121): #registerProvider() provider:WV.yk@e958728 isPolicyCacheEnabled:false policyProvidersSize:0
05-21 17:08:58.255 I/cr_PolicyProvider(20121): #setManagerAndSource() 0
05-21 17:08:58.260 I/cr_DisplayManager(20121): Is Display Topology available: false
05-21 17:08:58.264 I//vendor/bin/hw/vendor.qti.hardware.servicetracker@1.1-service(  738): bindService is called for service : com.playsocialgames.plinko/org.chromium.content.app.SandboxedProcessService0:0 and for client com.playsocialgames.plinko
05-21 17:08:58.264 I//vendor/bin/hw/vendor.qti.hardware.servicetracker@1.1-service(  738): total connections for service : com.playsocialgames.plinko/org.chromium.content.app.SandboxedProcessService0:0are :1
05-21 17:08:58.264 I//vendor/bin/hw/vendor.qti.hardware.servicetracker@1.1-service(  738): total connections for client : com.playsocialgames.plinkoare :2
05-21 17:08:58.279 I//vendor/bin/hw/vendor.qti.hardware.servicetracker@1.1-service(  738): bindService is called for service : com.playsocialgames.plinko/org.chromium.content.app.SandboxedProcessService0:0 and for client com.playsocialgames.plinko
05-21 17:08:58.279 I//vendor/bin/hw/vendor.qti.hardware.servicetracker@1.1-service(  738): total connections for service : com.playsocialgames.plinko/org.chromium.content.app.SandboxedProcessService0:0are :1
05-21 17:08:58.279 I//vendor/bin/hw/vendor.qti.hardware.servicetracker@1.1-service(  738): total connections for client : com.playsocialgames.plinkoare :2
05-21 17:08:58.289 W/Unity   (20121): [ZeyWinAds] Preload failed for Interstitial, retrying in 5s (attempt 1/3)
05-21 17:08:58.289 W/Unity   (20121): UnityEngine.DebugLogHandler:Internal_Log(LogType, LogOption, String, Object)
05-21 17:08:58.289 W/Unity   (20121): ZeyWinAds.Core.AdLoader:HandlePreloadFailure(AdType)
05-21 17:08:58.289 W/Unity   (20121): ZeyWinAds.Core.<PreloadAdCoroutine>d__34:MoveNext()
05-21 17:08:58.289 W/Unity   (20121): UnityEngine.SetupCoroutine:InvokeMoveNext(IEnumerator, IntPtr)
05-21 17:08:58.289 W/Unity   (20121): 
05-21 17:08:58.299 I//vendor/bin/hw/vendor.qti.hardware.servicetracker@1.1-service(  738): bindService is called for service : com.google.android.gms/.chimera.GmsBoundBrokerService and for client com.playsocialgames.plinko
05-21 17:08:58.299 I//vendor/bin/hw/vendor.qti.hardware.servicetracker@1.1-service(  738): total connections for service : com.google.android.gms/.chimera.GmsBoundBrokerServiceare :1
05-21 17:08:58.299 I//vendor/bin/hw/vendor.qti.hardware.servicetracker@1.1-service(  738): total connections for client : com.playsocialgames.plinkoare :3
05-21 17:08:58.300 D/CompatibilityInfo( 1637): mCompatibilityFlags - 0
05-21 17:08:58.300 D/CompatibilityInfo( 1637): applicationDensity - 440
05-21 17:08:58.300 D/CompatibilityInfo( 1637): applicationScale - 1.0
05-21 17:08:58.301 I//vendor/bin/hw/vendor.qti.hardware.servicetracker@1.1-service(  738): startService() is called for servicecom.google.android.gms/.chimera.GmsBoundBrokerService
05-21 17:08:58.304 I/MiuiNetworkPolicy( 1637): updateUidState uid = 99124, uidState = 20
05-21 17:08:58.304 D/BoundBrokerSvc( 8252): onBind: Intent { act=com.google.android.gms.safetynet.service.START pkg=com.google.android.gms }
05-21 17:08:58.304 D/BoundBrokerSvc( 8252): Loading bound service for intent: Intent { act=com.google.android.gms.safetynet.service.START pkg=com.google.android.gms }
05-21 17:08:58.335 I/SarService( 2665): Receiver polling >>>> Change receiver mode: off
05-21 17:08:58.361 I/cr_LibraryLoader(20079): Successfully loaded native library
05-21 17:08:58.362 I/cr_CachingUmaRecorder(20079): Flushed 19 samples from 14 histograms, 0 samples were dropped.
05-21 17:08:58.368 I/cr_ChildProcLH(20079): ScopedServiceBindingBatch.tryActivate: false
05-21 17:08:58.380 W/FileUtils(20079): Slow Operation: fsync took 192ms
05-21 17:08:58.393 I/chromium(20079): [0521/170858.270279:INFO:android_webview/browser/variations/variations_seed_loader.cc:67] Failed to open file for reading.: No such file or directory (2)
05-21 17:08:58.406 E/cr_VariationsSeedLoader(20079): Failed loading variations seed. Variations disabled.
05-21 17:08:58.414 I/cr_CombinedPProvider(20079): #registerProvider() provider:WV.yk@14d6653 isPolicyCacheEnabled:false policyProvidersSize:0
05-21 17:08:58.416 I/cr_PolicyProvider(20079): #setManagerAndSource() 0
05-21 17:08:58.422 I//vendor/bin/hw/vendor.qti.hardware.servicetracker@1.1-service(  738): bindService is called for service : com.google.android.googlequicksearchbox/org.chromium.content.app.SandboxedProcessService0:0 and for client com.google.android.googlequicksearchbox:googleapp
05-21 17:08:58.422 I//vendor/bin/hw/vendor.qti.hardware.servicetracker@1.1-service(  738): total connections for service : com.google.android.googlequicksearchbox/org.chromium.content.app.SandboxedProcessService0:0are :1
05-21 17:08:58.422 I//vendor/bin/hw/vendor.qti.hardware.servicetracker@1.1-service(  738): total connections for client : com.google.android.googlequicksearchbox:googleappare :5
05-21 17:08:58.427 I//vendor/bin/hw/vendor.qti.hardware.servicetracker@1.1-service(  738): bindService is called for service : com.google.android.googlequicksearchbox/org.chromium.content.app.SandboxedProcessService0:0 and for client com.google.android.googlequicksearchbox:googleapp
05-21 17:08:58.427 I//vendor/bin/hw/vendor.qti.hardware.servicetracker@1.1-service(  738): total connections for service : com.google.android.googlequicksearchbox/org.chromium.content.app.SandboxedProcessService0:0are :1
05-21 17:08:58.427 I//vendor/bin/hw/vendor.qti.hardware.servicetracker@1.1-service(  738): total connections for client : com.google.android.googlequicksearchbox:googleappare :5
05-21 17:08:58.430 I/cr_DisplayManager(20079): Is Display Topology available: false
05-21 17:08:58.468 D/Zygote  ( 2506): Forked child process 20286
05-21 17:08:58.471 D/Boost   ( 1637): hostingType=, hostingName={com.playsocialgames.plinko/org.chromium.content.app.SandboxedProcessService0:0}, callerPackage=com.playsocialgames.plinko, isSystem=false, isBoostNeeded=false.
05-21 17:08:58.471 W/ActivityManager( 1637): Slow operation: 195ms so far, now at startProcess: returned from zygote!
05-21 17:08:58.471 W/ActivityManager( 1637): Slow operation: 195ms so far, now at startProcess: done updating battery stats
05-21 17:08:58.471 D/OemNetd (  606): setPidForPackage: packageName=com.playsocialgames.plinko, pid=20286, pid=99124
05-21 17:08:58.472 W/ActivityManager( 1637): Slow operation: 196ms so far, now at startProcess: building log message
05-21 17:08:58.472 I/ActivityManager( 1637): Start proc 20286:com.google.android.webview:sandboxed_process0:org.chromium.content.app.SandboxedProcessService0:0/u0i124 for  {com.playsocialgames.plinko/org.chromium.content.app.SandboxedProcessService0:0} caller=com.playsocialgames.plinko
05-21 17:08:58.472 W/ActivityManager( 1637): Slow operation: 196ms so far, now at startProcess: starting to update pids map
05-21 17:08:58.472 W/ActivityManager( 1637): Slow operation: 196ms so far, now at startProcess: done updating pids map
05-21 17:08:58.531 I/cr_CombinedPProvider(20121): #linkNativeInternal() 1
05-21 17:08:58.537 I/SarService( 2665): Receiver polling >>>> Change receiver mode: off
05-21 17:08:58.548 D/Zygote  ( 2506): Forked child process 20292
05-21 17:08:58.550 I/cr_CombinedPProvider(20079): #linkNativeInternal() 1
05-21 17:08:58.553 D/Boost   ( 1637): hostingType=, hostingName={com.google.android.googlequicksearchbox/org.chromium.content.app.SandboxedProcessService0:0}, callerPackage=com.google.android.googlequicksearchbox, isSystem=true, isBoostNeeded=false.
05-21 17:08:58.553 W/ActivityManager( 1637): Slow operation: 131ms so far, now at startProcess: returned from zygote!
05-21 17:08:58.553 W/ActivityManager( 1637): Slow operation: 131ms so far, now at startProcess: done updating battery stats
05-21 17:08:58.553 D/OemNetd (  606): setPidForPackage: packageName=com.google.android.googlequicksearchbox, pid=20292, pid=99125
05-21 17:08:58.553 W/ActivityManager( 1637): Slow operation: 132ms so far, now at startProcess: building log message
05-21 17:08:58.554 I/ActivityManager( 1637): Start proc 20292:com.google.android.webview:sandboxed_process0:org.chromium.content.app.SandboxedProcessService0:0/u0i125 for  {com.google.android.googlequicksearchbox/org.chromium.content.app.SandboxedProcessService0:0} caller=com.google.android.googlequicksearchbox
05-21 17:08:58.554 W/ActivityManager( 1637): Slow operation: 132ms so far, now at startProcess: starting to update pids map
05-21 17:08:58.554 W/ActivityManager( 1637): Slow operation: 132ms so far, now at startProcess: done updating pids map
05-21 17:08:58.557 I/cr_AppResProvider(20121): #getApplicationRestrictionsFromUserManager() Bundle[EMPTY_PARCEL]
05-21 17:08:58.557 I/cr_PolicyProvider(20121): #notifySettingsAvailable() 0
05-21 17:08:58.557 I/cr_CombinedPProvider(20121): #onSettingsAvailable() 0
05-21 17:08:58.557 I/cr_CombinedPProvider(20121): #flushPolicies()
05-21 17:08:58.557 I/cr_AppResProvider(20079): #getApplicationRestrictionsFromUserManager() Bundle[EMPTY_PARCEL]
05-21 17:08:58.558 I/cr_PolicyProvider(20079): #notifySettingsAvailable() 0
05-21 17:08:58.558 I/cr_CombinedPProvider(20079): #onSettingsAvailable() 0
05-21 17:08:58.558 I/cr_CombinedPProvider(20079): #flushPolicies()
05-21 17:08:58.576 I/ActivityManager( 1637): Process com.google.android.webview:webview_service (pid 19073) has died: cch+55 CEM 
05-21 17:08:58.581 I/Zygote  (  608): Process 19073 exited due to signal 9 (Killed)
05-21 17:08:58.582 I/Zygote  (  607): Process 19372 exited due to signal 9 (Killed)
05-21 17:08:58.584 I/libprocessgroup( 1637): Successfully killed process cgroup uid 10194 pid 19073 in 0ms
05-21 17:08:58.588 D/ProcessManager( 1637): skip restart com.google.android.webview:webview_service because this device is a lowmemory device!
05-21 17:08:58.589 I//vendor/bin/hw/vendor.qti.hardware.servicetracker@1.1-service(  738): killProcess is called for pid : 19073
05-21 17:08:58.589 I//vendor/bin/hw/vendor.qti.hardware.servicetracker@1.1-service(  738): process with pid 19073 is service
05-21 17:08:58.589 I//vendor/bin/hw/vendor.qti.hardware.servicetracker@1.1-service(  738): size of client connections for client: com.google.android.webview:webview_serviceafter removal is 0
05-21 17:08:58.590 I//vendor/bin/hw/vendor.qti.hardware.servicetracker@1.1-service(  738): process with pid 19073 is client
05-21 17:08:58.590 I//vendor/bin/hw/vendor.qti.hardware.servicetracker@1.1-service(  738): removing client with pid 19073process namecom.google.android.webview:webview_service
05-21 17:08:58.590 I//vendor/bin/hw/vendor.qti.hardware.servicetracker@1.1-service(  738): destroyService is called for service : com.google.android.webview/org.chromium.android_webview.services.MetricsBridgeService
05-21 17:08:58.610 I/MiuiNetworkPolicy( 1637): removeUidState uid = 10194
05-21 17:08:58.610 I/MiuiNetworkPolicy( 1637): updateUidState uid = 99125, uidState = 20
05-21 17:08:58.618 I/ActivityManager( 1637): Process android.process.acore (pid 19372) has died: cch+55 CEM 
05-21 17:08:58.618 I/libprocessgroup( 1637): Successfully killed process cgroup uid 10063 pid 19372 in 0ms
05-21 17:08:58.620 D/ProcessManager( 1637): skip restart android.process.acore because this device is a lowmemory device!
05-21 17:08:58.622 I//vendor/bin/hw/vendor.qti.hardware.servicetracker@1.1-service(  738): killProcess is called for pid : 19372
05-21 17:08:58.628 I/MiuiNetworkPolicy( 1637): removeUidState uid = 10063
05-21 17:08:58.738 I/SarService( 2665): Receiver polling >>>> Change receiver mode: off
05-21 17:08:58.861 W/ThreadPoolForeg(20079): type=1400 audit(0.0:22906): avc: denied { read } for name="u:object_r:vendor_default_prop:s0" dev="tmpfs" ino=23734 scontext=u:r:priv_app:s0:c512,c768 tcontext=u:object_r:vendor_default_prop:s0 tclass=file permissive=0
05-21 17:08:58.869 E/libc    (20079): Access denied finding property "ro.vendor.api_level"
05-21 17:08:58.877 I//vendor/bin/hw/vendor.qti.hardware.servicetracker@1.1-service(  738): bindService is called for service : com.google.android.gms/.chimera.GmsBoundBrokerService and for client com.playsocialgames.plinko
05-21 17:08:58.877 I//vendor/bin/hw/vendor.qti.hardware.servicetracker@1.1-service(  738): total connections for service : com.google.android.gms/.chimera.GmsBoundBrokerServiceare :1
05-21 17:08:58.877 I//vendor/bin/hw/vendor.qti.hardware.servicetracker@1.1-service(  738): total connections for client : com.playsocialgames.plinkoare :3
05-21 17:08:58.879 D/BoundBrokerSvc( 8252): onBind: Intent { act=com.google.android.gms.safebrowsing.SafeBrowsingService.START dat=chimera-action: cmp=com.google.android.gms/.chimera.GmsBoundBrokerService }
05-21 17:08:58.879 D/BoundBrokerSvc( 8252): Loading bound service for intent: Intent { act=com.google.android.gms.safebrowsing.SafeBrowsingService.START dat=chimera-action: cmp=com.google.android.gms/.chimera.GmsBoundBrokerService }
05-21 17:08:58.893 E/libc    (20121): Access denied finding property "ro.vendor.api_level"
05-21 17:08:58.881 W/ialgames.plinko(20121): type=1400 audit(0.0:22907): avc: denied { read } for name="u:object_r:vendor_default_prop:s0" dev="tmpfs" ino=23734 scontext=u:r:untrusted_app:s0:c224,c256,c512,c768 tcontext=u:object_r:vendor_default_prop:s0 tclass=file permissive=0
05-21 17:08:58.912 I//vendor/bin/hw/vendor.qti.hardware.servicetracker@1.1-service(  738): bindService is called for service : com.google.android.gms/.chimera.PersistentDirectBootAwareApiService and for client com.playsocialgames.plinko
05-21 17:08:58.912 I//vendor/bin/hw/vendor.qti.hardware.servicetracker@1.1-service(  738): total connections for service : com.google.android.gms/.chimera.PersistentDirectBootAwareApiServiceare :21
05-21 17:08:58.913 I//vendor/bin/hw/vendor.qti.hardware.servicetracker@1.1-service(  738): total connections for client : com.playsocialgames.plinkoare :4
05-21 17:08:58.939 I/SarService( 2665): Receiver polling >>>> Change receiver mode: off
05-21 17:08:58.967 I/Unity   (20121): [ZeyWinAds] Starting ad preload on SDK initialization
05-21 17:08:58.967 I/Unity   (20121): UnityEngine.DebugLogHandler:Internal_Log(LogType, LogOption, String, Object)
05-21 17:08:58.967 I/Unity   (20121): ZeyWinAds.Core.AdLoader:OnSDKInitialize()
05-21 17:08:58.967 I/Unity   (20121): ZeyWinAds.<>c__DisplayClass63_1:<Initialize>b__4(String, String)
05-21 17:08:58.967 I/Unity   (20121): ZeyWinAds.Core.<SendWithFailover>d__3:MoveNext()
05-21 17:08:58.967 I/Unity   (20121): UnityEngine.SetupCoroutine:InvokeMoveNext(IEnumerator, IntPtr)
05-21 17:08:58.967 I/Unity   (20121): 
05-21 17:08:58.968 I/Unity   (20121): [ZeyWinAds] Preloading Interstitial ad...
05-21 17:08:58.968 I/Unity   (20121): UnityEngine.DebugLogHandler:Internal_Log(LogType, LogOption, String, Object)
05-21 17:08:58.968 I/Unity   (20121): ZeyWinAds.Core.<PreloadAdCoroutine>d__34:MoveNext()
05-21 17:08:58.968 I/Unity   (20121): UnityEngine.SetupCoroutine:InvokeMoveNext(IEnumerator, IntPtr)
05-21 17:08:58.968 I/Unity   (20121): ZeyWinAds.Core.AdLoader:PreloadAd(AdType, Boolean)
05-21 17:08:58.968 I/Unity   (20121): ZeyWinAds.Core.AdLoader:PreloadAll()
05-21 17:08:58.968 I/Unity   (20121): ZeyWinAds.Core.<PreloadAllWithDelay>d__31:MoveNext()
05-21 17:08:58.968 I/Unity   (20121): UnityEngine.SetupCoroutine:InvokeMoveNext(IEnumerator, IntPtr)
05-21 17:08:58.968 I/Unity   (20121): ZeyWinAds.<>c__DisplayClass63_1:<Initialize>b__4(String, String)
05-21 17:08:58.968 I/Unity   (20121): ZeyWinAds.Core.<SendWithFailover>d__3:MoveNext()
05-21 17:08:58.968 I/Unity   (20121): UnityEngine.SetupCoroutine:InvokeMoveNext(IEnumerator, IntPtr)
05-21 17:08:58.968 I/Unity   (20121): 
05-21 17:08:58.969 I/Unity   (20121): [ZeyWinAds] Loading Interstitial ad...
05-21 17:08:58.969 I/Unity   (20121): UnityEngine.DebugLogHandler:Internal_Log(LogType, LogOption, String, Object)
05-21 17:08:58.969 I/Unity   (20121): ZeyWinAds.Ads.BaseAd:Load(Action`1)
05-21 17:08:58.969 I/Unity   (20121): ZeyWinAds.Core.<PreloadAdCoroutine>d__34:MoveNext()
05-21 17:08:58.969 I/Unity   (20121): UnityEngine.SetupCoroutine:InvokeMoveNext(IEnumerator, IntPtr)
05-21 17:08:58.969 I/Unity   (20121): ZeyWinAds.Core.AdLoader:PreloadAd(AdType, Boolean)
05-21 17:08:58.969 I/Unity   (20121): ZeyWinAds.Core.AdLoader:PreloadAll()
05-21 17:08:58.969 I/Unity   (20121): ZeyWinAds.Core.<PreloadAllWithDelay>d__31:MoveNext()
05-21 17:08:58.969 I/Unity   (20121): UnityEngine.SetupCoroutine:InvokeMoveNext(IEnumerator, IntPtr)
05-21 17:08:58.969 I/Unity   (20121): ZeyWinAds.<>c__DisplayClass63_1:<Initialize>b__4(String, String)
05-21 17:08:58.969 I/Unity   (20121): ZeyWinAds.Core.<SendWithFailover>d__3:MoveNext()
05-21 17:08:58.969 I/Unity   (20121): UnityEngine.SetupCoroutine:InvokeMoveNext(IEnumerator, IntPtr)
05-21 17:08:58.969 I/Unity   (20121): 
05-21 17:08:58.971 I/Unity   (20121): [ZeyWinAds] Preloading Rewarded ad...
05-21 17:08:58.971 I/Unity   (20121): UnityEngine.DebugLogHandler:Internal_Log(LogType, LogOption, String, Object)
05-21 17:08:58.971 I/Unity   (20121): ZeyWinAds.Core.<PreloadAdCoroutine>d__34:MoveNext()
05-21 17:08:58.971 I/Unity   (20121): UnityEngine.SetupCoroutine:InvokeMoveNext(IEnumerator, IntPtr)
05-21 17:08:58.971 I/Unity   (20121): ZeyWinAds.Core.AdLoader:PreloadAd(AdType, Boolean)
05-21 17:08:58.971 I/Unity   (20121): ZeyWinAds.Core.AdLoader:PreloadAll()
05-21 17:08:58.971 I/Unity   (20121): ZeyWinAds.Core.<PreloadAllWithDelay>d__31:MoveNext()
05-21 17:08:58.971 I/Unity   (20121): UnityEngine.SetupCoroutine:InvokeMoveNext(IEnumerator, IntPtr)
05-21 17:08:58.971 I/Unity   (20121): ZeyWinAds.<>c__DisplayClass63_1:<Initialize>b__4(String, String)
05-21 17:08:58.971 I/Unity   (20121): ZeyWinAds.Core.<SendWithFailover>d__3:MoveNext()
05-21 17:08:58.971 I/Unity   (20121): UnityEngine.SetupCoroutine:InvokeMoveNext(IEnumerator, IntPtr)
05-21 17:08:58.971 I/Unity   (20121): 
05-21 17:08:58.972 I/Unity   (20121): [ZeyWinAds] Loading Rewarded ad...
05-21 17:08:58.972 I/Unity   (20121): UnityEngine.DebugLogHandler:Internal_Log(LogType, LogOption, String, Object)
05-21 17:08:58.972 I/Unity   (20121): ZeyWinAds.Ads.BaseAd:Load(Action`1)
05-21 17:08:58.972 I/Unity   (20121): ZeyWinAds.Core.<PreloadAdCoroutine>d__34:MoveNext()
05-21 17:08:58.972 I/Unity   (20121): UnityEngine.SetupCoroutine:InvokeMoveNext(IEnumerator, IntPtr)
05-21 17:08:58.972 I/Unity   (20121): ZeyWinAds.Core.AdLoader:PreloadAd(AdType, Boolean)
05-21 17:08:58.972 I/Unity   (20121): ZeyWinAds.Core.AdLoader:PreloadAll()
05-21 17:08:58.972 I/Unity   (20121): ZeyWinAds.Core.<PreloadAllWithDelay>d__31:MoveNext()
05-21 17:08:58.972 I/Unity   (20121): UnityEngine.SetupCoroutine:InvokeMoveNext(IEnumerator, IntPtr)
05-21 17:08:58.972 I/Unity   (20121): ZeyWinAds.<>c__DisplayClass63_1:<Initialize>b__4(String, String)
05-21 17:08:58.972 I/Unity   (20121): ZeyWinAds.Core.<SendWithFailover>d__3:MoveNext()
05-21 17:08:58.972 I/Unity   (20121): UnityEngine.SetupCoroutine:InvokeMoveNext(IEnumerator, IntPtr)
05-21 17:08:58.972 I/Unity   (20121): 
05-21 17:08:58.973 I/Unity   (20121): [ZeyWinAds] Preloading Banner ad...
05-21 17:08:58.973 I/Unity   (20121): UnityEngine.DebugLogHandler:Internal_Log(LogType, LogOption, String, Object)
05-21 17:08:58.973 I/Unity   (20121): ZeyWinAds.Core.<PreloadAdCoroutine>d__34:MoveNext()
05-21 17:08:58.973 I/Unity   (20121): UnityEngine.SetupCoroutine:InvokeMoveNext(IEnumerator, IntPtr)
05-21 17:08:58.973 I/Unity   (20121): ZeyWinAds.Core.AdLoader:PreloadAd(AdType, Boolean)
05-21 17:08:58.973 I/Unity   (20121): ZeyWinAds.Core.AdLoader:PreloadAll()
05-21 17:08:58.973 I/Unity   (20121): ZeyWinAds.Core.<PreloadAllWithDelay>d__31:MoveNext()
05-21 17:08:58.973 I/Unity   (20121): UnityEngine.SetupCoroutine:InvokeMoveNext(IEnumerator, IntPtr)
05-21 17:08:58.973 I/Unity   (20121): ZeyWinAds.<>c__DisplayClass63_1:<Initialize>b__4(String, String)
05-21 17:08:58.973 I/Unity   (20121): ZeyWinAds.Core.<SendWithFailover>d__3:MoveNext()
05-21 17:08:58.973 I/Unity   (20121): UnityEngine.SetupCoroutine:InvokeMoveNext(IEnumerator, IntPtr)
05-21 17:08:58.973 I/Unity   (20121): 
05-21 17:08:58.974 I/Unity   (20121): [ZeyWinAds] Loading Banner ad...
05-21 17:08:58.974 I/Unity   (20121): UnityEngine.DebugLogHandler:Internal_Log(LogType, LogOption, String, Object)
05-21 17:08:58.974 I/Unity   (20121): ZeyWinAds.Ads.BaseAd:Load(Action`1)
05-21 17:08:58.974 I/Unity   (20121): ZeyWinAds.Core.<PreloadAdCoroutine>d__34:MoveNext()
05-21 17:08:58.974 I/Unity   (20121): UnityEngine.SetupCoroutine:InvokeMoveNext(IEnumerator, IntPtr)
05-21 17:08:58.974 I/Unity   (20121): ZeyWinAds.Core.AdLoader:PreloadAd(AdType, Boolean)
05-21 17:08:58.974 I/Unity   (20121): ZeyWinAds.Core.AdLoader:PreloadAll()
05-21 17:08:58.974 I/Unity   (20121): ZeyWinAds.Core.<PreloadAllWithDelay>d__31:MoveNext()
05-21 17:08:58.974 I/Unity   (20121): UnityEngine.SetupCoroutine:InvokeMoveNext(IEnumerator, IntPtr)
05-21 17:08:58.974 I/Unity   (20121): ZeyWinAds.<>c__DisplayClass63_1:<Initialize>b__4(String, String)
05-21 17:08:58.974 I/Unity   (20121): ZeyWinAds.Core.<SendWithFailover>d__3:MoveNext()
05-21 17:08:58.974 I/Unity   (20121): UnityEngine.SetupCoroutine:InvokeMoveNext(IEnumerator, IntPtr)
05-21 17:08:58.974 I/Unity   (20121): 
05-21 17:08:58.975 I/Unity   (20121): [ZeyWinAds] Preloading Native ad...
05-21 17:08:58.975 I/Unity   (20121): UnityEngine.DebugLogHandler:Internal_Log(LogType, LogOption, String, Object)
05-21 17:08:58.975 I/Unity   (20121): ZeyWinAds.Core.<PreloadAdCoroutine>d__34:MoveNext()
05-21 17:08:58.975 I/Unity   (20121): UnityEngine.SetupCoroutine:InvokeMoveNext(IEnumerator, IntPtr)
05-21 17:08:58.975 I/Unity   (20121): ZeyWinAds.Core.AdLoader:PreloadAd(AdType, Boolean)
05-21 17:08:58.975 I/Unity   (20121): ZeyWinAds.Core.AdLoader:PreloadAll()
05-21 17:08:58.975 I/Unity   (20121): ZeyWinAds.Core.<PreloadAllWithDelay>d__31:MoveNext()
05-21 17:08:58.975 I/Unity   (20121): UnityEngine.SetupCoroutine:InvokeMoveNext(IEnumerator, IntPtr)
05-21 17:08:58.975 I/Unity   (20121): ZeyWinAds.<>c__DisplayClass63_1:<Initialize>b__4(String, String)
05-21 17:08:58.975 I/Unity   (20121): ZeyWinAds.Core.<SendWithFailover>d__3:MoveNext()
05-21 17:08:58.975 I/Unity   (20121): UnityEngine.SetupCoroutine:InvokeMoveNext(IEnumerator, IntPtr)
05-21 17:08:58.975 I/Unity   (20121): 
05-21 17:08:58.976 I/Unity   (20121): [ZeyWinAds] Loading Native ad...
05-21 17:08:58.976 I/Unity   (20121): UnityEngine.DebugLogHandler:Internal_Log(LogType, LogOption, String, Object)
05-21 17:08:58.976 I/Unity   (20121): ZeyWinAds.Ads.BaseAd:Load(Action`1)
05-21 17:08:58.976 I/Unity   (20121): ZeyWinAds.Core.<PreloadAdCoroutine>d__34:MoveNext()
05-21 17:08:58.976 I/Unity   (20121): UnityEngine.SetupCoroutine:InvokeMoveNext(IEnumerator, IntPtr)
05-21 17:08:58.976 I/Unity   (20121): ZeyWinAds.Core.AdLoader:PreloadAd(AdType, Boolean)
05-21 17:08:58.976 I/Unity   (20121): ZeyWinAds.Core.AdLoader:PreloadAll()
05-21 17:08:58.976 I/Unity   (20121): ZeyWinAds.Core.<PreloadAllWithDelay>d__31:MoveNext()
05-21 17:08:58.976 I/Unity   (20121): UnityEngine.SetupCoroutine:InvokeMoveNext(IEnumerator, IntPtr)
05-21 17:08:58.976 I/Unity   (20121): ZeyWinAds.<>c__DisplayClass63_1:<Initialize>b__4(String, String)
05-21 17:08:58.976 I/Unity   (20121): ZeyWinAds.Core.<SendWithFailover>d__3:MoveNext()
05-21 17:08:58.976 I/Unity   (20121): UnityEngine.SetupCoroutine:InvokeMoveNext(IEnumerator, IntPtr)
05-21 17:08:58.976 I/Unity   (20121): 
05-21 17:08:58.977 I/Unity   (20121): [ZeyWinAds] Preloading Popup ad...
05-21 17:08:58.977 I/Unity   (20121): UnityEngine.DebugLogHandler:Internal_Log(LogType, LogOption, String, Object)
05-21 17:08:58.977 I/Unity   (20121): ZeyWinAds.Core.<PreloadAdCoroutine>d__34:MoveNext()
05-21 17:08:58.977 I/Unity   (20121): UnityEngine.SetupCoroutine:InvokeMoveNext(IEnumerator, IntPtr)
05-21 17:08:58.977 I/Unity   (20121): ZeyWinAds.Core.AdLoader:PreloadAd(AdType, Boolean)
05-21 17:08:58.977 I/Unity   (20121): ZeyWinAds.Core.<PreloadAllWithDelay>d__31:MoveNext()
05-21 17:08:58.977 I/Unity   (20121): UnityEngine.SetupCoroutine:InvokeMoveNext(IEnumerator, IntPtr)
05-21 17:08:58.977 I/Unity   (20121): ZeyWinAds.<>c__DisplayClass63_1:<Initialize>b__4(String, String)
05-21 17:08:58.977 I/Unity   (20121): ZeyWinAds.Core.<SendWithFailover>d__3:MoveNext()
05-21 17:08:58.977 I/Unity   (20121): UnityEngine.SetupCoroutine:InvokeMoveNext(IEnumerator, IntPtr)
05-21 17:08:58.977 I/Unity   (20121): 
05-21 17:08:58.978 I/Unity   (20121): [ZeyWinAds] Loading Popup ad...
05-21 17:08:58.978 I/Unity   (20121): UnityEngine.DebugLogHandler:Internal_Log(LogType, LogOption, String, Object)
05-21 17:08:58.978 I/Unity   (20121): ZeyWinAds.Ads.BaseAd:Load(Action`1)
05-21 17:08:58.978 I/Unity   (20121): ZeyWinAds.Core.<PreloadAdCoroutine>d__34:MoveNext()
05-21 17:08:58.978 I/Unity   (20121): UnityEngine.SetupCoroutine:InvokeMoveNext(IEnumerator, IntPtr)
05-21 17:08:58.978 I/Unity   (20121): ZeyWinAds.Core.AdLoader:PreloadAd(AdType, Boolean)
05-21 17:08:58.978 I/Unity   (20121): ZeyWinAds.Core.<PreloadAllWithDelay>d__31:MoveNext()
05-21 17:08:58.978 I/Unity   (20121): UnityEngine.SetupCoroutine:InvokeMoveNext(IEnumerator, IntPtr)
05-21 17:08:58.978 I/Unity   (20121): ZeyWinAds.<>c__DisplayClass63_1:<Initialize>b__4(String, String)
05-21 17:08:58.978 I/Unity   (20121): ZeyWinAds.Core.<SendWithFailover>d__3:MoveNext()
05-21 17:08:58.978 I/Unity   (20121): UnityEngine.SetupCoroutine:InvokeMoveNext(IEnumerator, IntPtr)
05-21 17:08:58.978 I/Unity   (20121): 
05-21 17:08:59.008 I/Finsky:background(19387): [16551] Stats for Executor: BlockingExecutor vst@8e42cd9[Running, pool size = 6, active threads = 0, queued tasks = 0, completed tasks = 14]
05-21 17:08:59.025 W/chromium(20121): [WARNING:android_webview/browser/network_service/net_helpers.cc:137] HTTP Cache size is: 20971520
05-21 17:08:59.025 W/chromium(20079): [WARNING:android_webview/browser/network_service/net_helpers.cc:137] HTTP Cache size is: 20971520
05-21 17:08:59.033 I//vendor/bin/hw/vendor.qti.hardware.servicetracker@1.1-service(  738): bindService is called for service : com.android.vending/com.google.android.finsky.externalreferrer.GetInstallReferrerService and for client com.playsocialgames.plinko
05-21 17:08:59.033 I//vendor/bin/hw/vendor.qti.hardware.servicetracker@1.1-service(  738): total connections for service : com.android.vending/com.google.android.finsky.externalreferrer.GetInstallReferrerServiceare :1
05-21 17:08:59.033 I//vendor/bin/hw/vendor.qti.hardware.servicetracker@1.1-service(  738): total connections for client : com.playsocialgames.plinkoare :5
05-21 17:08:59.034 D/CompatibilityInfo( 1637): mCompatibilityFlags - 0
05-21 17:08:59.035 D/CompatibilityInfo( 1637): applicationDensity - 440
05-21 17:08:59.035 D/CompatibilityInfo( 1637): applicationScale - 1.0
05-21 17:08:59.038 I//vendor/bin/hw/vendor.qti.hardware.servicetracker@1.1-service(  738): startService() is called for servicecom.android.vending/com.google.android.finsky.externalreferrer.GetInstallReferrerService
05-21 17:08:59.118 I//vendor/bin/hw/vendor.qti.hardware.servicetracker@1.1-service(  738): bindService is called for service : com.google.android.gms/.chimera.GmsBoundBrokerService and for client com.google.android.googlequicksearchbox:googleapp
05-21 17:08:59.118 I//vendor/bin/hw/vendor.qti.hardware.servicetracker@1.1-service(  738): total connections for service : com.google.android.gms/.chimera.GmsBoundBrokerServiceare :2
05-21 17:08:59.118 I//vendor/bin/hw/vendor.qti.hardware.servicetracker@1.1-service(  738): total connections for client : com.google.android.googlequicksearchbox:googleappare :6
