05-21 20:14:00.002 W/PlayGamesServices[DataBroker]( 8252): No player ID found when refreshing
05-21 20:14:00.004 W/PlayGamesServices[DataBroker]( 8252): No player ID found when refreshing
05-21 20:14:00.005 W/PlayGamesServices[DataBroker]( 8252): No player ID found when refreshing
05-21 20:14:00.009 W/PlayGamesServices[DataBroker]( 8252): No player ID found when refreshing
05-21 20:14:00.048 I/SarService( 2665): Receiver polling >>>> Change receiver mode: off
05-21 20:14:00.063 D/FirebaseSessions(32111): Initializing Firebase Sessions SDK.
05-21 20:14:00.065 I/FirebaseCrashlytics(32111): Initializing Firebase Crashlytics 19.0.0 for com.xiaomi.discover
05-21 20:14:00.066 W/ialgames.plink(32078): ClassLoaderContext type mismatch. expected=PCL, found=DLC (PCL[] | DLC[];PCL[/data/app/com.playsocialgames.plinko-8mzhVc1lXZ1AHuMwp1Zc6g==/base.apk*1044791252:/data/app/com.playsocialgames.plinko-8mzhVc1lXZ1AHuMwp1Zc6g==/base.apk!classes2.dex*2178065884:/data/app/com.playsocialgames.plinko-8mzhVc1lXZ1AHuMwp1Zc6g==/base.apk!classes3.dex*3707818797]{PCL[/system/framework/org.apache.http.legacy.jar*2820881278]})
05-21 20:14:00.081 D/CompatibilityInfo( 1637): mCompatibilityFlags - 0
05-21 20:14:00.081 D/CompatibilityInfo( 1637): applicationDensity - 440
05-21 20:14:00.081 D/CompatibilityInfo( 1637): applicationScale - 1.0
05-21 20:14:00.087 W/ialgames.plink(32078): Found duplicate classes, falling back to extracting from APK : /data/user_de/0/com.google.android.gms/app_chimera/m/00000250/dl-AdsFdrDynamite.integ_260480602100000.apk
05-21 20:14:00.087 W/ialgames.plink(32078): NOTE: This wastes RAM and hurts startup performance.
05-21 20:14:00.087 W/ialgames.plink(32078): Found duplicated class when checking oat files: 'Landroid/support/v4/graphics/drawable/IconCompatParcelizer;' in /data/app/com.playsocialgames.plinko-8mzhVc1lXZ1AHuMwp1Zc6g==/base.apk and /data/user_de/0/com.google.android.gms/app_chimera/m/00000250/dl-AdsFdrDynamite.integ_260480602100000.apk
05-21 20:14:00.087 W/ialgames.plink(32078): 
05-21 20:14:00.091 I/NetworkScheduler.Stats( 5178): (REDACTED) Task %s/%s finished executing. cause:%s result: %s elapsed_millis: %s uptime_millis: %s exec_start_elapsed_seconds: %s
05-21 20:14:00.111 D/BoundBrokerSvc( 8252): onBind: Intent { act=com.google.android.gms.safebrowsing.SafeBrowsingService.START dat=chimera-action: cmp=com.google.android.gms/.chimera.GmsBoundBrokerService }
05-21 20:14:00.111 D/BoundBrokerSvc( 8252): Loading bound service for intent: Intent { act=com.google.android.gms.safebrowsing.SafeBrowsingService.START dat=chimera-action: cmp=com.google.android.gms/.chimera.GmsBoundBrokerService }
05-21 20:14:00.119 D/FancyDrawable( 2695): doPause:   [miui.maml.FancyDrawable@7994a90]
05-21 20:14:00.119 D/MultipleRenderable( 2695): setPause: true miui.maml.FancyDrawable@7994a90
05-21 20:14:00.119 D/RendererCore( 2695): self pause: miui.maml.RendererCore@354c94d
05-21 20:14:00.119 D/ScreenElementRoot( 2695): pause
05-21 20:14:00.122 W/PlayGamesServices[UiUtils]( 8252): AppVersion: Cannot find the installed destination app.
05-21 20:14:00.123 I/GetServiceValidatorImpl( 8252): (REDACTED) onGetService() from Client SDK version [%s], Module version [%s], PGA version [%s], Account [%s], Calling package [%s], Game package [%s]
05-21 20:14:00.126 I/GetGamesServiceReqFacto( 8252): (REDACTED) Parsing request with ignored arguments. signInOptionsBundle [%s], isRetryingSignIn [%s], skipWelcomePopup [%s], requireGooglePlus [%s]
05-21 20:14:00.127 I/GetGamesServiceReqFacto( 8252): Replacing request for `games` scope with `games_lite`
05-21 20:14:00.131 I/NetworkScheduler.Stats( 5178): (REDACTED) Task %s/%s finished executing. cause:%s result: %s elapsed_millis: %s uptime_millis: %s exec_start_elapsed_seconds: %s
05-21 20:14:00.134 D/CompatibilityInfo( 1637): mCompatibilityFlags - 0
05-21 20:14:00.134 D/CompatibilityInfo( 1637): applicationDensity - 440
05-21 20:14:00.134 D/CompatibilityInfo( 1637): applicationScale - 1.0
05-21 20:14:00.145 I/SignInPerformer-3( 8252): (REDACTED) Handling request [%s], isFirstPartyCaller [%s]
05-21 20:14:00.148 I/SignInPerformer-3( 8252): Successfully brokered first-party unauthenticated GamesService [CONTEXT service_id=1 ]
05-21 20:14:00.152 I/GetGamesServiceV2Op( 8252): (REDACTED) Successfully brokered GamesService for request %s
05-21 20:14:00.154 W/PlayGamesServices[UiUtils]( 8252): AppVersion: Cannot find the installed destination app.
05-21 20:14:00.155 W/PlayGamesServices[UiUtils]( 8252): AppVersionName: Cannot find the installed destination app.
05-21 20:14:00.163 W/PlayGamesServices[UiUtils]( 8252): AppVersion: Cannot find the installed destination app.
05-21 20:14:00.164 W/PlayGamesServices[UiUtils]( 8252): AppVersionName: Cannot find the installed destination app.
05-21 20:14:00.202 D/CompatibilityInfo( 1637): mCompatibilityFlags - 0
05-21 20:14:00.202 D/CompatibilityInfo( 1637): applicationDensity - 440
05-21 20:14:00.202 D/CompatibilityInfo( 1637): applicationScale - 1.0
05-21 20:14:00.216 I/NetworkScheduler.Stats( 5178): (REDACTED) Task %s/%s started execution. cause:%s exec_start_elapsed_seconds: %s
05-21 20:14:00.226 I/PlayGamesServices[GamesSyncAdapter]( 8252): Starting sync for 500de9af
05-21 20:14:00.231 I/PlayGamesServices[GamesSyncAdapter]( 8252): Sync duration for 500de9af: 4
05-21 20:14:00.231 D/EgretLoader(31723): EgretLoader(Context context)
05-21 20:14:00.232 D/EgretLoader(31723): The context is not activity
05-21 20:14:00.248 I/SarService( 2665): Receiver polling >>>> Change receiver mode: off
05-21 20:14:00.265 I/NetworkScheduler.Stats( 5178): (REDACTED) Task %s/%s started execution. cause:%s exec_start_elapsed_seconds: %s
05-21 20:14:00.269 I/PlayGamesServices[GamesSyncAdapter]( 8252): Starting sync for 72c5fa72
05-21 20:14:00.274 I/PlayGamesServices[GamesSyncAdapter]( 8252): Sync duration for 72c5fa72: 5
05-21 20:14:00.284 W/PlayGamesServices[DataBroker]( 8252): No player ID found when refreshing
05-21 20:14:00.313 W/PlayGamesServices[DataBroker]( 8252): No player ID found when refreshing
05-21 20:14:00.313 W/PlayGamesServices[DataBroker]( 8252): No player ID found when refreshing
05-21 20:14:00.313 W/PlayGamesServices[DataBroker]( 8252): No player ID found when refreshing
05-21 20:14:00.314 W/PlayGamesServices[DataBroker]( 8252): No player ID found when refreshing
05-21 20:14:00.314 W/PlayGamesServices[DataBroker]( 8252): No player ID found when refreshing
05-21 20:14:00.315 W/PlayGamesServices[DataBroker]( 8252): No player ID found when refreshing
05-21 20:14:00.315 W/PlayGamesServices[DataBroker]( 8252): No player ID found when refreshing
05-21 20:14:00.316 W/PlayGamesServices[DataBroker]( 8252): No player ID found when refreshing
05-21 20:14:00.316 W/PlayGamesServices[DataBroker]( 8252): No player ID found when refreshing
05-21 20:14:00.317 W/PlayGamesServices[DataBroker]( 8252): No player ID found when refreshing
05-21 20:14:00.317 W/PlayGamesServices[DataBroker]( 8252): No player ID found when refreshing
05-21 20:14:00.327 W/PlayGamesServices[DataBroker]( 8252): No player ID found when refreshing
05-21 20:14:00.334 W/PlayGamesServices[UiUtils]( 8252): AppVersion: Cannot find the installed destination app.
05-21 20:14:00.335 W/PlayGamesServices[UiUtils]( 8252): AppVersionName: Cannot find the installed destination app.
05-21 20:14:00.336 I/NetworkScheduler.Stats( 5178): (REDACTED) Task %s/%s finished executing. cause:%s result: %s elapsed_millis: %s uptime_millis: %s exec_start_elapsed_seconds: %s
05-21 20:14:00.339 W/PlayGamesServices[DataBroker]( 8252): No player ID found when refreshing
05-21 20:14:00.345 W/PlayGamesServices[DataBroker]( 8252): No player ID found when refreshing
05-21 20:14:00.361 W/PlayGamesServices[UiUtils]( 8252): AppVersion: Cannot find the installed destination app.
05-21 20:14:00.364 W/PlayGamesServices[UiUtils]( 8252): AppVersionName: Cannot find the installed destination app.
05-21 20:14:00.375 I/vendor.qti.bluetooth@1.0-ibs_handler(  695): ProcessIbsCmd: Received IBS_WAKE_IND: 0xFD
05-21 20:14:00.375 D/vendor.qti.bluetooth@1.0-ibs_handler(  695): SerialClockVote: vote for UART CLK ON
05-21 20:14:00.376 D/vendor.qti.bluetooth@1.0-wake_lock(  695): Acquire wakelock is acquired 
05-21 20:14:00.376 I/vendor.qti.bluetooth@1.0-ibs_handler(  695): ProcessIbsCmd: Writing IBS_WAKE_ACK
05-21 20:14:00.377 V/bt_stack( 5466): [VERBOSE1:btm_ble_gap.cc(1847)] btm_ble_process_adv_addr: bda=61:fe:00:44:8e:61
05-21 20:14:00.377 V/bt_stack( 5466): [VERBOSE1:btm_ble_gap.cc(2052)]  Waiting for scan response 61:fe:00:44:8e:61
05-21 20:14:00.399 I/NetworkScheduler.Stats( 5178): (REDACTED) Task %s/%s started execution. cause:%s exec_start_elapsed_seconds: %s
05-21 20:14:00.404 I/PlayGamesServices[GamesSyncAdapter]( 8252): Starting sync for a3517c28
05-21 20:14:00.404 D/ConnectivityService( 1637): requestNetwork for uid/pid:10445/32078 NetworkRequest [ TRACK_DEFAULT id=3389, [ Capabilities: INTERNET&NOT_RESTRICTED&TRUSTED Uid: 10445] ]
05-21 20:14:00.405 D/WIFI_AWARE_FACTORY( 1637): got request NetworkRequest [ TRACK_DEFAULT id=3389, [ Capabilities: INTERNET&NOT_RESTRICTED&TRUSTED Uid: 10445] ] with score 50 and serial 5
05-21 20:14:00.406 D/UntrustedWifiNetworkFactory( 1637): got request NetworkRequest [ TRACK_DEFAULT id=3389, [ Capabilities: INTERNET&NOT_RESTRICTED&TRUSTED Uid: 10445] ] with score 50 and serial 5
05-21 20:14:00.406 D/WifiNetworkFactory( 1637): got request NetworkRequest [ TRACK_DEFAULT id=3389, [ Capabilities: INTERNET&NOT_RESTRICTED&TRUSTED Uid: 10445] ] with score 50 and serial 5
05-21 20:14:00.406 D/Ethernet( 1637): got request NetworkRequest [ TRACK_DEFAULT id=3389, [ Capabilities: INTERNET&NOT_RESTRICTED&TRUSTED Uid: 10445] ] with score 50 and serial 5
05-21 20:14:00.406 D/PhoneSwitcherNetworkRequstListener( 2665): got request NetworkRequest [ TRACK_DEFAULT id=3389, [ Capabilities: INTERNET&NOT_RESTRICTED&TRUSTED Uid: 10445] ] with score 50 and serial 5
05-21 20:14:00.407 I/PlayGamesServices[GamesSyncAdapter]( 8252): Sync duration for a3517c28: 3
05-21 20:14:00.413 I/Ads     (32078): Updating ad debug logging enablement.
05-21 20:14:00.417 I/vendor.qti.bluetooth@1.0-ibs_handler(  695): ProcessIbsCmd: Received IBS_SLEEP_IND: 0xFE
05-21 20:14:00.417 D/vendor.qti.bluetooth@1.0-ibs_handler(  695): SerialClockVote: vote for UART CLK OFF
05-21 20:14:00.419 I/NetworkScheduler.Stats( 5178): (REDACTED) Task %s/%s finished executing. cause:%s result: %s elapsed_millis: %s uptime_millis: %s exec_start_elapsed_seconds: %s
05-21 20:14:00.427 W/Ads     (32078): Update ad debug logging enablement as false
05-21 20:14:00.437 D/SessionsDependencies(32111): Subscriber CRASHLYTICS registered.
05-21 20:14:00.445 D/LifecycleServiceBinder(32111): Binding service to application.
05-21 20:14:00.449 I/SarService( 2665): Receiver polling >>>> Change receiver mode: off
05-21 20:14:00.449 W/PlayGamesServices[DataBroker]( 8252): No player ID found when refreshing
05-21 20:14:00.450 W/PlayGamesServices[DataBroker]( 8252): No player ID found when refreshing
05-21 20:14:00.451 W/PlayGamesServices[DataBroker]( 8252): No player ID found when refreshing
05-21 20:14:00.452 D/CompatibilityInfo( 1637): mCompatibilityFlags - 0
05-21 20:14:00.452 D/CompatibilityInfo( 1637): applicationDensity - 440
05-21 20:14:00.452 D/CompatibilityInfo( 1637): applicationScale - 1.0
05-21 20:14:00.452 W/PlayGamesServices[DataBroker]( 8252): No player ID found when refreshing
05-21 20:14:00.453 W/PlayGamesServices[DataBroker]( 8252): No player ID found when refreshing
05-21 20:14:00.454 I/MiuiNetworkPolicy( 1637): updateUidState uid = 10111, uidState = 11
05-21 20:14:00.455 D/SessionLifecycleService(32111): Service bound to new client on process 32111
05-21 20:14:00.455 W/PlayGamesServices[DataBroker]( 8252): No player ID found when refreshing
05-21 20:14:00.459 W/PlayGamesServices[DataBroker]( 8252): No player ID found when refreshing
05-21 20:14:00.460 I/MiuiNetworkPolicy( 1637): updateUidState uid = 10111, uidState = 20
05-21 20:14:00.461 W/PlayGamesServices[DataBroker]( 8252): No player ID found when refreshing
05-21 20:14:00.478 W/PlayGamesServices[DataBroker]( 8252): No player ID found when refreshing
05-21 20:14:00.478 D/SessionLifecycleClient(32111): Connected to SessionLifecycleService. Queue size 0
05-21 20:14:00.479 D/SessionLifecycleService(32111): App has not yet foregrounded. Using previously stored session: null
05-21 20:14:00.479 D/SessionLifecycleService(32111): Client android.os.Messenger@40af7cf bound at 93836929. Clients: 1
05-21 20:14:00.479 W/PlayGamesServices[DataBroker]( 8252): No player ID found when refreshing
05-21 20:14:00.480 W/PlayGamesServices[DataBroker]( 8252): No player ID found when refreshing
05-21 20:14:00.481 I/NetworkScheduler.Stats( 5178): (REDACTED) Task %s/%s started execution. cause:%s exec_start_elapsed_seconds: %s
05-21 20:14:00.481 W/PlayGamesServices[DataBroker]( 8252): No player ID found when refreshing
05-21 20:14:00.489 W/Looper  (31723): Slow Looper main: Long Msg: seq=44 plan=20:13:53.568  late=0ms wall=6921ms running=696ms runnable=233ms io=5005ms h=com.google.android.gms.ads.internal.util.f c=com.google.android.gms.ads.internal.js.r
05-21 20:14:00.490 I/PlayGamesServices[GamesSyncAdapter]( 8252): Starting sync for 1647351f
05-21 20:14:00.496 I/PlayGamesServices[GamesSyncAdapter]( 8252): Sync duration for 1647351f: 2
05-21 20:14:00.511 I/sensors-hal(  710): batch:180, android.sensor.accelerometer/44, period=20000000, max_latency=0
05-21 20:14:00.511 I/sensors-hal(  710): batch:189, android.sensor.accelerometer/44, period=20000000, max_latency=0 request completed
05-21 20:14:00.513 W/PlayGamesServices[UiUtils]( 8252): AppVersion: Cannot find the installed destination app.
05-21 20:14:00.513 I/NetworkScheduler.Stats( 5178): (REDACTED) Task %s/%s finished executing. cause:%s result: %s elapsed_millis: %s uptime_millis: %s exec_start_elapsed_seconds: %s
05-21 20:14:00.516 I/sensors-hal(  710): activate:147, android.sensor.gyroscope/34 en=0
05-21 20:14:00.518 D/CompatibilityInfo( 1637): mCompatibilityFlags - 0
05-21 20:14:00.518 W/PlayGamesServices[UiUtils]( 8252): AppVersionName: Cannot find the installed destination app.
05-21 20:14:00.518 D/CompatibilityInfo( 1637): applicationDensity - 440
05-21 20:14:00.518 D/CompatibilityInfo( 1637): applicationScale - 1.0
05-21 20:14:00.520 I/DynamiteModule(32111): Considering local module com.google.android.gms.measurement.dynamite:112 and remote module com.google.android.gms.measurement.dynamite:191
05-21 20:14:00.520 I/DynamiteModule(32111): Selected remote version of com.google.android.gms.measurement.dynamite, version >= 191
05-21 20:14:00.520 V/DynamiteModule(32111): Dynamite loader version >= 2, using loadModule2NoCrashUtils
05-21 20:14:00.525 I/MiuiNetworkPolicy( 1637): updateUidState uid = 10176, uidState = 4
05-21 20:14:00.537 I/sensors-hal(  710): activate:158, android.sensor.gyroscope/34 en=0 completed
05-21 20:14:00.540 I//vendor/bin/adsprpcd(  922): vendor/qcom/proprietary/commonsys-intf/adsprpc/src/apps_std_imp.c:722: Successfully opened file /mnt/vendor/persist/sensors/registry/temp.json
05-21 20:14:00.542 I/WebViewFactory(32078): Loading com.google.android.webview version 147.0.7727.137 (code 772713701)
05-21 20:14:00.545 I//vendor/bin/adsprpcd(  922): vendor/qcom/proprietary/commonsys-intf/adsprpc/src/apps_std_imp.c:722: Successfully opened file /mnt/vendor/persist/sensors/registry/temp.json
05-21 20:14:00.547 W/PlayGamesServices[DataBroker]( 8252): No player ID found when refreshing
05-21 20:14:00.548 I//vendor/bin/adsprpcd(  922): vendor/qcom/proprietary/commonsys-intf/adsprpc/src/apps_std_imp.c:722: Successfully opened file /mnt/vendor/persist/sensors/registry/temp.json
05-21 20:14:00.549 W/PlayGamesServices[DataBroker]( 8252): No player ID found when refreshing
05-21 20:14:00.553 W/PlayGamesServices[DataBroker]( 8252): No player ID found when refreshing
05-21 20:14:00.555 I//vendor/bin/adsprpcd(  922): vendor/qcom/proprietary/commonsys-intf/adsprpc/src/apps_std_imp.c:722: Successfully opened file /mnt/vendor/persist/sensors/registry/temp.json
05-21 20:14:00.555 W/PlayGamesServices[DataBroker]( 8252): No player ID found when refreshing
05-21 20:14:00.567 W/PlayGamesServices[DataBroker]( 8252): No player ID found when refreshing
05-21 20:14:00.567 D/vendor.qti.bluetooth@1.0-wake_lock(  695): Release wakelock is released 
05-21 20:14:00.568 W/PlayGamesServices[DataBroker]( 8252): No player ID found when refreshing
05-21 20:14:00.578 I/MiuiNetworkPolicy( 1637): updateUidState uid = 99096, uidState = 4
05-21 20:14:00.578 I/MiuiNetworkPolicy( 1637): updateUidState uid = 10188, uidState = 2
05-21 20:14:00.581 W/PlayGamesServices[DataBroker]( 8252): No player ID found when refreshing
05-21 20:14:00.591 W/PlayGamesServices[DataBroker]( 8252): No player ID found when refreshing
05-21 20:14:00.609 W/Unity   (32078): [ZeyWinAds] Server error: No ads available
05-21 20:14:00.609 W/Unity   (32078): UnityEngine.DebugLogHandler:Internal_Log(LogType, LogOption, String, Object)
05-21 20:14:00.609 W/Unity   (32078): ZeyWinAds.Core.<RequestAdCoroutine>d__23:MoveNext()
05-21 20:14:00.609 W/Unity   (32078): UnityEngine.SetupCoroutine:InvokeMoveNext(IEnumerator, IntPtr)
05-21 20:14:00.609 W/Unity   (32078): 
05-21 20:14:00.611 W/Unity   (32078): [ZeyWinAds] Interstitial ad failed to load: No ads available
05-21 20:14:00.611 W/Unity   (32078): UnityEngine.DebugLogHandler:Internal_Log(LogType, LogOption, String, Object)
05-21 20:14:00.611 W/Unity   (32078): ZeyWinAds.Ads.BaseAd:OnAdLoadFailed(String)
05-21 20:14:00.611 W/Unity   (32078): ZeyWinAds.Core.<RequestAdCoroutine>d__23:MoveNext()
05-21 20:14:00.611 W/Unity   (32078): UnityEngine.SetupCoroutine:InvokeMoveNext(IEnumerator, IntPtr)
05-21 20:14:00.611 W/Unity   (32078): 
05-21 20:14:00.615 W/linker  (32078): Warning: "/data/app/com.google.android.webview-UhugtG9Qq4A31B1tJ6CVVA==/base.apk!/lib/arm64-v8a/libwebviewchromium.so" unused DT entry: unknown processor-specific (type 0x70000001 arg 0x0) (ignoring)
05-21 20:14:00.617 W/PlayGamesServices[UiUtils]( 8252): AppVersion: Cannot find the installed destination app.
05-21 20:14:00.618 W/PlayGamesServices[UiUtils]( 8252): AppVersionName: Cannot find the installed destination app.
05-21 20:14:00.629 D/NetworkSecurityConfig(32111): Using Network Security Config from resource network_security_config debugBuild: false
05-21 20:14:00.636 I/NetworkScheduler.Stats( 5178): (REDACTED) Task %s/%s started execution. cause:%s exec_start_elapsed_seconds: %s
05-21 20:14:00.647 I/NetworkScheduler.Stats( 5178): (REDACTED) Task %s/%s finished executing. cause:%s result: %s elapsed_millis: %s uptime_millis: %s exec_start_elapsed_seconds: %s
05-21 20:14:00.650 I/SarService( 2665): Receiver polling >>>> Change receiver mode: off
05-21 20:14:00.669 I/PlayGamesServices[GamesSyncAdapter]( 8252): Starting sync for ebe222e9
05-21 20:14:00.678 I/PlayGamesServices[GamesSyncAdapter]( 8252): Sync duration for ebe222e9: 8
05-21 20:14:00.692 I/xiaomi.discove(32111): The ClassLoaderContext is a special shared library.
05-21 20:14:00.693 I/xiaomi.discove(32111): Waiting for a blocking GC ClassLinker
05-21 20:14:00.713 W/PlayGamesServices[DataBroker]( 8252): No player ID found when refreshing
05-21 20:14:00.714 W/PlayGamesServices[DataBroker]( 8252): No player ID found when refreshing
05-21 20:14:00.714 I/NetworkScheduler.Stats( 5178): (REDACTED) Task %s/%s started execution. cause:%s exec_start_elapsed_seconds: %s
05-21 20:14:00.715 W/PlayGamesServices[DataBroker]( 8252): No player ID found when refreshing
05-21 20:14:00.719 I/chatty  ( 8252): uid=10188(com.google.android.gms) lowpool[556] identical 113 lines
05-21 20:14:00.719 W/PlayGamesServices[DataBroker]( 8252): No player ID found when refreshing
05-21 20:14:00.720 I/PlayGamesServices[GamesSyncAdapter]( 8252): Starting sync for 954e3178
05-21 20:14:00.720 W/PlayGamesServices[DataBroker]( 8252): No player ID found when refreshing
05-21 20:14:00.721 W/PlayGamesServices[DataBroker]( 8252): No player ID found when refreshing
05-21 20:14:00.722 I/PlayGamesServices[GamesSyncAdapter]( 8252): Sync duration for 954e3178: 2
05-21 20:14:00.725 I/cr_WVCFactoryProvider(32078): version=147.0.7727.137 (772713701) minSdkVersion=29 multiprocess=true packageId=127 splits=<none>
05-21 20:14:00.740 W/PlayGamesServices[DataBroker]( 8252): No player ID found when refreshing
05-21 20:14:00.748 W/PlayGamesServices[DataBroker]( 8252): No player ID found when refreshing
05-21 20:14:00.756 I/chromium(32078): [0521/201400.756493:INFO:android_webview/browser/variations/variations_seed_loader.cc:67] Failed to open file for reading.: No such file or directory (2)
05-21 20:14:00.759 I/chromium(32078): [0521/201400.758942:INFO:android_webview/browser/variations/variations_seed_loader.cc:67] Failed to open file for reading.: No such file or directory (2)
05-21 20:14:00.769 W/PlayGamesServices[UiUtils]( 8252): AppVersion: Cannot find the installed destination app.
05-21 20:14:00.770 W/PlayGamesServices[UiUtils]( 8252): AppVersionName: Cannot find the installed destination app.
05-21 20:14:00.772 W/PlayGamesServices[DataBroker]( 8252): No player ID found when refreshing
05-21 20:14:00.772 I/NetworkScheduler.Stats( 5178): (REDACTED) Task %s/%s finished executing. cause:%s result: %s elapsed_millis: %s uptime_millis: %s exec_start_elapsed_seconds: %s
05-21 20:14:00.772 W/PlayGamesServices[DataBroker]( 8252): No player ID found when refreshing
05-21 20:14:00.792 I/chatty  ( 8252): uid=10188(com.google.android.gms) lowpool[561] identical 116 lines
05-21 20:14:00.793 W/PlayGamesServices[DataBroker]( 8252): No player ID found when refreshing
05-21 20:14:00.812 W/PlayGamesServices[UiUtils]( 8252): AppVersion: Cannot find the installed destination app.
05-21 20:14:00.813 W/PlayGamesServices[UiUtils]( 8252): AppVersionName: Cannot find the installed destination app.
05-21 20:14:00.836 I/cr_LibraryLoader(32078): Successfully loaded native library
05-21 20:14:00.837 I/cr_CachingUmaRecorder(32078): Flushed 14 samples from 13 histograms, 0 samples were dropped.
05-21 20:14:00.845 I/cr_ChildProcLH(32078): ScopedServiceBindingBatch.tryActivate: false
05-21 20:14:00.847 I/cr_CombinedPProvider(32078): #registerProvider() provider:WV.yk@c6fb14b isPolicyCacheEnabled:false policyProvidersSize:0
05-21 20:14:00.847 I/NetworkScheduler.Stats( 5178): (REDACTED) Task %s/%s started execution. cause:%s exec_start_elapsed_seconds: %s
05-21 20:14:00.848 I/cr_PolicyProvider(32078): #setManagerAndSource() 0
05-21 20:14:00.850 I/SarService( 2665): Receiver polling >>>> Change receiver mode: off
05-21 20:14:00.852 I/PlayGamesServices[GamesSyncAdapter]( 8252): Starting sync for 321d0395
05-21 20:14:00.854 I/cr_DisplayManager(32078): Is Display Topology available: false
05-21 20:14:00.859 I/NetworkScheduler.Stats( 5178): (REDACTED) Task %s/%s finished executing. cause:%s result: %s elapsed_millis: %s uptime_millis: %s exec_start_elapsed_seconds: %s
05-21 20:14:00.862 I/PlayGamesServices[GamesSyncAdapter]( 8252): Sync duration for 321d0395: 9
05-21 20:14:00.874 I/MiuiNetworkPolicy( 1637): updateUidState uid = 99138, uidState = 20
05-21 20:14:00.886 I/DpmTcmClient(32111): RegisterTcmMonitor from: $Proxy0
05-21 20:14:00.891 I/CameraManagerGlobal(31723): Connecting to camera service
05-21 20:14:00.920 W/PlayGamesServices[DataBroker]( 8252): No player ID found when refreshing
05-21 20:14:00.925 W/PlayGamesServices[DataBroker]( 8252): No player ID found when refreshing
05-21 20:14:00.925 I/cr_CombinedPProvider(32078): #linkNativeInternal() 1
05-21 20:14:00.926 W/PlayGamesServices[DataBroker]( 8252): No player ID found when refreshing
05-21 20:14:00.930 W/PlayGamesServices[DataBroker]( 8252): No player ID found when refreshing
05-21 20:14:00.931 D/Zygote  ( 2506): Forked child process 32286
05-21 20:14:00.931 W/PlayGamesServices[DataBroker]( 8252): No player ID found when refreshing
05-21 20:14:00.934 D/Boost   ( 1637): hostingType=, hostingName={com.playsocialgames.plinko/org.chromium.content.app.SandboxedProcessService0:0}, callerPackage=com.playsocialgames.plinko, isSystem=false, isBoostNeeded=false.
05-21 20:14:00.934 W/PlayGamesServices[DataBroker]( 8252): No player ID found when refreshing
05-21 20:14:00.942 D/OemNetd (  606): setPidForPackage: packageName=com.playsocialgames.plinko, pid=32286, pid=99138
05-21 20:14:00.942 I/ActivityManager( 1637): Start proc 32286:com.google.android.webview:sandboxed_process0:org.chromium.content.app.SandboxedProcessService0:0/u0i138 for  {com.playsocialgames.plinko/org.chromium.content.app.SandboxedProcessService0:0} caller=com.playsocialgames.plinko
05-21 20:14:00.950 W/PlayGamesServices[DataBroker]( 8252): No player ID found when refreshing
05-21 20:14:00.956 W/PlayGamesServices[DataBroker]( 8252): No player ID found when refreshing
05-21 20:14:00.956 I/NetworkScheduler.Stats( 5178): (REDACTED) Task %s/%s started execution. cause:%s exec_start_elapsed_seconds: %s
05-21 20:14:00.957 W/PlayGamesServices[DataBroker]( 8252): No player ID found when refreshing
05-21 20:14:00.958 I/PlayGamesServices[GamesSyncAdapter]( 8252): Starting sync for 10cbbc47
05-21 20:14:00.960 I/PlayGamesServices[GamesSyncAdapter]( 8252): Sync duration for 10cbbc47: 2
05-21 20:14:00.972 W/CameraManagerGlobal(31723): [soar.cts] ignore the status update of camera: 20
05-21 20:14:00.972 W/CameraManagerGlobal(31723): [soar.cts] ignore the status update of camera: 21
05-21 20:14:00.973 W/CameraManagerGlobal(31723): [soar.cts] ignore the status update of camera: 22
05-21 20:14:00.973 W/CameraManagerGlobal(31723): [soar.cts] ignore the status update of camera: 61
05-21 20:14:00.973 W/PlayGamesServices[UiUtils]( 8252): AppVersion: Cannot find the installed destination app.
05-21 20:14:00.974 W/PlayGamesServices[UiUtils]( 8252): AppVersionName: Cannot find the installed destination app.
05-21 20:14:00.975 W/CameraManagerGlobal(31723): ignore the torch status update of camera: 21
05-21 20:14:00.976 W/CameraManagerGlobal(31723): ignore the torch status update of camera: 22
05-21 20:14:00.976 W/CameraManagerGlobal(31723): ignore the torch status update of camera: 61
05-21 20:14:00.977 I/NetworkScheduler.Stats( 5178): (REDACTED) Task %s/%s finished executing. cause:%s result: %s elapsed_millis: %s uptime_millis: %s exec_start_elapsed_seconds: %s
05-21 20:14:00.982 D/AudioManager(32078): getStreamVolume isRestricted mode = 0
05-21 20:14:00.992 W/PlayGamesServices[DataBroker]( 8252): No player ID found when refreshing
05-21 20:14:00.998 W/PlayGamesServices[DataBroker]( 8252): No player ID found when refreshing
05-21 20:14:01.003 I/vendor.qti.bluetooth@1.0-ibs_handler(  695): ProcessIbsCmd: Received IBS_WAKE_IND: 0xFD
05-21 20:14:01.004 D/vendor.qti.bluetooth@1.0-ibs_handler(  695): SerialClockVote: vote for UART CLK ON
05-21 20:14:01.004 D/vendor.qti.bluetooth@1.0-wake_lock(  695): Acquire wakelock is acquired 
05-21 20:14:01.004 I/vendor.qti.bluetooth@1.0-ibs_handler(  695): ProcessIbsCmd: Writing IBS_WAKE_ACK
05-21 20:14:01.005 V/bt_stack( 5466): [VERBOSE1:btm_ble_gap.cc(1847)] btm_ble_process_adv_addr: bda=61:fe:00:44:8e:61
05-21 20:14:01.005 V/bt_stack( 5466): [VERBOSE1:btm_ble_gap.cc(2052)]  Waiting for scan response 61:fe:00:44:8e:61
05-21 20:14:01.006 W/PlayGamesServices[DataBroker]( 8252): No player ID found when refreshing
05-21 20:14:01.011 W/PlayGamesServices[DataBroker]( 8252): No player ID found when refreshing
05-21 20:14:01.027 E/ResolverController(  606): No valid NAT64 prefix (141, <unspecified>/0)
05-21 20:14:01.029 W/PlayGamesServices[UiUtils]( 8252): AppVersion: Cannot find the installed destination app.
05-21 20:14:01.030 W/PlayGamesServices[UiUtils]( 8252): AppVersionName: Cannot find the installed destination app.
05-21 20:14:01.045 I/vendor.qti.bluetooth@1.0-ibs_handler(  695): ProcessIbsCmd: Received IBS_SLEEP_IND: 0xFE
05-21 20:14:01.045 D/vendor.qti.bluetooth@1.0-ibs_handler(  695): SerialClockVote: vote for UART CLK OFF
05-21 20:14:01.050 I/SarService( 2665): Receiver polling >>>> Change receiver mode: off
05-21 20:14:01.051 I/NetworkScheduler.Stats( 5178): (REDACTED) Task %s/%s started execution. cause:%s exec_start_elapsed_seconds: %s
05-21 20:14:01.056 I/NetworkScheduler.Stats( 5178): (REDACTED) Task %s/%s finished executing. cause:%s result: %s elapsed_millis: %s uptime_millis: %s exec_start_elapsed_seconds: %s
05-21 20:14:01.058 I/PlayGamesServices[GamesSyncAdapter]( 8252): Starting sync for 61506fe4
05-21 20:14:01.060 I/PlayGamesServices[GamesSyncAdapter]( 8252): Sync duration for 61506fe4: 2
05-21 20:14:01.070 W/SensorService( 1637): sensor 00000020 already enabled in connection 0x7759dba7c0 (ignoring)
05-21 20:14:01.070 I/sensors-hal(  710): batch:180, android.sensor.accelerometer/44, period=200000000, max_latency=0
05-21 20:14:01.072 I/sensors-hal(  710): batch:189, android.sensor.accelerometer/44, period=200000000, max_latency=0 request completed
05-21 20:14:01.073 I/sensors-hal(  710): flush:209, android.sensor.accelerometer/44
05-21 20:14:01.077 I/sensors-hal(  710): flush:215, android.sensor.accelerometer/44 completed
05-21 20:14:01.077 I/sensors-hal(  710): batch:180, android.sensor.accelerometer/44, period=20000000, max_latency=0
05-21 20:14:01.080 I/sensors-hal(  710): batch:189, android.sensor.accelerometer/44, period=20000000, max_latency=0 request completed
05-21 20:14:01.085 D/AudioManager(32078): getStreamVolume isRestricted mode = 0
05-21 20:14:01.090 W/PlayGamesServices[DataBroker]( 8252): No player ID found when refreshing
05-21 20:14:01.091 W/PlayGamesServices[DataBroker]( 8252): No player ID found when refreshing
05-21 20:14:01.091 E/ocessService0:(32286): Unknown bits set in runtime_flags: 0x20000
05-21 20:14:01.092 W/PlayGamesServices[DataBroker]( 8252): No player ID found when refreshing
05-21 20:14:01.099 W/PlayGamesServices[DataBroker]( 8252): No player ID found when refreshing
05-21 20:14:01.107 E/ocessService0:(32286): Not starting debugger since process cannot load the jdwp agent.
05-21 20:14:01.110 W/PlayGamesServices[DataBroker]( 8252): No player ID found when refreshing
05-21 20:14:01.111 W/PlayGamesServices[DataBroker]( 8252): No player ID found when refreshing
05-21 20:14:01.117 W/PlayGamesServices[DataBroker]( 8252): No player ID found when refreshing
05-21 20:14:01.127 I/NetworkScheduler.Stats( 5178): (REDACTED) Task %s/%s started execution. cause:%s exec_start_elapsed_seconds: %s
05-21 20:14:01.130 I/PlayGamesServices[GamesSyncAdapter]( 8252): Starting sync for 77508f6b
05-21 20:14:01.130 I/vendor.qti.bluetooth@1.0-ibs_handler(  695): ProcessIbsCmd: Received IBS_WAKE_IND: 0xFD
05-21 20:14:01.130 D/vendor.qti.bluetooth@1.0-ibs_handler(  695): SerialClockVote: vote for UART CLK ON
05-21 20:14:01.130 I/vendor.qti.bluetooth@1.0-ibs_handler(  695): ProcessIbsCmd: Writing IBS_WAKE_ACK
05-21 20:14:01.132 V/bt_stack( 5466): [VERBOSE1:btm_ble_gap.cc(1847)] btm_ble_process_adv_addr: bda=61:fe:00:44:8e:61
05-21 20:14:01.132 V/bt_stack( 5466): [VERBOSE1:btm_ble_gap.cc(2052)]  Waiting for scan response 61:fe:00:44:8e:61
05-21 20:14:01.133 I/PlayGamesServices[GamesSyncAdapter]( 8252): Sync duration for 77508f6b: 2
05-21 20:14:01.135 D/CompatibilityInfo( 1637): mCompatibilityFlags - 0
05-21 20:14:01.135 D/CompatibilityInfo( 1637): applicationDensity - 440
05-21 20:14:01.135 D/CompatibilityInfo( 1637): applicationScale - 1.0
05-21 20:14:01.140 D/CompatibilityInfo( 1637): mCompatibilityFlags - 0
05-21 20:14:01.140 D/CompatibilityInfo( 1637): applicationDensity - 440
05-21 20:14:01.140 D/CompatibilityInfo( 1637): applicationScale - 1.0
05-21 20:14:01.142 I/MiuiNetworkPolicy( 1637): updateUidState uid = 99138, uidState = 4
05-21 20:14:01.148 W/PlayGamesServices[UiUtils]( 8252): AppVersion: Cannot find the installed destination app.
05-21 20:14:01.149 W/PlayGamesServices[UiUtils]( 8252): AppVersionName: Cannot find the installed destination app.
05-21 20:14:01.156 I/NetworkScheduler.Stats( 5178): (REDACTED) Task %s/%s finished executing. cause:%s result: %s elapsed_millis: %s uptime_millis: %s exec_start_elapsed_seconds: %s
05-21 20:14:01.157 W/Unity   (32078): [ZeyWinAds] Preload failed for Interstitial, retrying in 5s (attempt 1/3)
05-21 20:14:01.157 W/Unity   (32078): UnityEngine.DebugLogHandler:Internal_Log(LogType, LogOption, String, Object)
05-21 20:14:01.157 W/Unity   (32078): ZeyWinAds.Core.AdLoader:HandlePreloadFailure(AdType)
05-21 20:14:01.157 W/Unity   (32078): ZeyWinAds.Core.<PreloadAdCoroutine>d__34:MoveNext()
05-21 20:14:01.157 W/Unity   (32078): UnityEngine.SetupCoroutine:InvokeMoveNext(IEnumerator, IntPtr)
05-21 20:14:01.157 W/Unity   (32078): 
05-21 20:14:01.171 I/vendor.qti.bluetooth@1.0-ibs_handler(  695): ProcessIbsCmd: Received IBS_SLEEP_IND: 0xFE
05-21 20:14:01.171 D/vendor.qti.bluetooth@1.0-ibs_handler(  695): SerialClockVote: vote for UART CLK OFF
05-21 20:14:01.161 W/ocessService0:0(32286): type=1400 audit(0.0:24204): avc: denied { search } for name="theme" dev="mmcblk0p87" ino=203 scontext=u:r:isolated_app:s0:c512,c768 tcontext=u:object_r:theme_data_file:s0 tclass=dir permissive=0
05-21 20:14:01.161 W/ocessService0:0(32286): type=1400 audit(0.0:24205): avc: denied { search } for name="theme" dev="mmcblk0p87" ino=203 scontext=u:r:isolated_app:s0:c512,c768 tcontext=u:object_r:theme_data_file:s0 tclass=dir permissive=0
05-21 20:14:01.181 W/PlayGamesServices[DataBroker]( 8252): No player ID found when refreshing
05-21 20:14:01.185 W/PlayGamesServices[DataBroker]( 8252): No player ID found when refreshing
05-21 20:14:01.181 W/ocessService0:0(32286): type=1400 audit(0.0:24206): avc: denied { search } for name="theme" dev="mmcblk0p87" ino=203 scontext=u:r:isolated_app:s0:c512,c768 tcontext=u:object_r:theme_data_file:s0 tclass=dir permissive=0
05-21 20:14:01.181 W/ocessService0:0(32286): type=1400 audit(0.0:24207): avc: denied { search } for name="theme" dev="mmcblk0p87" ino=203 scontext=u:r:isolated_app:s0:c512,c768 tcontext=u:object_r:theme_data_file:s0 tclass=dir permissive=0
05-21 20:14:01.186 W/PlayGamesServices[DataBroker]( 8252): No player ID found when refreshing
05-21 20:14:01.206 W/PlayGamesServices[DataBroker]( 8252): No player ID found when refreshing
05-21 20:14:01.208 I/NetworkScheduler.Stats( 5178): (REDACTED) Task %s/%s started execution. cause:%s exec_start_elapsed_seconds: %s
05-21 20:14:01.213 I/PlayGamesServices[GamesSyncAdapter]( 8252): Starting sync for 97bbba67
05-21 20:14:01.215 I/PlayGamesServices[GamesSyncAdapter]( 8252): Sync duration for 97bbba67: 2
05-21 20:14:01.225 I/NetworkScheduler.Stats( 5178): (REDACTED) Task %s/%s finished executing. cause:%s result: %s elapsed_millis: %s uptime_millis: %s exec_start_elapsed_seconds: %s
05-21 20:14:01.229 W/PlayGamesServices[UiUtils]( 8252): AppVersion: Cannot find the installed destination app.
05-21 20:14:01.230 W/PlayGamesServices[UiUtils]( 8252): AppVersionName: Cannot find the installed destination app.
05-21 20:14:01.251 I/SarService( 2665): Receiver polling >>>> Change receiver mode: off
05-21 20:14:01.251 W/PlayGamesServices[DataBroker]( 8252): No player ID found when refreshing
05-21 20:14:01.283 W/PlayGamesServices[DataBroker]( 8252): No player ID found when refreshing
05-21 20:14:01.292 I/NetworkScheduler.Stats( 5178): (REDACTED) Task %s/%s started execution. cause:%s exec_start_elapsed_seconds: %s
05-21 20:14:01.297 I/PlayGamesServices[GamesSyncAdapter]( 8252): Starting sync for ca4a97c1
05-21 20:14:01.300 I/PlayGamesServices[GamesSyncAdapter]( 8252): Sync duration for ca4a97c1: 2
05-21 20:14:01.303 I/NetworkScheduler.Stats( 5178): (REDACTED) Task %s/%s finished executing. cause:%s result: %s elapsed_millis: %s uptime_millis: %s exec_start_elapsed_seconds: %s
05-21 20:14:01.304 W/PlayGamesServices[UiUtils]( 8252): AppVersion: Cannot find the installed destination app.
05-21 20:14:01.305 W/PlayGamesServices[UiUtils]( 8252): AppVersionName: Cannot find the installed destination app.
05-21 20:14:01.321 D/vendor.qti.bluetooth@1.0-wake_lock(  695): Release wakelock is released 
05-21 20:14:01.335 W/PlayGamesServices[DataBroker]( 8252): No player ID found when refreshing
05-21 20:14:01.339 W/FileUtils(32078): Slow Operation: fsync took 103ms
05-21 20:14:01.339 W/FileUtils( 1637): Slow Operation: fsync took 242ms
05-21 20:14:01.349 W/BpBinder(32078): Slow Binder: BpBinder transact took 424 ms, interface=android.os.IUserManager, code=37 oneway=false
05-21 20:14:01.348 W/PlayGamesServices[DataBroker]( 8252): No player ID found when refreshing
05-21 20:14:01.349 I/cr_AppResProvider(32078): #getApplicationRestrictionsFromUserManager() Bundle[EMPTY_PARCEL]
05-21 20:14:01.349 I/cr_PolicyProvider(32078): #notifySettingsAvailable() 0
05-21 20:14:01.349 I/cr_CombinedPProvider(32078): #onSettingsAvailable() 0
05-21 20:14:01.349 I/cr_CombinedPProvider(32078): #flushPolicies()
05-21 20:14:01.358 W/PlayGamesServices[DataBroker]( 8252): No player ID found when refreshing
05-21 20:14:01.364 W/PlayGamesServices[DataBroker]( 8252): No player ID found when refreshing
05-21 20:14:01.366 I/NetworkScheduler.Stats( 5178): (REDACTED) Task %s/%s started execution. cause:%s exec_start_elapsed_seconds: %s
05-21 20:14:01.374 I/PlayGamesServices[GamesSyncAdapter]( 8252): Starting sync for 81039d63
05-21 20:14:01.379 I/PlayGamesServices[GamesSyncAdapter]( 8252): Sync duration for 81039d63: 5
05-21 20:14:01.385 W/PlayGamesServices[UiUtils]( 8252): AppVersion: Cannot find the installed destination app.
05-21 20:14:01.390 I/NetworkScheduler.Stats( 5178): (REDACTED) Task %s/%s finished executing. cause:%s result: %s elapsed_millis: %s uptime_millis: %s exec_start_elapsed_seconds: %s
05-21 20:14:01.393 W/PlayGamesServices[UiUtils]( 8252): AppVersionName: Cannot find the installed destination app.
05-21 20:14:01.391 W/ocessService0:0(32286): type=1400 audit(0.0:24208): avc: denied { search } for name="theme" dev="mmcblk0p87" ino=203 scontext=u:r:isolated_app:s0:c512,c768 tcontext=u:object_r:theme_data_file:s0 tclass=dir permissive=0
05-21 20:14:01.391 I/chatty  (32286): uid=99138(u0_i9138) com.google.android.webview:sandboxed_process0:org.chromium.content.app.SandboxedProcessService0:0 identical 3 lines
05-21 20:14:01.411 W/ocessService0:0(32286): type=1400 audit(0.0:24212): avc: denied { search } for name="theme" dev="mmcblk0p87" ino=203 scontext=u:r:isolated_app:s0:c512,c768 tcontext=u:object_r:theme_data_file:s0 tclass=dir permissive=0
05-21 20:14:01.422 E/libc    (32078): Access denied finding property "ro.vendor.api_level"
05-21 20:14:01.427 I/cr_WebViewApkApp(32286): version=147.0.7727.137 (772713701) minSdkVersion=29 processName=com.google.android.webview:sandboxed_process0:org.chromium.content.app.SandboxedProcessService0:0 splits=<none>
05-21 20:14:01.429 W/chromium(32078): [WARNING:android_webview/browser/network_service/net_helpers.cc:137] HTTP Cache size is: 20971520
05-21 20:14:01.429 W/PlayGamesServices[DataBroker]( 8252): No player ID found when refreshing
05-21 20:14:01.430 W/PlayGamesServices[DataBroker]( 8252): No player ID found when refreshing
05-21 20:14:01.432 W/PlayGamesServices[DataBroker]( 8252): No player ID found when refreshing
05-21 20:14:01.433 W/PlayGamesServices[DataBroker]( 8252): No player ID found when refreshing
05-21 20:14:01.434 I/FeatureParser(32286): can't find willow.xml in assets/device_features/,it may be in /system/etc/device_features
05-21 20:14:01.434 W/PlayGamesServices[DataBroker]( 8252): No player ID found when refreshing
05-21 20:14:01.439 W/PlayGamesServices[DataBroker]( 8252): No player ID found when refreshing
05-21 20:14:01.440 W/PlayGamesServices[DataBroker]( 8252): No player ID found when refreshing
05-21 20:14:01.441 W/PlayGamesServices[DataBroker]( 8252): No player ID found when refreshing
05-21 20:14:01.442 W/PlayGamesServices[DataBroker]( 8252): No player ID found when refreshing
05-21 20:14:01.448 E/libc    (32286): Access denied finding property "ro.vendor.df.effect.conflict"
05-21 20:14:01.450 I/cr_ChildProcessService(32286): Creating new ChildProcessService pid=32286
05-21 20:14:01.451 I/SarService( 2665): Receiver polling >>>> Change receiver mode: off
05-21 20:14:01.458 W/PlayGamesServices[DataBroker]( 8252): No player ID found when refreshing
05-21 20:14:01.465 W/PlayGamesServices[DataBroker]( 8252): No player ID found when refreshing
05-21 20:14:01.477 I/NetworkScheduler.Stats( 5178): (REDACTED) Task %s/%s started execution. cause:%s exec_start_elapsed_seconds: %s
05-21 20:14:01.483 I/PlayGamesServices[GamesSyncAdapter]( 8252): Starting sync for 866522c7
05-21 20:14:01.484 W/PlayGamesServices[UiUtils]( 8252): AppVersion: Cannot find the installed destination app.
05-21 20:14:01.485 W/PlayGamesServices[UiUtils]( 8252): AppVersionName: Cannot find the installed destination app.
05-21 20:14:01.488 I/NetworkScheduler.Stats( 5178): (REDACTED) Task %s/%s finished executing. cause:%s result: %s elapsed_millis: %s uptime_millis: %s exec_start_elapsed_seconds: %s
05-21 20:14:01.488 I/PlayGamesServices[GamesSyncAdapter]( 8252): Sync duration for 866522c7: 5
05-21 20:14:01.494 D/ConnectivityService( 1637): requestNetwork for uid/pid:10445/32078 NetworkRequest [ TRACK_DEFAULT id=3390, [ Capabilities: INTERNET&NOT_RESTRICTED&TRUSTED Uid: 10445] ]
05-21 20:14:01.495 D/WIFI_AWARE_FACTORY( 1637): got request NetworkRequest [ TRACK_DEFAULT id=3390, [ Capabilities: INTERNET&NOT_RESTRICTED&TRUSTED Uid: 10445] ] with score 50 and serial 5
05-21 20:14:01.495 D/UntrustedWifiNetworkFactory( 1637): got request NetworkRequest [ TRACK_DEFAULT id=3390, [ Capabilities: INTERNET&NOT_RESTRICTED&TRUSTED Uid: 10445] ] with score 50 and serial 5
05-21 20:14:01.495 D/WifiNetworkFactory( 1637): got request NetworkRequest [ TRACK_DEFAULT id=3390, [ Capabilities: INTERNET&NOT_RESTRICTED&TRUSTED Uid: 10445] ] with score 50 and serial 5
05-21 20:14:01.495 D/Ethernet( 1637): got request NetworkRequest [ TRACK_DEFAULT id=3390, [ Capabilities: INTERNET&NOT_RESTRICTED&TRUSTED Uid: 10445] ] with score 50 and serial 5
05-21 20:14:01.496 D/PhoneSwitcherNetworkRequstListener( 2665): got request NetworkRequest [ TRACK_DEFAULT id=3390, [ Capabilities: INTERNET&NOT_RESTRICTED&TRUSTED Uid: 10445] ] with score 50 and serial 5
05-21 20:14:01.520 D/EgretLoader(32078): EgretLoader(Context context)
05-21 20:14:01.520 D/EgretLoader(32078): The context is not activity
05-21 20:14:01.525 W/PlayGamesServices[DataBroker]( 8252): No player ID found when refreshing
05-21 20:14:01.548 W/PlayGamesServices[DataBroker]( 8252): No player ID found when refreshing
05-21 20:14:01.565 W/PlayGamesServices[UiUtils]( 8252): AppVersion: Cannot find the installed destination app.
05-21 20:14:01.566 W/PlayGamesServices[UiUtils]( 8252): AppVersionName: Cannot find the installed destination app.
05-21 20:14:01.568 W/Looper  (32078): Slow Looper main: Long Msg: seq=36 plan=20:14:00.503  late=1ms wall=1063ms running=295ms runnable=33ms io=213ms h=com.google.android.gms.ads.internal.util.f c=com.google.android.gms.ads.internal.js.r
05-21 20:14:01.581 I/CameraManagerGlobal(32078): Connecting to camera service
05-21 20:14:01.597 W/CameraManagerGlobal(32078): [soar.cts] ignore the status update of camera: 20
05-21 20:14:01.597 W/CameraManagerGlobal(32078): [soar.cts] ignore the status update of camera: 21
05-21 20:14:01.597 W/CameraManagerGlobal(32078): [soar.cts] ignore the status update of camera: 22
05-21 20:14:01.597 W/CameraManagerGlobal(32078): [soar.cts] ignore the status update of camera: 61
05-21 20:14:01.598 W/CameraManagerGlobal(32078): ignore the torch status update of camera: 21
05-21 20:14:01.598 W/CameraManagerGlobal(32078): ignore the torch status update of camera: 22
05-21 20:14:01.598 W/CameraManagerGlobal(32078): ignore the torch status update of camera: 61
05-21 20:14:01.622 I/NetworkScheduler.Stats( 5178): (REDACTED) Task %s/%s started execution. cause:%s exec_start_elapsed_seconds: %s
05-21 20:14:01.631 I/NetworkScheduler.Stats( 5178): (REDACTED) Task %s/%s finished executing. cause:%s result: %s elapsed_millis: %s uptime_millis: %s exec_start_elapsed_seconds: %s
05-21 20:14:01.636 I/PlayGamesServices[GamesSyncAdapter]( 8252): Starting sync for a045b595
05-21 20:14:01.639 I/PlayGamesServices[GamesSyncAdapter]( 8252): Sync duration for a045b595: 5
05-21 20:14:01.652 I/SarService( 2665): Receiver polling >>>> Change receiver mode: off
05-21 20:14:01.693 W/PlayGamesServices[DataBroker]( 8252): No player ID found when refreshing
05-21 20:14:01.726 W/PlayGamesServices[DataBroker]( 8252): No player ID found when refreshing
05-21 20:14:01.736 I/NetworkScheduler.Stats( 5178): (REDACTED) Task %s/%s started execution. cause:%s exec_start_elapsed_seconds: %s
05-21 20:14:01.740 I/PlayGamesServices[GamesSyncAdapter]( 8252): Starting sync for c10e0c80
05-21 20:14:01.743 I/PlayGamesServices[GamesSyncAdapter]( 8252): Sync duration for c10e0c80: 2
05-21 20:14:01.744 I/NetworkScheduler.Stats( 5178): (REDACTED) Task %s/%s finished executing. cause:%s result: %s elapsed_millis: %s uptime_millis: %s exec_start_elapsed_seconds: %s
05-21 20:14:01.751 W/PlayGamesServices[UiUtils]( 8252): AppVersion: Cannot find the installed destination app.
05-21 20:14:01.752 W/PlayGamesServices[UiUtils]( 8252): AppVersionName: Cannot find the installed destination app.
05-21 20:14:01.781 I/vendor.qti.bluetooth@1.0-ibs_handler(  695): ProcessIbsCmd: Received IBS_WAKE_IND: 0xFD
05-21 20:14:01.781 D/vendor.qti.bluetooth@1.0-ibs_handler(  695): SerialClockVote: vote for UART CLK ON
05-21 20:14:01.781 D/vendor.qti.bluetooth@1.0-wake_lock(  695): Acquire wakelock is acquired 
05-21 20:14:01.781 I/vendor.qti.bluetooth@1.0-ibs_handler(  695): ProcessIbsCmd: Writing IBS_WAKE_ACK
05-21 20:14:01.783 V/bt_stack( 5466): [VERBOSE1:btm_ble_gap.cc(1847)] btm_ble_process_adv_addr: bda=61:fe:00:44:8e:61
05-21 20:14:01.783 V/bt_stack( 5466): [VERBOSE1:btm_ble_gap.cc(2052)]  Waiting for scan response 61:fe:00:44:8e:61
05-21 20:14:01.823 I/vendor.qti.bluetooth@1.0-ibs_handler(  695): ProcessIbsCmd: Received IBS_SLEEP_IND: 0xFE
05-21 20:14:01.823 D/vendor.qti.bluetooth@1.0-ibs_handler(  695): SerialClockVote: vote for UART CLK OFF
05-21 20:14:01.832 I/NetworkScheduler.Stats( 5178): (REDACTED) Task %s/%s started execution. cause:%s exec_start_elapsed_seconds: %s
05-21 20:14:01.854 I/SarService( 2665): Receiver polling >>>> Change receiver mode: off
05-21 20:14:01.912 I/PlayGamesServices[GamesSyncAdapter]( 8252): Starting sync for 7479b8ee
05-21 20:14:01.916 I/PlayGamesServices[GamesSyncAdapter]( 8252): Sync duration for 7479b8ee: 3
05-21 20:14:01.925 W/PlayGamesServices[DataBroker]( 8252): No player ID found when refreshing
05-21 20:14:01.931 I/ActivityManager( 1637): Process com.google.android.googlequicksearchbox:search (pid 29651) has died: cch+75 CEM 
05-21 20:14:01.931 D/ConnectivityService( 1637): ConnectivityService NetworkRequestInfo binderDied(NetworkRequest [ TRACK_DEFAULT id=3377, [ Capabilities: INTERNET&NOT_RESTRICTED&TRUSTED Uid: 10187] ], android.os.BinderProxy@68c3eea)
05-21 20:14:01.928 W/PlayGamesServices[DataBroker]( 8252): No player ID found when refreshing
05-21 20:14:01.931 I/libprocessgroup( 1637): Successfully killed process cgroup uid 10187 pid 29651 in 0ms
05-21 20:14:01.931 D/ConnectivityService( 1637): releasing NetworkRequest [ TRACK_DEFAULT id=3377, [ Capabilities: INTERNET&NOT_RESTRICTED&TRUSTED Uid: 10187] ] (release request)
05-21 20:14:01.933 I/Zygote  (  607): Process 29651 exited due to signal 9 (Killed)
05-21 20:14:01.934 D/ProcessManager( 1637): skip restart com.google.android.googlequicksearchbox:search because this device is a lowmemory device!
05-21 20:14:01.941 W/PlayGamesServices[DataBroker]( 8252): No player ID found when refreshing
05-21 20:14:01.950 I/ActivityManager( 1637): Process com.google.android.gms.unstable (pid 30947) has died: cch+65 CEM 
05-21 20:14:01.948 W/PlayGamesServices[DataBroker]( 8252): No player ID found when refreshing
05-21 20:14:01.951 I/Zygote  (  607): Process 30947 exited due to signal 9 (Killed)
05-21 20:14:01.951 I/libprocessgroup( 1637): Successfully killed process cgroup uid 10188 pid 30947 in 0ms
05-21 20:14:01.953 D/ProcessManager( 1637): skip restart com.google.android.gms.unstable because this device is a lowmemory device!
05-21 20:14:01.955 D/BoundBrokerSvc( 5178): onUnbind: Intent { act=com.google.android.gms.libs.gmscorelogger.service.START dat=chimera-action: cmp=com.google.android.gms/.chimera.PersistentDirectBootAwareApiService }
05-21 20:14:01.960 W/PlayGamesServices[DataBroker]( 8252): No player ID found when refreshing
05-21 20:14:01.961 D/ConnectivityService( 1637): ConnectivityService NetworkRequestInfo binderDied(NetworkRequest [ TRACK_DEFAULT id=3380, [ Capabilities: INTERNET&NOT_RESTRICTED&TRUSTED Uid: 10187] ], android.os.BinderProxy@c427b8d)
05-21 20:14:01.961 D/ConnectivityService( 1637): ConnectivityService NetworkRequestInfo binderDied(NetworkRequest [ LISTEN id=3381, [ Capabilities: INTERNET&NOT_RESTRICTED&TRUSTED Uid: 10187] ], android.os.BinderProxy@601c142)
05-21 20:14:01.962 D/ConnectivityService( 1637): releasing NetworkRequest [ TRACK_DEFAULT id=3380, [ Capabilities: INTERNET&NOT_RESTRICTED&TRUSTED Uid: 10187] ] (release request)
05-21 20:14:01.962 I/ActivityManager( 1637): Process com.google.android.googlequicksearchbox:googleapp (pid 31021) has died: cch+65 CEM 
05-21 20:14:01.964 W/PlayGamesServices[DataBroker]( 8252): No player ID found when refreshing
05-21 20:14:01.964 I/Zygote  (  607): Process 31021 exited due to signal 9 (Killed)
05-21 20:14:01.965 D/ProcessManager( 1637): skip restart com.google.android.googlequicksearchbox:googleapp because this device is a lowmemory device!
05-21 20:14:01.967 W/PlayGamesServices[DataBroker]( 8252): No player ID found when refreshing
05-21 20:14:01.968 I/libprocessgroup( 1637): Successfully killed process cgroup uid 10187 pid 31021 in 5ms
05-21 20:14:01.973 D/vendor.qti.bluetooth@1.0-wake_lock(  695): Release wakelock is released 
05-21 20:14:01.975 W/PlayGamesServices[DataBroker]( 8252): No player ID found when refreshing
